
===========================================================================
 report_power
============================================================================
======================= Fastest Corner ===================================

Group                  Internal  Switching    Leakage      Total
                          Power      Power      Power      Power (Watts)
----------------------------------------------------------------
Sequential             4.12e-03   2.68e-04   2.39e-08   4.39e-03  38.4%
Combinational          3.95e-03   3.09e-03   1.17e-07   7.04e-03  61.6%
Macro                  0.00e+00   0.00e+00   0.00e+00   0.00e+00   0.0%
Pad                    0.00e+00   0.00e+00   0.00e+00   0.00e+00   0.0%
----------------------------------------------------------------
Total                  8.07e-03   3.36e-03   1.41e-07   1.14e-02 100.0%
                          70.6%      29.4%       0.0%

======================= Slowest Corner ===================================

Group                  Internal  Switching    Leakage      Total
                          Power      Power      Power      Power (Watts)
----------------------------------------------------------------
Sequential             2.77e-03   1.74e-04   2.41e-05   2.97e-03  37.8%
Combinational          2.81e-03   2.01e-03   6.26e-05   4.88e-03  62.2%
Macro                  0.00e+00   0.00e+00   0.00e+00   0.00e+00   0.0%
Pad                    0.00e+00   0.00e+00   0.00e+00   0.00e+00   0.0%
----------------------------------------------------------------
Total                  5.58e-03   2.19e-03   8.67e-05   7.85e-03 100.0%
                          71.1%      27.8%       1.1%

======================= Typical Corner ===================================

Group                  Internal  Switching    Leakage      Total
                          Power      Power      Power      Power (Watts)
----------------------------------------------------------------
Sequential             3.55e-03   2.24e-04   1.38e-08   3.78e-03  38.4%
Combinational          3.47e-03   2.60e-03   7.13e-08   6.07e-03  61.7%
Macro                  0.00e+00   0.00e+00   0.00e+00   0.00e+00   0.0%
Pad                    0.00e+00   0.00e+00   0.00e+00   0.00e+00   0.0%
----------------------------------------------------------------
Total                  7.03e-03   2.82e-03   8.51e-08   9.85e-03 100.0%
                          71.3%      28.7%       0.0%

