
===========================================================================
report_checks -unconstrained
===========================================================================
======================= Typical Corner ===================================

Startpoint: debug_mem_addr[2] (input port clocked by clk)
Endpoint: debug_mem_data[5] (output port clocked by clk)
Path Group: clk
Path Type: max

Fanout     Cap    Slew   Delay    Time   Description
-----------------------------------------------------------------------------
                          0.00    0.00   clock clk (rise edge)
                          0.00    0.00   clock network delay (propagated)
                          8.00    8.00 ^ input external delay
                  0.02    0.01    8.01 ^ debug_mem_addr[2] (in)
     1    0.00                           debug_mem_addr[2] (net)
                  0.02    0.00    8.01 ^ input3/A (sky130_fd_sc_hd__clkbuf_4)
                  0.19    0.24    8.25 ^ input3/X (sky130_fd_sc_hd__clkbuf_4)
     3    0.06                           net3 (net)
                  0.19    0.01    8.27 ^ _07479_/A (sky130_fd_sc_hd__buf_4)
                  0.32    0.37    8.64 ^ _07479_/X (sky130_fd_sc_hd__buf_4)
     8    0.12                           _02603_ (net)
                  0.32    0.00    8.64 ^ _07480_/A (sky130_fd_sc_hd__clkbuf_4)
                  0.17    0.33    8.97 ^ _07480_/X (sky130_fd_sc_hd__clkbuf_4)
     8    0.05                           _02604_ (net)
                  0.17    0.00    8.97 ^ _07481_/A (sky130_fd_sc_hd__buf_4)
                  0.27    0.33    9.30 ^ _07481_/X (sky130_fd_sc_hd__buf_4)
     8    0.10                           _02605_ (net)
                  0.27    0.01    9.30 ^ _07559_/A (sky130_fd_sc_hd__buf_2)
                  0.22    0.31    9.62 ^ _07559_/X (sky130_fd_sc_hd__buf_2)
     8    0.04                           _02683_ (net)
                  0.22    0.00    9.62 ^ _07860_/A (sky130_fd_sc_hd__nor2_1)
                  0.06    0.09    9.71 v _07860_/Y (sky130_fd_sc_hd__nor2_1)
     1    0.00                           _02979_ (net)
                  0.06    0.00    9.71 v _07863_/B1 (sky130_fd_sc_hd__o32a_1)
                  0.12    0.26    9.97 v _07863_/X (sky130_fd_sc_hd__o32a_1)
     1    0.02                           _02982_ (net)
                  0.12    0.00    9.97 v _07873_/A0 (sky130_fd_sc_hd__mux2_1)
                  0.06    0.32   10.29 v _07873_/X (sky130_fd_sc_hd__mux2_1)
     1    0.00                           _02992_ (net)
                  0.06    0.00   10.29 v _07874_/B (sky130_fd_sc_hd__nor2_1)
                  0.53    0.44   10.74 ^ _07874_/Y (sky130_fd_sc_hd__nor2_1)
     1    0.03                           _02993_ (net)
                  0.53    0.00   10.74 ^ _07875_/B1 (sky130_fd_sc_hd__a21o_2)
                  0.31    0.38   11.12 ^ _07875_/X (sky130_fd_sc_hd__a21o_2)
     1    0.06                           net44 (net)
                  0.31    0.01   11.13 ^ output44/A (sky130_fd_sc_hd__clkbuf_4)
                  0.11    0.29   11.41 ^ output44/X (sky130_fd_sc_hd__clkbuf_4)
     1    0.03                           debug_mem_data[5] (net)
                  0.11    0.00   11.42 ^ debug_mem_data[5] (out)
                                 11.42   data arrival time

                         40.00   40.00   clock clk (rise edge)
                          0.00   40.00   clock network delay (propagated)
                         -0.25   39.75   clock uncertainty
                          0.00   39.75   clock reconvergence pessimism
                         -8.00   31.75   output external delay
                                 31.75   data required time
-----------------------------------------------------------------------------
                                 31.75   data required time
                                -11.42   data arrival time
-----------------------------------------------------------------------------
                                 20.33   slack (MET)




===========================================================================
report_checks --slack_max -0.01
============================================================================
======================= Typical Corner ===================================

No paths found.


===========================================================================
 report_check_types -max_slew -max_cap -max_fanout -violators
============================================================================
======================= Typical Corner ===================================

max fanout

Pin                                   Limit Fanout  Slack
---------------------------------------------------------
clkbuf_0_clk/X                            8     20    -12 (VIOLATED)
clkbuf_leaf_173_clk/X                     8     18    -10 (VIOLATED)
clkbuf_4_0_0_clk/X                        8     17     -9 (VIOLATED)
clkbuf_leaf_160_clk/X                     8     17     -9 (VIOLATED)
clkbuf_leaf_149_clk/X                     8     16     -8 (VIOLATED)
clkbuf_leaf_155_clk/X                     8     16     -8 (VIOLATED)
clkbuf_leaf_188_clk/X                     8     16     -8 (VIOLATED)
_07452_/X                                 8     15     -7 (VIOLATED)
clkbuf_4_13_0_clk/X                       8     15     -7 (VIOLATED)
clkbuf_4_15_0_clk/X                       8     15     -7 (VIOLATED)
clkbuf_leaf_153_clk/X                     8     15     -7 (VIOLATED)
clkbuf_leaf_208_clk/X                     8     15     -7 (VIOLATED)
clkbuf_leaf_4_clk/X                       8     15     -7 (VIOLATED)
clkbuf_4_2_0_clk/X                        8     14     -6 (VIOLATED)
clkbuf_leaf_162_clk/X                     8     14     -6 (VIOLATED)
clkbuf_leaf_189_clk/X                     8     14     -6 (VIOLATED)
clkbuf_leaf_201_clk/X                     8     14     -6 (VIOLATED)
clkbuf_leaf_206_clk/X                     8     14     -6 (VIOLATED)
clkbuf_leaf_23_clk/X                      8     14     -6 (VIOLATED)
clkbuf_leaf_40_clk/X                      8     14     -6 (VIOLATED)
_08817_/X                                 8     13     -5 (VIOLATED)
clkbuf_4_10_0_clk/X                       8     13     -5 (VIOLATED)
clkbuf_4_11_0_clk/X                       8     13     -5 (VIOLATED)
clkbuf_4_12_0_clk/X                       8     13     -5 (VIOLATED)
clkbuf_4_14_0_clk/X                       8     13     -5 (VIOLATED)
clkbuf_4_3_0_clk/X                        8     13     -5 (VIOLATED)
clkbuf_4_5_0_clk/X                        8     13     -5 (VIOLATED)
clkbuf_4_7_0_clk/X                        8     13     -5 (VIOLATED)
clkbuf_4_8_0_clk/X                        8     13     -5 (VIOLATED)
clkbuf_leaf_11_clk/X                      8     13     -5 (VIOLATED)
clkbuf_leaf_12_clk/X                      8     13     -5 (VIOLATED)
clkbuf_leaf_143_clk/X                     8     13     -5 (VIOLATED)
clkbuf_leaf_164_clk/X                     8     13     -5 (VIOLATED)
clkbuf_leaf_171_clk/X                     8     13     -5 (VIOLATED)
clkbuf_leaf_24_clk/X                      8     13     -5 (VIOLATED)
clkbuf_leaf_41_clk/X                      8     13     -5 (VIOLATED)
clkbuf_leaf_93_clk/X                      8     13     -5 (VIOLATED)
_09069_/X                                 8     12     -4 (VIOLATED)
_09919_/X                                 8     12     -4 (VIOLATED)
clkbuf_4_1_0_clk/X                        8     12     -4 (VIOLATED)
clkbuf_4_9_0_clk/X                        8     12     -4 (VIOLATED)
clkbuf_leaf_0_clk/X                       8     12     -4 (VIOLATED)
clkbuf_leaf_151_clk/X                     8     12     -4 (VIOLATED)
clkbuf_leaf_161_clk/X                     8     12     -4 (VIOLATED)
clkbuf_leaf_16_clk/X                      8     12     -4 (VIOLATED)
clkbuf_leaf_180_clk/X                     8     12     -4 (VIOLATED)
clkbuf_leaf_196_clk/X                     8     12     -4 (VIOLATED)
clkbuf_leaf_204_clk/X                     8     12     -4 (VIOLATED)
clkbuf_leaf_20_clk/X                      8     12     -4 (VIOLATED)
clkbuf_leaf_21_clk/X                      8     12     -4 (VIOLATED)
clkbuf_leaf_28_clk/X                      8     12     -4 (VIOLATED)
clkbuf_leaf_36_clk/X                      8     12     -4 (VIOLATED)
clkbuf_leaf_43_clk/X                      8     12     -4 (VIOLATED)
clkbuf_leaf_47_clk/X                      8     12     -4 (VIOLATED)
clkbuf_leaf_58_clk/X                      8     12     -4 (VIOLATED)
clkbuf_leaf_8_clk/X                       8     12     -4 (VIOLATED)
clkbuf_leaf_98_clk/X                      8     12     -4 (VIOLATED)
_09913_/X                                 8     11     -3 (VIOLATED)
_10075_/X                                 8     11     -3 (VIOLATED)
clkbuf_4_6_0_clk/X                        8     11     -3 (VIOLATED)
clkbuf_leaf_108_clk/X                     8     11     -3 (VIOLATED)
clkbuf_leaf_10_clk/X                      8     11     -3 (VIOLATED)
clkbuf_leaf_112_clk/X                     8     11     -3 (VIOLATED)
clkbuf_leaf_119_clk/X                     8     11     -3 (VIOLATED)
clkbuf_leaf_146_clk/X                     8     11     -3 (VIOLATED)
clkbuf_leaf_152_clk/X                     8     11     -3 (VIOLATED)
clkbuf_leaf_15_clk/X                      8     11     -3 (VIOLATED)
clkbuf_leaf_165_clk/X                     8     11     -3 (VIOLATED)
clkbuf_leaf_170_clk/X                     8     11     -3 (VIOLATED)
clkbuf_leaf_177_clk/X                     8     11     -3 (VIOLATED)
clkbuf_leaf_179_clk/X                     8     11     -3 (VIOLATED)
clkbuf_leaf_184_clk/X                     8     11     -3 (VIOLATED)
clkbuf_leaf_187_clk/X                     8     11     -3 (VIOLATED)
clkbuf_leaf_198_clk/X                     8     11     -3 (VIOLATED)
clkbuf_leaf_199_clk/X                     8     11     -3 (VIOLATED)
clkbuf_leaf_57_clk/X                      8     11     -3 (VIOLATED)
clkbuf_leaf_64_clk/X                      8     11     -3 (VIOLATED)
clkbuf_leaf_6_clk/X                       8     11     -3 (VIOLATED)
clkbuf_leaf_71_clk/X                      8     11     -3 (VIOLATED)
clkbuf_leaf_86_clk/X                      8     11     -3 (VIOLATED)
clkbuf_leaf_95_clk/X                      8     11     -3 (VIOLATED)
clkbuf_leaf_9_clk/X                       8     11     -3 (VIOLATED)
_07455_/Y                                 8     10     -2 (VIOLATED)
_08630_/X                                 8     10     -2 (VIOLATED)
_08718_/X                                 8     10     -2 (VIOLATED)
_08819_/X                                 8     10     -2 (VIOLATED)
_09100_/X                                 8     10     -2 (VIOLATED)
_10070_/X                                 8     10     -2 (VIOLATED)
_10282_/X                                 8     10     -2 (VIOLATED)
_10368_/X                                 8     10     -2 (VIOLATED)
clkbuf_leaf_106_clk/X                     8     10     -2 (VIOLATED)
clkbuf_leaf_117_clk/X                     8     10     -2 (VIOLATED)
clkbuf_leaf_120_clk/X                     8     10     -2 (VIOLATED)
clkbuf_leaf_125_clk/X                     8     10     -2 (VIOLATED)
clkbuf_leaf_126_clk/X                     8     10     -2 (VIOLATED)
clkbuf_leaf_137_clk/X                     8     10     -2 (VIOLATED)
clkbuf_leaf_145_clk/X                     8     10     -2 (VIOLATED)
clkbuf_leaf_192_clk/X                     8     10     -2 (VIOLATED)
clkbuf_leaf_203_clk/X                     8     10     -2 (VIOLATED)
clkbuf_leaf_205_clk/X                     8     10     -2 (VIOLATED)
clkbuf_leaf_207_clk/X                     8     10     -2 (VIOLATED)
clkbuf_leaf_31_clk/X                      8     10     -2 (VIOLATED)
clkbuf_leaf_3_clk/X                       8     10     -2 (VIOLATED)
clkbuf_leaf_52_clk/X                      8     10     -2 (VIOLATED)
clkbuf_leaf_59_clk/X                      8     10     -2 (VIOLATED)
clkbuf_leaf_67_clk/X                      8     10     -2 (VIOLATED)
clkbuf_leaf_72_clk/X                      8     10     -2 (VIOLATED)
clkbuf_leaf_81_clk/X                      8     10     -2 (VIOLATED)
_07527_/X                                 8      9        (VIOLATED)
_07552_/X                                 8      9        (VIOLATED)
_07665_/X                                 8      9        (VIOLATED)
_08658_/X                                 8      9        (VIOLATED)
_08712_/X                                 8      9        (VIOLATED)
_09900_/X                                 8      9        (VIOLATED)
_09905_/X                                 8      9        (VIOLATED)
_09978_/X                                 8      9        (VIOLATED)
_10036_/X                                 8      9        (VIOLATED)
_10058_/X                                 8      9        (VIOLATED)
_10103_/X                                 8      9        (VIOLATED)
_10279_/X                                 8      9        (VIOLATED)
_10296_/X                                 8      9        (VIOLATED)
_10366_/X                                 8      9        (VIOLATED)
_16340_/Q                                 8      9        (VIOLATED)
clkbuf_4_4_0_clk/X                        8      9        (VIOLATED)
clkbuf_leaf_104_clk/X                     8      9        (VIOLATED)
clkbuf_leaf_121_clk/X                     8      9        (VIOLATED)
clkbuf_leaf_127_clk/X                     8      9        (VIOLATED)
clkbuf_leaf_128_clk/X                     8      9        (VIOLATED)
clkbuf_leaf_132_clk/X                     8      9        (VIOLATED)
clkbuf_leaf_138_clk/X                     8      9        (VIOLATED)
clkbuf_leaf_139_clk/X                     8      9        (VIOLATED)
clkbuf_leaf_13_clk/X                      8      9        (VIOLATED)
clkbuf_leaf_140_clk/X                     8      9        (VIOLATED)
clkbuf_leaf_154_clk/X                     8      9        (VIOLATED)
clkbuf_leaf_169_clk/X                     8      9        (VIOLATED)
clkbuf_leaf_172_clk/X                     8      9        (VIOLATED)
clkbuf_leaf_174_clk/X                     8      9        (VIOLATED)
clkbuf_leaf_202_clk/X                     8      9        (VIOLATED)
clkbuf_leaf_32_clk/X                      8      9        (VIOLATED)
clkbuf_leaf_35_clk/X                      8      9        (VIOLATED)
clkbuf_leaf_38_clk/X                      8      9        (VIOLATED)
clkbuf_leaf_46_clk/X                      8      9        (VIOLATED)
clkbuf_leaf_50_clk/X                      8      9        (VIOLATED)
clkbuf_leaf_51_clk/X                      8      9        (VIOLATED)
clkbuf_leaf_55_clk/X                      8      9        (VIOLATED)
clkbuf_leaf_65_clk/X                      8      9        (VIOLATED)
clkbuf_leaf_68_clk/X                      8      9        (VIOLATED)
clkbuf_leaf_70_clk/X                      8      9        (VIOLATED)
clkbuf_leaf_74_clk/X                      8      9        (VIOLATED)
clkbuf_leaf_91_clk/X                      8      9        (VIOLATED)
clkbuf_leaf_92_clk/X                      8      9        (VIOLATED)



===========================================================================
report_parasitic_annotation -report_unannotated
============================================================================
Found 0 unannotated drivers.
Found 0 partially unannotated drivers.

===========================================================================
max slew violation count 0
max fanout violation count 151
max cap violation count 0
============================================================================

===========================================================================
check_setup -verbose -unconstrained_endpoints -multiple_clock -no_clock -no_input_delay -loops -generated_clocks
===========================================================================
