Partial/Required:  2.23, Required:    400.0, Partial:   892.44, Net: _04942_, Pin: _10524_/B2, Layer: met3
Partial/Required:  1.76, Required:    400.0, Partial:   703.56, Net: _06124_, Pin: _13029_/A1, Layer: met2
Partial/Required:  1.52, Required:    400.0, Partial:   609.46, Net: _05144_, Pin: _10779_/S1, Layer: met3
Partial/Required:  1.33, Required:    400.0, Partial:   532.39, Net: net61, Pin: output61/A, Layer: met1
Partial/Required:  1.32, Required:    400.0, Partial:   526.67, Net: _05020_, Pin: _10952_/B2, Layer: met3
Partial/Required:  1.21, Required:    400.0, Partial:   485.85, Net: _03635_, Pin: _10782_/C1, Layer: met3
Partial/Required:  1.21, Required:    400.0, Partial:   485.85, Net: _03635_, Pin: _08529_/A, Layer: met3
Partial/Required:  1.21, Required:    400.0, Partial:   485.85, Net: _03635_, Pin: _10633_/C1, Layer: met3
Partial/Required:  1.21, Required:    400.0, Partial:   485.85, Net: _03635_, Pin: _10602_/A, Layer: met3
Partial/Required:  1.21, Required:    400.0, Partial:   484.78, Net: _03772_, Pin: _13612_/A, Layer: met3
Partial/Required:  1.21, Required:    400.0, Partial:   484.78, Net: _03772_, Pin: _11696_/A, Layer: met3
Partial/Required:  1.21, Required:    400.0, Partial:   484.78, Net: _03772_, Pin: _13281_/A, Layer: met3
Partial/Required:  1.16, Required:    400.0, Partial:   463.41, Net: _02605_, Pin: _08079_/A, Layer: met1
Partial/Required:  1.15, Required:    400.0, Partial:   461.11, Net: net96, Pin: _11275_/A, Layer: met1
Partial/Required:  1.14, Required:    400.0, Partial:   457.15, Net: _04684_, Pin: _10365_/A, Layer: met3
Partial/Required:  1.14, Required:    400.0, Partial:   457.15, Net: _04684_, Pin: _10155_/A, Layer: met3
Partial/Required:  1.14, Required:    400.0, Partial:   457.15, Net: _04684_, Pin: _10044_/A, Layer: met3
Partial/Required:  1.12, Required:    400.0, Partial:   449.78, Net: _04262_, Pin: _11554_/A1, Layer: met1
Partial/Required:  1.10, Required:    400.0, Partial:   438.65, Net: _03747_, Pin: _13271_/A, Layer: met2
Partial/Required:  1.10, Required:    400.0, Partial:   438.65, Net: _03747_, Pin: _11686_/A, Layer: met2
Partial/Required:  1.08, Required:    400.0, Partial:   431.56, Net: _03773_, Pin: _08945_/A1, Layer: met1
Partial/Required:  1.05, Required:    400.0, Partial:   421.33, Net: _07340_, Pin: _13910_/A1, Layer: met1
Partial/Required:  1.03, Required:    400.0, Partial:   412.89, Net: _02712_, Pin: _07590_/S0, Layer: met3
Partial/Required:  1.03, Required:    400.0, Partial:   412.89, Net: _02712_, Pin: _07645_/S0, Layer: met3
Partial/Required:  1.01, Required:    400.0, Partial:    404.5, Net: _04539_, Pin: _10724_/S, Layer: met2
