OpenROAD 41a51eaf4ca2171c92ff38afb91eb37bbd3f36da 
This program is licensed under the BSD-3 license. See the LICENSE file for details.
Components of this program may be licensed under more restrictive licenses which must be honored.
[INFO]: Reading ODB at '/openlane/designs/my_processor/runs/RUN_2026.03.13_15.26.25/results/floorplan/pipelined_processor.odb'…
define_corners Typical
read_liberty -corner Typical /home/kushagra/.ciel/sky130A/libs.ref/sky130_fd_sc_hd/lib/sky130_fd_sc_hd__tt_025C_1v80.lib
Using 1e-12 for capacitance...
Using 1e+03 for resistance...
Using 1e-09 for time...
Using 1e+00 for voltage...
Using 1e-03 for current...
Using 1e-09 for power...
Using 1e-06 for distance...
Reading design constraints file at '/openlane/designs/my_processor/runs/RUN_2026.03.13_15.26.25/tmp/floorplan/3-initial_fp.sdc'…
[INFO]: Setting RC values...
[INFO]: Setting signal min routing layer to: met1 and clock min routing layer to met3. 
[INFO]: Setting signal max routing layer to: met5 and clock max routing layer to met5. 
[INFO GPL-0002] DBU: 1000
[INFO GPL-0003] SiteSize: 460 2720
[INFO GPL-0004] CoreAreaLxLy: 5520 10880
[INFO GPL-0005] CoreAreaUxUy: 484380 489600
[INFO GPL-0006] NumInstances: 12906
[INFO GPL-0007] NumPlaceInstances: 9261
[INFO GPL-0008] NumFixedInstances: 3645
[INFO GPL-0009] NumDummyInstances: 0
[INFO GPL-0010] NumNets: 9293
[INFO GPL-0011] NumPins: 32694
[INFO GPL-0012] DieAreaLxLy: 0 0
[INFO GPL-0013] DieAreaUxUy: 490025 500745
[INFO GPL-0014] CoreAreaLxLy: 5520 10880
[INFO GPL-0015] CoreAreaUxUy: 484380 489600
[INFO GPL-0016] CoreArea: 229239859200
[INFO GPL-0017] NonPlaceInstsArea: 5441468800
[INFO GPL-0018] PlaceInstsArea: 103242768000
[INFO GPL-0019] Util(%): 46.13
[INFO GPL-0020] StdInstsArea: 103242768000
[INFO GPL-0021] MacroInstsArea: 0
[InitialPlace]  Iter: 1 CG residual: 0.00020013 HPWL: 127853065
[InitialPlace]  Iter: 2 CG residual: 0.00013860 HPWL: 123109650
[InitialPlace]  Iter: 3 CG residual: 0.00003259 HPWL: 123378127
[InitialPlace]  Iter: 4 CG residual: 0.00008299 HPWL: 123876400
[InitialPlace]  Iter: 5 CG residual: 0.00003888 HPWL: 123638604
[InitialPlace]  Iter: 6 CG residual: 0.00004695 HPWL: 123952590
[InitialPlace]  Iter: 7 CG residual: 0.00003502 HPWL: 123732989
[InitialPlace]  Iter: 8 CG residual: 0.00005267 HPWL: 124007277
[InitialPlace]  Iter: 9 CG residual: 0.00004589 HPWL: 123777575
[InitialPlace]  Iter: 10 CG residual: 0.00005601 HPWL: 124040656
[InitialPlace]  Iter: 11 CG residual: 0.00004814 HPWL: 123805074
[InitialPlace]  Iter: 12 CG residual: 0.00003686 HPWL: 124060659
[InitialPlace]  Iter: 13 CG residual: 0.00002917 HPWL: 123846003
[InitialPlace]  Iter: 14 CG residual: 0.00001680 HPWL: 124101081
[InitialPlace]  Iter: 15 CG residual: 0.00001931 HPWL: 123858589
[InitialPlace]  Iter: 16 CG residual: 0.00002720 HPWL: 124106087
[InitialPlace]  Iter: 17 CG residual: 0.00001361 HPWL: 123851923
[InitialPlace]  Iter: 18 CG residual: 0.00002742 HPWL: 124108026
[InitialPlace]  Iter: 19 CG residual: 0.00001661 HPWL: 123876561
[InitialPlace]  Iter: 20 CG residual: 0.00003656 HPWL: 124114245
[INFO GPL-0031] FillerInit: NumGCells: 10053
[INFO GPL-0032] FillerInit: NumGNets: 9293
[INFO GPL-0033] FillerInit: NumGPins: 32694
[INFO GPL-0023] TargetDensity: 0.50
[INFO GPL-0024] AveragePlaceInstArea: 11148123
[INFO GPL-0025] IdealBinArea: 22296246
[INFO GPL-0026] IdealBinCnt: 10281
[INFO GPL-0027] TotalBinArea: 229239859200
[INFO GPL-0028] BinCnt: 64 64
[INFO GPL-0029] BinSize: 7483 7480
[INFO GPL-0030] NumBins: 4096
[NesterovSolve] Iter: 1 overflow: 0.988688 HPWL: 62600981
[NesterovSolve] Iter: 10 overflow: 0.965921 HPWL: 86080879
[NesterovSolve] Iter: 20 overflow: 0.96432 HPWL: 87405241
[NesterovSolve] Iter: 30 overflow: 0.962706 HPWL: 88415279
[NesterovSolve] Iter: 40 overflow: 0.961525 HPWL: 88818629
[NesterovSolve] Iter: 50 overflow: 0.961181 HPWL: 88847388
[NesterovSolve] Iter: 60 overflow: 0.960141 HPWL: 88838014
[NesterovSolve] Iter: 70 overflow: 0.959891 HPWL: 88951334
[NesterovSolve] Iter: 80 overflow: 0.959587 HPWL: 89160246
[NesterovSolve] Iter: 90 overflow: 0.959664 HPWL: 89394718
[NesterovSolve] Iter: 100 overflow: 0.959737 HPWL: 89617811
[NesterovSolve] Iter: 110 overflow: 0.959384 HPWL: 89900442
[NesterovSolve] Iter: 120 overflow: 0.958864 HPWL: 90429887
[NesterovSolve] Iter: 130 overflow: 0.957186 HPWL: 91426967
[NesterovSolve] Iter: 140 overflow: 0.956173 HPWL: 93064949
[NesterovSolve] Iter: 150 overflow: 0.953994 HPWL: 95697067
[NesterovSolve] Iter: 160 overflow: 0.951702 HPWL: 99466075
[NesterovSolve] Iter: 170 overflow: 0.947733 HPWL: 104974975
[NesterovSolve] Iter: 180 overflow: 0.940457 HPWL: 113484065
[NesterovSolve] Iter: 190 overflow: 0.930782 HPWL: 123662795
[NesterovSolve] Iter: 200 overflow: 0.919318 HPWL: 134279149
[NesterovSolve] Iter: 210 overflow: 0.90543 HPWL: 147811145
[NesterovSolve] Iter: 220 overflow: 0.884152 HPWL: 163742213
[NesterovSolve] Iter: 230 overflow: 0.860945 HPWL: 180118905
[NesterovSolve] Iter: 240 overflow: 0.83291 HPWL: 197582176
[NesterovSolve] Iter: 250 overflow: 0.797622 HPWL: 215528470
[INFO GPL-0100] worst slack 2.14e-08
[INFO GPL-0103] Weighted 929 nets.
[NesterovSolve] Iter: 260 overflow: 0.761011 HPWL: 234256273
[NesterovSolve] Iter: 270 overflow: 0.725532 HPWL: 248709433
[NesterovSolve] Iter: 280 overflow: 0.680309 HPWL: 265519633
[NesterovSolve] Iter: 290 overflow: 0.637161 HPWL: 281190789
[INFO GPL-0100] worst slack 2.14e-08
[INFO GPL-0103] Weighted 929 nets.
[NesterovSolve] Snapshot saved at iter = 297
[NesterovSolve] Iter: 300 overflow: 0.591324 HPWL: 295098191
[NesterovSolve] Iter: 310 overflow: 0.539299 HPWL: 305958736
[NesterovSolve] Iter: 320 overflow: 0.48267 HPWL: 315139915
[INFO GPL-0100] worst slack 2.13e-08
[INFO GPL-0103] Weighted 929 nets.
[NesterovSolve] Iter: 330 overflow: 0.425734 HPWL: 322721946
[NesterovSolve] Iter: 340 overflow: 0.372728 HPWL: 327934571
[NesterovSolve] Iter: 350 overflow: 0.32588 HPWL: 330240464
[NesterovSolve] Iter: 360 overflow: 0.287422 HPWL: 331303367
[INFO GPL-0100] worst slack 2.13e-08
[INFO GPL-0103] Weighted 929 nets.
[NesterovSolve] Iter: 370 overflow: 0.256054 HPWL: 334033673
[NesterovSolve] Iter: 380 overflow: 0.226101 HPWL: 335217166
[INFO GPL-0100] worst slack 2.13e-08
[INFO GPL-0103] Weighted 929 nets.
[NesterovSolve] Iter: 390 overflow: 0.198567 HPWL: 335986071
[INFO GPL-0075] Routability numCall: 1 inflationIterCnt: 1 bloatIterCnt: 0
[INFO GPL-0036] TileLxLy: 0 0
[INFO GPL-0037] TileSize: 6900 6900
[INFO GPL-0038] TileCnt: 71 72
[INFO GPL-0039] numRoutingLayers: 6
[INFO GPL-0040] NumTiles: 5112
[INFO GPL-0063] TotalRouteOverflowH2: 2.0000003576278687
[INFO GPL-0064] TotalRouteOverflowV2: 2.8000004291534424
[INFO GPL-0065] OverflowTileCnt2: 35
[INFO GPL-0066] 0.5%RC: 1.0560000085830687
[INFO GPL-0067] 1.0%RC: 1.0282828326177116
[INFO GPL-0068] 2.0%RC: 1.014213200147987
[INFO GPL-0069] 5.0%RC: 1.0057026485318807
[INFO GPL-0070] 0.5rcK: 1.0
[INFO GPL-0071] 1.0rcK: 1.0
[INFO GPL-0072] 2.0rcK: 0.0
[INFO GPL-0073] 5.0rcK: 0.0
[INFO GPL-0074] FinalRC: 1.0421414
[NesterovSolve] Iter: 400 overflow: 0.171262 HPWL: 336638597
[NesterovSolve] Iter: 410 overflow: 0.148802 HPWL: 336921946
[INFO GPL-0100] worst slack 2.13e-08
[INFO GPL-0103] Weighted 929 nets.
[NesterovSolve] Iter: 420 overflow: 0.125717 HPWL: 337303569
[NesterovSolve] Iter: 430 overflow: 0.10825 HPWL: 337540926
[NesterovSolve] Finished with Overflow: 0.099074
Setting global connections for newly added cells…
Writing OpenROAD database to '/openlane/designs/my_processor/runs/RUN_2026.03.13_15.26.25/tmp/placement/7-global.odb'…
Writing netlist to '/openlane/designs/my_processor/runs/RUN_2026.03.13_15.26.25/tmp/placement/7-global.nl.v'…
Writing powered netlist to '/openlane/designs/my_processor/runs/RUN_2026.03.13_15.26.25/tmp/placement/7-global.pnl.v'…
Writing layout to '/openlane/designs/my_processor/runs/RUN_2026.03.13_15.26.25/tmp/placement/7-global.def'…
