
===========================================================================
report_checks -unconstrained
===========================================================================
======================= Fastest Corner ===================================

Startpoint: debug_mem_addr[0] (input port clocked by clk)
Endpoint: debug_mem_data[2] (output port clocked by clk)
Path Group: clk
Path Type: max
Corner: Fastest

Fanout     Cap    Slew   Delay    Time   Description
-----------------------------------------------------------------------------
                          0.00    0.00   clock clk (rise edge)
                          0.00    0.00   clock network delay (propagated)
                          1.00    1.00 ^ input external delay
                  0.01    0.01    1.01 ^ debug_mem_addr[0] (in)
     1    0.00                           debug_mem_addr[0] (net)
                  0.01    0.00    1.01 ^ input1/A (sky130_fd_sc_hd__buf_2)
                  0.24    0.21    1.22 ^ input1/X (sky130_fd_sc_hd__buf_2)
     2    0.07                           net1 (net)
                  0.24    0.02    1.23 ^ _07414_/A (sky130_fd_sc_hd__buf_2)
                  0.17    0.20    1.44 ^ _07414_/X (sky130_fd_sc_hd__buf_2)
     6    0.04                           _02116_ (net)
                  0.17    0.01    1.44 ^ _07434_/A (sky130_fd_sc_hd__clkbuf_2)
                  0.09    0.14    1.59 ^ _07434_/X (sky130_fd_sc_hd__clkbuf_2)
     6    0.02                           _02136_ (net)
                  0.09    0.00    1.59 ^ _07479_/A (sky130_fd_sc_hd__buf_2)
                  0.22    0.22    1.81 ^ _07479_/X (sky130_fd_sc_hd__buf_2)
     6    0.06                           _02181_ (net)
                  0.22    0.00    1.81 ^ _07645_/A (sky130_fd_sc_hd__buf_4)
                  0.23    0.25    2.06 ^ _07645_/X (sky130_fd_sc_hd__buf_4)
     6    0.11                           _02345_ (net)
                  0.23    0.01    2.07 ^ _07646_/S0 (sky130_fd_sc_hd__mux4_1)
                  0.09    0.35    2.42 v _07646_/X (sky130_fd_sc_hd__mux4_1)
     1    0.01                           _02346_ (net)
                  0.09    0.00    2.42 v _07652_/A2 (sky130_fd_sc_hd__o211a_1)
                  0.05    0.18    2.60 v _07652_/X (sky130_fd_sc_hd__o211a_1)
     1    0.01                           _02352_ (net)
                  0.05    0.00    2.60 v _07653_/B1 (sky130_fd_sc_hd__a31o_1)
                  0.04    0.09    2.69 v _07653_/X (sky130_fd_sc_hd__a31o_1)
     1    0.01                           _02353_ (net)
                  0.04    0.00    2.69 v _07654_/A1 (sky130_fd_sc_hd__mux2_1)
                  0.13    0.25    2.94 v _07654_/X (sky130_fd_sc_hd__mux2_1)
     1    0.03                           _02354_ (net)
                  0.13    0.00    2.95 v _07687_/A2 (sky130_fd_sc_hd__a21o_2)
                  0.10    0.26    3.20 v _07687_/X (sky130_fd_sc_hd__a21o_2)
     1    0.05                           net41 (net)
                  0.10    0.01    3.21 v output41/A (sky130_fd_sc_hd__clkbuf_4)
                  0.06    0.16    3.37 v output41/X (sky130_fd_sc_hd__clkbuf_4)
     1    0.03                           debug_mem_data[2] (net)
                  0.06    0.00    3.37 v debug_mem_data[2] (out)
                                  3.37   data arrival time

                          5.00    5.00   clock clk (rise edge)
                          0.00    5.00   clock network delay (propagated)
                         -0.25    4.75   clock uncertainty
                          0.00    4.75   clock reconvergence pessimism
                         -1.00    3.75   output external delay
                                  3.75   data required time
-----------------------------------------------------------------------------
                                  3.75   data required time
                                 -3.37   data arrival time
-----------------------------------------------------------------------------
                                  0.38   slack (MET)



======================= Slowest Corner ===================================

Startpoint: _15714_ (rising edge-triggered flip-flop clocked by clk)
Endpoint: _15087_ (rising edge-triggered flip-flop clocked by clk)
Path Group: clk
Path Type: max
Corner: Slowest

Fanout     Cap    Slew   Delay    Time   Description
-----------------------------------------------------------------------------
                          0.00    0.00   clock clk (rise edge)
                          0.00    0.00   clock source latency
                  0.59    0.44    0.44 ^ clk (in)
     2    0.08                           clk (net)
                  0.59    0.00    0.44 ^ clkbuf_0_clk/A (sky130_fd_sc_hd__clkbuf_16)
                  0.46    0.76    1.20 ^ clkbuf_0_clk/X (sky130_fd_sc_hd__clkbuf_16)
    16    0.29                           clknet_0_clk (net)
                  0.46    0.03    1.23 ^ clkbuf_4_14_0_clk/A (sky130_fd_sc_hd__clkbuf_8)
                  0.34    0.62    1.85 ^ clkbuf_4_14_0_clk/X (sky130_fd_sc_hd__clkbuf_8)
     9    0.12                           clknet_4_14_0_clk (net)
                  0.34    0.01    1.87 ^ clkbuf_leaf_86_clk/A (sky130_fd_sc_hd__clkbuf_16)
                  0.10    0.39    2.26 ^ clkbuf_leaf_86_clk/X (sky130_fd_sc_hd__clkbuf_16)
    15    0.04                           clknet_leaf_86_clk (net)
                  0.10    0.00    2.26 ^ _15714_/CLK (sky130_fd_sc_hd__dfxtp_4)
                  0.24    0.89    3.15 ^ _15714_/Q (sky130_fd_sc_hd__dfxtp_4)
     6    0.05                           ex_mm_reg.ALU_Result_Out[0] (net)
                  0.24    0.01    3.16 ^ _09157_/A (sky130_fd_sc_hd__clkbuf_2)
                  0.26    0.43    3.58 ^ _09157_/X (sky130_fd_sc_hd__clkbuf_2)
     6    0.03                           _03667_ (net)
                  0.26    0.00    3.58 ^ _09172_/A (sky130_fd_sc_hd__buf_4)
                  0.53    0.65    4.23 ^ _09172_/X (sky130_fd_sc_hd__buf_4)
     8    0.12                           _03682_ (net)
                  0.53    0.02    4.25 ^ _09173_/A (sky130_fd_sc_hd__buf_4)
                  0.55    0.78    5.03 ^ _09173_/X (sky130_fd_sc_hd__buf_4)
     6    0.13                           _03683_ (net)
                  0.55    0.01    5.04 ^ _09352_/A (sky130_fd_sc_hd__clkbuf_4)
                  0.40    0.73    5.77 ^ _09352_/X (sky130_fd_sc_hd__clkbuf_4)
     6    0.08                           _03862_ (net)
                  0.40    0.01    5.78 ^ _09939_/S (sky130_fd_sc_hd__mux2_1)
                  0.24    1.02    6.80 v _09939_/X (sky130_fd_sc_hd__mux2_1)
     1    0.02                           _04449_ (net)
                  0.24    0.00    6.80 v _09940_/B1 (sky130_fd_sc_hd__o22a_1)
                  0.13    0.49    7.29 v _09940_/X (sky130_fd_sc_hd__o22a_1)
     1    0.01                           _04450_ (net)
                  0.13    0.00    7.29 v _09941_/C (sky130_fd_sc_hd__and3_2)
                  0.23    0.67    7.96 v _09941_/X (sky130_fd_sc_hd__and3_2)
     2    0.04                           _04451_ (net)
                  0.23    0.00    7.96 v _09942_/A1 (sky130_fd_sc_hd__mux2_4)
                  0.12    0.62    8.58 v _09942_/X (sky130_fd_sc_hd__mux2_4)
     3    0.02                           _04452_ (net)
                  0.12    0.00    8.58 v _09945_/A2 (sky130_fd_sc_hd__a21oi_4)
                  0.32    0.40    8.98 ^ _09945_/Y (sky130_fd_sc_hd__a21oi_4)
     4    0.02                           _04455_ (net)
                  0.32    0.00    8.99 ^ _09948_/B1 (sky130_fd_sc_hd__o22ai_1)
                  0.15    0.27    9.25 v _09948_/Y (sky130_fd_sc_hd__o22ai_1)
     1    0.00                           _04458_ (net)
                  0.15    0.00    9.25 v _09949_/C1 (sky130_fd_sc_hd__a221o_1)
                  0.10    0.56    9.81 v _09949_/X (sky130_fd_sc_hd__a221o_1)
     1    0.00                           _04459_ (net)
                  0.10    0.00    9.81 v _09950_/D1 (sky130_fd_sc_hd__a2111o_1)
                  0.12    0.62   10.43 v _09950_/X (sky130_fd_sc_hd__a2111o_1)
     1    0.00                           _04460_ (net)
                  0.12    0.00   10.43 v _10165_/B (sky130_fd_sc_hd__or4b_4)
                  0.17    1.12   11.55 v _10165_/X (sky130_fd_sc_hd__or4b_4)
     1    0.01                           _04675_ (net)
                  0.17    0.00   11.55 v _10166_/D (sky130_fd_sc_hd__nor4_4)
                  0.42    0.37   11.92 ^ _10166_/Y (sky130_fd_sc_hd__nor4_4)
     1    0.01                           _04676_ (net)
                  0.42    0.00   11.92 ^ wire82/A (sky130_fd_sc_hd__clkbuf_2)
                  0.12    0.39   12.31 ^ wire82/X (sky130_fd_sc_hd__clkbuf_2)
     2    0.01                           net82 (net)
                  0.12    0.00   12.31 ^ _10167_/A (sky130_fd_sc_hd__or2_4)
                  0.18    0.34   12.65 ^ _10167_/X (sky130_fd_sc_hd__or2_4)
     4    0.03                           _04677_ (net)
                  0.18    0.00   12.65 ^ _10168_/A (sky130_fd_sc_hd__buf_6)
                  0.11    0.27   12.92 ^ _10168_/X (sky130_fd_sc_hd__buf_6)
     6    0.03                           _04678_ (net)
                  0.11    0.00   12.93 ^ _10193_/B (sky130_fd_sc_hd__nor2_2)
                  0.11    0.14   13.06 v _10193_/Y (sky130_fd_sc_hd__nor2_2)
     6    0.02                           _04702_ (net)
                  0.11    0.00   13.06 v _10194_/A (sky130_fd_sc_hd__buf_4)
                  0.08    0.31   13.38 v _10194_/X (sky130_fd_sc_hd__buf_4)
     6    0.02                           _04703_ (net)
                  0.08    0.00   13.38 v _10215_/A1 (sky130_fd_sc_hd__a2111o_1)
                  0.22    0.89   14.26 v _10215_/X (sky130_fd_sc_hd__a2111o_1)
     2    0.01                           _04724_ (net)
                  0.22    0.00   14.27 v _11204_/C1 (sky130_fd_sc_hd__o211a_1)
                  0.07    0.28   14.54 v _11204_/X (sky130_fd_sc_hd__o211a_1)
     1    0.00                           _00469_ (net)
                  0.07    0.00   14.54 v _15087_/D (sky130_fd_sc_hd__dfxtp_2)
                                 14.54   data arrival time

                          5.00    5.00   clock clk (rise edge)
                          0.00    5.00   clock source latency
                  0.59    0.40    5.40 ^ clk (in)
     2    0.08                           clk (net)
                  0.59    0.00    5.40 ^ clkbuf_0_clk/A (sky130_fd_sc_hd__clkbuf_16)
                  0.46    0.69    6.09 ^ clkbuf_0_clk/X (sky130_fd_sc_hd__clkbuf_16)
    16    0.29                           clknet_0_clk (net)
                  0.46    0.03    6.11 ^ clkbuf_4_6_0_clk/A (sky130_fd_sc_hd__clkbuf_8)
                  0.33    0.56    6.68 ^ clkbuf_4_6_0_clk/X (sky130_fd_sc_hd__clkbuf_8)
     9    0.12                           clknet_4_6_0_clk (net)
                  0.33    0.01    6.68 ^ clkbuf_leaf_49_clk/A (sky130_fd_sc_hd__clkbuf_16)
                  0.09    0.34    7.02 ^ clkbuf_leaf_49_clk/X (sky130_fd_sc_hd__clkbuf_16)
    11    0.03                           clknet_leaf_49_clk (net)
                  0.09    0.00    7.02 ^ _15087_/CLK (sky130_fd_sc_hd__dfxtp_2)
                         -0.25    6.77   clock uncertainty
                          0.11    6.89   clock reconvergence pessimism
                         -0.27    6.62   library setup time
                                  6.62   data required time
-----------------------------------------------------------------------------
                                  6.62   data required time
                                -14.54   data arrival time
-----------------------------------------------------------------------------
                                 -7.92   slack (VIOLATED)



======================= Typical Corner ===================================

Startpoint: _15714_ (rising edge-triggered flip-flop clocked by clk)
Endpoint: _15087_ (rising edge-triggered flip-flop clocked by clk)
Path Group: clk
Path Type: max
Corner: Typical

Fanout     Cap    Slew   Delay    Time   Description
-----------------------------------------------------------------------------
                          0.00    0.00   clock clk (rise edge)
                          0.00    0.00   clock source latency
                  0.38    0.28    0.28 ^ clk (in)
     2    0.08                           clk (net)
                  0.38    0.00    0.28 ^ clkbuf_0_clk/A (sky130_fd_sc_hd__clkbuf_16)
                  0.31    0.41    0.69 ^ clkbuf_0_clk/X (sky130_fd_sc_hd__clkbuf_16)
    16    0.29                           clknet_0_clk (net)
                  0.31    0.03    0.72 ^ clkbuf_4_14_0_clk/A (sky130_fd_sc_hd__clkbuf_8)
                  0.22    0.35    1.07 ^ clkbuf_4_14_0_clk/X (sky130_fd_sc_hd__clkbuf_8)
     9    0.12                           clknet_4_14_0_clk (net)
                  0.22    0.01    1.08 ^ clkbuf_leaf_86_clk/A (sky130_fd_sc_hd__clkbuf_16)
                  0.07    0.21    1.29 ^ clkbuf_leaf_86_clk/X (sky130_fd_sc_hd__clkbuf_16)
    15    0.05                           clknet_leaf_86_clk (net)
                  0.07    0.00    1.30 ^ _15714_/CLK (sky130_fd_sc_hd__dfxtp_4)
                  0.15    0.45    1.74 ^ _15714_/Q (sky130_fd_sc_hd__dfxtp_4)
     6    0.05                           ex_mm_reg.ALU_Result_Out[0] (net)
                  0.15    0.01    1.75 ^ _09157_/A (sky130_fd_sc_hd__clkbuf_2)
                  0.17    0.24    1.99 ^ _09157_/X (sky130_fd_sc_hd__clkbuf_2)
     6    0.03                           _03667_ (net)
                  0.17    0.00    1.99 ^ _09172_/A (sky130_fd_sc_hd__buf_4)
                  0.33    0.37    2.36 ^ _09172_/X (sky130_fd_sc_hd__buf_4)
     8    0.12                           _03682_ (net)
                  0.33    0.02    2.38 ^ _09173_/A (sky130_fd_sc_hd__buf_4)
                  0.35    0.42    2.80 ^ _09173_/X (sky130_fd_sc_hd__buf_4)
     6    0.13                           _03683_ (net)
                  0.35    0.01    2.81 ^ _09352_/A (sky130_fd_sc_hd__clkbuf_4)
                  0.26    0.40    3.21 ^ _09352_/X (sky130_fd_sc_hd__clkbuf_4)
     6    0.09                           _03862_ (net)
                  0.26    0.01    3.22 ^ _09939_/S (sky130_fd_sc_hd__mux2_1)
                  0.12    0.45    3.67 v _09939_/X (sky130_fd_sc_hd__mux2_1)
     1    0.02                           _04449_ (net)
                  0.12    0.00    3.67 v _09940_/B1 (sky130_fd_sc_hd__o22a_1)
                  0.07    0.24    3.91 v _09940_/X (sky130_fd_sc_hd__o22a_1)
     1    0.01                           _04450_ (net)
                  0.07    0.00    3.92 v _09941_/C (sky130_fd_sc_hd__and3_2)
                  0.12    0.32    4.24 v _09941_/X (sky130_fd_sc_hd__and3_2)
     2    0.04                           _04451_ (net)
                  0.12    0.00    4.24 v _09942_/A1 (sky130_fd_sc_hd__mux2_4)
                  0.07    0.33    4.57 v _09942_/X (sky130_fd_sc_hd__mux2_4)
     3    0.02                           _04452_ (net)
                  0.07    0.00    4.57 v _09945_/A2 (sky130_fd_sc_hd__a21oi_4)
                  0.21    0.24    4.82 ^ _09945_/Y (sky130_fd_sc_hd__a21oi_4)
     4    0.02                           _04455_ (net)
                  0.21    0.00    4.82 ^ _09948_/B1 (sky130_fd_sc_hd__o22ai_1)
                  0.08    0.12    4.94 v _09948_/Y (sky130_fd_sc_hd__o22ai_1)
     1    0.00                           _04458_ (net)
                  0.08    0.00    4.94 v _09949_/C1 (sky130_fd_sc_hd__a221o_1)
                  0.06    0.29    5.23 v _09949_/X (sky130_fd_sc_hd__a221o_1)
     1    0.00                           _04459_ (net)
                  0.06    0.00    5.23 v _09950_/D1 (sky130_fd_sc_hd__a2111o_1)
                  0.06    0.30    5.54 v _09950_/X (sky130_fd_sc_hd__a2111o_1)
     1    0.00                           _04460_ (net)
                  0.06    0.00    5.54 v _10165_/B (sky130_fd_sc_hd__or4b_4)
                  0.09    0.56    6.09 v _10165_/X (sky130_fd_sc_hd__or4b_4)
     1    0.01                           _04675_ (net)
                  0.09    0.00    6.09 v _10166_/D (sky130_fd_sc_hd__nor4_4)
                  0.26    0.21    6.30 ^ _10166_/Y (sky130_fd_sc_hd__nor4_4)
     1    0.01                           _04676_ (net)
                  0.26    0.00    6.30 ^ wire82/A (sky130_fd_sc_hd__clkbuf_2)
                  0.08    0.20    6.50 ^ wire82/X (sky130_fd_sc_hd__clkbuf_2)
     2    0.01                           net82 (net)
                  0.08    0.00    6.51 ^ _10167_/A (sky130_fd_sc_hd__or2_4)
                  0.11    0.19    6.69 ^ _10167_/X (sky130_fd_sc_hd__or2_4)
     4    0.03                           _04677_ (net)
                  0.11    0.00    6.70 ^ _10168_/A (sky130_fd_sc_hd__buf_6)
                  0.07    0.15    6.84 ^ _10168_/X (sky130_fd_sc_hd__buf_6)
     6    0.03                           _04678_ (net)
                  0.07    0.00    6.85 ^ _10193_/B (sky130_fd_sc_hd__nor2_2)
                  0.07    0.07    6.92 v _10193_/Y (sky130_fd_sc_hd__nor2_2)
     6    0.02                           _04702_ (net)
                  0.07    0.00    6.92 v _10194_/A (sky130_fd_sc_hd__buf_4)
                  0.04    0.17    7.09 v _10194_/X (sky130_fd_sc_hd__buf_4)
     6    0.02                           _04703_ (net)
                  0.04    0.00    7.09 v _10215_/A1 (sky130_fd_sc_hd__a2111o_1)
                  0.12    0.45    7.54 v _10215_/X (sky130_fd_sc_hd__a2111o_1)
     2    0.01                           _04724_ (net)
                  0.12    0.00    7.54 v _11204_/C1 (sky130_fd_sc_hd__o211a_1)
                  0.04    0.14    7.68 v _11204_/X (sky130_fd_sc_hd__o211a_1)
     1    0.00                           _00469_ (net)
                  0.04    0.00    7.68 v _15087_/D (sky130_fd_sc_hd__dfxtp_2)
                                  7.68   data arrival time

                          5.00    5.00   clock clk (rise edge)
                          0.00    5.00   clock source latency
                  0.38    0.25    5.25 ^ clk (in)
     2    0.08                           clk (net)
                  0.38    0.00    5.25 ^ clkbuf_0_clk/A (sky130_fd_sc_hd__clkbuf_16)
                  0.31    0.37    5.63 ^ clkbuf_0_clk/X (sky130_fd_sc_hd__clkbuf_16)
    16    0.29                           clknet_0_clk (net)
                  0.31    0.03    5.65 ^ clkbuf_4_6_0_clk/A (sky130_fd_sc_hd__clkbuf_8)
                  0.21    0.32    5.97 ^ clkbuf_4_6_0_clk/X (sky130_fd_sc_hd__clkbuf_8)
     9    0.12                           clknet_4_6_0_clk (net)
                  0.21    0.01    5.97 ^ clkbuf_leaf_49_clk/A (sky130_fd_sc_hd__clkbuf_16)
                  0.06    0.18    6.16 ^ clkbuf_leaf_49_clk/X (sky130_fd_sc_hd__clkbuf_16)
    11    0.04                           clknet_leaf_49_clk (net)
                  0.06    0.00    6.16 ^ _15087_/CLK (sky130_fd_sc_hd__dfxtp_2)
                         -0.25    5.91   clock uncertainty
                          0.07    5.98   clock reconvergence pessimism
                         -0.11    5.87   library setup time
                                  5.87   data required time
-----------------------------------------------------------------------------
                                  5.87   data required time
                                 -7.68   data arrival time
-----------------------------------------------------------------------------
                                 -1.81   slack (VIOLATED)




===========================================================================
report_checks --slack_max -0.01
============================================================================
======================= Fastest Corner ===================================

No paths found.

======================= Slowest Corner ===================================

Startpoint: _15714_ (rising edge-triggered flip-flop clocked by clk)
Endpoint: _15087_ (rising edge-triggered flip-flop clocked by clk)
Path Group: clk
Path Type: max
Corner: Slowest

Fanout     Cap    Slew   Delay    Time   Description
-----------------------------------------------------------------------------
                          0.00    0.00   clock clk (rise edge)
                          0.00    0.00   clock source latency
                  0.59    0.44    0.44 ^ clk (in)
     2    0.08                           clk (net)
                  0.59    0.00    0.44 ^ clkbuf_0_clk/A (sky130_fd_sc_hd__clkbuf_16)
                  0.46    0.76    1.20 ^ clkbuf_0_clk/X (sky130_fd_sc_hd__clkbuf_16)
    16    0.29                           clknet_0_clk (net)
                  0.46    0.03    1.23 ^ clkbuf_4_14_0_clk/A (sky130_fd_sc_hd__clkbuf_8)
                  0.34    0.62    1.85 ^ clkbuf_4_14_0_clk/X (sky130_fd_sc_hd__clkbuf_8)
     9    0.12                           clknet_4_14_0_clk (net)
                  0.34    0.01    1.87 ^ clkbuf_leaf_86_clk/A (sky130_fd_sc_hd__clkbuf_16)
                  0.10    0.39    2.26 ^ clkbuf_leaf_86_clk/X (sky130_fd_sc_hd__clkbuf_16)
    15    0.04                           clknet_leaf_86_clk (net)
                  0.10    0.00    2.26 ^ _15714_/CLK (sky130_fd_sc_hd__dfxtp_4)
                  0.24    0.89    3.15 ^ _15714_/Q (sky130_fd_sc_hd__dfxtp_4)
     6    0.05                           ex_mm_reg.ALU_Result_Out[0] (net)
                  0.24    0.01    3.16 ^ _09157_/A (sky130_fd_sc_hd__clkbuf_2)
                  0.26    0.43    3.58 ^ _09157_/X (sky130_fd_sc_hd__clkbuf_2)
     6    0.03                           _03667_ (net)
                  0.26    0.00    3.58 ^ _09172_/A (sky130_fd_sc_hd__buf_4)
                  0.53    0.65    4.23 ^ _09172_/X (sky130_fd_sc_hd__buf_4)
     8    0.12                           _03682_ (net)
                  0.53    0.02    4.25 ^ _09173_/A (sky130_fd_sc_hd__buf_4)
                  0.55    0.78    5.03 ^ _09173_/X (sky130_fd_sc_hd__buf_4)
     6    0.13                           _03683_ (net)
                  0.55    0.01    5.04 ^ _09352_/A (sky130_fd_sc_hd__clkbuf_4)
                  0.40    0.73    5.77 ^ _09352_/X (sky130_fd_sc_hd__clkbuf_4)
     6    0.08                           _03862_ (net)
                  0.40    0.01    5.78 ^ _09939_/S (sky130_fd_sc_hd__mux2_1)
                  0.24    1.02    6.80 v _09939_/X (sky130_fd_sc_hd__mux2_1)
     1    0.02                           _04449_ (net)
                  0.24    0.00    6.80 v _09940_/B1 (sky130_fd_sc_hd__o22a_1)
                  0.13    0.49    7.29 v _09940_/X (sky130_fd_sc_hd__o22a_1)
     1    0.01                           _04450_ (net)
                  0.13    0.00    7.29 v _09941_/C (sky130_fd_sc_hd__and3_2)
                  0.23    0.67    7.96 v _09941_/X (sky130_fd_sc_hd__and3_2)
     2    0.04                           _04451_ (net)
                  0.23    0.00    7.96 v _09942_/A1 (sky130_fd_sc_hd__mux2_4)
                  0.12    0.62    8.58 v _09942_/X (sky130_fd_sc_hd__mux2_4)
     3    0.02                           _04452_ (net)
                  0.12    0.00    8.58 v _09945_/A2 (sky130_fd_sc_hd__a21oi_4)
                  0.32    0.40    8.98 ^ _09945_/Y (sky130_fd_sc_hd__a21oi_4)
     4    0.02                           _04455_ (net)
                  0.32    0.00    8.99 ^ _09948_/B1 (sky130_fd_sc_hd__o22ai_1)
                  0.15    0.27    9.25 v _09948_/Y (sky130_fd_sc_hd__o22ai_1)
     1    0.00                           _04458_ (net)
                  0.15    0.00    9.25 v _09949_/C1 (sky130_fd_sc_hd__a221o_1)
                  0.10    0.56    9.81 v _09949_/X (sky130_fd_sc_hd__a221o_1)
     1    0.00                           _04459_ (net)
                  0.10    0.00    9.81 v _09950_/D1 (sky130_fd_sc_hd__a2111o_1)
                  0.12    0.62   10.43 v _09950_/X (sky130_fd_sc_hd__a2111o_1)
     1    0.00                           _04460_ (net)
                  0.12    0.00   10.43 v _10165_/B (sky130_fd_sc_hd__or4b_4)
                  0.17    1.12   11.55 v _10165_/X (sky130_fd_sc_hd__or4b_4)
     1    0.01                           _04675_ (net)
                  0.17    0.00   11.55 v _10166_/D (sky130_fd_sc_hd__nor4_4)
                  0.42    0.37   11.92 ^ _10166_/Y (sky130_fd_sc_hd__nor4_4)
     1    0.01                           _04676_ (net)
                  0.42    0.00   11.92 ^ wire82/A (sky130_fd_sc_hd__clkbuf_2)
                  0.12    0.39   12.31 ^ wire82/X (sky130_fd_sc_hd__clkbuf_2)
     2    0.01                           net82 (net)
                  0.12    0.00   12.31 ^ _10167_/A (sky130_fd_sc_hd__or2_4)
                  0.18    0.34   12.65 ^ _10167_/X (sky130_fd_sc_hd__or2_4)
     4    0.03                           _04677_ (net)
                  0.18    0.00   12.65 ^ _10168_/A (sky130_fd_sc_hd__buf_6)
                  0.11    0.27   12.92 ^ _10168_/X (sky130_fd_sc_hd__buf_6)
     6    0.03                           _04678_ (net)
                  0.11    0.00   12.93 ^ _10193_/B (sky130_fd_sc_hd__nor2_2)
                  0.11    0.14   13.06 v _10193_/Y (sky130_fd_sc_hd__nor2_2)
     6    0.02                           _04702_ (net)
                  0.11    0.00   13.06 v _10194_/A (sky130_fd_sc_hd__buf_4)
                  0.08    0.31   13.38 v _10194_/X (sky130_fd_sc_hd__buf_4)
     6    0.02                           _04703_ (net)
                  0.08    0.00   13.38 v _10215_/A1 (sky130_fd_sc_hd__a2111o_1)
                  0.22    0.89   14.26 v _10215_/X (sky130_fd_sc_hd__a2111o_1)
     2    0.01                           _04724_ (net)
                  0.22    0.00   14.27 v _11204_/C1 (sky130_fd_sc_hd__o211a_1)
                  0.07    0.28   14.54 v _11204_/X (sky130_fd_sc_hd__o211a_1)
     1    0.00                           _00469_ (net)
                  0.07    0.00   14.54 v _15087_/D (sky130_fd_sc_hd__dfxtp_2)
                                 14.54   data arrival time

                          5.00    5.00   clock clk (rise edge)
                          0.00    5.00   clock source latency
                  0.59    0.40    5.40 ^ clk (in)
     2    0.08                           clk (net)
                  0.59    0.00    5.40 ^ clkbuf_0_clk/A (sky130_fd_sc_hd__clkbuf_16)
                  0.46    0.69    6.09 ^ clkbuf_0_clk/X (sky130_fd_sc_hd__clkbuf_16)
    16    0.29                           clknet_0_clk (net)
                  0.46    0.03    6.11 ^ clkbuf_4_6_0_clk/A (sky130_fd_sc_hd__clkbuf_8)
                  0.33    0.56    6.68 ^ clkbuf_4_6_0_clk/X (sky130_fd_sc_hd__clkbuf_8)
     9    0.12                           clknet_4_6_0_clk (net)
                  0.33    0.01    6.68 ^ clkbuf_leaf_49_clk/A (sky130_fd_sc_hd__clkbuf_16)
                  0.09    0.34    7.02 ^ clkbuf_leaf_49_clk/X (sky130_fd_sc_hd__clkbuf_16)
    11    0.03                           clknet_leaf_49_clk (net)
                  0.09    0.00    7.02 ^ _15087_/CLK (sky130_fd_sc_hd__dfxtp_2)
                         -0.25    6.77   clock uncertainty
                          0.11    6.89   clock reconvergence pessimism
                         -0.27    6.62   library setup time
                                  6.62   data required time
-----------------------------------------------------------------------------
                                  6.62   data required time
                                -14.54   data arrival time
-----------------------------------------------------------------------------
                                 -7.92   slack (VIOLATED)



======================= Typical Corner ===================================

Startpoint: _15714_ (rising edge-triggered flip-flop clocked by clk)
Endpoint: _15087_ (rising edge-triggered flip-flop clocked by clk)
Path Group: clk
Path Type: max
Corner: Typical

Fanout     Cap    Slew   Delay    Time   Description
-----------------------------------------------------------------------------
                          0.00    0.00   clock clk (rise edge)
                          0.00    0.00   clock source latency
                  0.38    0.28    0.28 ^ clk (in)
     2    0.08                           clk (net)
                  0.38    0.00    0.28 ^ clkbuf_0_clk/A (sky130_fd_sc_hd__clkbuf_16)
                  0.31    0.41    0.69 ^ clkbuf_0_clk/X (sky130_fd_sc_hd__clkbuf_16)
    16    0.29                           clknet_0_clk (net)
                  0.31    0.03    0.72 ^ clkbuf_4_14_0_clk/A (sky130_fd_sc_hd__clkbuf_8)
                  0.22    0.35    1.07 ^ clkbuf_4_14_0_clk/X (sky130_fd_sc_hd__clkbuf_8)
     9    0.12                           clknet_4_14_0_clk (net)
                  0.22    0.01    1.08 ^ clkbuf_leaf_86_clk/A (sky130_fd_sc_hd__clkbuf_16)
                  0.07    0.21    1.29 ^ clkbuf_leaf_86_clk/X (sky130_fd_sc_hd__clkbuf_16)
    15    0.05                           clknet_leaf_86_clk (net)
                  0.07    0.00    1.30 ^ _15714_/CLK (sky130_fd_sc_hd__dfxtp_4)
                  0.15    0.45    1.74 ^ _15714_/Q (sky130_fd_sc_hd__dfxtp_4)
     6    0.05                           ex_mm_reg.ALU_Result_Out[0] (net)
                  0.15    0.01    1.75 ^ _09157_/A (sky130_fd_sc_hd__clkbuf_2)
                  0.17    0.24    1.99 ^ _09157_/X (sky130_fd_sc_hd__clkbuf_2)
     6    0.03                           _03667_ (net)
                  0.17    0.00    1.99 ^ _09172_/A (sky130_fd_sc_hd__buf_4)
                  0.33    0.37    2.36 ^ _09172_/X (sky130_fd_sc_hd__buf_4)
     8    0.12                           _03682_ (net)
                  0.33    0.02    2.38 ^ _09173_/A (sky130_fd_sc_hd__buf_4)
                  0.35    0.42    2.80 ^ _09173_/X (sky130_fd_sc_hd__buf_4)
     6    0.13                           _03683_ (net)
                  0.35    0.01    2.81 ^ _09352_/A (sky130_fd_sc_hd__clkbuf_4)
                  0.26    0.40    3.21 ^ _09352_/X (sky130_fd_sc_hd__clkbuf_4)
     6    0.09                           _03862_ (net)
                  0.26    0.01    3.22 ^ _09939_/S (sky130_fd_sc_hd__mux2_1)
                  0.12    0.45    3.67 v _09939_/X (sky130_fd_sc_hd__mux2_1)
     1    0.02                           _04449_ (net)
                  0.12    0.00    3.67 v _09940_/B1 (sky130_fd_sc_hd__o22a_1)
                  0.07    0.24    3.91 v _09940_/X (sky130_fd_sc_hd__o22a_1)
     1    0.01                           _04450_ (net)
                  0.07    0.00    3.92 v _09941_/C (sky130_fd_sc_hd__and3_2)
                  0.12    0.32    4.24 v _09941_/X (sky130_fd_sc_hd__and3_2)
     2    0.04                           _04451_ (net)
                  0.12    0.00    4.24 v _09942_/A1 (sky130_fd_sc_hd__mux2_4)
                  0.07    0.33    4.57 v _09942_/X (sky130_fd_sc_hd__mux2_4)
     3    0.02                           _04452_ (net)
                  0.07    0.00    4.57 v _09945_/A2 (sky130_fd_sc_hd__a21oi_4)
                  0.21    0.24    4.82 ^ _09945_/Y (sky130_fd_sc_hd__a21oi_4)
     4    0.02                           _04455_ (net)
                  0.21    0.00    4.82 ^ _09948_/B1 (sky130_fd_sc_hd__o22ai_1)
                  0.08    0.12    4.94 v _09948_/Y (sky130_fd_sc_hd__o22ai_1)
     1    0.00                           _04458_ (net)
                  0.08    0.00    4.94 v _09949_/C1 (sky130_fd_sc_hd__a221o_1)
                  0.06    0.29    5.23 v _09949_/X (sky130_fd_sc_hd__a221o_1)
     1    0.00                           _04459_ (net)
                  0.06    0.00    5.23 v _09950_/D1 (sky130_fd_sc_hd__a2111o_1)
                  0.06    0.30    5.54 v _09950_/X (sky130_fd_sc_hd__a2111o_1)
     1    0.00                           _04460_ (net)
                  0.06    0.00    5.54 v _10165_/B (sky130_fd_sc_hd__or4b_4)
                  0.09    0.56    6.09 v _10165_/X (sky130_fd_sc_hd__or4b_4)
     1    0.01                           _04675_ (net)
                  0.09    0.00    6.09 v _10166_/D (sky130_fd_sc_hd__nor4_4)
                  0.26    0.21    6.30 ^ _10166_/Y (sky130_fd_sc_hd__nor4_4)
     1    0.01                           _04676_ (net)
                  0.26    0.00    6.30 ^ wire82/A (sky130_fd_sc_hd__clkbuf_2)
                  0.08    0.20    6.50 ^ wire82/X (sky130_fd_sc_hd__clkbuf_2)
     2    0.01                           net82 (net)
                  0.08    0.00    6.51 ^ _10167_/A (sky130_fd_sc_hd__or2_4)
                  0.11    0.19    6.69 ^ _10167_/X (sky130_fd_sc_hd__or2_4)
     4    0.03                           _04677_ (net)
                  0.11    0.00    6.70 ^ _10168_/A (sky130_fd_sc_hd__buf_6)
                  0.07    0.15    6.84 ^ _10168_/X (sky130_fd_sc_hd__buf_6)
     6    0.03                           _04678_ (net)
                  0.07    0.00    6.85 ^ _10193_/B (sky130_fd_sc_hd__nor2_2)
                  0.07    0.07    6.92 v _10193_/Y (sky130_fd_sc_hd__nor2_2)
     6    0.02                           _04702_ (net)
                  0.07    0.00    6.92 v _10194_/A (sky130_fd_sc_hd__buf_4)
                  0.04    0.17    7.09 v _10194_/X (sky130_fd_sc_hd__buf_4)
     6    0.02                           _04703_ (net)
                  0.04    0.00    7.09 v _10215_/A1 (sky130_fd_sc_hd__a2111o_1)
                  0.12    0.45    7.54 v _10215_/X (sky130_fd_sc_hd__a2111o_1)
     2    0.01                           _04724_ (net)
                  0.12    0.00    7.54 v _11204_/C1 (sky130_fd_sc_hd__o211a_1)
                  0.04    0.14    7.68 v _11204_/X (sky130_fd_sc_hd__o211a_1)
     1    0.00                           _00469_ (net)
                  0.04    0.00    7.68 v _15087_/D (sky130_fd_sc_hd__dfxtp_2)
                                  7.68   data arrival time

                          5.00    5.00   clock clk (rise edge)
                          0.00    5.00   clock source latency
                  0.38    0.25    5.25 ^ clk (in)
     2    0.08                           clk (net)
                  0.38    0.00    5.25 ^ clkbuf_0_clk/A (sky130_fd_sc_hd__clkbuf_16)
                  0.31    0.37    5.63 ^ clkbuf_0_clk/X (sky130_fd_sc_hd__clkbuf_16)
    16    0.29                           clknet_0_clk (net)
                  0.31    0.03    5.65 ^ clkbuf_4_6_0_clk/A (sky130_fd_sc_hd__clkbuf_8)
                  0.21    0.32    5.97 ^ clkbuf_4_6_0_clk/X (sky130_fd_sc_hd__clkbuf_8)
     9    0.12                           clknet_4_6_0_clk (net)
                  0.21    0.01    5.97 ^ clkbuf_leaf_49_clk/A (sky130_fd_sc_hd__clkbuf_16)
                  0.06    0.18    6.16 ^ clkbuf_leaf_49_clk/X (sky130_fd_sc_hd__clkbuf_16)
    11    0.04                           clknet_leaf_49_clk (net)
                  0.06    0.00    6.16 ^ _15087_/CLK (sky130_fd_sc_hd__dfxtp_2)
                         -0.25    5.91   clock uncertainty
                          0.07    5.98   clock reconvergence pessimism
                         -0.11    5.87   library setup time
                                  5.87   data required time
-----------------------------------------------------------------------------
                                  5.87   data required time
                                 -7.68   data arrival time
-----------------------------------------------------------------------------
                                 -1.81   slack (VIOLATED)




===========================================================================
 report_check_types -max_slew -max_cap -max_fanout -violators
============================================================================
======================= Fastest Corner ===================================

max fanout

Pin                                   Limit Fanout  Slack
---------------------------------------------------------
clkbuf_leaf_119_clk/X                     6     22    -16 (VIOLATED)
clkbuf_leaf_55_clk/X                      6     22    -16 (VIOLATED)
clkbuf_leaf_148_clk/X                     6     21    -15 (VIOLATED)
clkbuf_leaf_22_clk/X                      6     21    -15 (VIOLATED)
clkbuf_leaf_10_clk/X                      6     19    -13 (VIOLATED)
clkbuf_leaf_8_clk/X                       6     19    -13 (VIOLATED)
clkbuf_leaf_3_clk/X                       6     18    -12 (VIOLATED)
clkbuf_leaf_101_clk/X                     6     17    -11 (VIOLATED)
clkbuf_leaf_34_clk/X                      6     17    -11 (VIOLATED)
clkbuf_leaf_35_clk/X                      6     17    -11 (VIOLATED)
clkbuf_leaf_58_clk/X                      6     17    -11 (VIOLATED)
clkbuf_leaf_87_clk/X                      6     17    -11 (VIOLATED)
clkbuf_leaf_95_clk/X                      6     17    -11 (VIOLATED)
clkbuf_0_clk/X                            6     16    -10 (VIOLATED)
clkbuf_leaf_2_clk/X                       6     16    -10 (VIOLATED)
clkbuf_leaf_32_clk/X                      6     16    -10 (VIOLATED)
clkbuf_leaf_88_clk/X                      6     16    -10 (VIOLATED)
clkbuf_leaf_111_clk/X                     6     15     -9 (VIOLATED)
clkbuf_leaf_127_clk/X                     6     15     -9 (VIOLATED)
clkbuf_leaf_16_clk/X                      6     15     -9 (VIOLATED)
clkbuf_leaf_21_clk/X                      6     15     -9 (VIOLATED)
clkbuf_leaf_29_clk/X                      6     15     -9 (VIOLATED)
clkbuf_leaf_36_clk/X                      6     15     -9 (VIOLATED)
clkbuf_leaf_42_clk/X                      6     15     -9 (VIOLATED)
clkbuf_leaf_4_clk/X                       6     15     -9 (VIOLATED)
clkbuf_leaf_57_clk/X                      6     15     -9 (VIOLATED)
clkbuf_leaf_72_clk/X                      6     15     -9 (VIOLATED)
clkbuf_leaf_86_clk/X                      6     15     -9 (VIOLATED)
clkbuf_leaf_94_clk/X                      6     15     -9 (VIOLATED)
clkbuf_leaf_120_clk/X                     6     14     -8 (VIOLATED)
clkbuf_leaf_137_clk/X                     6     14     -8 (VIOLATED)
clkbuf_leaf_141_clk/X                     6     14     -8 (VIOLATED)
clkbuf_leaf_149_clk/X                     6     14     -8 (VIOLATED)
clkbuf_leaf_18_clk/X                      6     14     -8 (VIOLATED)
clkbuf_leaf_24_clk/X                      6     14     -8 (VIOLATED)
clkbuf_leaf_25_clk/X                      6     14     -8 (VIOLATED)
clkbuf_leaf_30_clk/X                      6     14     -8 (VIOLATED)
clkbuf_leaf_6_clk/X                       6     14     -8 (VIOLATED)
clkbuf_leaf_96_clk/X                      6     14     -8 (VIOLATED)
clkbuf_leaf_9_clk/X                       6     14     -8 (VIOLATED)
clkbuf_leaf_104_clk/X                     6     13     -7 (VIOLATED)
clkbuf_leaf_117_clk/X                     6     13     -7 (VIOLATED)
clkbuf_leaf_131_clk/X                     6     13     -7 (VIOLATED)
clkbuf_leaf_132_clk/X                     6     13     -7 (VIOLATED)
clkbuf_leaf_144_clk/X                     6     13     -7 (VIOLATED)
clkbuf_leaf_17_clk/X                      6     13     -7 (VIOLATED)
clkbuf_leaf_1_clk/X                       6     13     -7 (VIOLATED)
clkbuf_leaf_33_clk/X                      6     13     -7 (VIOLATED)
clkbuf_leaf_43_clk/X                      6     13     -7 (VIOLATED)
clkbuf_leaf_50_clk/X                      6     13     -7 (VIOLATED)
clkbuf_leaf_62_clk/X                      6     13     -7 (VIOLATED)
clkbuf_leaf_78_clk/X                      6     13     -7 (VIOLATED)
clkbuf_leaf_107_clk/X                     6     12     -6 (VIOLATED)
clkbuf_leaf_109_clk/X                     6     12     -6 (VIOLATED)
clkbuf_leaf_113_clk/X                     6     12     -6 (VIOLATED)
clkbuf_leaf_28_clk/X                      6     12     -6 (VIOLATED)
clkbuf_leaf_31_clk/X                      6     12     -6 (VIOLATED)
clkbuf_leaf_44_clk/X                      6     12     -6 (VIOLATED)
clkbuf_leaf_54_clk/X                      6     12     -6 (VIOLATED)
clkbuf_leaf_92_clk/X                      6     12     -6 (VIOLATED)
clkbuf_leaf_97_clk/X                      6     12     -6 (VIOLATED)
input14/X                                 6     12     -6 (VIOLATED)
clkbuf_4_11_0_clk/X                       6     11     -5 (VIOLATED)
clkbuf_4_1_0_clk/X                        6     11     -5 (VIOLATED)
clkbuf_4_8_0_clk/X                        6     11     -5 (VIOLATED)
clkbuf_leaf_124_clk/X                     6     11     -5 (VIOLATED)
clkbuf_leaf_126_clk/X                     6     11     -5 (VIOLATED)
clkbuf_leaf_133_clk/X                     6     11     -5 (VIOLATED)
clkbuf_leaf_49_clk/X                      6     11     -5 (VIOLATED)
clkbuf_leaf_59_clk/X                      6     11     -5 (VIOLATED)
clkbuf_leaf_98_clk/X                      6     11     -5 (VIOLATED)
clkbuf_4_13_0_clk/X                       6     10     -4 (VIOLATED)
clkbuf_4_2_0_clk/X                        6     10     -4 (VIOLATED)
clkbuf_4_4_0_clk/X                        6     10     -4 (VIOLATED)
clkbuf_leaf_103_clk/X                     6     10     -4 (VIOLATED)
clkbuf_leaf_114_clk/X                     6     10     -4 (VIOLATED)
clkbuf_leaf_116_clk/X                     6     10     -4 (VIOLATED)
clkbuf_leaf_118_clk/X                     6     10     -4 (VIOLATED)
clkbuf_leaf_11_clk/X                      6     10     -4 (VIOLATED)
clkbuf_leaf_13_clk/X                      6     10     -4 (VIOLATED)
clkbuf_leaf_140_clk/X                     6     10     -4 (VIOLATED)
clkbuf_leaf_142_clk/X                     6     10     -4 (VIOLATED)
clkbuf_leaf_143_clk/X                     6     10     -4 (VIOLATED)
clkbuf_leaf_14_clk/X                      6     10     -4 (VIOLATED)
clkbuf_leaf_38_clk/X                      6     10     -4 (VIOLATED)
clkbuf_leaf_39_clk/X                      6     10     -4 (VIOLATED)
clkbuf_leaf_52_clk/X                      6     10     -4 (VIOLATED)
clkbuf_leaf_63_clk/X                      6     10     -4 (VIOLATED)
clkbuf_leaf_74_clk/X                      6     10     -4 (VIOLATED)
clkbuf_leaf_7_clk/X                       6     10     -4 (VIOLATED)
clkbuf_leaf_81_clk/X                      6     10     -4 (VIOLATED)
clkbuf_leaf_85_clk/X                      6     10     -4 (VIOLATED)
clkbuf_leaf_89_clk/X                      6     10     -4 (VIOLATED)
_08579_/X                                 6      9     -3 (VIOLATED)
_08915_/X                                 6      9     -3 (VIOLATED)
clkbuf_4_10_0_clk/X                       6      9     -3 (VIOLATED)
clkbuf_4_12_0_clk/X                       6      9     -3 (VIOLATED)
clkbuf_4_14_0_clk/X                       6      9     -3 (VIOLATED)
clkbuf_4_15_0_clk/X                       6      9     -3 (VIOLATED)
clkbuf_4_5_0_clk/X                        6      9     -3 (VIOLATED)
clkbuf_4_6_0_clk/X                        6      9     -3 (VIOLATED)
clkbuf_4_7_0_clk/X                        6      9     -3 (VIOLATED)
clkbuf_4_9_0_clk/X                        6      9     -3 (VIOLATED)
clkbuf_leaf_0_clk/X                       6      9     -3 (VIOLATED)
clkbuf_leaf_100_clk/X                     6      9     -3 (VIOLATED)
clkbuf_leaf_105_clk/X                     6      9     -3 (VIOLATED)
clkbuf_leaf_108_clk/X                     6      9     -3 (VIOLATED)
clkbuf_leaf_122_clk/X                     6      9     -3 (VIOLATED)
clkbuf_leaf_125_clk/X                     6      9     -3 (VIOLATED)
clkbuf_leaf_12_clk/X                      6      9     -3 (VIOLATED)
clkbuf_leaf_146_clk/X                     6      9     -3 (VIOLATED)
clkbuf_leaf_15_clk/X                      6      9     -3 (VIOLATED)
clkbuf_leaf_20_clk/X                      6      9     -3 (VIOLATED)
clkbuf_leaf_40_clk/X                      6      9     -3 (VIOLATED)
clkbuf_leaf_45_clk/X                      6      9     -3 (VIOLATED)
clkbuf_leaf_46_clk/X                      6      9     -3 (VIOLATED)
clkbuf_leaf_5_clk/X                       6      9     -3 (VIOLATED)
clkbuf_leaf_61_clk/X                      6      9     -3 (VIOLATED)
clkbuf_leaf_64_clk/X                      6      9     -3 (VIOLATED)
clkbuf_leaf_67_clk/X                      6      9     -3 (VIOLATED)
clkbuf_leaf_69_clk/X                      6      9     -3 (VIOLATED)
clkbuf_leaf_73_clk/X                      6      9     -3 (VIOLATED)
clkbuf_leaf_84_clk/X                      6      9     -3 (VIOLATED)
clkbuf_leaf_90_clk/X                      6      9     -3 (VIOLATED)
_09140_/X                                 6      8     -2 (VIOLATED)
_09146_/X                                 6      8     -2 (VIOLATED)
_09172_/X                                 6      8     -2 (VIOLATED)
_09225_/X                                 6      8     -2 (VIOLATED)
_09339_/X                                 6      8     -2 (VIOLATED)
_09345_/X                                 6      8     -2 (VIOLATED)
_09389_/X                                 6      8     -2 (VIOLATED)
_09567_/X                                 6      8     -2 (VIOLATED)
clkbuf_4_0_0_clk/X                        6      8     -2 (VIOLATED)
clkbuf_4_3_0_clk/X                        6      8     -2 (VIOLATED)
clkbuf_leaf_110_clk/X                     6      8     -2 (VIOLATED)
clkbuf_leaf_115_clk/X                     6      8     -2 (VIOLATED)
clkbuf_leaf_121_clk/X                     6      8     -2 (VIOLATED)
clkbuf_leaf_128_clk/X                     6      8     -2 (VIOLATED)
clkbuf_leaf_129_clk/X                     6      8     -2 (VIOLATED)
clkbuf_leaf_134_clk/X                     6      8     -2 (VIOLATED)
clkbuf_leaf_136_clk/X                     6      8     -2 (VIOLATED)
clkbuf_leaf_138_clk/X                     6      8     -2 (VIOLATED)
clkbuf_leaf_139_clk/X                     6      8     -2 (VIOLATED)
clkbuf_leaf_150_clk/X                     6      8     -2 (VIOLATED)
clkbuf_leaf_19_clk/X                      6      8     -2 (VIOLATED)
clkbuf_leaf_26_clk/X                      6      8     -2 (VIOLATED)
clkbuf_leaf_37_clk/X                      6      8     -2 (VIOLATED)
clkbuf_leaf_41_clk/X                      6      8     -2 (VIOLATED)
clkbuf_leaf_65_clk/X                      6      8     -2 (VIOLATED)
clkbuf_leaf_66_clk/X                      6      8     -2 (VIOLATED)
clkbuf_leaf_77_clk/X                      6      8     -2 (VIOLATED)
clkbuf_leaf_80_clk/X                      6      8     -2 (VIOLATED)
clkbuf_leaf_93_clk/X                      6      8     -2 (VIOLATED)
clkbuf_leaf_99_clk/X                      6      8     -2 (VIOLATED)
_07397_/X                                 6      7        (VIOLATED)
_07403_/X                                 6      7        (VIOLATED)
_07449_/X                                 6      7        (VIOLATED)
_07526_/X                                 6      7        (VIOLATED)
_07535_/X                                 6      7        (VIOLATED)
_07633_/X                                 6      7        (VIOLATED)
_07637_/X                                 6      7        (VIOLATED)
_07773_/X                                 6      7        (VIOLATED)
_08135_/X                                 6      7        (VIOLATED)
_09158_/X                                 6      7        (VIOLATED)
_09198_/X                                 6      7        (VIOLATED)
_09202_/X                                 6      7        (VIOLATED)
_09248_/X                                 6      7        (VIOLATED)
_09414_/X                                 6      7        (VIOLATED)
_09415_/X                                 6      7        (VIOLATED)
_09426_/X                                 6      7        (VIOLATED)
_09979_/X                                 6      7        (VIOLATED)
_10033_/X                                 6      7        (VIOLATED)
_11252_/Y                                 6      7        (VIOLATED)
_12256_/Y                                 6      7        (VIOLATED)
_14799_/Q                                 6      7        (VIOLATED)
_14802_/Q                                 6      7        (VIOLATED)
clkbuf_leaf_112_clk/X                     6      7        (VIOLATED)
clkbuf_leaf_135_clk/X                     6      7        (VIOLATED)
clkbuf_leaf_145_clk/X                     6      7        (VIOLATED)
clkbuf_leaf_27_clk/X                      6      7        (VIOLATED)
clkbuf_leaf_68_clk/X                      6      7        (VIOLATED)
clkbuf_leaf_70_clk/X                      6      7        (VIOLATED)
clkbuf_leaf_75_clk/X                      6      7        (VIOLATED)
clkbuf_leaf_76_clk/X                      6      7        (VIOLATED)
clkbuf_leaf_79_clk/X                      6      7        (VIOLATED)
clkbuf_leaf_82_clk/X                      6      7        (VIOLATED)
clkbuf_leaf_83_clk/X                      6      7        (VIOLATED)
clkbuf_leaf_91_clk/X                      6      7        (VIOLATED)


======================= Slowest Corner ===================================

max slew

Pin                                    Limit    Slew   Slack
------------------------------------------------------------
_15715_/D                               0.75    1.01   -0.26 (VIOLATED)
_13303_/Y                               0.75    1.01   -0.26 (VIOLATED)
_13753_/A                               0.75    0.93   -0.18 (VIOLATED)
_13771_/S                               0.75    0.93   -0.18 (VIOLATED)
_13766_/S                               0.75    0.93   -0.18 (VIOLATED)
_13773_/S                               0.75    0.93   -0.18 (VIOLATED)
_13739_/A                               0.75    0.93   -0.18 (VIOLATED)
_13769_/S                               0.75    0.93   -0.18 (VIOLATED)
_13738_/Y                               0.75    0.93   -0.18 (VIOLATED)
_11747_/S                               0.75    0.93   -0.18 (VIOLATED)
_11745_/S                               0.75    0.93   -0.18 (VIOLATED)
_11749_/S                               0.75    0.93   -0.18 (VIOLATED)
_11730_/A                               0.75    0.93   -0.18 (VIOLATED)
_11743_/S                               0.75    0.93   -0.18 (VIOLATED)
_11717_/A                               0.75    0.93   -0.18 (VIOLATED)
_11716_/Y                               0.75    0.93   -0.18 (VIOLATED)
_08416_/B1                              0.75    0.87   -0.12 (VIOLATED)
_08415_/Y                               0.75    0.87   -0.12 (VIOLATED)
_11276_/A                               0.75    0.84   -0.09 (VIOLATED)
_11307_/S                               0.75    0.84   -0.09 (VIOLATED)
_11303_/S                               0.75    0.84   -0.09 (VIOLATED)
_11301_/S                               0.75    0.84   -0.09 (VIOLATED)
ANTENNA_58/DIODE                        0.75    0.84   -0.09 (VIOLATED)
_11311_/S                               0.75    0.84   -0.09 (VIOLATED)
_11253_/A                               0.75    0.84   -0.09 (VIOLATED)
_11252_/Y                               0.75    0.84   -0.09 (VIOLATED)
_13853_/S                               0.75    0.82   -0.07 (VIOLATED)
_13829_/A                               0.75    0.82   -0.07 (VIOLATED)
_13848_/S                               0.75    0.82   -0.07 (VIOLATED)
_13856_/S                               0.75    0.82   -0.07 (VIOLATED)
_13850_/S                               0.75    0.82   -0.07 (VIOLATED)
_13811_/A                               0.75    0.82   -0.07 (VIOLATED)
_13810_/Y                               0.75    0.82   -0.07 (VIOLATED)
_11160_/S                               0.75    0.81   -0.06 (VIOLATED)
_11143_/A                               0.75    0.81   -0.06 (VIOLATED)
_11156_/S                               0.75    0.81   -0.06 (VIOLATED)
_11162_/S                               0.75    0.81   -0.06 (VIOLATED)
_11158_/S                               0.75    0.81   -0.06 (VIOLATED)
_11130_/A                               0.75    0.81   -0.06 (VIOLATED)
_11129_/Y                               0.75    0.81   -0.06 (VIOLATED)
_14222_/S                               0.75    0.81   -0.06 (VIOLATED)
_14218_/S                               0.75    0.81   -0.06 (VIOLATED)
_14205_/A                               0.75    0.81   -0.06 (VIOLATED)
_14224_/S                               0.75    0.81   -0.06 (VIOLATED)
_14220_/S                               0.75    0.81   -0.06 (VIOLATED)
_14192_/A                               0.75    0.81   -0.06 (VIOLATED)
_14191_/Y                               0.75    0.81   -0.06 (VIOLATED)
_13978_/A                               0.75    0.80   -0.05 (VIOLATED)
_13995_/S                               0.75    0.80   -0.05 (VIOLATED)
_13991_/S                               0.75    0.80   -0.05 (VIOLATED)
_13997_/S                               0.75    0.80   -0.05 (VIOLATED)
_13993_/S                               0.75    0.80   -0.05 (VIOLATED)
_13965_/A                               0.75    0.80   -0.05 (VIOLATED)
_13964_/Y                               0.75    0.80   -0.05 (VIOLATED)
_11363_/A                               0.75    0.79   -0.04 (VIOLATED)
_11380_/S                               0.75    0.79   -0.04 (VIOLATED)
_11376_/S                               0.75    0.79   -0.04 (VIOLATED)
_11382_/S                               0.75    0.79   -0.04 (VIOLATED)
_11378_/S                               0.75    0.79   -0.04 (VIOLATED)
_11350_/A                               0.75    0.79   -0.04 (VIOLATED)
_11349_/Y                               0.75    0.79   -0.04 (VIOLATED)
_11246_/S                               0.75    0.79   -0.04 (VIOLATED)
_11244_/S                               0.75    0.79   -0.04 (VIOLATED)
_11227_/A                               0.75    0.79   -0.04 (VIOLATED)
_11240_/S                               0.75    0.79   -0.04 (VIOLATED)
_11248_/S                               0.75    0.79   -0.04 (VIOLATED)
_11212_/A                               0.75    0.79   -0.04 (VIOLATED)
_11211_/Y                               0.75    0.79   -0.04 (VIOLATED)
_11971_/A                               0.75    0.78   -0.03 (VIOLATED)
_11988_/S                               0.75    0.78   -0.03 (VIOLATED)
_11984_/S                               0.75    0.78   -0.03 (VIOLATED)
_11990_/S                               0.75    0.78   -0.03 (VIOLATED)
_11986_/S                               0.75    0.78   -0.03 (VIOLATED)
_11958_/A                               0.75    0.78   -0.03 (VIOLATED)
_11957_/Y                               0.75    0.78   -0.03 (VIOLATED)
_15742_/D                               0.75    0.78   -0.03 (VIOLATED)
_13428_/Y                               0.75    0.78   -0.03 (VIOLATED)
_13681_/A                               0.75    0.78   -0.03 (VIOLATED)
_13698_/S                               0.75    0.78   -0.03 (VIOLATED)
_13694_/S                               0.75    0.78   -0.03 (VIOLATED)
_13700_/S                               0.75    0.78   -0.03 (VIOLATED)
_13696_/S                               0.75    0.78   -0.03 (VIOLATED)
_13668_/A                               0.75    0.78   -0.03 (VIOLATED)
_13667_/Y                               0.75    0.78   -0.03 (VIOLATED)
_14502_/S                               0.75    0.77   -0.02 (VIOLATED)
_14485_/A                               0.75    0.77   -0.02 (VIOLATED)
_14498_/S                               0.75    0.77   -0.02 (VIOLATED)
_14504_/S                               0.75    0.77   -0.02 (VIOLATED)
_14500_/S                               0.75    0.77   -0.02 (VIOLATED)
_14472_/A                               0.75    0.77   -0.02 (VIOLATED)
_14471_/Y                               0.75    0.77   -0.02 (VIOLATED)

max fanout

Pin                                   Limit Fanout  Slack
---------------------------------------------------------
clkbuf_leaf_119_clk/X                     6     22    -16 (VIOLATED)
clkbuf_leaf_55_clk/X                      6     22    -16 (VIOLATED)
clkbuf_leaf_148_clk/X                     6     21    -15 (VIOLATED)
clkbuf_leaf_22_clk/X                      6     21    -15 (VIOLATED)
clkbuf_leaf_10_clk/X                      6     19    -13 (VIOLATED)
clkbuf_leaf_8_clk/X                       6     19    -13 (VIOLATED)
clkbuf_leaf_3_clk/X                       6     18    -12 (VIOLATED)
clkbuf_leaf_101_clk/X                     6     17    -11 (VIOLATED)
clkbuf_leaf_34_clk/X                      6     17    -11 (VIOLATED)
clkbuf_leaf_35_clk/X                      6     17    -11 (VIOLATED)
clkbuf_leaf_58_clk/X                      6     17    -11 (VIOLATED)
clkbuf_leaf_87_clk/X                      6     17    -11 (VIOLATED)
clkbuf_leaf_95_clk/X                      6     17    -11 (VIOLATED)
clkbuf_0_clk/X                            6     16    -10 (VIOLATED)
clkbuf_leaf_2_clk/X                       6     16    -10 (VIOLATED)
clkbuf_leaf_32_clk/X                      6     16    -10 (VIOLATED)
clkbuf_leaf_88_clk/X                      6     16    -10 (VIOLATED)
clkbuf_leaf_111_clk/X                     6     15     -9 (VIOLATED)
clkbuf_leaf_127_clk/X                     6     15     -9 (VIOLATED)
clkbuf_leaf_16_clk/X                      6     15     -9 (VIOLATED)
clkbuf_leaf_21_clk/X                      6     15     -9 (VIOLATED)
clkbuf_leaf_29_clk/X                      6     15     -9 (VIOLATED)
clkbuf_leaf_36_clk/X                      6     15     -9 (VIOLATED)
clkbuf_leaf_42_clk/X                      6     15     -9 (VIOLATED)
clkbuf_leaf_4_clk/X                       6     15     -9 (VIOLATED)
clkbuf_leaf_57_clk/X                      6     15     -9 (VIOLATED)
clkbuf_leaf_72_clk/X                      6     15     -9 (VIOLATED)
clkbuf_leaf_86_clk/X                      6     15     -9 (VIOLATED)
clkbuf_leaf_94_clk/X                      6     15     -9 (VIOLATED)
clkbuf_leaf_120_clk/X                     6     14     -8 (VIOLATED)
clkbuf_leaf_137_clk/X                     6     14     -8 (VIOLATED)
clkbuf_leaf_141_clk/X                     6     14     -8 (VIOLATED)
clkbuf_leaf_149_clk/X                     6     14     -8 (VIOLATED)
clkbuf_leaf_18_clk/X                      6     14     -8 (VIOLATED)
clkbuf_leaf_24_clk/X                      6     14     -8 (VIOLATED)
clkbuf_leaf_25_clk/X                      6     14     -8 (VIOLATED)
clkbuf_leaf_30_clk/X                      6     14     -8 (VIOLATED)
clkbuf_leaf_6_clk/X                       6     14     -8 (VIOLATED)
clkbuf_leaf_96_clk/X                      6     14     -8 (VIOLATED)
clkbuf_leaf_9_clk/X                       6     14     -8 (VIOLATED)
clkbuf_leaf_104_clk/X                     6     13     -7 (VIOLATED)
clkbuf_leaf_117_clk/X                     6     13     -7 (VIOLATED)
clkbuf_leaf_131_clk/X                     6     13     -7 (VIOLATED)
clkbuf_leaf_132_clk/X                     6     13     -7 (VIOLATED)
clkbuf_leaf_144_clk/X                     6     13     -7 (VIOLATED)
clkbuf_leaf_17_clk/X                      6     13     -7 (VIOLATED)
clkbuf_leaf_1_clk/X                       6     13     -7 (VIOLATED)
clkbuf_leaf_33_clk/X                      6     13     -7 (VIOLATED)
clkbuf_leaf_43_clk/X                      6     13     -7 (VIOLATED)
clkbuf_leaf_50_clk/X                      6     13     -7 (VIOLATED)
clkbuf_leaf_62_clk/X                      6     13     -7 (VIOLATED)
clkbuf_leaf_78_clk/X                      6     13     -7 (VIOLATED)
clkbuf_leaf_107_clk/X                     6     12     -6 (VIOLATED)
clkbuf_leaf_109_clk/X                     6     12     -6 (VIOLATED)
clkbuf_leaf_113_clk/X                     6     12     -6 (VIOLATED)
clkbuf_leaf_28_clk/X                      6     12     -6 (VIOLATED)
clkbuf_leaf_31_clk/X                      6     12     -6 (VIOLATED)
clkbuf_leaf_44_clk/X                      6     12     -6 (VIOLATED)
clkbuf_leaf_54_clk/X                      6     12     -6 (VIOLATED)
clkbuf_leaf_92_clk/X                      6     12     -6 (VIOLATED)
clkbuf_leaf_97_clk/X                      6     12     -6 (VIOLATED)
input14/X                                 6     12     -6 (VIOLATED)
clkbuf_4_11_0_clk/X                       6     11     -5 (VIOLATED)
clkbuf_4_1_0_clk/X                        6     11     -5 (VIOLATED)
clkbuf_4_8_0_clk/X                        6     11     -5 (VIOLATED)
clkbuf_leaf_124_clk/X                     6     11     -5 (VIOLATED)
clkbuf_leaf_126_clk/X                     6     11     -5 (VIOLATED)
clkbuf_leaf_133_clk/X                     6     11     -5 (VIOLATED)
clkbuf_leaf_49_clk/X                      6     11     -5 (VIOLATED)
clkbuf_leaf_59_clk/X                      6     11     -5 (VIOLATED)
clkbuf_leaf_98_clk/X                      6     11     -5 (VIOLATED)
clkbuf_4_13_0_clk/X                       6     10     -4 (VIOLATED)
clkbuf_4_2_0_clk/X                        6     10     -4 (VIOLATED)
clkbuf_4_4_0_clk/X                        6     10     -4 (VIOLATED)
clkbuf_leaf_103_clk/X                     6     10     -4 (VIOLATED)
clkbuf_leaf_114_clk/X                     6     10     -4 (VIOLATED)
clkbuf_leaf_116_clk/X                     6     10     -4 (VIOLATED)
clkbuf_leaf_118_clk/X                     6     10     -4 (VIOLATED)
clkbuf_leaf_11_clk/X                      6     10     -4 (VIOLATED)
clkbuf_leaf_13_clk/X                      6     10     -4 (VIOLATED)
clkbuf_leaf_140_clk/X                     6     10     -4 (VIOLATED)
clkbuf_leaf_142_clk/X                     6     10     -4 (VIOLATED)
clkbuf_leaf_143_clk/X                     6     10     -4 (VIOLATED)
clkbuf_leaf_14_clk/X                      6     10     -4 (VIOLATED)
clkbuf_leaf_38_clk/X                      6     10     -4 (VIOLATED)
clkbuf_leaf_39_clk/X                      6     10     -4 (VIOLATED)
clkbuf_leaf_52_clk/X                      6     10     -4 (VIOLATED)
clkbuf_leaf_63_clk/X                      6     10     -4 (VIOLATED)
clkbuf_leaf_74_clk/X                      6     10     -4 (VIOLATED)
clkbuf_leaf_7_clk/X                       6     10     -4 (VIOLATED)
clkbuf_leaf_81_clk/X                      6     10     -4 (VIOLATED)
clkbuf_leaf_85_clk/X                      6     10     -4 (VIOLATED)
clkbuf_leaf_89_clk/X                      6     10     -4 (VIOLATED)
_08579_/X                                 6      9     -3 (VIOLATED)
_08915_/X                                 6      9     -3 (VIOLATED)
clkbuf_4_10_0_clk/X                       6      9     -3 (VIOLATED)
clkbuf_4_12_0_clk/X                       6      9     -3 (VIOLATED)
clkbuf_4_14_0_clk/X                       6      9     -3 (VIOLATED)
clkbuf_4_15_0_clk/X                       6      9     -3 (VIOLATED)
clkbuf_4_5_0_clk/X                        6      9     -3 (VIOLATED)
clkbuf_4_6_0_clk/X                        6      9     -3 (VIOLATED)
clkbuf_4_7_0_clk/X                        6      9     -3 (VIOLATED)
clkbuf_4_9_0_clk/X                        6      9     -3 (VIOLATED)
clkbuf_leaf_0_clk/X                       6      9     -3 (VIOLATED)
clkbuf_leaf_100_clk/X                     6      9     -3 (VIOLATED)
clkbuf_leaf_105_clk/X                     6      9     -3 (VIOLATED)
clkbuf_leaf_108_clk/X                     6      9     -3 (VIOLATED)
clkbuf_leaf_122_clk/X                     6      9     -3 (VIOLATED)
clkbuf_leaf_125_clk/X                     6      9     -3 (VIOLATED)
clkbuf_leaf_12_clk/X                      6      9     -3 (VIOLATED)
clkbuf_leaf_146_clk/X                     6      9     -3 (VIOLATED)
clkbuf_leaf_15_clk/X                      6      9     -3 (VIOLATED)
clkbuf_leaf_20_clk/X                      6      9     -3 (VIOLATED)
clkbuf_leaf_40_clk/X                      6      9     -3 (VIOLATED)
clkbuf_leaf_45_clk/X                      6      9     -3 (VIOLATED)
clkbuf_leaf_46_clk/X                      6      9     -3 (VIOLATED)
clkbuf_leaf_5_clk/X                       6      9     -3 (VIOLATED)
clkbuf_leaf_61_clk/X                      6      9     -3 (VIOLATED)
clkbuf_leaf_64_clk/X                      6      9     -3 (VIOLATED)
clkbuf_leaf_67_clk/X                      6      9     -3 (VIOLATED)
clkbuf_leaf_69_clk/X                      6      9     -3 (VIOLATED)
clkbuf_leaf_73_clk/X                      6      9     -3 (VIOLATED)
clkbuf_leaf_84_clk/X                      6      9     -3 (VIOLATED)
clkbuf_leaf_90_clk/X                      6      9     -3 (VIOLATED)
_09140_/X                                 6      8     -2 (VIOLATED)
_09146_/X                                 6      8     -2 (VIOLATED)
_09172_/X                                 6      8     -2 (VIOLATED)
_09225_/X                                 6      8     -2 (VIOLATED)
_09339_/X                                 6      8     -2 (VIOLATED)
_09345_/X                                 6      8     -2 (VIOLATED)
_09389_/X                                 6      8     -2 (VIOLATED)
_09567_/X                                 6      8     -2 (VIOLATED)
clkbuf_4_0_0_clk/X                        6      8     -2 (VIOLATED)
clkbuf_4_3_0_clk/X                        6      8     -2 (VIOLATED)
clkbuf_leaf_110_clk/X                     6      8     -2 (VIOLATED)
clkbuf_leaf_115_clk/X                     6      8     -2 (VIOLATED)
clkbuf_leaf_121_clk/X                     6      8     -2 (VIOLATED)
clkbuf_leaf_128_clk/X                     6      8     -2 (VIOLATED)
clkbuf_leaf_129_clk/X                     6      8     -2 (VIOLATED)
clkbuf_leaf_134_clk/X                     6      8     -2 (VIOLATED)
clkbuf_leaf_136_clk/X                     6      8     -2 (VIOLATED)
clkbuf_leaf_138_clk/X                     6      8     -2 (VIOLATED)
clkbuf_leaf_139_clk/X                     6      8     -2 (VIOLATED)
clkbuf_leaf_150_clk/X                     6      8     -2 (VIOLATED)
clkbuf_leaf_19_clk/X                      6      8     -2 (VIOLATED)
clkbuf_leaf_26_clk/X                      6      8     -2 (VIOLATED)
clkbuf_leaf_37_clk/X                      6      8     -2 (VIOLATED)
clkbuf_leaf_41_clk/X                      6      8     -2 (VIOLATED)
clkbuf_leaf_65_clk/X                      6      8     -2 (VIOLATED)
clkbuf_leaf_66_clk/X                      6      8     -2 (VIOLATED)
clkbuf_leaf_77_clk/X                      6      8     -2 (VIOLATED)
clkbuf_leaf_80_clk/X                      6      8     -2 (VIOLATED)
clkbuf_leaf_93_clk/X                      6      8     -2 (VIOLATED)
clkbuf_leaf_99_clk/X                      6      8     -2 (VIOLATED)
_07397_/X                                 6      7        (VIOLATED)
_07403_/X                                 6      7        (VIOLATED)
_07449_/X                                 6      7        (VIOLATED)
_07526_/X                                 6      7        (VIOLATED)
_07535_/X                                 6      7        (VIOLATED)
_07633_/X                                 6      7        (VIOLATED)
_07637_/X                                 6      7        (VIOLATED)
_07773_/X                                 6      7        (VIOLATED)
_08135_/X                                 6      7        (VIOLATED)
_09158_/X                                 6      7        (VIOLATED)
_09198_/X                                 6      7        (VIOLATED)
_09202_/X                                 6      7        (VIOLATED)
_09248_/X                                 6      7        (VIOLATED)
_09414_/X                                 6      7        (VIOLATED)
_09415_/X                                 6      7        (VIOLATED)
_09426_/X                                 6      7        (VIOLATED)
_09979_/X                                 6      7        (VIOLATED)
_10033_/X                                 6      7        (VIOLATED)
_11252_/Y                                 6      7        (VIOLATED)
_12256_/Y                                 6      7        (VIOLATED)
_14799_/Q                                 6      7        (VIOLATED)
_14802_/Q                                 6      7        (VIOLATED)
clkbuf_leaf_112_clk/X                     6      7        (VIOLATED)
clkbuf_leaf_135_clk/X                     6      7        (VIOLATED)
clkbuf_leaf_145_clk/X                     6      7        (VIOLATED)
clkbuf_leaf_27_clk/X                      6      7        (VIOLATED)
clkbuf_leaf_68_clk/X                      6      7        (VIOLATED)
clkbuf_leaf_70_clk/X                      6      7        (VIOLATED)
clkbuf_leaf_75_clk/X                      6      7        (VIOLATED)
clkbuf_leaf_76_clk/X                      6      7        (VIOLATED)
clkbuf_leaf_79_clk/X                      6      7        (VIOLATED)
clkbuf_leaf_82_clk/X                      6      7        (VIOLATED)
clkbuf_leaf_83_clk/X                      6      7        (VIOLATED)
clkbuf_leaf_91_clk/X                      6      7        (VIOLATED)


======================= Typical Corner ===================================

max fanout

Pin                                   Limit Fanout  Slack
---------------------------------------------------------
clkbuf_leaf_119_clk/X                     6     22    -16 (VIOLATED)
clkbuf_leaf_55_clk/X                      6     22    -16 (VIOLATED)
clkbuf_leaf_148_clk/X                     6     21    -15 (VIOLATED)
clkbuf_leaf_22_clk/X                      6     21    -15 (VIOLATED)
clkbuf_leaf_10_clk/X                      6     19    -13 (VIOLATED)
clkbuf_leaf_8_clk/X                       6     19    -13 (VIOLATED)
clkbuf_leaf_3_clk/X                       6     18    -12 (VIOLATED)
clkbuf_leaf_101_clk/X                     6     17    -11 (VIOLATED)
clkbuf_leaf_34_clk/X                      6     17    -11 (VIOLATED)
clkbuf_leaf_35_clk/X                      6     17    -11 (VIOLATED)
clkbuf_leaf_58_clk/X                      6     17    -11 (VIOLATED)
clkbuf_leaf_87_clk/X                      6     17    -11 (VIOLATED)
clkbuf_leaf_95_clk/X                      6     17    -11 (VIOLATED)
clkbuf_0_clk/X                            6     16    -10 (VIOLATED)
clkbuf_leaf_2_clk/X                       6     16    -10 (VIOLATED)
clkbuf_leaf_32_clk/X                      6     16    -10 (VIOLATED)
clkbuf_leaf_88_clk/X                      6     16    -10 (VIOLATED)
clkbuf_leaf_111_clk/X                     6     15     -9 (VIOLATED)
clkbuf_leaf_127_clk/X                     6     15     -9 (VIOLATED)
clkbuf_leaf_16_clk/X                      6     15     -9 (VIOLATED)
clkbuf_leaf_21_clk/X                      6     15     -9 (VIOLATED)
clkbuf_leaf_29_clk/X                      6     15     -9 (VIOLATED)
clkbuf_leaf_36_clk/X                      6     15     -9 (VIOLATED)
clkbuf_leaf_42_clk/X                      6     15     -9 (VIOLATED)
clkbuf_leaf_4_clk/X                       6     15     -9 (VIOLATED)
clkbuf_leaf_57_clk/X                      6     15     -9 (VIOLATED)
clkbuf_leaf_72_clk/X                      6     15     -9 (VIOLATED)
clkbuf_leaf_86_clk/X                      6     15     -9 (VIOLATED)
clkbuf_leaf_94_clk/X                      6     15     -9 (VIOLATED)
clkbuf_leaf_120_clk/X                     6     14     -8 (VIOLATED)
clkbuf_leaf_137_clk/X                     6     14     -8 (VIOLATED)
clkbuf_leaf_141_clk/X                     6     14     -8 (VIOLATED)
clkbuf_leaf_149_clk/X                     6     14     -8 (VIOLATED)
clkbuf_leaf_18_clk/X                      6     14     -8 (VIOLATED)
clkbuf_leaf_24_clk/X                      6     14     -8 (VIOLATED)
clkbuf_leaf_25_clk/X                      6     14     -8 (VIOLATED)
clkbuf_leaf_30_clk/X                      6     14     -8 (VIOLATED)
clkbuf_leaf_6_clk/X                       6     14     -8 (VIOLATED)
clkbuf_leaf_96_clk/X                      6     14     -8 (VIOLATED)
clkbuf_leaf_9_clk/X                       6     14     -8 (VIOLATED)
clkbuf_leaf_104_clk/X                     6     13     -7 (VIOLATED)
clkbuf_leaf_117_clk/X                     6     13     -7 (VIOLATED)
clkbuf_leaf_131_clk/X                     6     13     -7 (VIOLATED)
clkbuf_leaf_132_clk/X                     6     13     -7 (VIOLATED)
clkbuf_leaf_144_clk/X                     6     13     -7 (VIOLATED)
clkbuf_leaf_17_clk/X                      6     13     -7 (VIOLATED)
clkbuf_leaf_1_clk/X                       6     13     -7 (VIOLATED)
clkbuf_leaf_33_clk/X                      6     13     -7 (VIOLATED)
clkbuf_leaf_43_clk/X                      6     13     -7 (VIOLATED)
clkbuf_leaf_50_clk/X                      6     13     -7 (VIOLATED)
clkbuf_leaf_62_clk/X                      6     13     -7 (VIOLATED)
clkbuf_leaf_78_clk/X                      6     13     -7 (VIOLATED)
clkbuf_leaf_107_clk/X                     6     12     -6 (VIOLATED)
clkbuf_leaf_109_clk/X                     6     12     -6 (VIOLATED)
clkbuf_leaf_113_clk/X                     6     12     -6 (VIOLATED)
clkbuf_leaf_28_clk/X                      6     12     -6 (VIOLATED)
clkbuf_leaf_31_clk/X                      6     12     -6 (VIOLATED)
clkbuf_leaf_44_clk/X                      6     12     -6 (VIOLATED)
clkbuf_leaf_54_clk/X                      6     12     -6 (VIOLATED)
clkbuf_leaf_92_clk/X                      6     12     -6 (VIOLATED)
clkbuf_leaf_97_clk/X                      6     12     -6 (VIOLATED)
input14/X                                 6     12     -6 (VIOLATED)
clkbuf_4_11_0_clk/X                       6     11     -5 (VIOLATED)
clkbuf_4_1_0_clk/X                        6     11     -5 (VIOLATED)
clkbuf_4_8_0_clk/X                        6     11     -5 (VIOLATED)
clkbuf_leaf_124_clk/X                     6     11     -5 (VIOLATED)
clkbuf_leaf_126_clk/X                     6     11     -5 (VIOLATED)
clkbuf_leaf_133_clk/X                     6     11     -5 (VIOLATED)
clkbuf_leaf_49_clk/X                      6     11     -5 (VIOLATED)
clkbuf_leaf_59_clk/X                      6     11     -5 (VIOLATED)
clkbuf_leaf_98_clk/X                      6     11     -5 (VIOLATED)
clkbuf_4_13_0_clk/X                       6     10     -4 (VIOLATED)
clkbuf_4_2_0_clk/X                        6     10     -4 (VIOLATED)
clkbuf_4_4_0_clk/X                        6     10     -4 (VIOLATED)
clkbuf_leaf_103_clk/X                     6     10     -4 (VIOLATED)
clkbuf_leaf_114_clk/X                     6     10     -4 (VIOLATED)
clkbuf_leaf_116_clk/X                     6     10     -4 (VIOLATED)
clkbuf_leaf_118_clk/X                     6     10     -4 (VIOLATED)
clkbuf_leaf_11_clk/X                      6     10     -4 (VIOLATED)
clkbuf_leaf_13_clk/X                      6     10     -4 (VIOLATED)
clkbuf_leaf_140_clk/X                     6     10     -4 (VIOLATED)
clkbuf_leaf_142_clk/X                     6     10     -4 (VIOLATED)
clkbuf_leaf_143_clk/X                     6     10     -4 (VIOLATED)
clkbuf_leaf_14_clk/X                      6     10     -4 (VIOLATED)
clkbuf_leaf_38_clk/X                      6     10     -4 (VIOLATED)
clkbuf_leaf_39_clk/X                      6     10     -4 (VIOLATED)
clkbuf_leaf_52_clk/X                      6     10     -4 (VIOLATED)
clkbuf_leaf_63_clk/X                      6     10     -4 (VIOLATED)
clkbuf_leaf_74_clk/X                      6     10     -4 (VIOLATED)
clkbuf_leaf_7_clk/X                       6     10     -4 (VIOLATED)
clkbuf_leaf_81_clk/X                      6     10     -4 (VIOLATED)
clkbuf_leaf_85_clk/X                      6     10     -4 (VIOLATED)
clkbuf_leaf_89_clk/X                      6     10     -4 (VIOLATED)
_08579_/X                                 6      9     -3 (VIOLATED)
_08915_/X                                 6      9     -3 (VIOLATED)
clkbuf_4_10_0_clk/X                       6      9     -3 (VIOLATED)
clkbuf_4_12_0_clk/X                       6      9     -3 (VIOLATED)
clkbuf_4_14_0_clk/X                       6      9     -3 (VIOLATED)
clkbuf_4_15_0_clk/X                       6      9     -3 (VIOLATED)
clkbuf_4_5_0_clk/X                        6      9     -3 (VIOLATED)
clkbuf_4_6_0_clk/X                        6      9     -3 (VIOLATED)
clkbuf_4_7_0_clk/X                        6      9     -3 (VIOLATED)
clkbuf_4_9_0_clk/X                        6      9     -3 (VIOLATED)
clkbuf_leaf_0_clk/X                       6      9     -3 (VIOLATED)
clkbuf_leaf_100_clk/X                     6      9     -3 (VIOLATED)
clkbuf_leaf_105_clk/X                     6      9     -3 (VIOLATED)
clkbuf_leaf_108_clk/X                     6      9     -3 (VIOLATED)
clkbuf_leaf_122_clk/X                     6      9     -3 (VIOLATED)
clkbuf_leaf_125_clk/X                     6      9     -3 (VIOLATED)
clkbuf_leaf_12_clk/X                      6      9     -3 (VIOLATED)
clkbuf_leaf_146_clk/X                     6      9     -3 (VIOLATED)
clkbuf_leaf_15_clk/X                      6      9     -3 (VIOLATED)
clkbuf_leaf_20_clk/X                      6      9     -3 (VIOLATED)
clkbuf_leaf_40_clk/X                      6      9     -3 (VIOLATED)
clkbuf_leaf_45_clk/X                      6      9     -3 (VIOLATED)
clkbuf_leaf_46_clk/X                      6      9     -3 (VIOLATED)
clkbuf_leaf_5_clk/X                       6      9     -3 (VIOLATED)
clkbuf_leaf_61_clk/X                      6      9     -3 (VIOLATED)
clkbuf_leaf_64_clk/X                      6      9     -3 (VIOLATED)
clkbuf_leaf_67_clk/X                      6      9     -3 (VIOLATED)
clkbuf_leaf_69_clk/X                      6      9     -3 (VIOLATED)
clkbuf_leaf_73_clk/X                      6      9     -3 (VIOLATED)
clkbuf_leaf_84_clk/X                      6      9     -3 (VIOLATED)
clkbuf_leaf_90_clk/X                      6      9     -3 (VIOLATED)
_09140_/X                                 6      8     -2 (VIOLATED)
_09146_/X                                 6      8     -2 (VIOLATED)
_09172_/X                                 6      8     -2 (VIOLATED)
_09225_/X                                 6      8     -2 (VIOLATED)
_09339_/X                                 6      8     -2 (VIOLATED)
_09345_/X                                 6      8     -2 (VIOLATED)
_09389_/X                                 6      8     -2 (VIOLATED)
_09567_/X                                 6      8     -2 (VIOLATED)
clkbuf_4_0_0_clk/X                        6      8     -2 (VIOLATED)
clkbuf_4_3_0_clk/X                        6      8     -2 (VIOLATED)
clkbuf_leaf_110_clk/X                     6      8     -2 (VIOLATED)
clkbuf_leaf_115_clk/X                     6      8     -2 (VIOLATED)
clkbuf_leaf_121_clk/X                     6      8     -2 (VIOLATED)
clkbuf_leaf_128_clk/X                     6      8     -2 (VIOLATED)
clkbuf_leaf_129_clk/X                     6      8     -2 (VIOLATED)
clkbuf_leaf_134_clk/X                     6      8     -2 (VIOLATED)
clkbuf_leaf_136_clk/X                     6      8     -2 (VIOLATED)
clkbuf_leaf_138_clk/X                     6      8     -2 (VIOLATED)
clkbuf_leaf_139_clk/X                     6      8     -2 (VIOLATED)
clkbuf_leaf_150_clk/X                     6      8     -2 (VIOLATED)
clkbuf_leaf_19_clk/X                      6      8     -2 (VIOLATED)
clkbuf_leaf_26_clk/X                      6      8     -2 (VIOLATED)
clkbuf_leaf_37_clk/X                      6      8     -2 (VIOLATED)
clkbuf_leaf_41_clk/X                      6      8     -2 (VIOLATED)
clkbuf_leaf_65_clk/X                      6      8     -2 (VIOLATED)
clkbuf_leaf_66_clk/X                      6      8     -2 (VIOLATED)
clkbuf_leaf_77_clk/X                      6      8     -2 (VIOLATED)
clkbuf_leaf_80_clk/X                      6      8     -2 (VIOLATED)
clkbuf_leaf_93_clk/X                      6      8     -2 (VIOLATED)
clkbuf_leaf_99_clk/X                      6      8     -2 (VIOLATED)
_07397_/X                                 6      7        (VIOLATED)
_07403_/X                                 6      7        (VIOLATED)
_07449_/X                                 6      7        (VIOLATED)
_07526_/X                                 6      7        (VIOLATED)
_07535_/X                                 6      7        (VIOLATED)
_07633_/X                                 6      7        (VIOLATED)
_07637_/X                                 6      7        (VIOLATED)
_07773_/X                                 6      7        (VIOLATED)
_08135_/X                                 6      7        (VIOLATED)
_09158_/X                                 6      7        (VIOLATED)
_09198_/X                                 6      7        (VIOLATED)
_09202_/X                                 6      7        (VIOLATED)
_09248_/X                                 6      7        (VIOLATED)
_09414_/X                                 6      7        (VIOLATED)
_09415_/X                                 6      7        (VIOLATED)
_09426_/X                                 6      7        (VIOLATED)
_09979_/X                                 6      7        (VIOLATED)
_10033_/X                                 6      7        (VIOLATED)
_11252_/Y                                 6      7        (VIOLATED)
_12256_/Y                                 6      7        (VIOLATED)
_14799_/Q                                 6      7        (VIOLATED)
_14802_/Q                                 6      7        (VIOLATED)
clkbuf_leaf_112_clk/X                     6      7        (VIOLATED)
clkbuf_leaf_135_clk/X                     6      7        (VIOLATED)
clkbuf_leaf_145_clk/X                     6      7        (VIOLATED)
clkbuf_leaf_27_clk/X                      6      7        (VIOLATED)
clkbuf_leaf_68_clk/X                      6      7        (VIOLATED)
clkbuf_leaf_70_clk/X                      6      7        (VIOLATED)
clkbuf_leaf_75_clk/X                      6      7        (VIOLATED)
clkbuf_leaf_76_clk/X                      6      7        (VIOLATED)
clkbuf_leaf_79_clk/X                      6      7        (VIOLATED)
clkbuf_leaf_82_clk/X                      6      7        (VIOLATED)
clkbuf_leaf_83_clk/X                      6      7        (VIOLATED)
clkbuf_leaf_91_clk/X                      6      7        (VIOLATED)



===========================================================================
report_parasitic_annotation -report_unannotated
============================================================================
Found 0 unannotated drivers.
Found 0 partially unannotated drivers.

===========================================================================
max slew violation count 91
max fanout violation count 188
max cap violation count 0
============================================================================

===========================================================================
check_setup -verbose -unconstrained_endpoints -multiple_clock -no_clock -no_input_delay -loops -generated_clocks
===========================================================================
