
===========================================================================
 report_power
============================================================================
======================= Fastest Corner ===================================

Group                  Internal  Switching    Leakage      Total
                          Power      Power      Power      Power (Watts)
----------------------------------------------------------------
Sequential             1.64e-02   1.15e-03   2.40e-08   1.76e-02  43.0%
Combinational          1.14e-02   1.18e-02   9.34e-08   2.33e-02  57.0%
Macro                  0.00e+00   0.00e+00   0.00e+00   0.00e+00   0.0%
Pad                    0.00e+00   0.00e+00   0.00e+00   0.00e+00   0.0%
----------------------------------------------------------------
Total                  2.79e-02   1.30e-02   1.17e-07   4.09e-02 100.0%
                          68.2%      31.8%       0.0%

======================= Slowest Corner ===================================

Group                  Internal  Switching    Leakage      Total
                          Power      Power      Power      Power (Watts)
----------------------------------------------------------------
Sequential             1.10e-02   7.50e-04   2.41e-05   1.18e-02  42.6%
Combinational          8.12e-03   7.71e-03   5.47e-05   1.59e-02  57.4%
Macro                  0.00e+00   0.00e+00   0.00e+00   0.00e+00   0.0%
Pad                    0.00e+00   0.00e+00   0.00e+00   0.00e+00   0.0%
----------------------------------------------------------------
Total                  1.91e-02   8.46e-03   7.88e-05   2.77e-02 100.0%
                          69.2%      30.6%       0.3%

======================= Typical Corner ===================================

Group                  Internal  Switching    Leakage      Total
                          Power      Power      Power      Power (Watts)
----------------------------------------------------------------
Sequential             1.42e-02   9.65e-04   1.38e-08   1.51e-02  43.1%
Combinational          1.00e-02   9.97e-03   4.82e-08   2.00e-02  56.9%
Macro                  0.00e+00   0.00e+00   0.00e+00   0.00e+00   0.0%
Pad                    0.00e+00   0.00e+00   0.00e+00   0.00e+00   0.0%
----------------------------------------------------------------
Total                  2.42e-02   1.09e-02   6.20e-08   3.51e-02 100.0%
                          68.9%      31.1%       0.0%

