
===========================================================================
report_checks -unconstrained
===========================================================================
======================= Fastest Corner ===================================

Startpoint: debug_mem_addr[0] (input port clocked by clk)
Endpoint: debug_mem_data[10] (output port clocked by clk)
Path Group: clk
Path Type: max
Corner: Fastest

Fanout     Cap    Slew   Delay    Time   Description
-----------------------------------------------------------------------------
                          0.00    0.00   clock clk (rise edge)
                          0.00    0.00   clock network delay (propagated)
                          2.00    2.00 ^ input external delay
                  0.01    0.01    2.01 ^ debug_mem_addr[0] (in)
     1    0.00                           debug_mem_addr[0] (net)
                  0.01    0.00    2.01 ^ input1/A (sky130_fd_sc_hd__clkbuf_2)
                  0.16    0.16    2.17 ^ input1/X (sky130_fd_sc_hd__clkbuf_2)
     1    0.04                           net1 (net)
                  0.16    0.00    2.17 ^ _06831_/A (sky130_fd_sc_hd__buf_4)
                  0.15    0.19    2.36 ^ _06831_/X (sky130_fd_sc_hd__buf_4)
    10    0.07                           _01780_ (net)
                  0.16    0.01    2.37 ^ _06841_/A (sky130_fd_sc_hd__buf_4)
                  0.19    0.21    2.58 ^ _06841_/X (sky130_fd_sc_hd__buf_4)
    10    0.09                           _01790_ (net)
                  0.19    0.00    2.59 ^ _06842_/A (sky130_fd_sc_hd__buf_4)
                  0.15    0.19    2.78 ^ _06842_/X (sky130_fd_sc_hd__buf_4)
    10    0.07                           _01791_ (net)
                  0.15    0.00    2.78 ^ _06879_/A (sky130_fd_sc_hd__clkbuf_8)
                  0.16    0.21    2.99 ^ _06879_/X (sky130_fd_sc_hd__clkbuf_8)
    10    0.12                           _01828_ (net)
                  0.16    0.01    3.00 ^ _07484_/S (sky130_fd_sc_hd__mux2_1)
                  0.05    0.22    3.21 v _07484_/X (sky130_fd_sc_hd__mux2_1)
     1    0.01                           _02423_ (net)
                  0.05    0.00    3.21 v _07487_/A2 (sky130_fd_sc_hd__a21o_1)
                  0.03    0.12    3.34 v _07487_/X (sky130_fd_sc_hd__a21o_1)
     1    0.00                           _02426_ (net)
                  0.03    0.00    3.34 v _07497_/A3 (sky130_fd_sc_hd__a31o_1)
                  0.08    0.19    3.53 v _07497_/X (sky130_fd_sc_hd__a31o_1)
     1    0.02                           _02436_ (net)
                  0.08    0.00    3.53 v _07513_/A0 (sky130_fd_sc_hd__mux2_2)
                  0.10    0.25    3.78 v _07513_/X (sky130_fd_sc_hd__mux2_2)
     1    0.04                           _02452_ (net)
                  0.10    0.00    3.78 v _07534_/A2 (sky130_fd_sc_hd__a21o_2)
                  0.11    0.26    4.04 v _07534_/X (sky130_fd_sc_hd__a21o_2)
     2    0.06                           net34 (net)
                  0.12    0.01    4.04 v output34/A (sky130_fd_sc_hd__clkbuf_4)
                  0.06    0.17    4.21 v output34/X (sky130_fd_sc_hd__clkbuf_4)
     1    0.03                           debug_mem_data[10] (net)
                  0.06    0.00    4.21 v debug_mem_data[10] (out)
                                  4.21   data arrival time

                         10.00   10.00   clock clk (rise edge)
                          0.00   10.00   clock network delay (propagated)
                         -0.25    9.75   clock uncertainty
                          0.00    9.75   clock reconvergence pessimism
                         -2.00    7.75   output external delay
                                  7.75   data required time
-----------------------------------------------------------------------------
                                  7.75   data required time
                                 -4.21   data arrival time
-----------------------------------------------------------------------------
                                  3.54   slack (MET)



======================= Slowest Corner ===================================

Startpoint: _14593_ (rising edge-triggered flip-flop clocked by clk)
Endpoint: _14559_ (rising edge-triggered flip-flop clocked by clk)
Path Group: clk
Path Type: max
Corner: Slowest

Fanout     Cap    Slew   Delay    Time   Description
-----------------------------------------------------------------------------
                          0.00    0.00   clock clk (rise edge)
                          0.00    0.00   clock source latency
                  0.56    0.41    0.41 ^ clk (in)
     2    0.08                           clk (net)
                  0.56    0.00    0.41 ^ clkbuf_0_clk/A (sky130_fd_sc_hd__clkbuf_16)
                  0.30    0.65    1.06 ^ clkbuf_0_clk/X (sky130_fd_sc_hd__clkbuf_16)
     9    0.19                           clknet_0_clk (net)
                  0.30    0.01    1.07 ^ clkbuf_3_4_0_clk/A (sky130_fd_sc_hd__clkbuf_8)
                  0.13    0.40    1.46 ^ clkbuf_3_4_0_clk/X (sky130_fd_sc_hd__clkbuf_8)
     2    0.04                           clknet_3_4_0_clk (net)
                  0.13    0.00    1.46 ^ clkbuf_4_9__f_clk/A (sky130_fd_sc_hd__clkbuf_16)
                  0.27    0.43    1.89 ^ clkbuf_4_9__f_clk/X (sky130_fd_sc_hd__clkbuf_16)
    12    0.16                           clknet_4_9__leaf_clk (net)
                  0.27    0.00    1.90 ^ clkbuf_leaf_149_clk/A (sky130_fd_sc_hd__clkbuf_16)
                  0.10    0.35    2.25 ^ clkbuf_leaf_149_clk/X (sky130_fd_sc_hd__clkbuf_16)
    12    0.04                           clknet_leaf_149_clk (net)
                  0.10    0.00    2.25 ^ _14593_/CLK (sky130_fd_sc_hd__dfxtp_2)
                  0.11    0.72    2.97 v _14593_/Q (sky130_fd_sc_hd__dfxtp_2)
     3    0.02                           ex_mm_reg.ALU_Result_Out[1] (net)
                  0.11    0.00    2.97 v rebuffer18/A (sky130_fd_sc_hd__buf_6)
                  0.08    0.28    3.25 v rebuffer18/X (sky130_fd_sc_hd__buf_6)
     4    0.04                           net108 (net)
                  0.08    0.00    3.26 v _08441_/B (sky130_fd_sc_hd__nand2b_2)
                  0.21    0.22    3.48 ^ _08441_/Y (sky130_fd_sc_hd__nand2b_2)
     5    0.02                           _03198_ (net)
                  0.21    0.00    3.48 ^ _08442_/A (sky130_fd_sc_hd__buf_4)
                  0.45    0.58    4.05 ^ _08442_/X (sky130_fd_sc_hd__buf_4)
    10    0.10                           _03199_ (net)
                  0.45    0.01    4.06 ^ _08443_/A (sky130_fd_sc_hd__buf_6)
                  0.34    0.55    4.61 ^ _08443_/X (sky130_fd_sc_hd__buf_6)
    11    0.11                           _03200_ (net)
                  0.34    0.00    4.61 ^ _08444_/A (sky130_fd_sc_hd__buf_4)
                  0.39    0.59    5.20 ^ _08444_/X (sky130_fd_sc_hd__buf_4)
    10    0.09                           _03201_ (net)
                  0.39    0.01    5.21 ^ _08645_/A (sky130_fd_sc_hd__clkbuf_8)
                  0.27    0.55    5.76 ^ _08645_/X (sky130_fd_sc_hd__clkbuf_8)
    10    0.10                           _03402_ (net)
                  0.27    0.00    5.77 ^ _08874_/B1 (sky130_fd_sc_hd__o22a_1)
                  0.08    0.35    6.12 ^ _08874_/X (sky130_fd_sc_hd__o22a_1)
     1    0.00                           _03631_ (net)
                  0.08    0.00    6.12 ^ _08876_/A0 (sky130_fd_sc_hd__mux2_1)
                  0.15    0.31    6.43 ^ _08876_/X (sky130_fd_sc_hd__mux2_1)
     1    0.01                           _03633_ (net)
                  0.15    0.00    6.43 ^ _08884_/A2 (sky130_fd_sc_hd__a211o_1)
                  0.16    0.36    6.79 ^ _08884_/X (sky130_fd_sc_hd__a211o_1)
     1    0.01                           _03641_ (net)
                  0.16    0.00    6.79 ^ _08903_/B1 (sky130_fd_sc_hd__o311ai_4)
                  0.46    0.51    7.29 v _08903_/Y (sky130_fd_sc_hd__o311ai_4)
     3    0.05                           _03660_ (net)
                  0.46    0.00    7.29 v _08904_/A1 (sky130_fd_sc_hd__mux2_4)
                  0.10    0.70    7.99 v _08904_/X (sky130_fd_sc_hd__mux2_4)
     3    0.01                           _03661_ (net)
                  0.10    0.00    7.99 v rebuffer24/A (sky130_fd_sc_hd__clkbuf_1)
                  0.05    0.18    8.17 v rebuffer24/X (sky130_fd_sc_hd__clkbuf_1)
     1    0.00                           net114 (net)
                  0.05    0.00    8.17 v _08910_/A0 (sky130_fd_sc_hd__mux2_4)
                  0.15    0.61    8.78 v _08910_/X (sky130_fd_sc_hd__mux2_4)
     4    0.03                           _03667_ (net)
                  0.15    0.00    8.78 v _12024_/A1_N (sky130_fd_sc_hd__a2bb2o_4)
                  0.12    0.49    9.27 ^ _12024_/X (sky130_fd_sc_hd__a2bb2o_4)
     4    0.02                           _05899_ (net)
                  0.12    0.00    9.27 ^ _12028_/A2 (sky130_fd_sc_hd__a31o_1)
                  0.26    0.47    9.74 ^ _12028_/X (sky130_fd_sc_hd__a31o_1)
     3    0.02                           _05903_ (net)
                  0.26    0.00    9.74 ^ _12036_/A2 (sky130_fd_sc_hd__a311o_1)
                  0.33    0.63   10.37 ^ _12036_/X (sky130_fd_sc_hd__a311o_1)
     3    0.02                           _05911_ (net)
                  0.33    0.00   10.37 ^ _12041_/C (sky130_fd_sc_hd__nand4b_4)
                  0.16    0.31   10.68 v _12041_/Y (sky130_fd_sc_hd__nand4b_4)
     2    0.01                           _05916_ (net)
                  0.16    0.00   10.68 v _12056_/A1 (sky130_fd_sc_hd__a21o_1)
                  0.12    0.40   11.08 v _12056_/X (sky130_fd_sc_hd__a21o_1)
     3    0.01                           _05931_ (net)
                  0.12    0.00   11.08 v _12073_/A1 (sky130_fd_sc_hd__a211o_1)
                  0.17    0.63   11.71 v _12073_/X (sky130_fd_sc_hd__a211o_1)
     3    0.01                           _05948_ (net)
                  0.17    0.00   11.71 v _12082_/A1 (sky130_fd_sc_hd__a2111oi_2)
                  0.42    0.56   12.28 ^ _12082_/Y (sky130_fd_sc_hd__a2111oi_2)
     1    0.00                           _05957_ (net)
                  0.42    0.00   12.28 ^ wire83/A (sky130_fd_sc_hd__buf_2)
                  0.08    0.36   12.64 ^ wire83/X (sky130_fd_sc_hd__buf_2)
     2    0.01                           net83 (net)
                  0.08    0.00   12.64 ^ max_cap82/A (sky130_fd_sc_hd__clkbuf_1)
                  0.12    0.20   12.84 ^ max_cap82/X (sky130_fd_sc_hd__clkbuf_1)
     1    0.01                           net82 (net)
                  0.12    0.00   12.84 ^ _12087_/A2 (sky130_fd_sc_hd__o31ai_2)
                  0.17    0.20   13.03 v _12087_/Y (sky130_fd_sc_hd__o31ai_2)
     4    0.01                           _05962_ (net)
                  0.17    0.00   13.03 v _12140_/B (sky130_fd_sc_hd__and3_1)
                  0.09    0.43   13.46 v _12140_/X (sky130_fd_sc_hd__and3_1)
     2    0.01                           _06014_ (net)
                  0.09    0.00   13.46 v _12141_/A (sky130_fd_sc_hd__or2_4)
                  0.08    0.50   13.96 v _12141_/X (sky130_fd_sc_hd__or2_4)
     1    0.00                           _06015_ (net)
                  0.08    0.00   13.96 v _12142_/D (sky130_fd_sc_hd__and4bb_1)
                  0.08    0.44   14.40 v _12142_/X (sky130_fd_sc_hd__and4bb_1)
     1    0.00                           _06016_ (net)
                  0.08    0.00   14.40 v _12162_/A1 (sky130_fd_sc_hd__o311a_1)
                  0.08    0.67   15.07 v _12162_/X (sky130_fd_sc_hd__o311a_1)
     1    0.00                           _01063_ (net)
                  0.08    0.00   15.07 v _14559_/D (sky130_fd_sc_hd__dfxtp_2)
                                 15.07   data arrival time

                         10.00   10.00   clock clk (rise edge)
                          0.00   10.00   clock source latency
                  0.56    0.37   10.37 ^ clk (in)
     2    0.08                           clk (net)
                  0.56    0.00   10.37 ^ clkbuf_0_clk/A (sky130_fd_sc_hd__clkbuf_16)
                  0.30    0.59   10.96 ^ clkbuf_0_clk/X (sky130_fd_sc_hd__clkbuf_16)
     9    0.19                           clknet_0_clk (net)
                  0.30    0.00   10.96 ^ clkbuf_3_6_0_clk/A (sky130_fd_sc_hd__clkbuf_8)
                  0.12    0.35   11.32 ^ clkbuf_3_6_0_clk/X (sky130_fd_sc_hd__clkbuf_8)
     2    0.04                           clknet_3_6_0_clk (net)
                  0.12    0.00   11.32 ^ clkbuf_4_12__f_clk/A (sky130_fd_sc_hd__clkbuf_16)
                  0.23    0.36   11.68 ^ clkbuf_4_12__f_clk/X (sky130_fd_sc_hd__clkbuf_16)
    10    0.14                           clknet_4_12__leaf_clk (net)
                  0.23    0.00   11.68 ^ clkbuf_leaf_54_clk/A (sky130_fd_sc_hd__clkbuf_16)
                  0.07    0.29   11.97 ^ clkbuf_leaf_54_clk/X (sky130_fd_sc_hd__clkbuf_16)
     7    0.02                           clknet_leaf_54_clk (net)
                  0.07    0.00   11.97 ^ _14559_/CLK (sky130_fd_sc_hd__dfxtp_2)
                         -0.25   11.72   clock uncertainty
                          0.10   11.82   clock reconvergence pessimism
                         -0.28   11.54   library setup time
                                 11.54   data required time
-----------------------------------------------------------------------------
                                 11.54   data required time
                                -15.07   data arrival time
-----------------------------------------------------------------------------
                                 -3.53   slack (VIOLATED)



======================= Typical Corner ===================================

Startpoint: debug_mem_addr[0] (input port clocked by clk)
Endpoint: debug_mem_data[14] (output port clocked by clk)
Path Group: clk
Path Type: max
Corner: Typical

Fanout     Cap    Slew   Delay    Time   Description
-----------------------------------------------------------------------------
                          0.00    0.00   clock clk (rise edge)
                          0.00    0.00   clock network delay (propagated)
                          2.00    2.00 ^ input external delay
                  0.02    0.01    2.01 ^ debug_mem_addr[0] (in)
     1    0.00                           debug_mem_addr[0] (net)
                  0.02    0.00    2.01 ^ input1/A (sky130_fd_sc_hd__clkbuf_2)
                  0.21    0.22    2.24 ^ input1/X (sky130_fd_sc_hd__clkbuf_2)
     1    0.04                           net1 (net)
                  0.21    0.00    2.24 ^ _06831_/A (sky130_fd_sc_hd__buf_4)
                  0.20    0.29    2.53 ^ _06831_/X (sky130_fd_sc_hd__buf_4)
    10    0.07                           _01780_ (net)
                  0.20    0.00    2.53 ^ _06832_/A (sky130_fd_sc_hd__buf_4)
                  0.18    0.27    2.81 ^ _06832_/X (sky130_fd_sc_hd__buf_4)
    10    0.06                           _01781_ (net)
                  0.18    0.00    2.81 ^ _06833_/A (sky130_fd_sc_hd__buf_8)
                  0.26    0.30    3.11 ^ _06833_/X (sky130_fd_sc_hd__buf_8)
    10    0.16                           _01782_ (net)
                  0.26    0.00    3.11 ^ _07735_/S0 (sky130_fd_sc_hd__mux4_1)
                  0.11    0.34    3.45 ^ _07735_/X (sky130_fd_sc_hd__mux4_1)
     1    0.01                           _02670_ (net)
                  0.11    0.00    3.45 ^ _07736_/B (sky130_fd_sc_hd__nor2_1)
                  0.06    0.06    3.51 v _07736_/Y (sky130_fd_sc_hd__nor2_1)
     1    0.00                           _02671_ (net)
                  0.06    0.00    3.51 v _07743_/A2 (sky130_fd_sc_hd__o32a_1)
                  0.10    0.41    3.92 v _07743_/X (sky130_fd_sc_hd__o32a_1)
     1    0.01                           _02678_ (net)
                  0.10    0.00    3.92 v _07744_/A1 (sky130_fd_sc_hd__mux2_1)
                  0.06    0.33    4.25 v _07744_/X (sky130_fd_sc_hd__mux2_1)
     1    0.00                           _02679_ (net)
                  0.06    0.00    4.25 v _07745_/B (sky130_fd_sc_hd__nor2_1)
                  0.61    0.50    4.75 ^ _07745_/Y (sky130_fd_sc_hd__nor2_1)
     1    0.03                           _02680_ (net)
                  0.61    0.00    4.75 ^ _07746_/B1 (sky130_fd_sc_hd__a21o_2)
                  0.30    0.38    5.13 ^ _07746_/X (sky130_fd_sc_hd__a21o_2)
     1    0.06                           net38 (net)
                  0.30    0.01    5.14 ^ output38/A (sky130_fd_sc_hd__clkbuf_4)
                  0.12    0.29    5.43 ^ output38/X (sky130_fd_sc_hd__clkbuf_4)
     1    0.03                           debug_mem_data[14] (net)
                  0.12    0.00    5.43 ^ debug_mem_data[14] (out)
                                  5.43   data arrival time

                         10.00   10.00   clock clk (rise edge)
                          0.00   10.00   clock network delay (propagated)
                         -0.25    9.75   clock uncertainty
                          0.00    9.75   clock reconvergence pessimism
                         -2.00    7.75   output external delay
                                  7.75   data required time
-----------------------------------------------------------------------------
                                  7.75   data required time
                                 -5.43   data arrival time
-----------------------------------------------------------------------------
                                  2.32   slack (MET)




===========================================================================
report_checks --slack_max -0.01
============================================================================
======================= Fastest Corner ===================================

No paths found.

======================= Slowest Corner ===================================

Startpoint: _14593_ (rising edge-triggered flip-flop clocked by clk)
Endpoint: _14559_ (rising edge-triggered flip-flop clocked by clk)
Path Group: clk
Path Type: max
Corner: Slowest

Fanout     Cap    Slew   Delay    Time   Description
-----------------------------------------------------------------------------
                          0.00    0.00   clock clk (rise edge)
                          0.00    0.00   clock source latency
                  0.56    0.41    0.41 ^ clk (in)
     2    0.08                           clk (net)
                  0.56    0.00    0.41 ^ clkbuf_0_clk/A (sky130_fd_sc_hd__clkbuf_16)
                  0.30    0.65    1.06 ^ clkbuf_0_clk/X (sky130_fd_sc_hd__clkbuf_16)
     9    0.19                           clknet_0_clk (net)
                  0.30    0.01    1.07 ^ clkbuf_3_4_0_clk/A (sky130_fd_sc_hd__clkbuf_8)
                  0.13    0.40    1.46 ^ clkbuf_3_4_0_clk/X (sky130_fd_sc_hd__clkbuf_8)
     2    0.04                           clknet_3_4_0_clk (net)
                  0.13    0.00    1.46 ^ clkbuf_4_9__f_clk/A (sky130_fd_sc_hd__clkbuf_16)
                  0.27    0.43    1.89 ^ clkbuf_4_9__f_clk/X (sky130_fd_sc_hd__clkbuf_16)
    12    0.16                           clknet_4_9__leaf_clk (net)
                  0.27    0.00    1.90 ^ clkbuf_leaf_149_clk/A (sky130_fd_sc_hd__clkbuf_16)
                  0.10    0.35    2.25 ^ clkbuf_leaf_149_clk/X (sky130_fd_sc_hd__clkbuf_16)
    12    0.04                           clknet_leaf_149_clk (net)
                  0.10    0.00    2.25 ^ _14593_/CLK (sky130_fd_sc_hd__dfxtp_2)
                  0.11    0.72    2.97 v _14593_/Q (sky130_fd_sc_hd__dfxtp_2)
     3    0.02                           ex_mm_reg.ALU_Result_Out[1] (net)
                  0.11    0.00    2.97 v rebuffer18/A (sky130_fd_sc_hd__buf_6)
                  0.08    0.28    3.25 v rebuffer18/X (sky130_fd_sc_hd__buf_6)
     4    0.04                           net108 (net)
                  0.08    0.00    3.26 v _08441_/B (sky130_fd_sc_hd__nand2b_2)
                  0.21    0.22    3.48 ^ _08441_/Y (sky130_fd_sc_hd__nand2b_2)
     5    0.02                           _03198_ (net)
                  0.21    0.00    3.48 ^ _08442_/A (sky130_fd_sc_hd__buf_4)
                  0.45    0.58    4.05 ^ _08442_/X (sky130_fd_sc_hd__buf_4)
    10    0.10                           _03199_ (net)
                  0.45    0.01    4.06 ^ _08443_/A (sky130_fd_sc_hd__buf_6)
                  0.34    0.55    4.61 ^ _08443_/X (sky130_fd_sc_hd__buf_6)
    11    0.11                           _03200_ (net)
                  0.34    0.00    4.61 ^ _08444_/A (sky130_fd_sc_hd__buf_4)
                  0.39    0.59    5.20 ^ _08444_/X (sky130_fd_sc_hd__buf_4)
    10    0.09                           _03201_ (net)
                  0.39    0.01    5.21 ^ _08645_/A (sky130_fd_sc_hd__clkbuf_8)
                  0.27    0.55    5.76 ^ _08645_/X (sky130_fd_sc_hd__clkbuf_8)
    10    0.10                           _03402_ (net)
                  0.27    0.00    5.77 ^ _08874_/B1 (sky130_fd_sc_hd__o22a_1)
                  0.08    0.35    6.12 ^ _08874_/X (sky130_fd_sc_hd__o22a_1)
     1    0.00                           _03631_ (net)
                  0.08    0.00    6.12 ^ _08876_/A0 (sky130_fd_sc_hd__mux2_1)
                  0.15    0.31    6.43 ^ _08876_/X (sky130_fd_sc_hd__mux2_1)
     1    0.01                           _03633_ (net)
                  0.15    0.00    6.43 ^ _08884_/A2 (sky130_fd_sc_hd__a211o_1)
                  0.16    0.36    6.79 ^ _08884_/X (sky130_fd_sc_hd__a211o_1)
     1    0.01                           _03641_ (net)
                  0.16    0.00    6.79 ^ _08903_/B1 (sky130_fd_sc_hd__o311ai_4)
                  0.46    0.51    7.29 v _08903_/Y (sky130_fd_sc_hd__o311ai_4)
     3    0.05                           _03660_ (net)
                  0.46    0.00    7.29 v _08904_/A1 (sky130_fd_sc_hd__mux2_4)
                  0.10    0.70    7.99 v _08904_/X (sky130_fd_sc_hd__mux2_4)
     3    0.01                           _03661_ (net)
                  0.10    0.00    7.99 v rebuffer24/A (sky130_fd_sc_hd__clkbuf_1)
                  0.05    0.18    8.17 v rebuffer24/X (sky130_fd_sc_hd__clkbuf_1)
     1    0.00                           net114 (net)
                  0.05    0.00    8.17 v _08910_/A0 (sky130_fd_sc_hd__mux2_4)
                  0.15    0.61    8.78 v _08910_/X (sky130_fd_sc_hd__mux2_4)
     4    0.03                           _03667_ (net)
                  0.15    0.00    8.78 v _12024_/A1_N (sky130_fd_sc_hd__a2bb2o_4)
                  0.12    0.49    9.27 ^ _12024_/X (sky130_fd_sc_hd__a2bb2o_4)
     4    0.02                           _05899_ (net)
                  0.12    0.00    9.27 ^ _12028_/A2 (sky130_fd_sc_hd__a31o_1)
                  0.26    0.47    9.74 ^ _12028_/X (sky130_fd_sc_hd__a31o_1)
     3    0.02                           _05903_ (net)
                  0.26    0.00    9.74 ^ _12036_/A2 (sky130_fd_sc_hd__a311o_1)
                  0.33    0.63   10.37 ^ _12036_/X (sky130_fd_sc_hd__a311o_1)
     3    0.02                           _05911_ (net)
                  0.33    0.00   10.37 ^ _12041_/C (sky130_fd_sc_hd__nand4b_4)
                  0.16    0.31   10.68 v _12041_/Y (sky130_fd_sc_hd__nand4b_4)
     2    0.01                           _05916_ (net)
                  0.16    0.00   10.68 v _12056_/A1 (sky130_fd_sc_hd__a21o_1)
                  0.12    0.40   11.08 v _12056_/X (sky130_fd_sc_hd__a21o_1)
     3    0.01                           _05931_ (net)
                  0.12    0.00   11.08 v _12073_/A1 (sky130_fd_sc_hd__a211o_1)
                  0.17    0.63   11.71 v _12073_/X (sky130_fd_sc_hd__a211o_1)
     3    0.01                           _05948_ (net)
                  0.17    0.00   11.71 v _12082_/A1 (sky130_fd_sc_hd__a2111oi_2)
                  0.42    0.56   12.28 ^ _12082_/Y (sky130_fd_sc_hd__a2111oi_2)
     1    0.00                           _05957_ (net)
                  0.42    0.00   12.28 ^ wire83/A (sky130_fd_sc_hd__buf_2)
                  0.08    0.36   12.64 ^ wire83/X (sky130_fd_sc_hd__buf_2)
     2    0.01                           net83 (net)
                  0.08    0.00   12.64 ^ max_cap82/A (sky130_fd_sc_hd__clkbuf_1)
                  0.12    0.20   12.84 ^ max_cap82/X (sky130_fd_sc_hd__clkbuf_1)
     1    0.01                           net82 (net)
                  0.12    0.00   12.84 ^ _12087_/A2 (sky130_fd_sc_hd__o31ai_2)
                  0.17    0.20   13.03 v _12087_/Y (sky130_fd_sc_hd__o31ai_2)
     4    0.01                           _05962_ (net)
                  0.17    0.00   13.03 v _12140_/B (sky130_fd_sc_hd__and3_1)
                  0.09    0.43   13.46 v _12140_/X (sky130_fd_sc_hd__and3_1)
     2    0.01                           _06014_ (net)
                  0.09    0.00   13.46 v _12141_/A (sky130_fd_sc_hd__or2_4)
                  0.08    0.50   13.96 v _12141_/X (sky130_fd_sc_hd__or2_4)
     1    0.00                           _06015_ (net)
                  0.08    0.00   13.96 v _12142_/D (sky130_fd_sc_hd__and4bb_1)
                  0.08    0.44   14.40 v _12142_/X (sky130_fd_sc_hd__and4bb_1)
     1    0.00                           _06016_ (net)
                  0.08    0.00   14.40 v _12162_/A1 (sky130_fd_sc_hd__o311a_1)
                  0.08    0.67   15.07 v _12162_/X (sky130_fd_sc_hd__o311a_1)
     1    0.00                           _01063_ (net)
                  0.08    0.00   15.07 v _14559_/D (sky130_fd_sc_hd__dfxtp_2)
                                 15.07   data arrival time

                         10.00   10.00   clock clk (rise edge)
                          0.00   10.00   clock source latency
                  0.56    0.37   10.37 ^ clk (in)
     2    0.08                           clk (net)
                  0.56    0.00   10.37 ^ clkbuf_0_clk/A (sky130_fd_sc_hd__clkbuf_16)
                  0.30    0.59   10.96 ^ clkbuf_0_clk/X (sky130_fd_sc_hd__clkbuf_16)
     9    0.19                           clknet_0_clk (net)
                  0.30    0.00   10.96 ^ clkbuf_3_6_0_clk/A (sky130_fd_sc_hd__clkbuf_8)
                  0.12    0.35   11.32 ^ clkbuf_3_6_0_clk/X (sky130_fd_sc_hd__clkbuf_8)
     2    0.04                           clknet_3_6_0_clk (net)
                  0.12    0.00   11.32 ^ clkbuf_4_12__f_clk/A (sky130_fd_sc_hd__clkbuf_16)
                  0.23    0.36   11.68 ^ clkbuf_4_12__f_clk/X (sky130_fd_sc_hd__clkbuf_16)
    10    0.14                           clknet_4_12__leaf_clk (net)
                  0.23    0.00   11.68 ^ clkbuf_leaf_54_clk/A (sky130_fd_sc_hd__clkbuf_16)
                  0.07    0.29   11.97 ^ clkbuf_leaf_54_clk/X (sky130_fd_sc_hd__clkbuf_16)
     7    0.02                           clknet_leaf_54_clk (net)
                  0.07    0.00   11.97 ^ _14559_/CLK (sky130_fd_sc_hd__dfxtp_2)
                         -0.25   11.72   clock uncertainty
                          0.10   11.82   clock reconvergence pessimism
                         -0.28   11.54   library setup time
                                 11.54   data required time
-----------------------------------------------------------------------------
                                 11.54   data required time
                                -15.07   data arrival time
-----------------------------------------------------------------------------
                                 -3.53   slack (VIOLATED)



======================= Typical Corner ===================================

No paths found.


===========================================================================
 report_check_types -max_slew -max_cap -max_fanout -violators
============================================================================
======================= Fastest Corner ===================================

max fanout

Pin                                   Limit Fanout  Slack
---------------------------------------------------------
clkbuf_leaf_113_clk/X                    10     17     -7 (VIOLATED)
clkbuf_leaf_32_clk/X                     10     17     -7 (VIOLATED)
clkbuf_leaf_0_clk/X                      10     16     -6 (VIOLATED)
clkbuf_leaf_35_clk/X                     10     16     -6 (VIOLATED)
clkbuf_leaf_85_clk/X                     10     16     -6 (VIOLATED)
clkbuf_4_13__f_clk/X                     10     15     -5 (VIOLATED)
clkbuf_4_8__f_clk/X                      10     15     -5 (VIOLATED)
clkbuf_leaf_128_clk/X                    10     15     -5 (VIOLATED)
clkbuf_leaf_158_clk/X                    10     15     -5 (VIOLATED)
clkbuf_leaf_172_clk/X                    10     15     -5 (VIOLATED)
clkbuf_leaf_19_clk/X                     10     15     -5 (VIOLATED)
clkbuf_leaf_29_clk/X                     10     15     -5 (VIOLATED)
clkbuf_leaf_44_clk/X                     10     15     -5 (VIOLATED)
_07160_/X                                10     14     -4 (VIOLATED)
clkbuf_leaf_102_clk/X                    10     14     -4 (VIOLATED)
clkbuf_leaf_167_clk/X                    10     14     -4 (VIOLATED)
clkbuf_leaf_90_clk/X                     10     14     -4 (VIOLATED)
clkbuf_leaf_92_clk/X                     10     14     -4 (VIOLATED)
clkbuf_4_11__f_clk/X                     10     13     -3 (VIOLATED)
clkbuf_leaf_105_clk/X                    10     13     -3 (VIOLATED)
clkbuf_leaf_116_clk/X                    10     13     -3 (VIOLATED)
clkbuf_leaf_129_clk/X                    10     13     -3 (VIOLATED)
clkbuf_leaf_12_clk/X                     10     13     -3 (VIOLATED)
clkbuf_leaf_144_clk/X                    10     13     -3 (VIOLATED)
clkbuf_leaf_153_clk/X                    10     13     -3 (VIOLATED)
clkbuf_leaf_23_clk/X                     10     13     -3 (VIOLATED)
clkbuf_leaf_31_clk/X                     10     13     -3 (VIOLATED)
_06914_/X                                10     12     -2 (VIOLATED)
_07164_/X                                10     12     -2 (VIOLATED)
_08145_/X                                10     12     -2 (VIOLATED)
clkbuf_4_10__f_clk/X                     10     12     -2 (VIOLATED)
clkbuf_4_15__f_clk/X                     10     12     -2 (VIOLATED)
clkbuf_4_5__f_clk/X                      10     12     -2 (VIOLATED)
clkbuf_4_9__f_clk/X                      10     12     -2 (VIOLATED)
clkbuf_leaf_118_clk/X                    10     12     -2 (VIOLATED)
clkbuf_leaf_119_clk/X                    10     12     -2 (VIOLATED)
clkbuf_leaf_134_clk/X                    10     12     -2 (VIOLATED)
clkbuf_leaf_138_clk/X                    10     12     -2 (VIOLATED)
clkbuf_leaf_149_clk/X                    10     12     -2 (VIOLATED)
clkbuf_leaf_164_clk/X                    10     12     -2 (VIOLATED)
clkbuf_leaf_25_clk/X                     10     12     -2 (VIOLATED)
clkbuf_leaf_30_clk/X                     10     12     -2 (VIOLATED)
clkbuf_leaf_38_clk/X                     10     12     -2 (VIOLATED)
clkbuf_leaf_3_clk/X                      10     12     -2 (VIOLATED)
clkbuf_leaf_48_clk/X                     10     12     -2 (VIOLATED)
clkbuf_leaf_49_clk/X                     10     12     -2 (VIOLATED)
clkbuf_leaf_6_clk/X                      10     12     -2 (VIOLATED)
clkbuf_leaf_74_clk/X                     10     12     -2 (VIOLATED)
clkbuf_leaf_87_clk/X                     10     12     -2 (VIOLATED)
clkbuf_leaf_93_clk/X                     10     12     -2 (VIOLATED)
clkbuf_leaf_9_clk/X                      10     12     -2 (VIOLATED)
input14/X                                10     12     -2 (VIOLATED)
_07159_/X                                10     11        (VIOLATED)
_07162_/X                                10     11        (VIOLATED)
_07261_/X                                10     11        (VIOLATED)
_08146_/X                                10     11        (VIOLATED)
_08443_/X                                10     11        (VIOLATED)
_08460_/X                                10     11        (VIOLATED)
_10770_/X                                10     11        (VIOLATED)
_12172_/X                                10     11        (VIOLATED)
clkbuf_4_2__f_clk/X                      10     11        (VIOLATED)
clkbuf_4_3__f_clk/X                      10     11        (VIOLATED)
clkbuf_4_7__f_clk/X                      10     11        (VIOLATED)
clkbuf_leaf_101_clk/X                    10     11        (VIOLATED)
clkbuf_leaf_103_clk/X                    10     11        (VIOLATED)
clkbuf_leaf_109_clk/X                    10     11        (VIOLATED)
clkbuf_leaf_10_clk/X                     10     11        (VIOLATED)
clkbuf_leaf_140_clk/X                    10     11        (VIOLATED)
clkbuf_leaf_148_clk/X                    10     11        (VIOLATED)
clkbuf_leaf_156_clk/X                    10     11        (VIOLATED)
clkbuf_leaf_163_clk/X                    10     11        (VIOLATED)
clkbuf_leaf_16_clk/X                     10     11        (VIOLATED)
clkbuf_leaf_20_clk/X                     10     11        (VIOLATED)
clkbuf_leaf_21_clk/X                     10     11        (VIOLATED)
clkbuf_leaf_22_clk/X                     10     11        (VIOLATED)
clkbuf_leaf_47_clk/X                     10     11        (VIOLATED)
clkbuf_leaf_69_clk/X                     10     11        (VIOLATED)
clkbuf_leaf_84_clk/X                     10     11        (VIOLATED)
clkbuf_leaf_8_clk/X                      10     11        (VIOLATED)


======================= Slowest Corner ===================================

max slew

Pin                                    Limit    Slew   Slack
------------------------------------------------------------
ANTENNA_69/DIODE                        0.75    1.02   -0.27 (VIOLATED)
_12160_/D_N                             0.75    1.02   -0.27 (VIOLATED)
_08904_/A1                              0.75    1.02   -0.27 (VIOLATED)
_08903_/Y                               0.75    1.02   -0.27 (VIOLATED)
_07746_/B1                              0.75    1.02   -0.27 (VIOLATED)
_07745_/Y                               0.75    1.02   -0.27 (VIOLATED)
_10352_/S                               0.75    0.85   -0.10 (VIOLATED)
_10354_/S                               0.75    0.85   -0.10 (VIOLATED)
_10350_/S                               0.75    0.85   -0.10 (VIOLATED)
_10356_/S                               0.75    0.85   -0.10 (VIOLATED)
_10358_/S                               0.75    0.85   -0.10 (VIOLATED)
_10348_/S                               0.75    0.85   -0.10 (VIOLATED)
_10327_/A                               0.75    0.85   -0.10 (VIOLATED)
_10326_/Y                               0.75    0.85   -0.10 (VIOLATED)
_07428_/B1                              0.75    0.85   -0.10 (VIOLATED)
_07427_/Y                               0.75    0.85   -0.10 (VIOLATED)
_07799_/B1                              0.75    0.82   -0.07 (VIOLATED)
_07798_/Y                               0.75    0.82   -0.07 (VIOLATED)
_08609_/Y                               0.75    0.81   -0.06 (VIOLATED)
max_cap1/A                              0.75    0.81   -0.06 (VIOLATED)
max_cap90/A                             0.75    0.81   -0.06 (VIOLATED)
_11163_/S                               0.75    0.80   -0.05 (VIOLATED)
_11161_/S                               0.75    0.80   -0.05 (VIOLATED)
_11155_/S                               0.75    0.80   -0.05 (VIOLATED)
_11153_/S                               0.75    0.80   -0.05 (VIOLATED)
_11132_/A                               0.75    0.80   -0.05 (VIOLATED)
_11159_/S                               0.75    0.80   -0.05 (VIOLATED)
_11157_/S                               0.75    0.80   -0.05 (VIOLATED)
_11131_/Y                               0.75    0.80   -0.05 (VIOLATED)
_07260_/B1                              0.75    0.78   -0.03 (VIOLATED)
_07259_/Y                               0.75    0.78   -0.03 (VIOLATED)

max fanout

Pin                                   Limit Fanout  Slack
---------------------------------------------------------
clkbuf_leaf_113_clk/X                    10     17     -7 (VIOLATED)
clkbuf_leaf_32_clk/X                     10     17     -7 (VIOLATED)
clkbuf_leaf_0_clk/X                      10     16     -6 (VIOLATED)
clkbuf_leaf_35_clk/X                     10     16     -6 (VIOLATED)
clkbuf_leaf_85_clk/X                     10     16     -6 (VIOLATED)
clkbuf_4_13__f_clk/X                     10     15     -5 (VIOLATED)
clkbuf_4_8__f_clk/X                      10     15     -5 (VIOLATED)
clkbuf_leaf_128_clk/X                    10     15     -5 (VIOLATED)
clkbuf_leaf_158_clk/X                    10     15     -5 (VIOLATED)
clkbuf_leaf_172_clk/X                    10     15     -5 (VIOLATED)
clkbuf_leaf_19_clk/X                     10     15     -5 (VIOLATED)
clkbuf_leaf_29_clk/X                     10     15     -5 (VIOLATED)
clkbuf_leaf_44_clk/X                     10     15     -5 (VIOLATED)
_07160_/X                                10     14     -4 (VIOLATED)
clkbuf_leaf_102_clk/X                    10     14     -4 (VIOLATED)
clkbuf_leaf_167_clk/X                    10     14     -4 (VIOLATED)
clkbuf_leaf_90_clk/X                     10     14     -4 (VIOLATED)
clkbuf_leaf_92_clk/X                     10     14     -4 (VIOLATED)
clkbuf_4_11__f_clk/X                     10     13     -3 (VIOLATED)
clkbuf_leaf_105_clk/X                    10     13     -3 (VIOLATED)
clkbuf_leaf_116_clk/X                    10     13     -3 (VIOLATED)
clkbuf_leaf_129_clk/X                    10     13     -3 (VIOLATED)
clkbuf_leaf_12_clk/X                     10     13     -3 (VIOLATED)
clkbuf_leaf_144_clk/X                    10     13     -3 (VIOLATED)
clkbuf_leaf_153_clk/X                    10     13     -3 (VIOLATED)
clkbuf_leaf_23_clk/X                     10     13     -3 (VIOLATED)
clkbuf_leaf_31_clk/X                     10     13     -3 (VIOLATED)
_06914_/X                                10     12     -2 (VIOLATED)
_07164_/X                                10     12     -2 (VIOLATED)
_08145_/X                                10     12     -2 (VIOLATED)
clkbuf_4_10__f_clk/X                     10     12     -2 (VIOLATED)
clkbuf_4_15__f_clk/X                     10     12     -2 (VIOLATED)
clkbuf_4_5__f_clk/X                      10     12     -2 (VIOLATED)
clkbuf_4_9__f_clk/X                      10     12     -2 (VIOLATED)
clkbuf_leaf_118_clk/X                    10     12     -2 (VIOLATED)
clkbuf_leaf_119_clk/X                    10     12     -2 (VIOLATED)
clkbuf_leaf_134_clk/X                    10     12     -2 (VIOLATED)
clkbuf_leaf_138_clk/X                    10     12     -2 (VIOLATED)
clkbuf_leaf_149_clk/X                    10     12     -2 (VIOLATED)
clkbuf_leaf_164_clk/X                    10     12     -2 (VIOLATED)
clkbuf_leaf_25_clk/X                     10     12     -2 (VIOLATED)
clkbuf_leaf_30_clk/X                     10     12     -2 (VIOLATED)
clkbuf_leaf_38_clk/X                     10     12     -2 (VIOLATED)
clkbuf_leaf_3_clk/X                      10     12     -2 (VIOLATED)
clkbuf_leaf_48_clk/X                     10     12     -2 (VIOLATED)
clkbuf_leaf_49_clk/X                     10     12     -2 (VIOLATED)
clkbuf_leaf_6_clk/X                      10     12     -2 (VIOLATED)
clkbuf_leaf_74_clk/X                     10     12     -2 (VIOLATED)
clkbuf_leaf_87_clk/X                     10     12     -2 (VIOLATED)
clkbuf_leaf_93_clk/X                     10     12     -2 (VIOLATED)
clkbuf_leaf_9_clk/X                      10     12     -2 (VIOLATED)
input14/X                                10     12     -2 (VIOLATED)
_07159_/X                                10     11        (VIOLATED)
_07162_/X                                10     11        (VIOLATED)
_07261_/X                                10     11        (VIOLATED)
_08146_/X                                10     11        (VIOLATED)
_08443_/X                                10     11        (VIOLATED)
_08460_/X                                10     11        (VIOLATED)
_10770_/X                                10     11        (VIOLATED)
_12172_/X                                10     11        (VIOLATED)
clkbuf_4_2__f_clk/X                      10     11        (VIOLATED)
clkbuf_4_3__f_clk/X                      10     11        (VIOLATED)
clkbuf_4_7__f_clk/X                      10     11        (VIOLATED)
clkbuf_leaf_101_clk/X                    10     11        (VIOLATED)
clkbuf_leaf_103_clk/X                    10     11        (VIOLATED)
clkbuf_leaf_109_clk/X                    10     11        (VIOLATED)
clkbuf_leaf_10_clk/X                     10     11        (VIOLATED)
clkbuf_leaf_140_clk/X                    10     11        (VIOLATED)
clkbuf_leaf_148_clk/X                    10     11        (VIOLATED)
clkbuf_leaf_156_clk/X                    10     11        (VIOLATED)
clkbuf_leaf_163_clk/X                    10     11        (VIOLATED)
clkbuf_leaf_16_clk/X                     10     11        (VIOLATED)
clkbuf_leaf_20_clk/X                     10     11        (VIOLATED)
clkbuf_leaf_21_clk/X                     10     11        (VIOLATED)
clkbuf_leaf_22_clk/X                     10     11        (VIOLATED)
clkbuf_leaf_47_clk/X                     10     11        (VIOLATED)
clkbuf_leaf_69_clk/X                     10     11        (VIOLATED)
clkbuf_leaf_84_clk/X                     10     11        (VIOLATED)
clkbuf_leaf_8_clk/X                      10     11        (VIOLATED)


======================= Typical Corner ===================================

max fanout

Pin                                   Limit Fanout  Slack
---------------------------------------------------------
clkbuf_leaf_113_clk/X                    10     17     -7 (VIOLATED)
clkbuf_leaf_32_clk/X                     10     17     -7 (VIOLATED)
clkbuf_leaf_0_clk/X                      10     16     -6 (VIOLATED)
clkbuf_leaf_35_clk/X                     10     16     -6 (VIOLATED)
clkbuf_leaf_85_clk/X                     10     16     -6 (VIOLATED)
clkbuf_4_13__f_clk/X                     10     15     -5 (VIOLATED)
clkbuf_4_8__f_clk/X                      10     15     -5 (VIOLATED)
clkbuf_leaf_128_clk/X                    10     15     -5 (VIOLATED)
clkbuf_leaf_158_clk/X                    10     15     -5 (VIOLATED)
clkbuf_leaf_172_clk/X                    10     15     -5 (VIOLATED)
clkbuf_leaf_19_clk/X                     10     15     -5 (VIOLATED)
clkbuf_leaf_29_clk/X                     10     15     -5 (VIOLATED)
clkbuf_leaf_44_clk/X                     10     15     -5 (VIOLATED)
_07160_/X                                10     14     -4 (VIOLATED)
clkbuf_leaf_102_clk/X                    10     14     -4 (VIOLATED)
clkbuf_leaf_167_clk/X                    10     14     -4 (VIOLATED)
clkbuf_leaf_90_clk/X                     10     14     -4 (VIOLATED)
clkbuf_leaf_92_clk/X                     10     14     -4 (VIOLATED)
clkbuf_4_11__f_clk/X                     10     13     -3 (VIOLATED)
clkbuf_leaf_105_clk/X                    10     13     -3 (VIOLATED)
clkbuf_leaf_116_clk/X                    10     13     -3 (VIOLATED)
clkbuf_leaf_129_clk/X                    10     13     -3 (VIOLATED)
clkbuf_leaf_12_clk/X                     10     13     -3 (VIOLATED)
clkbuf_leaf_144_clk/X                    10     13     -3 (VIOLATED)
clkbuf_leaf_153_clk/X                    10     13     -3 (VIOLATED)
clkbuf_leaf_23_clk/X                     10     13     -3 (VIOLATED)
clkbuf_leaf_31_clk/X                     10     13     -3 (VIOLATED)
_06914_/X                                10     12     -2 (VIOLATED)
_07164_/X                                10     12     -2 (VIOLATED)
_08145_/X                                10     12     -2 (VIOLATED)
clkbuf_4_10__f_clk/X                     10     12     -2 (VIOLATED)
clkbuf_4_15__f_clk/X                     10     12     -2 (VIOLATED)
clkbuf_4_5__f_clk/X                      10     12     -2 (VIOLATED)
clkbuf_4_9__f_clk/X                      10     12     -2 (VIOLATED)
clkbuf_leaf_118_clk/X                    10     12     -2 (VIOLATED)
clkbuf_leaf_119_clk/X                    10     12     -2 (VIOLATED)
clkbuf_leaf_134_clk/X                    10     12     -2 (VIOLATED)
clkbuf_leaf_138_clk/X                    10     12     -2 (VIOLATED)
clkbuf_leaf_149_clk/X                    10     12     -2 (VIOLATED)
clkbuf_leaf_164_clk/X                    10     12     -2 (VIOLATED)
clkbuf_leaf_25_clk/X                     10     12     -2 (VIOLATED)
clkbuf_leaf_30_clk/X                     10     12     -2 (VIOLATED)
clkbuf_leaf_38_clk/X                     10     12     -2 (VIOLATED)
clkbuf_leaf_3_clk/X                      10     12     -2 (VIOLATED)
clkbuf_leaf_48_clk/X                     10     12     -2 (VIOLATED)
clkbuf_leaf_49_clk/X                     10     12     -2 (VIOLATED)
clkbuf_leaf_6_clk/X                      10     12     -2 (VIOLATED)
clkbuf_leaf_74_clk/X                     10     12     -2 (VIOLATED)
clkbuf_leaf_87_clk/X                     10     12     -2 (VIOLATED)
clkbuf_leaf_93_clk/X                     10     12     -2 (VIOLATED)
clkbuf_leaf_9_clk/X                      10     12     -2 (VIOLATED)
input14/X                                10     12     -2 (VIOLATED)
_07159_/X                                10     11        (VIOLATED)
_07162_/X                                10     11        (VIOLATED)
_07261_/X                                10     11        (VIOLATED)
_08146_/X                                10     11        (VIOLATED)
_08443_/X                                10     11        (VIOLATED)
_08460_/X                                10     11        (VIOLATED)
_10770_/X                                10     11        (VIOLATED)
_12172_/X                                10     11        (VIOLATED)
clkbuf_4_2__f_clk/X                      10     11        (VIOLATED)
clkbuf_4_3__f_clk/X                      10     11        (VIOLATED)
clkbuf_4_7__f_clk/X                      10     11        (VIOLATED)
clkbuf_leaf_101_clk/X                    10     11        (VIOLATED)
clkbuf_leaf_103_clk/X                    10     11        (VIOLATED)
clkbuf_leaf_109_clk/X                    10     11        (VIOLATED)
clkbuf_leaf_10_clk/X                     10     11        (VIOLATED)
clkbuf_leaf_140_clk/X                    10     11        (VIOLATED)
clkbuf_leaf_148_clk/X                    10     11        (VIOLATED)
clkbuf_leaf_156_clk/X                    10     11        (VIOLATED)
clkbuf_leaf_163_clk/X                    10     11        (VIOLATED)
clkbuf_leaf_16_clk/X                     10     11        (VIOLATED)
clkbuf_leaf_20_clk/X                     10     11        (VIOLATED)
clkbuf_leaf_21_clk/X                     10     11        (VIOLATED)
clkbuf_leaf_22_clk/X                     10     11        (VIOLATED)
clkbuf_leaf_47_clk/X                     10     11        (VIOLATED)
clkbuf_leaf_69_clk/X                     10     11        (VIOLATED)
clkbuf_leaf_84_clk/X                     10     11        (VIOLATED)
clkbuf_leaf_8_clk/X                      10     11        (VIOLATED)



===========================================================================
report_parasitic_annotation -report_unannotated
============================================================================
Found 0 unannotated drivers.
Found 0 partially unannotated drivers.

===========================================================================
max slew violation count 31
max fanout violation count 79
max cap violation count 0
============================================================================

===========================================================================
check_setup -verbose -unconstrained_endpoints -multiple_clock -no_clock -no_input_delay -loops -generated_clocks
===========================================================================
