
===========================================================================
 report_power
============================================================================
======================= Fastest Corner ===================================

Group                  Internal  Switching    Leakage      Total
                          Power      Power      Power      Power (Watts)
----------------------------------------------------------------
Sequential             8.23e-03   4.99e-04   2.41e-08   8.73e-03  41.8%
Combinational          6.46e-03   5.67e-03   1.01e-07   1.21e-02  58.2%
Macro                  0.00e+00   0.00e+00   0.00e+00   0.00e+00   0.0%
Pad                    0.00e+00   0.00e+00   0.00e+00   0.00e+00   0.0%
----------------------------------------------------------------
Total                  1.47e-02   6.17e-03   1.25e-07   2.09e-02 100.0%
                          70.4%      29.6%       0.0%

======================= Slowest Corner ===================================

Group                  Internal  Switching    Leakage      Total
                          Power      Power      Power      Power (Watts)
----------------------------------------------------------------
Sequential             5.53e-03   3.23e-04   2.41e-05   5.87e-03  41.3%
Combinational          4.60e-03   3.69e-03   5.36e-05   8.34e-03  58.7%
Macro                  0.00e+00   0.00e+00   0.00e+00   0.00e+00   0.0%
Pad                    0.00e+00   0.00e+00   0.00e+00   0.00e+00   0.0%
----------------------------------------------------------------
Total                  1.01e-02   4.01e-03   7.77e-05   1.42e-02 100.0%
                          71.2%      28.2%       0.5%

======================= Typical Corner ===================================

Group                  Internal  Switching    Leakage      Total
                          Power      Power      Power      Power (Watts)
----------------------------------------------------------------
Sequential             7.09e-03   4.16e-04   1.38e-08   7.51e-03  41.8%
Combinational          5.68e-03   4.77e-03   5.06e-08   1.05e-02  58.2%
Macro                  0.00e+00   0.00e+00   0.00e+00   0.00e+00   0.0%
Pad                    0.00e+00   0.00e+00   0.00e+00   0.00e+00   0.0%
----------------------------------------------------------------
Total                  1.28e-02   5.19e-03   6.44e-08   1.80e-02 100.0%
                          71.1%      28.9%       0.0%

