Wed Mar 25 07:41:25 UTC 2026 - Executing "openroad -exit -no_init -python /openlane/scripts/odbpy/lefutil.py get_metal_layers -o /openlane/designs/my_processor/runs/RUN_2026.03.25_07.41.25/tmp/layers.list /home/kushagra/.ciel/sky130A/libs.ref/sky130_fd_sc_hd/techlef/sky130_fd_sc_hd__nom.tlef"

Wed Mar 25 07:41:26 UTC 2026 - Executing "/openlane/scripts/mergeLef.py -o /openlane/designs/my_processor/runs/RUN_2026.03.25_07.41.25/tmp/merged.nom.lef -i /home/kushagra/.ciel/sky130A/libs.ref/sky130_fd_sc_hd/techlef/sky130_fd_sc_hd__nom.tlef {/home/kushagra/.ciel/sky130A/libs.ref/sky130_fd_sc_hd/lef/sky130_fd_sc_hd.lef /home/kushagra/.ciel/sky130A/libs.ref/sky130_fd_sc_hd/lef/sky130_ef_sc_hd.lef} |& tee /dev/null"

Wed Mar 25 07:41:26 UTC 2026 - Executing "/openlane/scripts/mergeLef.py -o /openlane/designs/my_processor/runs/RUN_2026.03.25_07.41.25/tmp/merged.min.lef -i /home/kushagra/.ciel/sky130A/libs.ref/sky130_fd_sc_hd/techlef/sky130_fd_sc_hd__min.tlef {/home/kushagra/.ciel/sky130A/libs.ref/sky130_fd_sc_hd/lef/sky130_fd_sc_hd.lef /home/kushagra/.ciel/sky130A/libs.ref/sky130_fd_sc_hd/lef/sky130_ef_sc_hd.lef} |& tee /dev/null"

Wed Mar 25 07:41:26 UTC 2026 - Executing "/openlane/scripts/mergeLef.py -o /openlane/designs/my_processor/runs/RUN_2026.03.25_07.41.25/tmp/merged.max.lef -i /home/kushagra/.ciel/sky130A/libs.ref/sky130_fd_sc_hd/techlef/sky130_fd_sc_hd__max.tlef {/home/kushagra/.ciel/sky130A/libs.ref/sky130_fd_sc_hd/lef/sky130_fd_sc_hd.lef /home/kushagra/.ciel/sky130A/libs.ref/sky130_fd_sc_hd/lef/sky130_ef_sc_hd.lef} |& tee /dev/null"

Wed Mar 25 07:41:26 UTC 2026 - Executing "python3 /openlane/scripts/mergeLib.py --output /openlane/designs/my_processor/runs/RUN_2026.03.25_07.41.25/tmp/synthesis/merged.lib --name sky130A_merged /home/kushagra/.ciel/sky130A/libs.ref/sky130_fd_sc_hd/lib/sky130_fd_sc_hd__tt_025C_1v80.lib"

Wed Mar 25 07:41:27 UTC 2026 - Executing "python3 /openlane/scripts/libtrim.py --cell-file /openlane/designs/my_processor/runs/RUN_2026.03.25_07.41.25/tmp/synthesis/trimmed.lib.exclude.list --output /openlane/designs/my_processor/runs/RUN_2026.03.25_07.41.25/tmp/synthesis/trimmed.lib /openlane/designs/my_processor/runs/RUN_2026.03.25_07.41.25/tmp/synthesis/merged.lib"

Wed Mar 25 07:41:27 UTC 2026 - Executing "python3 /openlane/scripts/libtrim.py --cell-file /openlane/designs/my_processor/runs/RUN_2026.03.25_07.41.25/tmp/cts/cts.lib.exclude.list --output /openlane/designs/my_processor/runs/RUN_2026.03.25_07.41.25/tmp/cts/cts.lib /home/kushagra/.ciel/sky130A/libs.ref/sky130_fd_sc_hd/lib/sky130_fd_sc_hd__tt_025C_1v80.lib"

Wed Mar 25 07:41:27 UTC 2026 - Executing "python3 /openlane/scripts/libtrim.py --cell-file /openlane/designs/my_processor/runs/RUN_2026.03.25_07.41.25/tmp/cts/cts-fastest.lib.exclude.list --output /openlane/designs/my_processor/runs/RUN_2026.03.25_07.41.25/tmp/cts/cts-fastest.lib /home/kushagra/.ciel/sky130A/libs.ref/sky130_fd_sc_hd/lib/sky130_fd_sc_hd__ff_n40C_1v95.lib"

Wed Mar 25 07:41:28 UTC 2026 - Executing "python3 /openlane/scripts/libtrim.py --cell-file /openlane/designs/my_processor/runs/RUN_2026.03.25_07.41.25/tmp/cts/cts-slowest.lib.exclude.list --output /openlane/designs/my_processor/runs/RUN_2026.03.25_07.41.25/tmp/cts/cts-slowest.lib /home/kushagra/.ciel/sky130A/libs.ref/sky130_fd_sc_hd/lib/sky130_fd_sc_hd__ss_100C_1v60.lib"

Wed Mar 25 07:41:28 UTC 2026 - Executing "python3 /openlane/scripts/new_tracks.py -i /home/kushagra/.ciel/sky130A/libs.tech/openlane/sky130_fd_sc_hd/tracks.info -o /openlane/designs/my_processor/runs/RUN_2026.03.25_07.41.25/tmp/routing/config.tracks"

Wed Mar 25 07:41:28 UTC 2026 - Executing "echo {OpenLane ff5509f65b17bfa4068d5336495ab1718987ff69} > /openlane/designs/my_processor/runs/RUN_2026.03.25_07.41.25/OPENLANE_COMMIT"

Wed Mar 25 07:41:28 UTC 2026 - Executing "bash -c {verilator  --lint-only  -Wall  --Wno-DECLFILENAME  --top-module pipelined_processor  /openlane/designs/my_processor/src/mux.v /openlane/designs/my_processor/src/ctrlUnit.v /openlane/designs/my_processor/src/Stage34_RR2EX.v /openlane/designs/my_processor/src/Stage23_ID2RR.v /openlane/designs/my_processor/src/InstrMem.v /openlane/designs/my_processor/src/dataMem.v /openlane/designs/my_processor/src/branchHist.v /openlane/designs/my_processor/src/loadStoreMultiple.v /openlane/designs/my_processor/src/registerBank.v /openlane/designs/my_processor/src/aluCtrl.v /openlane/designs/my_processor/src/Stage12_IF2ID.v /openlane/designs/my_processor/src/Stage56_MM2WB.v /openlane/designs/my_processor/src/topModule_clean.v /openlane/designs/my_processor/src/frwdingCntrl.v /openlane/designs/my_processor/src/Stage45_EX2MM.v /openlane/designs/my_processor/src/branchJumpCtrl.v /openlane/designs/my_processor/src/ALU.v -Wno-fatal --relative-includes |& tee /openlane/designs/my_processor/runs/RUN_2026.03.25_07.41.25/logs/synthesis/linter.log /dev/null}"

Wed Mar 25 07:41:29 UTC 2026 - Executing "sed -E {s/^([[:space:]]+)pg_pin(.*)/\1pin\2\n\1    direction : "inout";/g} /home/kushagra/.ciel/sky130A/libs.ref/sky130_fd_sc_hd/lib/sky130_fd_sc_hd__tt_025C_1v80.lib > /openlane/designs/my_processor/runs/RUN_2026.03.25_07.41.25/tmp/synthesis/1-sky130_fd_sc_hd__tt_025C_1v80.no_pg.lib"

Wed Mar 25 07:41:29 UTC 2026 - Executing "sed -E {s/^([[:space:]]+)pg_pin(.*)/\1pin\2\n\1    direction : "inout";/g} /openlane/designs/my_processor/runs/RUN_2026.03.25_07.41.25/tmp/synthesis/trimmed.lib > /openlane/designs/my_processor/runs/RUN_2026.03.25_07.41.25/tmp/synthesis/1-trimmed.no_pg.lib"

Wed Mar 25 07:41:29 UTC 2026 - Executing "yosys -c /openlane/scripts/yosys/synth.tcl |& tee /dev/null /openlane/designs/my_processor/runs/RUN_2026.03.25_07.41.25/logs/synthesis/1-synthesis.log"

Wed Mar 25 07:42:00 UTC 2026 - Executing "sed -i.bak -e {s/\(set ::env(CURRENT_NETLIST)\).*/\1 \/openlane\/designs\/my_processor\/runs\/RUN_2026.03.25_07.41.25\/results\/synthesis\/pipelined_processor.v/} /openlane/designs/my_processor/runs/RUN_2026.03.25_07.41.25/config.tcl"

Wed Mar 25 07:42:00 UTC 2026 - Executing "sed -i.bak /defparam/d /openlane/designs/my_processor/runs/RUN_2026.03.25_07.41.25/results/synthesis/pipelined_processor.v"

Wed Mar 25 07:42:00 UTC 2026 - Executing "sta -exit -no_init /openlane/scripts/openroad/sta/multi_corner.tcl |& tee /dev/null /openlane/designs/my_processor/runs/RUN_2026.03.25_07.41.25/logs/synthesis/2-sta.log"

Wed Mar 25 07:42:02 UTC 2026 - Executing "openroad -exit /openlane/scripts/openroad/floorplan.tcl |& tee /dev/null /openlane/designs/my_processor/runs/RUN_2026.03.25_07.41.25/logs/floorplan/3-initial_fp.log"

Wed Mar 25 07:42:03 UTC 2026 - Executing "openroad -exit -no_init -python /openlane/scripts/odbpy/defutil.py extract_core_dims --output-data /openlane/designs/my_processor/runs/RUN_2026.03.25_07.41.25/tmp/dimensions.txt --input-lef /openlane/designs/my_processor/runs/RUN_2026.03.25_07.41.25/tmp/merged.nom.lef /openlane/designs/my_processor/runs/RUN_2026.03.25_07.41.25/tmp/floorplan/3-initial_fp.def"

Wed Mar 25 07:42:04 UTC 2026 - Executing "openroad -exit /openlane/scripts/openroad/ioplacer.tcl |& tee /dev/null /openlane/designs/my_processor/runs/RUN_2026.03.25_07.41.25/logs/floorplan/4-io.log"

Wed Mar 25 07:42:05 UTC 2026 - Executing "openroad -exit /openlane/scripts/openroad/tapcell.tcl |& tee /dev/null /openlane/designs/my_processor/runs/RUN_2026.03.25_07.41.25/logs/floorplan/5-tap.log"

Wed Mar 25 07:42:06 UTC 2026 - Executing "openroad -exit /openlane/scripts/openroad/pdn.tcl |& tee /dev/null /openlane/designs/my_processor/runs/RUN_2026.03.25_07.41.25/logs/floorplan/6-pdn.log"

Wed Mar 25 07:42:07 UTC 2026 - Executing "openroad -exit /openlane/scripts/openroad/gpl.tcl |& tee /dev/null /openlane/designs/my_processor/runs/RUN_2026.03.25_07.41.25/logs/placement/7-global.log"

Wed Mar 25 07:42:32 UTC 2026 - Executing "sed -i.bak -e {s/\(set ::env(CURRENT_NETLIST)\).*/\1 \/openlane\/designs\/my_processor\/runs\/RUN_2026.03.25_07.41.25\/tmp\/placement\/7-global.nl.v/} /openlane/designs/my_processor/runs/RUN_2026.03.25_07.41.25/config.tcl"

Wed Mar 25 07:42:32 UTC 2026 - Executing "openroad -exit /openlane/scripts/openroad/sta/multi_corner.tcl |& tee /dev/null /openlane/designs/my_processor/runs/RUN_2026.03.25_07.41.25/logs/placement/8-gpl_sta.log"

Wed Mar 25 07:42:35 UTC 2026 - Executing "openroad -exit /openlane/scripts/openroad/resizer.tcl |& tee /dev/null /openlane/designs/my_processor/runs/RUN_2026.03.25_07.41.25/logs/placement/9-resizer.log"

Wed Mar 25 07:42:42 UTC 2026 - Executing "sed -i.bak -e {s/\(set ::env(CURRENT_NETLIST)\).*/\1 \/openlane\/designs\/my_processor\/runs\/RUN_2026.03.25_07.41.25\/tmp\/placement\/9-resizer.nl.v/} /openlane/designs/my_processor/runs/RUN_2026.03.25_07.41.25/config.tcl"

Wed Mar 25 07:42:42 UTC 2026 - Executing "openroad -exit /openlane/scripts/openroad/dpl.tcl |& tee /dev/null /openlane/designs/my_processor/runs/RUN_2026.03.25_07.41.25/logs/placement/10-detailed.log"

Wed Mar 25 07:42:43 UTC 2026 - Executing "sed -i.bak -e {s/\(set ::env(CURRENT_NETLIST)\).*/\1 \/openlane\/designs\/my_processor\/runs\/RUN_2026.03.25_07.41.25\/results\/placement\/pipelined_processor.nl.v/} /openlane/designs/my_processor/runs/RUN_2026.03.25_07.41.25/config.tcl"

Wed Mar 25 07:42:43 UTC 2026 - Executing "openroad -exit /openlane/scripts/openroad/sta/multi_corner.tcl |& tee /dev/null /openlane/designs/my_processor/runs/RUN_2026.03.25_07.41.25/logs/placement/11-dpl_sta.log"

Wed Mar 25 07:42:46 UTC 2026 - Executing "openroad -exit /openlane/scripts/openroad/cts.tcl |& tee /dev/null /openlane/designs/my_processor/runs/RUN_2026.03.25_07.41.25/logs/cts/12-cts.log"

Wed Mar 25 07:43:27 UTC 2026 - Executing "openroad -exit /openlane/scripts/openroad/sta/multi_corner.tcl |& tee /dev/null /openlane/designs/my_processor/runs/RUN_2026.03.25_07.41.25/logs/cts/13-cts_sta.log"

Wed Mar 25 07:43:31 UTC 2026 - Executing "openroad -exit /openlane/scripts/openroad/resizer_timing.tcl |& tee /dev/null /openlane/designs/my_processor/runs/RUN_2026.03.25_07.41.25/logs/cts/14-resizer.log"

Wed Mar 25 07:43:43 UTC 2026 - Executing "sed -i.bak -e {s/\(set ::env(CURRENT_NETLIST)\).*/\1 \/openlane\/designs\/my_processor\/runs\/RUN_2026.03.25_07.41.25\/tmp\/cts\/14-pipelined_processor.resized.nl.v/} /openlane/designs/my_processor/runs/RUN_2026.03.25_07.41.25/config.tcl"

Wed Mar 25 07:43:43 UTC 2026 - Executing "openroad -exit /openlane/scripts/openroad/resizer_routing_design.tcl |& tee /dev/null /openlane/designs/my_processor/runs/RUN_2026.03.25_07.41.25/logs/routing/15-resizer_design.log"

Wed Mar 25 07:43:54 UTC 2026 - Executing "sed -i.bak -e {s/\(set ::env(CURRENT_NETLIST)\).*/\1 \/openlane\/designs\/my_processor\/runs\/RUN_2026.03.25_07.41.25\/tmp\/15-pipelined_processor.nl.v/} /openlane/designs/my_processor/runs/RUN_2026.03.25_07.41.25/config.tcl"

Wed Mar 25 07:43:54 UTC 2026 - Executing "openroad -exit /openlane/scripts/openroad/sta/multi_corner.tcl |& tee /dev/null /openlane/designs/my_processor/runs/RUN_2026.03.25_07.41.25/logs/routing/16-rsz_design_sta.log"

Wed Mar 25 07:43:58 UTC 2026 - Executing "openroad -exit /openlane/scripts/openroad/resizer_routing_timing.tcl |& tee /dev/null /openlane/designs/my_processor/runs/RUN_2026.03.25_07.41.25/logs/routing/17-resizer_timing.log"

Wed Mar 25 07:44:05 UTC 2026 - Executing "sed -i.bak -e {s/\(set ::env(CURRENT_NETLIST)\).*/\1 \/openlane\/designs\/my_processor\/runs\/RUN_2026.03.25_07.41.25\/tmp\/17-pipelined_processor.nl.v/} /openlane/designs/my_processor/runs/RUN_2026.03.25_07.41.25/config.tcl"

Wed Mar 25 07:44:05 UTC 2026 - Executing "openroad -exit /openlane/scripts/openroad/sta/multi_corner.tcl |& tee /dev/null /openlane/designs/my_processor/runs/RUN_2026.03.25_07.41.25/logs/routing/18-rsz_timing_sta.log"

Wed Mar 25 07:44:10 UTC 2026 - Executing "openroad -exit /openlane/scripts/openroad/groute.tcl |& tee /dev/null /openlane/designs/my_processor/runs/RUN_2026.03.25_07.41.25/logs/routing/19-global.log"

Wed Mar 25 07:44:16 UTC 2026 - Executing "openroad -exit /openlane/scripts/openroad/write_views.tcl |& tee /dev/null /openlane/designs/my_processor/runs/RUN_2026.03.25_07.41.25/logs/routing/19-global_write_netlist.log"

Wed Mar 25 07:44:17 UTC 2026 - Executing "sed -i.bak -e {s/\(set ::env(CURRENT_NETLIST)\).*/\1 \/openlane\/designs\/my_processor\/runs\/RUN_2026.03.25_07.41.25\/tmp\/routing\/global.nl.v/} /openlane/designs/my_processor/runs/RUN_2026.03.25_07.41.25/config.tcl"

Wed Mar 25 07:44:17 UTC 2026 - Executing "openroad -exit /openlane/scripts/openroad/sta/multi_corner.tcl |& tee /dev/null /openlane/designs/my_processor/runs/RUN_2026.03.25_07.41.25/logs/routing/21-grt_sta.log"

Wed Mar 25 07:44:20 UTC 2026 - Executing "openroad -exit /openlane/scripts/openroad/fill.tcl |& tee /dev/null /openlane/designs/my_processor/runs/RUN_2026.03.25_07.41.25/logs/routing/22-fill.log"

Wed Mar 25 07:44:22 UTC 2026 - Executing "sed -i.bak -e {s/\(set ::env(CURRENT_NETLIST)\).*/\1 \/openlane\/designs\/my_processor\/runs\/RUN_2026.03.25_07.41.25\/tmp\/routing\/22-fill.nl.v/} /openlane/designs/my_processor/runs/RUN_2026.03.25_07.41.25/config.tcl"

Wed Mar 25 07:44:22 UTC 2026 - Executing "openroad -exit /openlane/scripts/openroad/droute.tcl |& tee /dev/null /openlane/designs/my_processor/runs/RUN_2026.03.25_07.41.25/logs/routing/23-detailed.log"

