
===========================================================================
 report_power
============================================================================
======================= Fastest Corner ===================================

Group                  Internal  Switching    Leakage      Total
                          Power      Power      Power      Power (Watts)
----------------------------------------------------------------
Sequential             8.23e-03   5.25e-04   2.41e-08   8.75e-03  41.3%
Combinational          6.47e-03   5.96e-03   1.01e-07   1.24e-02  58.7%
Macro                  0.00e+00   0.00e+00   0.00e+00   0.00e+00   0.0%
Pad                    0.00e+00   0.00e+00   0.00e+00   0.00e+00   0.0%
----------------------------------------------------------------
Total                  1.47e-02   6.48e-03   1.25e-07   2.12e-02 100.0%
                          69.4%      30.6%       0.0%

======================= Slowest Corner ===================================

Group                  Internal  Switching    Leakage      Total
                          Power      Power      Power      Power (Watts)
----------------------------------------------------------------
Sequential             5.52e-03   3.40e-04   2.41e-05   5.89e-03  40.8%
Combinational          4.61e-03   3.88e-03   5.36e-05   8.54e-03  59.2%
Macro                  0.00e+00   0.00e+00   0.00e+00   0.00e+00   0.0%
Pad                    0.00e+00   0.00e+00   0.00e+00   0.00e+00   0.0%
----------------------------------------------------------------
Total                  1.01e-02   4.22e-03   7.77e-05   1.44e-02 100.0%
                          70.2%      29.3%       0.5%

======================= Typical Corner ===================================

Group                  Internal  Switching    Leakage      Total
                          Power      Power      Power      Power (Watts)
----------------------------------------------------------------
Sequential             7.09e-03   4.38e-04   1.38e-08   7.53e-03  41.3%
Combinational          5.68e-03   5.01e-03   5.06e-08   1.07e-02  58.7%
Macro                  0.00e+00   0.00e+00   0.00e+00   0.00e+00   0.0%
Pad                    0.00e+00   0.00e+00   0.00e+00   0.00e+00   0.0%
----------------------------------------------------------------
Total                  1.28e-02   5.45e-03   6.44e-08   1.82e-02 100.0%
                          70.1%      29.9%       0.0%

