
===========================================================================
report_checks -unconstrained
===========================================================================
======================= Typical Corner ===================================

Startpoint: _15716_ (rising edge-triggered flip-flop clocked by clk)
Endpoint: _15681_ (rising edge-triggered flip-flop clocked by clk)
Path Group: clk
Path Type: max

Fanout     Cap    Slew   Delay    Time   Description
-----------------------------------------------------------------------------
                          0.00    0.00   clock clk (rise edge)
                          0.00    0.00   clock source latency
                  0.35    0.26    0.26 ^ clk (in)
     2    0.08                           clk (net)
                  0.35    0.00    0.26 ^ clkbuf_0_clk/A (sky130_fd_sc_hd__clkbuf_16)
                  0.28    0.40    0.66 ^ clkbuf_0_clk/X (sky130_fd_sc_hd__clkbuf_16)
    16    0.27                           clknet_0_clk (net)
                  0.29    0.02    0.68 ^ clkbuf_4_3_0_clk/A (sky130_fd_sc_hd__clkbuf_8)
                  0.21    0.34    1.02 ^ clkbuf_4_3_0_clk/X (sky130_fd_sc_hd__clkbuf_8)
     8    0.12                           clknet_4_3_0_clk (net)
                  0.21    0.01    1.03 ^ clkbuf_leaf_132_clk/A (sky130_fd_sc_hd__clkbuf_16)
                  0.07    0.21    1.24 ^ clkbuf_leaf_132_clk/X (sky130_fd_sc_hd__clkbuf_16)
    13    0.04                           clknet_leaf_132_clk (net)
                  0.07    0.00    1.24 ^ _15716_/CLK (sky130_fd_sc_hd__dfxtp_1)
                  0.14    0.40    1.64 ^ _15716_/Q (sky130_fd_sc_hd__dfxtp_1)
     5    0.01                           ex_mm_reg.ALU_Result_Out[2] (net)
                  0.14    0.00    1.64 ^ _09139_/A (sky130_fd_sc_hd__buf_4)
                  0.11    0.20    1.84 ^ _09139_/X (sky130_fd_sc_hd__buf_4)
     6    0.04                           _03649_ (net)
                  0.11    0.00    1.84 ^ _09473_/A (sky130_fd_sc_hd__clkbuf_4)
                  0.19    0.28    2.12 ^ _09473_/X (sky130_fd_sc_hd__clkbuf_4)
     6    0.06                           _03983_ (net)
                  0.19    0.01    2.13 ^ _09500_/A (sky130_fd_sc_hd__buf_4)
                  0.31    0.37    2.50 ^ _09500_/X (sky130_fd_sc_hd__buf_4)
     6    0.11                           _04010_ (net)
                  0.31    0.00    2.50 ^ _09501_/S1 (sky130_fd_sc_hd__mux4_2)
                  0.08    0.37    2.87 v _09501_/X (sky130_fd_sc_hd__mux4_2)
     1    0.00                           _04011_ (net)
                  0.08    0.00    2.87 v _09504_/A0 (sky130_fd_sc_hd__mux2_4)
                  0.07    0.33    3.20 v _09504_/X (sky130_fd_sc_hd__mux2_4)
     1    0.02                           _04014_ (net)
                  0.07    0.00    3.20 v _09508_/A2 (sky130_fd_sc_hd__o22a_1)
                  0.04    0.21    3.41 v _09508_/X (sky130_fd_sc_hd__o22a_1)
     1    0.00                           _04018_ (net)
                  0.04    0.00    3.41 v _09519_/B (sky130_fd_sc_hd__and2_4)
                  0.06    0.20    3.61 v _09519_/X (sky130_fd_sc_hd__and2_4)
     1    0.03                           _04029_ (net)
                  0.06    0.00    3.61 v _09520_/C (sky130_fd_sc_hd__and3_1)
                  0.10    0.25    3.86 v _09520_/X (sky130_fd_sc_hd__and3_1)
     2    0.02                           _04030_ (net)
                  0.10    0.00    3.87 v _09521_/A1 (sky130_fd_sc_hd__mux2_4)
                  0.06    0.30    4.17 v _09521_/X (sky130_fd_sc_hd__mux2_4)
     3    0.01                           _04031_ (net)
                  0.06    0.00    4.17 v _09525_/A0 (sky130_fd_sc_hd__mux2_4)
                  0.07    0.32    4.49 v _09525_/X (sky130_fd_sc_hd__mux2_4)
     3    0.02                           _04035_ (net)
                  0.07    0.00    4.49 v _13070_/A1 (sky130_fd_sc_hd__o22a_4)
                  0.06    0.29    4.78 v _13070_/X (sky130_fd_sc_hd__o22a_4)
     4    0.02                           _06698_ (net)
                  0.06    0.00    4.78 v _13071_/B (sky130_fd_sc_hd__xor2_1)
                  0.17    0.18    4.96 ^ _13071_/X (sky130_fd_sc_hd__xor2_1)
     2    0.01                           _06699_ (net)
                  0.17    0.00    4.96 ^ _13074_/B (sky130_fd_sc_hd__nand2_1)
                  0.07    0.10    5.06 v _13074_/Y (sky130_fd_sc_hd__nand2_1)
     2    0.01                           _06702_ (net)
                  0.07    0.00    5.06 v _13105_/B1 (sky130_fd_sc_hd__o221a_1)
                  0.08    0.29    5.35 v _13105_/X (sky130_fd_sc_hd__o221a_1)
     2    0.01                           _06733_ (net)
                  0.08    0.00    5.35 v _13114_/A2 (sky130_fd_sc_hd__a21o_1)
                  0.07    0.23    5.58 v _13114_/X (sky130_fd_sc_hd__a21o_1)
     3    0.01                           _06742_ (net)
                  0.07    0.00    5.58 v _13131_/A1 (sky130_fd_sc_hd__a211o_4)
                  0.07    0.37    5.95 v _13131_/X (sky130_fd_sc_hd__a211o_4)
     3    0.02                           _06759_ (net)
                  0.07    0.00    5.95 v _13140_/A1 (sky130_fd_sc_hd__a2111oi_4)
                  0.29    0.35    6.30 ^ _13140_/Y (sky130_fd_sc_hd__a2111oi_4)
     2    0.01                           _06768_ (net)
                  0.29    0.00    6.30 ^ _13145_/A2 (sky130_fd_sc_hd__o31ai_2)
                  0.10    0.14    6.44 v _13145_/Y (sky130_fd_sc_hd__o31ai_2)
     4    0.01                           _06773_ (net)
                  0.10    0.00    6.44 v _13198_/B (sky130_fd_sc_hd__and3_1)
                  0.05    0.21    6.64 v _13198_/X (sky130_fd_sc_hd__and3_1)
     2    0.01                           _06825_ (net)
                  0.05    0.00    6.64 v _13199_/A (sky130_fd_sc_hd__or2_4)
                  0.05    0.26    6.91 v _13199_/X (sky130_fd_sc_hd__or2_4)
     1    0.01                           _06826_ (net)
                  0.05    0.00    6.91 v _13200_/D_N (sky130_fd_sc_hd__nor4bb_2)
                  0.04    0.17    7.08 v _13200_/Y (sky130_fd_sc_hd__nor4bb_2)
     1    0.00                           _06827_ (net)
                  0.04    0.00    7.08 v _13221_/A1 (sky130_fd_sc_hd__o311a_1)
                  0.05    0.35    7.43 v _13221_/X (sky130_fd_sc_hd__o311a_1)
     1    0.00                           _01063_ (net)
                  0.05    0.00    7.43 v _15681_/D (sky130_fd_sc_hd__dfxtp_2)
                                  7.43   data arrival time

                          5.00    5.00   clock clk (rise edge)
                          0.00    5.00   clock source latency
                  0.35    0.23    5.23 ^ clk (in)
     2    0.08                           clk (net)
                  0.35    0.00    5.23 ^ clkbuf_0_clk/A (sky130_fd_sc_hd__clkbuf_16)
                  0.28    0.36    5.60 ^ clkbuf_0_clk/X (sky130_fd_sc_hd__clkbuf_16)
    16    0.27                           clknet_0_clk (net)
                  0.29    0.02    5.61 ^ clkbuf_4_6_0_clk/A (sky130_fd_sc_hd__clkbuf_8)
                  0.21    0.31    5.93 ^ clkbuf_4_6_0_clk/X (sky130_fd_sc_hd__clkbuf_8)
     9    0.12                           clknet_4_6_0_clk (net)
                  0.21    0.00    5.93 ^ clkbuf_leaf_51_clk/A (sky130_fd_sc_hd__clkbuf_16)
                  0.05    0.17    6.10 ^ clkbuf_leaf_51_clk/X (sky130_fd_sc_hd__clkbuf_16)
     6    0.02                           clknet_leaf_51_clk (net)
                  0.05    0.00    6.10 ^ _15681_/CLK (sky130_fd_sc_hd__dfxtp_2)
                         -0.25    5.85   clock uncertainty
                          0.06    5.92   clock reconvergence pessimism
                         -0.11    5.80   library setup time
                                  5.80   data required time
-----------------------------------------------------------------------------
                                  5.80   data required time
                                 -7.43   data arrival time
-----------------------------------------------------------------------------
                                 -1.63   slack (VIOLATED)




===========================================================================
report_checks --slack_max -0.01
============================================================================
======================= Typical Corner ===================================

Startpoint: _15716_ (rising edge-triggered flip-flop clocked by clk)
Endpoint: _15681_ (rising edge-triggered flip-flop clocked by clk)
Path Group: clk
Path Type: max

Fanout     Cap    Slew   Delay    Time   Description
-----------------------------------------------------------------------------
                          0.00    0.00   clock clk (rise edge)
                          0.00    0.00   clock source latency
                  0.35    0.26    0.26 ^ clk (in)
     2    0.08                           clk (net)
                  0.35    0.00    0.26 ^ clkbuf_0_clk/A (sky130_fd_sc_hd__clkbuf_16)
                  0.28    0.40    0.66 ^ clkbuf_0_clk/X (sky130_fd_sc_hd__clkbuf_16)
    16    0.27                           clknet_0_clk (net)
                  0.29    0.02    0.68 ^ clkbuf_4_3_0_clk/A (sky130_fd_sc_hd__clkbuf_8)
                  0.21    0.34    1.02 ^ clkbuf_4_3_0_clk/X (sky130_fd_sc_hd__clkbuf_8)
     8    0.12                           clknet_4_3_0_clk (net)
                  0.21    0.01    1.03 ^ clkbuf_leaf_132_clk/A (sky130_fd_sc_hd__clkbuf_16)
                  0.07    0.21    1.24 ^ clkbuf_leaf_132_clk/X (sky130_fd_sc_hd__clkbuf_16)
    13    0.04                           clknet_leaf_132_clk (net)
                  0.07    0.00    1.24 ^ _15716_/CLK (sky130_fd_sc_hd__dfxtp_1)
                  0.14    0.40    1.64 ^ _15716_/Q (sky130_fd_sc_hd__dfxtp_1)
     5    0.01                           ex_mm_reg.ALU_Result_Out[2] (net)
                  0.14    0.00    1.64 ^ _09139_/A (sky130_fd_sc_hd__buf_4)
                  0.11    0.20    1.84 ^ _09139_/X (sky130_fd_sc_hd__buf_4)
     6    0.04                           _03649_ (net)
                  0.11    0.00    1.84 ^ _09473_/A (sky130_fd_sc_hd__clkbuf_4)
                  0.19    0.28    2.12 ^ _09473_/X (sky130_fd_sc_hd__clkbuf_4)
     6    0.06                           _03983_ (net)
                  0.19    0.01    2.13 ^ _09500_/A (sky130_fd_sc_hd__buf_4)
                  0.31    0.37    2.50 ^ _09500_/X (sky130_fd_sc_hd__buf_4)
     6    0.11                           _04010_ (net)
                  0.31    0.00    2.50 ^ _09501_/S1 (sky130_fd_sc_hd__mux4_2)
                  0.08    0.37    2.87 v _09501_/X (sky130_fd_sc_hd__mux4_2)
     1    0.00                           _04011_ (net)
                  0.08    0.00    2.87 v _09504_/A0 (sky130_fd_sc_hd__mux2_4)
                  0.07    0.33    3.20 v _09504_/X (sky130_fd_sc_hd__mux2_4)
     1    0.02                           _04014_ (net)
                  0.07    0.00    3.20 v _09508_/A2 (sky130_fd_sc_hd__o22a_1)
                  0.04    0.21    3.41 v _09508_/X (sky130_fd_sc_hd__o22a_1)
     1    0.00                           _04018_ (net)
                  0.04    0.00    3.41 v _09519_/B (sky130_fd_sc_hd__and2_4)
                  0.06    0.20    3.61 v _09519_/X (sky130_fd_sc_hd__and2_4)
     1    0.03                           _04029_ (net)
                  0.06    0.00    3.61 v _09520_/C (sky130_fd_sc_hd__and3_1)
                  0.10    0.25    3.86 v _09520_/X (sky130_fd_sc_hd__and3_1)
     2    0.02                           _04030_ (net)
                  0.10    0.00    3.87 v _09521_/A1 (sky130_fd_sc_hd__mux2_4)
                  0.06    0.30    4.17 v _09521_/X (sky130_fd_sc_hd__mux2_4)
     3    0.01                           _04031_ (net)
                  0.06    0.00    4.17 v _09525_/A0 (sky130_fd_sc_hd__mux2_4)
                  0.07    0.32    4.49 v _09525_/X (sky130_fd_sc_hd__mux2_4)
     3    0.02                           _04035_ (net)
                  0.07    0.00    4.49 v _13070_/A1 (sky130_fd_sc_hd__o22a_4)
                  0.06    0.29    4.78 v _13070_/X (sky130_fd_sc_hd__o22a_4)
     4    0.02                           _06698_ (net)
                  0.06    0.00    4.78 v _13071_/B (sky130_fd_sc_hd__xor2_1)
                  0.17    0.18    4.96 ^ _13071_/X (sky130_fd_sc_hd__xor2_1)
     2    0.01                           _06699_ (net)
                  0.17    0.00    4.96 ^ _13074_/B (sky130_fd_sc_hd__nand2_1)
                  0.07    0.10    5.06 v _13074_/Y (sky130_fd_sc_hd__nand2_1)
     2    0.01                           _06702_ (net)
                  0.07    0.00    5.06 v _13105_/B1 (sky130_fd_sc_hd__o221a_1)
                  0.08    0.29    5.35 v _13105_/X (sky130_fd_sc_hd__o221a_1)
     2    0.01                           _06733_ (net)
                  0.08    0.00    5.35 v _13114_/A2 (sky130_fd_sc_hd__a21o_1)
                  0.07    0.23    5.58 v _13114_/X (sky130_fd_sc_hd__a21o_1)
     3    0.01                           _06742_ (net)
                  0.07    0.00    5.58 v _13131_/A1 (sky130_fd_sc_hd__a211o_4)
                  0.07    0.37    5.95 v _13131_/X (sky130_fd_sc_hd__a211o_4)
     3    0.02                           _06759_ (net)
                  0.07    0.00    5.95 v _13140_/A1 (sky130_fd_sc_hd__a2111oi_4)
                  0.29    0.35    6.30 ^ _13140_/Y (sky130_fd_sc_hd__a2111oi_4)
     2    0.01                           _06768_ (net)
                  0.29    0.00    6.30 ^ _13145_/A2 (sky130_fd_sc_hd__o31ai_2)
                  0.10    0.14    6.44 v _13145_/Y (sky130_fd_sc_hd__o31ai_2)
     4    0.01                           _06773_ (net)
                  0.10    0.00    6.44 v _13198_/B (sky130_fd_sc_hd__and3_1)
                  0.05    0.21    6.64 v _13198_/X (sky130_fd_sc_hd__and3_1)
     2    0.01                           _06825_ (net)
                  0.05    0.00    6.64 v _13199_/A (sky130_fd_sc_hd__or2_4)
                  0.05    0.26    6.91 v _13199_/X (sky130_fd_sc_hd__or2_4)
     1    0.01                           _06826_ (net)
                  0.05    0.00    6.91 v _13200_/D_N (sky130_fd_sc_hd__nor4bb_2)
                  0.04    0.17    7.08 v _13200_/Y (sky130_fd_sc_hd__nor4bb_2)
     1    0.00                           _06827_ (net)
                  0.04    0.00    7.08 v _13221_/A1 (sky130_fd_sc_hd__o311a_1)
                  0.05    0.35    7.43 v _13221_/X (sky130_fd_sc_hd__o311a_1)
     1    0.00                           _01063_ (net)
                  0.05    0.00    7.43 v _15681_/D (sky130_fd_sc_hd__dfxtp_2)
                                  7.43   data arrival time

                          5.00    5.00   clock clk (rise edge)
                          0.00    5.00   clock source latency
                  0.35    0.23    5.23 ^ clk (in)
     2    0.08                           clk (net)
                  0.35    0.00    5.23 ^ clkbuf_0_clk/A (sky130_fd_sc_hd__clkbuf_16)
                  0.28    0.36    5.60 ^ clkbuf_0_clk/X (sky130_fd_sc_hd__clkbuf_16)
    16    0.27                           clknet_0_clk (net)
                  0.29    0.02    5.61 ^ clkbuf_4_6_0_clk/A (sky130_fd_sc_hd__clkbuf_8)
                  0.21    0.31    5.93 ^ clkbuf_4_6_0_clk/X (sky130_fd_sc_hd__clkbuf_8)
     9    0.12                           clknet_4_6_0_clk (net)
                  0.21    0.00    5.93 ^ clkbuf_leaf_51_clk/A (sky130_fd_sc_hd__clkbuf_16)
                  0.05    0.17    6.10 ^ clkbuf_leaf_51_clk/X (sky130_fd_sc_hd__clkbuf_16)
     6    0.02                           clknet_leaf_51_clk (net)
                  0.05    0.00    6.10 ^ _15681_/CLK (sky130_fd_sc_hd__dfxtp_2)
                         -0.25    5.85   clock uncertainty
                          0.06    5.92   clock reconvergence pessimism
                         -0.11    5.80   library setup time
                                  5.80   data required time
-----------------------------------------------------------------------------
                                  5.80   data required time
                                 -7.43   data arrival time
-----------------------------------------------------------------------------
                                 -1.63   slack (VIOLATED)




===========================================================================
 report_check_types -max_slew -max_cap -max_fanout -violators
============================================================================
======================= Typical Corner ===================================

max fanout

Pin                                   Limit Fanout  Slack
---------------------------------------------------------
clkbuf_leaf_119_clk/X                     6     22    -16 (VIOLATED)
clkbuf_leaf_55_clk/X                      6     22    -16 (VIOLATED)
clkbuf_leaf_148_clk/X                     6     21    -15 (VIOLATED)
clkbuf_leaf_22_clk/X                      6     21    -15 (VIOLATED)
clkbuf_leaf_10_clk/X                      6     19    -13 (VIOLATED)
clkbuf_leaf_8_clk/X                       6     19    -13 (VIOLATED)
clkbuf_leaf_3_clk/X                       6     18    -12 (VIOLATED)
clkbuf_leaf_101_clk/X                     6     17    -11 (VIOLATED)
clkbuf_leaf_34_clk/X                      6     17    -11 (VIOLATED)
clkbuf_leaf_35_clk/X                      6     17    -11 (VIOLATED)
clkbuf_leaf_58_clk/X                      6     17    -11 (VIOLATED)
clkbuf_leaf_87_clk/X                      6     17    -11 (VIOLATED)
clkbuf_leaf_95_clk/X                      6     17    -11 (VIOLATED)
clkbuf_0_clk/X                            6     16    -10 (VIOLATED)
clkbuf_leaf_2_clk/X                       6     16    -10 (VIOLATED)
clkbuf_leaf_32_clk/X                      6     16    -10 (VIOLATED)
clkbuf_leaf_88_clk/X                      6     16    -10 (VIOLATED)
clkbuf_leaf_111_clk/X                     6     15     -9 (VIOLATED)
clkbuf_leaf_127_clk/X                     6     15     -9 (VIOLATED)
clkbuf_leaf_16_clk/X                      6     15     -9 (VIOLATED)
clkbuf_leaf_21_clk/X                      6     15     -9 (VIOLATED)
clkbuf_leaf_29_clk/X                      6     15     -9 (VIOLATED)
clkbuf_leaf_36_clk/X                      6     15     -9 (VIOLATED)
clkbuf_leaf_42_clk/X                      6     15     -9 (VIOLATED)
clkbuf_leaf_4_clk/X                       6     15     -9 (VIOLATED)
clkbuf_leaf_57_clk/X                      6     15     -9 (VIOLATED)
clkbuf_leaf_72_clk/X                      6     15     -9 (VIOLATED)
clkbuf_leaf_86_clk/X                      6     15     -9 (VIOLATED)
clkbuf_leaf_94_clk/X                      6     15     -9 (VIOLATED)
clkbuf_leaf_120_clk/X                     6     14     -8 (VIOLATED)
clkbuf_leaf_137_clk/X                     6     14     -8 (VIOLATED)
clkbuf_leaf_141_clk/X                     6     14     -8 (VIOLATED)
clkbuf_leaf_149_clk/X                     6     14     -8 (VIOLATED)
clkbuf_leaf_18_clk/X                      6     14     -8 (VIOLATED)
clkbuf_leaf_24_clk/X                      6     14     -8 (VIOLATED)
clkbuf_leaf_25_clk/X                      6     14     -8 (VIOLATED)
clkbuf_leaf_30_clk/X                      6     14     -8 (VIOLATED)
clkbuf_leaf_6_clk/X                       6     14     -8 (VIOLATED)
clkbuf_leaf_96_clk/X                      6     14     -8 (VIOLATED)
clkbuf_leaf_9_clk/X                       6     14     -8 (VIOLATED)
clkbuf_leaf_104_clk/X                     6     13     -7 (VIOLATED)
clkbuf_leaf_117_clk/X                     6     13     -7 (VIOLATED)
clkbuf_leaf_131_clk/X                     6     13     -7 (VIOLATED)
clkbuf_leaf_132_clk/X                     6     13     -7 (VIOLATED)
clkbuf_leaf_144_clk/X                     6     13     -7 (VIOLATED)
clkbuf_leaf_17_clk/X                      6     13     -7 (VIOLATED)
clkbuf_leaf_1_clk/X                       6     13     -7 (VIOLATED)
clkbuf_leaf_33_clk/X                      6     13     -7 (VIOLATED)
clkbuf_leaf_43_clk/X                      6     13     -7 (VIOLATED)
clkbuf_leaf_50_clk/X                      6     13     -7 (VIOLATED)
clkbuf_leaf_62_clk/X                      6     13     -7 (VIOLATED)
clkbuf_leaf_78_clk/X                      6     13     -7 (VIOLATED)
clkbuf_leaf_107_clk/X                     6     12     -6 (VIOLATED)
clkbuf_leaf_109_clk/X                     6     12     -6 (VIOLATED)
clkbuf_leaf_113_clk/X                     6     12     -6 (VIOLATED)
clkbuf_leaf_28_clk/X                      6     12     -6 (VIOLATED)
clkbuf_leaf_31_clk/X                      6     12     -6 (VIOLATED)
clkbuf_leaf_44_clk/X                      6     12     -6 (VIOLATED)
clkbuf_leaf_54_clk/X                      6     12     -6 (VIOLATED)
clkbuf_leaf_92_clk/X                      6     12     -6 (VIOLATED)
clkbuf_leaf_97_clk/X                      6     12     -6 (VIOLATED)
input14/X                                 6     12     -6 (VIOLATED)
clkbuf_4_11_0_clk/X                       6     11     -5 (VIOLATED)
clkbuf_4_1_0_clk/X                        6     11     -5 (VIOLATED)
clkbuf_4_8_0_clk/X                        6     11     -5 (VIOLATED)
clkbuf_leaf_124_clk/X                     6     11     -5 (VIOLATED)
clkbuf_leaf_126_clk/X                     6     11     -5 (VIOLATED)
clkbuf_leaf_133_clk/X                     6     11     -5 (VIOLATED)
clkbuf_leaf_49_clk/X                      6     11     -5 (VIOLATED)
clkbuf_leaf_59_clk/X                      6     11     -5 (VIOLATED)
clkbuf_leaf_98_clk/X                      6     11     -5 (VIOLATED)
clkbuf_4_13_0_clk/X                       6     10     -4 (VIOLATED)
clkbuf_4_2_0_clk/X                        6     10     -4 (VIOLATED)
clkbuf_4_4_0_clk/X                        6     10     -4 (VIOLATED)
clkbuf_leaf_103_clk/X                     6     10     -4 (VIOLATED)
clkbuf_leaf_114_clk/X                     6     10     -4 (VIOLATED)
clkbuf_leaf_116_clk/X                     6     10     -4 (VIOLATED)
clkbuf_leaf_118_clk/X                     6     10     -4 (VIOLATED)
clkbuf_leaf_11_clk/X                      6     10     -4 (VIOLATED)
clkbuf_leaf_13_clk/X                      6     10     -4 (VIOLATED)
clkbuf_leaf_140_clk/X                     6     10     -4 (VIOLATED)
clkbuf_leaf_142_clk/X                     6     10     -4 (VIOLATED)
clkbuf_leaf_143_clk/X                     6     10     -4 (VIOLATED)
clkbuf_leaf_14_clk/X                      6     10     -4 (VIOLATED)
clkbuf_leaf_38_clk/X                      6     10     -4 (VIOLATED)
clkbuf_leaf_39_clk/X                      6     10     -4 (VIOLATED)
clkbuf_leaf_52_clk/X                      6     10     -4 (VIOLATED)
clkbuf_leaf_63_clk/X                      6     10     -4 (VIOLATED)
clkbuf_leaf_74_clk/X                      6     10     -4 (VIOLATED)
clkbuf_leaf_7_clk/X                       6     10     -4 (VIOLATED)
clkbuf_leaf_81_clk/X                      6     10     -4 (VIOLATED)
clkbuf_leaf_85_clk/X                      6     10     -4 (VIOLATED)
clkbuf_leaf_89_clk/X                      6     10     -4 (VIOLATED)
_08579_/X                                 6      9     -3 (VIOLATED)
_08915_/X                                 6      9     -3 (VIOLATED)
clkbuf_4_10_0_clk/X                       6      9     -3 (VIOLATED)
clkbuf_4_12_0_clk/X                       6      9     -3 (VIOLATED)
clkbuf_4_14_0_clk/X                       6      9     -3 (VIOLATED)
clkbuf_4_15_0_clk/X                       6      9     -3 (VIOLATED)
clkbuf_4_5_0_clk/X                        6      9     -3 (VIOLATED)
clkbuf_4_6_0_clk/X                        6      9     -3 (VIOLATED)
clkbuf_4_7_0_clk/X                        6      9     -3 (VIOLATED)
clkbuf_4_9_0_clk/X                        6      9     -3 (VIOLATED)
clkbuf_leaf_0_clk/X                       6      9     -3 (VIOLATED)
clkbuf_leaf_100_clk/X                     6      9     -3 (VIOLATED)
clkbuf_leaf_105_clk/X                     6      9     -3 (VIOLATED)
clkbuf_leaf_108_clk/X                     6      9     -3 (VIOLATED)
clkbuf_leaf_122_clk/X                     6      9     -3 (VIOLATED)
clkbuf_leaf_125_clk/X                     6      9     -3 (VIOLATED)
clkbuf_leaf_12_clk/X                      6      9     -3 (VIOLATED)
clkbuf_leaf_146_clk/X                     6      9     -3 (VIOLATED)
clkbuf_leaf_15_clk/X                      6      9     -3 (VIOLATED)
clkbuf_leaf_20_clk/X                      6      9     -3 (VIOLATED)
clkbuf_leaf_40_clk/X                      6      9     -3 (VIOLATED)
clkbuf_leaf_45_clk/X                      6      9     -3 (VIOLATED)
clkbuf_leaf_46_clk/X                      6      9     -3 (VIOLATED)
clkbuf_leaf_5_clk/X                       6      9     -3 (VIOLATED)
clkbuf_leaf_61_clk/X                      6      9     -3 (VIOLATED)
clkbuf_leaf_64_clk/X                      6      9     -3 (VIOLATED)
clkbuf_leaf_67_clk/X                      6      9     -3 (VIOLATED)
clkbuf_leaf_69_clk/X                      6      9     -3 (VIOLATED)
clkbuf_leaf_73_clk/X                      6      9     -3 (VIOLATED)
clkbuf_leaf_84_clk/X                      6      9     -3 (VIOLATED)
clkbuf_leaf_90_clk/X                      6      9     -3 (VIOLATED)
_09140_/X                                 6      8     -2 (VIOLATED)
_09146_/X                                 6      8     -2 (VIOLATED)
_09172_/X                                 6      8     -2 (VIOLATED)
_09225_/X                                 6      8     -2 (VIOLATED)
_09339_/X                                 6      8     -2 (VIOLATED)
_09345_/X                                 6      8     -2 (VIOLATED)
_09389_/X                                 6      8     -2 (VIOLATED)
_09567_/X                                 6      8     -2 (VIOLATED)
clkbuf_4_0_0_clk/X                        6      8     -2 (VIOLATED)
clkbuf_4_3_0_clk/X                        6      8     -2 (VIOLATED)
clkbuf_leaf_110_clk/X                     6      8     -2 (VIOLATED)
clkbuf_leaf_115_clk/X                     6      8     -2 (VIOLATED)
clkbuf_leaf_121_clk/X                     6      8     -2 (VIOLATED)
clkbuf_leaf_128_clk/X                     6      8     -2 (VIOLATED)
clkbuf_leaf_129_clk/X                     6      8     -2 (VIOLATED)
clkbuf_leaf_134_clk/X                     6      8     -2 (VIOLATED)
clkbuf_leaf_136_clk/X                     6      8     -2 (VIOLATED)
clkbuf_leaf_138_clk/X                     6      8     -2 (VIOLATED)
clkbuf_leaf_139_clk/X                     6      8     -2 (VIOLATED)
clkbuf_leaf_150_clk/X                     6      8     -2 (VIOLATED)
clkbuf_leaf_19_clk/X                      6      8     -2 (VIOLATED)
clkbuf_leaf_26_clk/X                      6      8     -2 (VIOLATED)
clkbuf_leaf_37_clk/X                      6      8     -2 (VIOLATED)
clkbuf_leaf_41_clk/X                      6      8     -2 (VIOLATED)
clkbuf_leaf_65_clk/X                      6      8     -2 (VIOLATED)
clkbuf_leaf_66_clk/X                      6      8     -2 (VIOLATED)
clkbuf_leaf_77_clk/X                      6      8     -2 (VIOLATED)
clkbuf_leaf_80_clk/X                      6      8     -2 (VIOLATED)
clkbuf_leaf_93_clk/X                      6      8     -2 (VIOLATED)
clkbuf_leaf_99_clk/X                      6      8     -2 (VIOLATED)
_07397_/X                                 6      7        (VIOLATED)
_07403_/X                                 6      7        (VIOLATED)
_07449_/X                                 6      7        (VIOLATED)
_07526_/X                                 6      7        (VIOLATED)
_07535_/X                                 6      7        (VIOLATED)
_07633_/X                                 6      7        (VIOLATED)
_07637_/X                                 6      7        (VIOLATED)
_07773_/X                                 6      7        (VIOLATED)
_08135_/X                                 6      7        (VIOLATED)
_09158_/X                                 6      7        (VIOLATED)
_09198_/X                                 6      7        (VIOLATED)
_09202_/X                                 6      7        (VIOLATED)
_09248_/X                                 6      7        (VIOLATED)
_09414_/X                                 6      7        (VIOLATED)
_09415_/X                                 6      7        (VIOLATED)
_09426_/X                                 6      7        (VIOLATED)
_09979_/X                                 6      7        (VIOLATED)
_10033_/X                                 6      7        (VIOLATED)
_11252_/Y                                 6      7        (VIOLATED)
_12256_/Y                                 6      7        (VIOLATED)
_14799_/Q                                 6      7        (VIOLATED)
_14802_/Q                                 6      7        (VIOLATED)
clkbuf_leaf_112_clk/X                     6      7        (VIOLATED)
clkbuf_leaf_135_clk/X                     6      7        (VIOLATED)
clkbuf_leaf_145_clk/X                     6      7        (VIOLATED)
clkbuf_leaf_27_clk/X                      6      7        (VIOLATED)
clkbuf_leaf_68_clk/X                      6      7        (VIOLATED)
clkbuf_leaf_70_clk/X                      6      7        (VIOLATED)
clkbuf_leaf_75_clk/X                      6      7        (VIOLATED)
clkbuf_leaf_76_clk/X                      6      7        (VIOLATED)
clkbuf_leaf_79_clk/X                      6      7        (VIOLATED)
clkbuf_leaf_82_clk/X                      6      7        (VIOLATED)
clkbuf_leaf_83_clk/X                      6      7        (VIOLATED)
clkbuf_leaf_91_clk/X                      6      7        (VIOLATED)



===========================================================================
report_parasitic_annotation -report_unannotated
============================================================================
Found 0 unannotated drivers.
Found 0 partially unannotated drivers.

===========================================================================
max slew violation count 0
max fanout violation count 188
max cap violation count 0
============================================================================

===========================================================================
check_setup -verbose -unconstrained_endpoints -multiple_clock -no_clock -no_input_delay -loops -generated_clocks
===========================================================================
