Partial/Required:  1.64, Required:    400.0, Partial:   654.22, Net: _02464_, Pin: _07967_/S, Layer: met3
Partial/Required:  1.59, Required:    400.0, Partial:   634.93, Net: net38, Pin: output38/A, Layer: met1
Partial/Required:  1.28, Required:    400.0, Partial:   513.95, Net: _04080_, Pin: _10029_/S, Layer: met3
Partial/Required:  1.28, Required:    400.0, Partial:   513.95, Net: _04080_, Pin: _09571_/S, Layer: met3
Partial/Required:  1.28, Required:    400.0, Partial:   513.95, Net: _04080_, Pin: _09846_/S, Layer: met3
Partial/Required:  1.27, Required:    400.0, Partial:   508.19, Net: _03702_, Pin: _09765_/B1, Layer: met3
Partial/Required:  1.24, Required:    400.0, Partial:   494.69, Net: _04285_, Pin: _10084_/S0, Layer: met3
Partial/Required:  1.22, Required:    400.0, Partial:   486.11, Net: _06150_, Pin: _12723_/A, Layer: met1
Partial/Required:  1.21, Required:    400.0, Partial:   482.41, Net: _03770_, Pin: _09263_/A1, Layer: met3
Partial/Required:  1.21, Required:    400.0, Partial:   482.41, Net: _03770_, Pin: _13215_/A, Layer: met3
Partial/Required:  1.20, Required:    400.0, Partial:   478.33, Net: _03675_, Pin: _09966_/A, Layer: met1
Partial/Required:  1.14, Required:    400.0, Partial:   457.08, Net: _02151_, Pin: _08180_/A, Layer: met3
Partial/Required:  1.14, Required:    400.0, Partial:   457.08, Net: _02151_, Pin: _07790_/A, Layer: met3
Partial/Required:  1.07, Required:    400.0, Partial:   428.33, Net: dmem.ram\[46\]\[9\], Pin: _08085_/A0, Layer: met1
Partial/Required:  1.06, Required:    400.0, Partial:   424.91, Net: net15, Pin: _10941_/A1, Layer: met3
Partial/Required:  1.06, Required:    400.0, Partial:   424.91, Net: net15, Pin: _08505_/A, Layer: met3
Partial/Required:  1.06, Required:    400.0, Partial:   424.91, Net: net15, Pin: _10906_/A1, Layer: met3
Partial/Required:  1.06, Required:    400.0, Partial:   424.91, Net: net15, Pin: _08559_/A, Layer: met3
Partial/Required:  1.06, Required:    400.0, Partial:   424.91, Net: net15, Pin: _10766_/A1, Layer: met3
Partial/Required:  1.06, Required:    400.0, Partial:   424.91, Net: net15, Pin: _10801_/A1, Layer: met3
Partial/Required:  1.06, Required:    400.0, Partial:   424.73, Net: _02180_, Pin: _08412_/A1, Layer: met4
Partial/Required:  1.06, Required:    400.0, Partial:   424.73, Net: _02180_, Pin: _08465_/A1, Layer: met4
Partial/Required:  1.02, Required:    400.0, Partial:   406.41, Net: net6, Pin: _08045_/A, Layer: met3
Partial/Required:  1.02, Required:    400.0, Partial:   406.41, Net: net6, Pin: _07394_/A, Layer: met3
Partial/Required:  1.01, Required:    400.0, Partial:   405.49, Net: _02243_, Pin: _07542_/S1, Layer: met3
Partial/Required:  1.01, Required:    400.0, Partial:   405.49, Net: _02243_, Pin: _07604_/S1, Layer: met3
Partial/Required:  1.00, Required:    400.0, Partial:   401.52, Net: _05429_, Pin: _11240_/S, Layer: met3
