OpenROAD 41a51eaf4ca2171c92ff38afb91eb37bbd3f36da 
This program is licensed under the BSD-3 license. See the LICENSE file for details.
Components of this program may be licensed under more restrictive licenses which must be honored.
[INFO]: Reading ODB at '/openlane/designs/my_processor/runs/RUN_2026.05.08_08.28.37/tmp/routing/19-io_diodes.odb'…
define_corners Typical
read_liberty -corner Typical /home/kushagra/.ciel/sky130A/libs.ref/sky130_fd_sc_hd/lib/sky130_fd_sc_hd__tt_025C_1v80.lib
Using 1e-12 for capacitance...
Using 1e+03 for resistance...
Using 1e-09 for time...
Using 1e+00 for voltage...
Using 1e-03 for current...
Using 1e-09 for power...
Using 1e-06 for distance...
Reading design constraints file at '/openlane/designs/my_processor/runs/RUN_2026.05.08_08.28.37/tmp/17-pipelined_processor.sdc'…
Placement Analysis
---------------------------------
total displacement        178.6 u
average displacement        0.0 u
max displacement           30.2 u
original HPWL          331856.3 u
legalized HPWL         342242.3 u
delta HPWL                    3 %

[INFO DPL-0020] Mirrored 4623 instances
[INFO DPL-0021] HPWL before          342242.3 u
[INFO DPL-0022] HPWL after           332004.7 u
[INFO DPL-0023] HPWL delta               -3.0 %
Setting global connections for newly added cells…
Writing OpenROAD database to '/openlane/designs/my_processor/runs/RUN_2026.05.08_08.28.37/tmp/routing/./19-io_diode_legalized.odb'…
Writing netlist to '/openlane/designs/my_processor/runs/RUN_2026.05.08_08.28.37/tmp/routing/./19-io_diode_legalized.nl.v'…
Writing powered netlist to '/openlane/designs/my_processor/runs/RUN_2026.05.08_08.28.37/tmp/routing/./19-io_diode_legalized.pnl.v'…
Writing layout to '/openlane/designs/my_processor/runs/RUN_2026.05.08_08.28.37/tmp/routing/./19-io_diode_legalized.def'…
