OpenROAD 41a51eaf4ca2171c92ff38afb91eb37bbd3f36da 
This program is licensed under the BSD-3 license. See the LICENSE file for details.
Components of this program may be licensed under more restrictive licenses which must be honored.
[INFO]: Reading ODB at '/openlane/designs/my_processor/runs/RUN_2026.05.08_08.28.37/tmp/routing/21-diodes.odb'…
define_corners Typical
read_liberty -corner Typical /home/kushagra/.ciel/sky130A/libs.ref/sky130_fd_sc_hd/lib/sky130_fd_sc_hd__tt_025C_1v80.lib
Using 1e-12 for capacitance...
Using 1e+03 for resistance...
Using 1e-09 for time...
Using 1e+00 for voltage...
Using 1e-03 for current...
Using 1e-09 for power...
Using 1e-06 for distance...
Reading design constraints file at '/openlane/designs/my_processor/runs/RUN_2026.05.08_08.28.37/tmp/17-pipelined_processor.sdc'…
[INFO DPL-0034] Detailed placement failed on the following 517 instances:
[INFO DPL-0035]  ANTENNA__11135__A1
[INFO DPL-0035]  ANTENNA__07664__S1
[INFO DPL-0035]  ANTENNA__07664__S1
[INFO DPL-0035]  ANTENNA__13747__S
[INFO DPL-0035]  ANTENNA__13627__S
[INFO DPL-0035]  ANTENNA_clkbuf_leaf_97_clk_A
[INFO DPL-0035]  ANTENNA__11137__S
[INFO DPL-0035]  ANTENNA__13744__S
[INFO DPL-0035]  ANTENNA__13744__A1
[INFO DPL-0035]  ANTENNA__11628__S0
[INFO DPL-0035]  ANTENNA__09797__S1
[INFO DPL-0035]  ANTENNA__13624__A0
[INFO DPL-0035]  ANTENNA_clkbuf_leaf_6_clk_A
[INFO DPL-0035]  ANTENNA__07729__S1
[INFO DPL-0035]  ANTENNA__11137__A1
[INFO DPL-0035]  ANTENNA__11616__S1
[INFO DPL-0035]  ANTENNA__11044__S
[INFO DPL-0035]  ANTENNA__11011__S
[INFO DPL-0035]  ANTENNA__11624__S0
[INFO DPL-0035]  ANTENNA__11624__S0
[INFO DPL-0035]  ANTENNA__13781__S
[INFO DPL-0035]  ANTENNA__13781__S
[INFO DPL-0035]  ANTENNA__13970__S
[INFO DPL-0035]  ANTENNA__13706__S
[INFO DPL-0035]  ANTENNA__13820__S
[INFO DPL-0035]  ANTENNA__09803__S
[INFO DPL-0035]  ANTENNA__09803__S
[INFO DPL-0035]  ANTENNA__10941__A1
[INFO DPL-0035]  ANTENNA__13972__S
[INFO DPL-0035]  ANTENNA__13704__S
[INFO DPL-0035]  ANTENNA__13704__A0
[INFO DPL-0035]  ANTENNA__13779__S
[INFO DPL-0035]  ANTENNA__09802__S0
[INFO DPL-0035]  ANTENNA__11625__S0
[INFO DPL-0035]  ANTENNA__11600__S0
[INFO DPL-0035]  ANTENNA__11009__S
[INFO DPL-0035]  ANTENNA__11608__S0
[INFO DPL-0035]  ANTENNA__07725__A2
[INFO DPL-0035]  ANTENNA__11390__S
[INFO DPL-0035]  ANTENNA__13710__S
[INFO DPL-0035]  ANTENNA__11427__A0
[INFO DPL-0035]  ANTENNA__11427__A0
[INFO DPL-0035]  ANTENNA_clkbuf_leaf_5_clk_A
[INFO DPL-0035]  ANTENNA_clkbuf_leaf_5_clk_A
[INFO DPL-0035]  ANTENNA__09801__A1
[INFO DPL-0035]  ANTENNA__11316__S
[INFO DPL-0035]  ANTENNA__09712__S1
[INFO DPL-0035]  ANTENNA__11316__A0
[INFO DPL-0035]  ANTENNA__07506__S1
[INFO DPL-0035]  ANTENNA__07506__S1
[INFO DPL-0035]  ANTENNA__09309__S0
[INFO DPL-0035]  ANTENNA__13777__S
[INFO DPL-0035]  ANTENNA__09309__S1
[INFO DPL-0035]  ANTENNA__14595__A1
[INFO DPL-0035]  ANTENNA__14595__A1
[INFO DPL-0035]  ANTENNA__13777__A0
[INFO DPL-0035]  ANTENNA__13584__A0
[INFO DPL-0035]  ANTENNA__10943__A1
[INFO DPL-0035]  ANTENNA__07656__S1
[INFO DPL-0035]  ANTENNA__13591__S
[INFO DPL-0035]  ANTENNA__11581__S1
[INFO DPL-0035]  ANTENNA__11581__S0
[INFO DPL-0035]  ANTENNA__11626__S0
[INFO DPL-0035]  ANTENNA__11320__S
[INFO DPL-0035]  ANTENNA__11320__S
[INFO DPL-0035]  ANTENNA__11626__S1
[INFO DPL-0035]  ANTENNA__11626__S1
[INFO DPL-0035]  ANTENNA__08553__A
[INFO DPL-0035]  ANTENNA__09351__S0
[INFO DPL-0035]  ANTENNA__14442__A0
[INFO DPL-0035]  ANTENNA__09350__S1
[INFO DPL-0035]  ANTENNA__11220__A
[INFO DPL-0035]  ANTENNA__07628__S
[INFO DPL-0035]  ANTENNA__11320__A0
[INFO DPL-0035]  ANTENNA__11598__S1
[INFO DPL-0035]  ANTENNA__13588__S
[INFO DPL-0035]  ANTENNA__10900__A1
[INFO DPL-0035]  ANTENNA_output60_A
[INFO DPL-0035]  ANTENNA__08894__S
[INFO DPL-0035]  ANTENNA__08894__S
[INFO DPL-0035]  ANTENNA__08894__S
[INFO DPL-0035]  ANTENNA__08891__S
[INFO DPL-0035]  ANTENNA__09817__S1
[INFO DPL-0035]  ANTENNA__11963__A1
[INFO DPL-0035]  ANTENNA__11355__S
[INFO DPL-0035]  ANTENNA__10902__A1
[INFO DPL-0035]  ANTENNA__09436__A2
[INFO DPL-0035]  ANTENNA__12277__A1
[INFO DPL-0035]  ANTENNA__09818__S0
[INFO DPL-0035]  ANTENNA__12909__A1
[INFO DPL-0035]  ANTENNA__12039__A1
[INFO DPL-0035]  ANTENNA__11834__S
[INFO DPL-0035]  ANTENNA__12137__S
[INFO DPL-0035]  ANTENNA__11042__S
[INFO DPL-0035]  ANTENNA__12069__S
[INFO DPL-0035]  ANTENNA__07315__A
[INFO DPL-0035]  ANTENNA__09818__S1
[INFO DPL-0035]  ANTENNA__08036__S1
[INFO DPL-0035]  ANTENNA__08036__S1
[INFO DPL-0035]  ANTENNA__07767__S
[INFO DPL-0035]  ANTENNA__12025__S
[INFO DPL-0035]  ANTENNA__12025__S
[INFO DPL-0035]  ANTENNA__12948__S
[INFO DPL-0035]  ANTENNA__13245__S
[INFO DPL-0035]  ANTENNA__13245__S
[INFO DPL-0035]  ANTENNA__10035__S1
[INFO DPL-0035]  ANTENNA__11959__S
[INFO DPL-0035]  ANTENNA__08170__S
[INFO DPL-0035]  ANTENNA__08170__S
[INFO DPL-0035]  ANTENNA__08894__A1
[INFO DPL-0035]  ANTENNA__08894__A1
[INFO DPL-0035]  ANTENNA__12173__S
[INFO DPL-0035]  ANTENNA__12169__A1
[INFO DPL-0035]  ANTENNA__10035__S0
[INFO DPL-0035]  ANTENNA__10035__S0
[INFO DPL-0035]  ANTENNA_clkbuf_leaf_3_clk_A
[INFO DPL-0035]  ANTENNA__13267__A1
[INFO DPL-0035]  ANTENNA__12841__S
[INFO DPL-0035]  ANTENNA__08154__A1
[INFO DPL-0035]  ANTENNA__11357__S
[INFO DPL-0035]  ANTENNA__07418__S
[INFO DPL-0035]  ANTENNA__09438__S
[INFO DPL-0035]  ANTENNA__11007__S
[INFO DPL-0035]  ANTENNA__11587__S1
[INFO DPL-0035]  ANTENNA__12924__A
[INFO DPL-0035]  ANTENNA__14444__A0
[INFO DPL-0035]  ANTENNA__14444__A0
[INFO DPL-0035]  ANTENNA__12104__S
[INFO DPL-0035]  ANTENNA__09682__S1
[INFO DPL-0035]  ANTENNA__09682__S1
[INFO DPL-0035]  ANTENNA__11858__S
[INFO DPL-0035]  ANTENNA__11587__S0
[INFO DPL-0035]  ANTENNA__11587__S0
[INFO DPL-0035]  ANTENNA__11857__A
[INFO DPL-0035]  ANTENNA__07765__S
[INFO DPL-0035]  ANTENNA__10601__S
[INFO DPL-0035]  ANTENNA__12242__A1
[INFO DPL-0035]  ANTENNA__12262__A0
[INFO DPL-0035]  ANTENNA__07907__S0
[INFO DPL-0035]  ANTENNA__09683__A
[INFO DPL-0035]  ANTENNA__08140__B1
[INFO DPL-0035]  ANTENNA__08205__S1
[INFO DPL-0035]  ANTENNA__10935__A1
[INFO DPL-0035]  ANTENNA__07720__C1
[INFO DPL-0035]  ANTENNA__12946__S
[INFO DPL-0035]  ANTENNA__07426__B1
[INFO DPL-0035]  ANTENNA__11965__S
[INFO DPL-0035]  ANTENNA__12841__A0
[INFO DPL-0035]  ANTENNA__12772__A
[INFO DPL-0035]  ANTENNA__12772__A
[INFO DPL-0035]  ANTENNA__14562__S
[INFO DPL-0035]  ANTENNA__14562__S
[INFO DPL-0035]  ANTENNA__07650__B1
[INFO DPL-0035]  ANTENNA__07650__B1
[INFO DPL-0035]  ANTENNA__08169__S
[INFO DPL-0035]  ANTENNA__08169__S
[INFO DPL-0035]  ANTENNA__07720__A1
[INFO DPL-0035]  ANTENNA__12946__A0
[INFO DPL-0035]  ANTENNA__12946__A0
[INFO DPL-0035]  ANTENNA__07426__A1
[INFO DPL-0035]  ANTENNA__07426__A1
[INFO DPL-0035]  ANTENNA__11232__S
[INFO DPL-0035]  ANTENNA__11005__S
[INFO DPL-0035]  ANTENNA__09974__B1
[INFO DPL-0035]  ANTENNA__07482__S1
[INFO DPL-0035]  ANTENNA__12054__S
[INFO DPL-0035]  ANTENNA__07408__S1
[INFO DPL-0035]  ANTENNA__12799__S
[INFO DPL-0035]  ANTENNA__12799__S
[INFO DPL-0035]  ANTENNA__12799__S
[INFO DPL-0035]  ANTENNA__07477__A1
[INFO DPL-0035]  ANTENNA__11994__S
[INFO DPL-0035]  ANTENNA__11994__S
[INFO DPL-0035]  ANTENNA__09975__B1
[INFO DPL-0035]  ANTENNA__11215__S
[INFO DPL-0035]  ANTENNA__11215__S
[INFO DPL-0035]  ANTENNA__07718__B1
[INFO DPL-0035]  ANTENNA__07718__B1
[INFO DPL-0035]  ANTENNA__13558__A0
[INFO DPL-0035]  ANTENNA_input7_A
[INFO DPL-0035]  ANTENNA__08139__S
[INFO DPL-0035]  ANTENNA_clkbuf_leaf_140_clk_A
[INFO DPL-0035]  ANTENNA__07562__S
[INFO DPL-0035]  ANTENNA__07422__A
[INFO DPL-0035]  ANTENNA__13232__S
[INFO DPL-0035]  ANTENNA__13232__S
[INFO DPL-0035]  ANTENNA_input9_A
[INFO DPL-0035]  ANTENNA__12054__A1
[INFO DPL-0035]  ANTENNA__12773__S
[INFO DPL-0035]  ANTENNA__09553__S
[INFO DPL-0035]  ANTENNA__12032__S
[INFO DPL-0035]  ANTENNA__09994__A2
[INFO DPL-0035]  ANTENNA__12013__S
[INFO DPL-0035]  ANTENNA__12032__A1
[INFO DPL-0035]  ANTENNA__07895__A1
[INFO DPL-0035]  ANTENNA__09994__B1
[INFO DPL-0035]  ANTENNA__09994__B1
[INFO DPL-0035]  ANTENNA__13499__A0
[INFO DPL-0035]  ANTENNA__12191__S
[INFO DPL-0035]  ANTENNA__12826__S
[INFO DPL-0035]  ANTENNA__12816__S
[INFO DPL-0035]  ANTENNA__12816__S
[INFO DPL-0035]  ANTENNA__11215__A1
[INFO DPL-0035]  ANTENNA__11764__A
[INFO DPL-0035]  ANTENNA__11482__S
[INFO DPL-0035]  ANTENNA__12264__S
[INFO DPL-0035]  ANTENNA__12264__S
[INFO DPL-0035]  ANTENNA__09700__B2
[INFO DPL-0035]  ANTENNA__09700__B2
[INFO DPL-0035]  ANTENNA__09816__S
[INFO DPL-0035]  ANTENNA__13495__S
[INFO DPL-0035]  ANTENNA__12030__A1
[INFO DPL-0035]  ANTENNA__11293__S
[INFO DPL-0035]  ANTENNA__13259__A1
[INFO DPL-0035]  ANTENNA__13259__A1
[INFO DPL-0035]  ANTENNA__13486__S
[INFO DPL-0035]  ANTENNA__11739__S
[INFO DPL-0035]  ANTENNA__07564__B1
[INFO DPL-0035]  ANTENNA__08496__A
[INFO DPL-0035]  ANTENNA__08496__A
[INFO DPL-0035]  ANTENNA__10937__A1
[INFO DPL-0035]  ANTENNA__08005__A
[INFO DPL-0035]  ANTENNA__08005__A
[INFO DPL-0035]  ANTENNA__12297__S
[INFO DPL-0035]  ANTENNA__12297__S
[INFO DPL-0035]  ANTENNA__12773__A0
[INFO DPL-0035]  ANTENNA__12773__A0
[INFO DPL-0035]  ANTENNA__10058__S
[INFO DPL-0035]  ANTENNA__07476__B1
[INFO DPL-0035]  ANTENNA__07476__B1
[INFO DPL-0035]  ANTENNA__09363__B1
[INFO DPL-0035]  ANTENNA__09363__B1
[INFO DPL-0035]  ANTENNA__07564__A1
[INFO DPL-0035]  ANTENNA__07564__A1
[INFO DPL-0035]  ANTENNA_clkbuf_leaf_100_clk_A
[INFO DPL-0035]  ANTENNA__12271__A1
[INFO DPL-0035]  ANTENNA__09826__S
[INFO DPL-0035]  ANTENNA__13534__S
[INFO DPL-0035]  ANTENNA_output79_A
[INFO DPL-0035]  ANTENNA__11757__S
[INFO DPL-0035]  ANTENNA__12770__S
[INFO DPL-0035]  ANTENNA__12770__S
[INFO DPL-0035]  ANTENNA__14554__A0
[INFO DPL-0035]  ANTENNA__11465__S
[INFO DPL-0035]  ANTENNA__09205__A2
[INFO DPL-0035]  ANTENNA__09205__A2
[INFO DPL-0035]  ANTENNA__09208__S
[INFO DPL-0035]  ANTENNA__10056__S
[INFO DPL-0035]  ANTENNA__10056__S
[INFO DPL-0035]  ANTENNA__11735__A1
[INFO DPL-0035]  ANTENNA__11735__A1
[INFO DPL-0035]  ANTENNA__12264__A0
[INFO DPL-0035]  ANTENNA__12264__A0
[INFO DPL-0035]  ANTENNA__09824__S0
[INFO DPL-0035]  ANTENNA__13486__A0
[INFO DPL-0035]  ANTENNA__10026__S
[INFO DPL-0035]  ANTENNA__07874__A
[INFO DPL-0035]  ANTENNA__07494__A1
[INFO DPL-0035]  ANTENNA__07494__A1
[INFO DPL-0035]  ANTENNA__13261__S
[INFO DPL-0035]  ANTENNA__09206__A2
[INFO DPL-0035]  ANTENNA__11277__S
[INFO DPL-0035]  ANTENNA__07880__B1
[INFO DPL-0035]  ANTENNA__12240__A1
[INFO DPL-0035]  ANTENNA__12240__A1
[INFO DPL-0035]  ANTENNA__12942__S
[INFO DPL-0035]  ANTENNA__11277__A1
[INFO DPL-0035]  ANTENNA__12770__A0
[INFO DPL-0035]  ANTENNA__12846__S
[INFO DPL-0035]  ANTENNA__11831__A0
[INFO DPL-0035]  ANTENNA__07705__A1
[INFO DPL-0035]  ANTENNA__12152__S
[INFO DPL-0035]  ANTENNA__13565__S
[INFO DPL-0035]  ANTENNA__13565__S
[INFO DPL-0035]  ANTENNA__12071__S
[INFO DPL-0035]  ANTENNA__07743__B1
[INFO DPL-0035]  ANTENNA_output71_A
[INFO DPL-0035]  ANTENNA__07467__A1
[INFO DPL-0035]  ANTENNA__10025__S1
[INFO DPL-0035]  ANTENNA__07460__S
[INFO DPL-0035]  ANTENNA__07460__S
[INFO DPL-0035]  ANTENNA__13513__S
[INFO DPL-0035]  ANTENNA__11864__S
[INFO DPL-0035]  ANTENNA__11864__S
[INFO DPL-0035]  ANTENNA__12846__A0
[INFO DPL-0035]  ANTENNA__11776__S
[INFO DPL-0035]  ANTENNA__11776__S
[INFO DPL-0035]  ANTENNA__10568__A0
[INFO DPL-0035]  ANTENNA_clkbuf_leaf_139_clk_A
[INFO DPL-0035]  ANTENNA_clkbuf_leaf_139_clk_A
[INFO DPL-0035]  ANTENNA_clkbuf_leaf_139_clk_A
[INFO DPL-0035]  ANTENNA__07646__S1
[INFO DPL-0035]  ANTENNA__13556__A0
[INFO DPL-0035]  ANTENNA__13556__A0
[INFO DPL-0035]  ANTENNA__13556__A0
[INFO DPL-0035]  ANTENNA_clkbuf_leaf_110_clk_A
[INFO DPL-0035]  ANTENNA__13282__A1
[INFO DPL-0035]  ANTENNA__07615__A
[INFO DPL-0035]  ANTENNA__07648__S
[INFO DPL-0035]  ANTENNA__07648__S
[INFO DPL-0035]  ANTENNA__12824__S
[INFO DPL-0035]  ANTENNA__11285__A1
[INFO DPL-0035]  ANTENNA__11776__A0
[INFO DPL-0035]  ANTENNA__12868__A0
[INFO DPL-0035]  ANTENNA__12824__A1
[INFO DPL-0035]  ANTENNA__11285__S
[INFO DPL-0035]  ANTENNA__11285__S
[INFO DPL-0035]  ANTENNA__09200__A2
[INFO DPL-0035]  ANTENNA__07694__A1
[INFO DPL-0035]  ANTENNA__10065__S
[INFO DPL-0035]  ANTENNA__10024__S1
[INFO DPL-0035]  ANTENNA__11258__A1
[INFO DPL-0035]  ANTENNA__11258__A1
[INFO DPL-0035]  ANTENNA__12120__A
[INFO DPL-0035]  ANTENNA__12120__A
[INFO DPL-0035]  ANTENNA__12052__A1
[INFO DPL-0035]  ANTENNA__12052__A1
[INFO DPL-0035]  ANTENNA__13513__A1
[INFO DPL-0035]  ANTENNA__13513__A1
[INFO DPL-0035]  ANTENNA__07693__B1
[INFO DPL-0035]  ANTENNA__07693__B1
[INFO DPL-0035]  ANTENNA__07693__A1
[INFO DPL-0035]  ANTENNA__12844__S
[INFO DPL-0035]  ANTENNA__12844__S
[INFO DPL-0035]  ANTENNA__13548__A0
[INFO DPL-0035]  ANTENNA__07465__S
[INFO DPL-0035]  ANTENNA__10064__S
[INFO DPL-0035]  ANTENNA__10064__S
[INFO DPL-0035]  ANTENNA__11718__S
[INFO DPL-0035]  ANTENNA__09693__S
[INFO DPL-0035]  ANTENNA__09693__S
[INFO DPL-0035]  ANTENNA__09693__S
[INFO DPL-0035]  ANTENNA__09361__S1
[INFO DPL-0035]  ANTENNA__09361__S1
[INFO DPL-0035]  ANTENNA__11737__S
[INFO DPL-0035]  ANTENNA__14556__S
[INFO DPL-0035]  ANTENNA__12236__A1
[INFO DPL-0035]  ANTENNA__09815__S0
[INFO DPL-0035]  ANTENNA__11737__A1
[INFO DPL-0035]  ANTENNA__07691__S
[INFO DPL-0035]  ANTENNA__11254__S
[INFO DPL-0035]  ANTENNA__11254__S
[INFO DPL-0035]  ANTENNA__07582__B1
[INFO DPL-0035]  ANTENNA__07582__B1
[INFO DPL-0035]  ANTENNA__12134__S
[INFO DPL-0035]  ANTENNA__12134__S
[INFO DPL-0035]  ANTENNA__11289__A1
[INFO DPL-0035]  ANTENNA_hold81_A
[INFO DPL-0035]  ANTENNA__11254__A1
[INFO DPL-0035]  ANTENNA__11289__S
[INFO DPL-0035]  ANTENNA__11798__A1
[INFO DPL-0035]  ANTENNA__11798__A1
[INFO DPL-0035]  ANTENNA__12017__S
[INFO DPL-0035]  ANTENNA__12844__A0
[INFO DPL-0035]  ANTENNA__12844__A0
[INFO DPL-0035]  ANTENNA__11217__S
[INFO DPL-0035]  ANTENNA__07688__S0
[INFO DPL-0035]  ANTENNA__07580__S
[INFO DPL-0035]  ANTENNA__10589__A0
[INFO DPL-0035]  ANTENNA__11772__S
[INFO DPL-0035]  ANTENNA__11796__S
[INFO DPL-0035]  ANTENNA__14556__A0
[INFO DPL-0035]  ANTENNA__14556__A0
[INFO DPL-0035]  ANTENNA__11817__S
[INFO DPL-0035]  ANTENNA__10589__S
[INFO DPL-0035]  ANTENNA__10589__S
[INFO DPL-0035]  ANTENNA__10589__S
[INFO DPL-0035]  ANTENNA__07576__S
[INFO DPL-0035]  ANTENNA__11772__A0
[INFO DPL-0035]  ANTENNA__11772__A0
[INFO DPL-0035]  ANTENNA__12136__A
[INFO DPL-0035]  ANTENNA__10067__S1
[INFO DPL-0035]  ANTENNA__11817__A1
[INFO DPL-0035]  ANTENNA__09814__S1
[INFO DPL-0035]  ANTENNA__09814__S1
[INFO DPL-0035]  ANTENNA__12889__A1
[INFO DPL-0035]  ANTENNA__12073__A0
[INFO DPL-0035]  ANTENNA__12122__A1
[INFO DPL-0035]  ANTENNA__10067__S0
[INFO DPL-0035]  ANTENNA__11765__A0
[INFO DPL-0035]  ANTENNA__10579__A
[INFO DPL-0035]  ANTENNA__12887__S
[INFO DPL-0035]  ANTENNA__11765__S
[INFO DPL-0035]  ANTENNA__07721__A1
[INFO DPL-0035]  ANTENNA__11217__A1
[INFO DPL-0035]  ANTENNA_clkbuf_leaf_109_clk_A
[INFO DPL-0035]  ANTENNA__07640__A1
[INFO DPL-0035]  ANTENNA__07640__A1
[INFO DPL-0035]  ANTENNA__12044__A1
[INFO DPL-0035]  ANTENNA__07639__A1
[INFO DPL-0035]  ANTENNA_input3_A
[INFO DPL-0035]  ANTENNA__12154__S
[INFO DPL-0035]  ANTENNA__07644__A1
[INFO DPL-0035]  ANTENNA__12862__S
[INFO DPL-0035]  ANTENNA__12862__S
[INFO DPL-0035]  ANTENNA__13263__S
[INFO DPL-0035]  ANTENNA__10565__A0
[INFO DPL-0035]  ANTENNA__07614__S0
[INFO DPL-0035]  ANTENNA__13226__S
[INFO DPL-0035]  ANTENNA__12984__A
[INFO DPL-0035]  ANTENNA__12000__S
[INFO DPL-0035]  ANTENNA__12000__S
[INFO DPL-0035]  ANTENNA__11463__S
[INFO DPL-0035]  ANTENNA__12128__A1
[INFO DPL-0035]  ANTENNA__12128__S
[INFO DPL-0035]  ANTENNA__07643__B1
[INFO DPL-0035]  ANTENNA__07636__S
[INFO DPL-0035]  ANTENNA__13480__S
[INFO DPL-0035]  ANTENNA__13480__S
[INFO DPL-0035]  ANTENNA__13480__S
[INFO DPL-0035]  ANTENNA__12154__A1
[INFO DPL-0035]  ANTENNA__12154__A1
[INFO DPL-0035]  ANTENNA__10593__S
[INFO DPL-0035]  ANTENNA__10593__S
[INFO DPL-0035]  ANTENNA__07345__A
[INFO DPL-0035]  ANTENNA__11847__A
[INFO DPL-0035]  ANTENNA__11847__A
[INFO DPL-0035]  ANTENNA__11722__S
[INFO DPL-0035]  ANTENNA__11815__A1
[INFO DPL-0035]  ANTENNA__12809__A1
[INFO DPL-0035]  ANTENNA__12809__A1
[INFO DPL-0035]  ANTENNA__10588__A
[INFO DPL-0035]  ANTENNA__11839__S
[INFO DPL-0035]  ANTENNA__13226__A1
[INFO DPL-0035]  ANTENNA__07708__A1
[INFO DPL-0035]  ANTENNA__13272__A1
[INFO DPL-0035]  ANTENNA__13272__A1
[INFO DPL-0035]  ANTENNA__12000__A0
[INFO DPL-0035]  ANTENNA__12000__A0
[INFO DPL-0035]  ANTENNA__11761__A0
[INFO DPL-0035]  ANTENNA__11778__A1
[INFO DPL-0035]  ANTENNA__11778__A1
[INFO DPL-0035]  ANTENNA__13276__S
[INFO DPL-0035]  ANTENNA__11463__A0
[INFO DPL-0035]  ANTENNA__11463__A0
[INFO DPL-0035]  ANTENNA_clkbuf_leaf_144_clk_A
[INFO DPL-0035]  ANTENNA__11778__S
[INFO DPL-0035]  ANTENNA__13276__A1
[INFO DPL-0035]  ANTENNA__07712__B1
[INFO DPL-0035]  ANTENNA__11778__A0
[INFO DPL-0035]  ANTENNA__12011__S
[INFO DPL-0035]  ANTENNA__09347__S
[INFO DPL-0035]  ANTENNA__07351__A
[INFO DPL-0035]  ANTENNA__07351__A
[INFO DPL-0035]  ANTENNA__13278__A1
[INFO DPL-0035]  ANTENNA__11998__S
[INFO DPL-0035]  ANTENNA__11998__S
[INFO DPL-0035]  ANTENNA__09358__S
[INFO DPL-0035]  ANTENNA__09358__S
[INFO DPL-0035]  ANTENNA__09358__S
[INFO DPL-0035]  ANTENNA__07707__S
[INFO DPL-0035]  ANTENNA__13265__S
[INFO DPL-0035]  ANTENNA__12050__S
[INFO DPL-0035]  ANTENNA__12050__S
[INFO DPL-0035]  ANTENNA__13515__A1
[INFO DPL-0035]  ANTENNA__11472__S
[INFO DPL-0035]  ANTENNA__11813__A1
[INFO DPL-0035]  ANTENNA__12050__A1
[INFO DPL-0035]  ANTENNA_hold83_A
[INFO DPL-0035]  ANTENNA__11262__A1
[INFO DPL-0035]  ANTENNA__11472__A0
[INFO DPL-0035]  ANTENNA__13550__A0
[INFO DPL-0035]  ANTENNA__11837__S
[INFO DPL-0035]  ANTENNA__11998__A0
[INFO DPL-0035]  ANTENNA__07710__S
[INFO DPL-0035]  ANTENNA__09821__S1
[INFO DPL-0035]  ANTENNA__09821__S1
[INFO DPL-0035]  ANTENNA__07641__S
[INFO DPL-0035]  ANTENNA__07641__S
[INFO DPL-0035]  ANTENNA__13484__S
[INFO DPL-0035]  ANTENNA_clkbuf_leaf_108_clk_A
[INFO DPL-0035]  ANTENNA_clkbuf_leaf_108_clk_A
[INFO DPL-0035]  ANTENNA__11478__A0
[INFO DPL-0035]  ANTENNA__11478__A0
[INFO DPL-0035]  ANTENNA__13482__S
[INFO DPL-0035]  ANTENNA__12034__S
[INFO DPL-0035]  ANTENNA__11837__A0
[INFO DPL-0035]  ANTENNA__11837__A0
[INFO DPL-0035]  ANTENNA_clkbuf_leaf_106_clk_A
[INFO DPL-0035]  ANTENNA__12037__A1
[INFO DPL-0035]  ANTENNA__11476__A0
[INFO DPL-0035]  ANTENNA__14560__A0
[INFO DPL-0035]  ANTENNA__14558__A0
[INFO DPL-0035]  ANTENNA__13230__A1
[INFO DPL-0035]  ANTENNA__07711__S
[INFO DPL-0035]  ANTENNA__12931__A0
[INFO DPL-0035]  ANTENNA__12931__A0
[INFO DPL-0035]  ANTENNA__09823__S
[INFO DPL-0035]  ANTENNA__09823__S
[INFO DPL-0035]  ANTENNA__13552__S
[INFO DPL-0035]  ANTENNA__13552__S
[INFO DPL-0035]  ANTENNA__13517__S
[INFO DPL-0035]  ANTENNA__13519__S
[INFO DPL-0035]  ANTENNA__13517__A1
[INFO DPL-0035]  ANTENNA__12894__S
[INFO DPL-0035]  ANTENNA__12894__S
[INFO DPL-0035]  ANTENNA_output32_A
[INFO DPL-0035]  ANTENNA__13554__A0
[INFO DPL-0035]  ANTENNA__12158__S
[INFO DPL-0035]  ANTENNA__12894__A1
[INFO DPL-0035]  ANTENNA__12894__A1
[INFO DPL-0035]  ANTENNA__12894__A1
[INFO DPL-0035]  ANTENNA__12158__A1
[INFO DPL-0035]  ANTENNA__12158__A1
[INFO DPL-0035]  ANTENNA__12158__A1
[INFO DPL-0035]  ANTENNA__12158__A1
[INFO DPL-0035]  ANTENNA_hold44_A
[INFO DPL-0035]  ANTENNA_input12_A
[INFO DPL-0035]  ANTENNA__07388__A
[INFO DPL-0035]  ANTENNA__07388__A
[INFO DPL-0035]  ANTENNA_hold69_A
[INFO DPL-0035]  ANTENNA_output67_A
[INFO DPL-0035]  ANTENNA_output39_A
[INFO DPL-0035]  ANTENNA_output38_A
[INFO DPL-0035]  ANTENNA_output47_A
[INFO DPL-0035]  ANTENNA_hold53_A
[INFO DPL-0035]  ANTENNA_hold73_A
[ERROR DPL-0036] Detailed placement failed.
Error: dpl.tcl, 20 DPL-0036
