%Warning-EOFNEWLINE: /openlane/designs/my_processor/src/ALU.v:35:10: Missing newline at end of file (POSIX 3.206).
                                                                   : ... Suggest add newline.
   35 | endmodule
      |          ^
                     ... For warning description see https://verilator.org/warn/EOFNEWLINE?v=5.009
                     ... Use "/* verilator lint_off EOFNEWLINE */" and lint_on around source to disable this message.
%Warning-WIDTHEXPAND: /openlane/designs/my_processor/src/topModule_clean.v:620:38: Operator ADD expects 16 bits on the RHS, but RHS's VARREF 'address_offset' generates 3 bits.
                                                                                 : ... In instance pipelined_processor
  620 |     assign addr_in_dm = address_base + address_offset;
      |                                      ^
%Warning-UNUSEDSIGNAL: /openlane/designs/my_processor/src/topModule_clean.v:74:17: Signal is not used: 'RR_A1_Address_sel'
                                                                                 : ... In instance pipelined_processor
   74 |     wire        RR_A1_Address_sel, RR_A2_Address_sel, RR_Wr_En, MEM_Wr_En;
      |                 ^~~~~~~~~~~~~~~~~
%Warning-UNUSEDSIGNAL: /openlane/designs/my_processor/src/topModule_clean.v:74:36: Signal is not used: 'RR_A2_Address_sel'
                                                                                 : ... In instance pipelined_processor
   74 |     wire        RR_A1_Address_sel, RR_A2_Address_sel, RR_Wr_En, MEM_Wr_En;
      |                                    ^~~~~~~~~~~~~~~~~
%Warning-UNUSEDSIGNAL: /openlane/designs/my_processor/src/topModule_clean.v:96:17: Signal is not used: 'data_select_control_for_pc_at_rr'
                                                                                 : ... In instance pipelined_processor
   96 |     wire        data_select_control_for_pc_at_rr;
      |                 ^~~~~~~~~~~~~~~~~~~~~~~~~~~~~~~~
%Warning-UNUSEDSIGNAL: /openlane/designs/my_processor/src/topModule_clean.v:123:17: Signal is not used: 'control_sig_out_from_id_rr'
                                                                                  : ... In instance pipelined_processor
  123 |     wire [9:0]  control_sig_out_from_id_rr, control_sig_out_from_rr_ex;
      |                 ^~~~~~~~~~~~~~~~~~~~~~~~~~
%Warning-UNUSEDSIGNAL: /openlane/designs/my_processor/src/topModule_clean.v:125:17: Signal is not driven, nor used: 'ir_out_from_id_rr'
                                                                                  : ... In instance pipelined_processor
  125 |     wire [15:0] ir_out_from_id_rr, ir_out_from_rr_ex;
      |                 ^~~~~~~~~~~~~~~~~
%Warning-UNUSEDSIGNAL: /openlane/designs/my_processor/src/topModule_clean.v:126:59: Signal is not used: 'rd_prev_addr_from_rr_ex'
                                                                                  : ... In instance pipelined_processor
  126 |     wire [2:0]  rs1_addr_from_rr_ex, rs2_addr_from_rr_ex, rd_prev_addr_from_rr_ex;
      |                                                           ^~~~~~~~~~~~~~~~~~~~~~~
%Warning-UNUSEDSIGNAL: /openlane/designs/my_processor/src/topModule_clean.v:127:17: Signal is not used: 'rf_wr_en_prev_from_rr_ex'
                                                                                  : ... In instance pipelined_processor
  127 |     wire        rf_wr_en_prev_from_rr_ex;
      |                 ^~~~~~~~~~~~~~~~~~~~~~~~
%Warning-UNUSEDSIGNAL: /openlane/designs/my_processor/src/topModule_clean.v:128:17: Signal is not driven, nor used: 'seperate_control_for_pc_select_at_ex'
                                                                                  : ... In instance pipelined_processor
  128 |     wire        seperate_control_for_pc_select_at_ex;
      |                 ^~~~~~~~~~~~~~~~~~~~~~~~~~~~~~~~~~~~
%Warning-UNUSEDSIGNAL: /openlane/designs/my_processor/src/topModule_clean.v:146:17: Signal is not used: 'rd_prev_data_from_rr_ex'
                                                                                  : ... In instance pipelined_processor
  146 |     wire [15:0] rd_prev_data_from_rr_ex;
      |                 ^~~~~~~~~~~~~~~~~~~~~~~
%Warning-UNUSEDSIGNAL: /openlane/designs/my_processor/src/topModule_clean.v:197:32: Signal is not used: 'ir_at_wb'
                                                                                  : ... In instance pipelined_processor
  197 |     wire [15:0] rd_data_at_wb, ir_at_wb;
      |                                ^~~~~~~~
%Warning-UNUSEDSIGNAL: /openlane/designs/my_processor/src/topModule_clean.v:202:17: Signal is not used: 'counter'
                                                                                  : ... In instance pipelined_processor
  202 |     reg  [1:0]  counter = 0;
      |                 ^~~~~~~
%Warning-UNUSEDSIGNAL: /openlane/designs/my_processor/src/topModule_clean.v:330:10: Signal is not used: 'reg_and_mem_wr_disable_for_rr'
                                                                                  : ... In instance pipelined_processor
  330 |     reg  reg_and_mem_wr_disable_for_rr;
      |          ^~~~~~~~~~~~~~~~~~~~~~~~~~~~~
%Warning-UNUSEDSIGNAL: /openlane/designs/my_processor/src/dataMem.v:8:21: Bits of signal are not used: 'mem_access_addr'[15:6]
                                                                        : ... In instance pipelined_processor.dmem
    8 |     input   [15:0]  mem_access_addr,
      |                     ^~~~~~~~~~~~~~~
%Warning-UNUSEDSIGNAL: /openlane/designs/my_processor/src/loadStoreMultiple.v:11:20: Bits of signal are not used: 'reg_data_form_id_128'[127:112]
                                                                                   : ... In instance pipelined_processor.la_sa_lm_sm_block
   11 |     input  [127:0] reg_data_form_id_128,
      |                    ^~~~~~~~~~~~~~~~~~~~
%Warning-UNUSEDSIGNAL: /openlane/designs/my_processor/src/loadStoreMultiple.v:12:20: Bits of signal are not used: 'ir'[11:8]
                                                                                   : ... In instance pipelined_processor.la_sa_lm_sm_block
   12 |     input  [15:0]  ir, rf_d2,
      |                    ^~
%Warning-UNUSEDSIGNAL: /openlane/designs/my_processor/src/aluCtrl.v:4:19: Bits of signal are not used: 'instr'[11:2]
                                                                        : ... In instance pipelined_processor.alu_control
    4 |     input  [15:0] instr,
      |                   ^~~~~
%Warning-COMBDLY: /openlane/designs/my_processor/src/topModule_clean.v:462:23: Non-blocking assignment '<=' in combinational logic process
                                                                             : ... This will be executed as a blocking assignment '='!
  462 |             zero_flag <= zero_flag_in;
      |                       ^~
                  *** See https://verilator.org/warn/COMBDLY before disabling this,
                  else you may end up with different sim results.
