
Magic 8.3 revision 413 - Compiled on Wed Jul 12 10:04:40 UTC 2023.
Starting magic under Tcl interpreter
Using the terminal as the console.
Using NULL graphics device.
Processing system .magicrc file
Sourcing design .magicrc for technology sky130A ...
2 Magic internal units = 1 Lambda
Input style sky130(): scaleFactor=2, multiplier=2
The following types are not handled by extraction and will be treated as non-electrical types:
    ubm 
Scaled tech values by 2 / 1 to match internal grid scaling
Loading sky130A Device Generator Menu ...
Using technology "sky130A", version 1.0.493-0-g0fe599b
Reading LEF data from file /home/kushagra/.ciel/sky130A/libs.ref/sky130_fd_sc_hd/techlef/sky130_fd_sc_hd__nom.tlef.
This action cannot be undone.
LEF read, Line 82 (Message): Unknown keyword "ANTENNAMODEL" in LEF file; ignoring.
LEF read, Line 83 (Message): Unknown keyword "ANTENNADIFFSIDEAREARATIO" in LEF file; ignoring.
LEF read, Line 116 (Message): Unknown keyword "MINENCLOSEDAREA" in LEF file; ignoring.
LEF read, Line 118 (Message): Unknown keyword "ANTENNAMODEL" in LEF file; ignoring.
LEF read, Line 119 (Message): Unknown keyword "ANTENNADIFFSIDEAREARATIO" in LEF file; ignoring.
LEF read, Line 125 (Message): Unknown keyword "MAXIMUMDENSITY" in LEF file; ignoring.
LEF read, Line 126 (Message): Unknown keyword "DENSITYCHECKWINDOW" in LEF file; ignoring.
LEF read, Line 127 (Message): Unknown keyword "DENSITYCHECKSTEP" in LEF file; ignoring.
LEF read, Line 160 (Message): Unknown keyword "MINENCLOSEDAREA" in LEF file; ignoring.
LEF read, Line 168 (Message): Unknown keyword "ANTENNAMODEL" in LEF file; ignoring.
LEF read, Line 169 (Message): Unknown keyword "ANTENNADIFFSIDEAREARATIO" in LEF file; ignoring.
LEF read, Line 171 (Message): Unknown keyword "MAXIMUMDENSITY" in LEF file; ignoring.
LEF read, Line 172 (Message): Unknown keyword "DENSITYCHECKWINDOW" in LEF file; ignoring.
LEF read, Line 173 (Message): Unknown keyword "DENSITYCHECKSTEP" in LEF file; ignoring.
LEF read, Line 210 (Message): Unknown keyword "ANTENNAMODEL" in LEF file; ignoring.
LEF read, Line 211 (Message): Unknown keyword "ANTENNADIFFSIDEAREARATIO" in LEF file; ignoring.
LEF read, Line 213 (Message): Unknown keyword "MAXIMUMDENSITY" in LEF file; ignoring.
LEF read, Line 214 (Message): Unknown keyword "DENSITYCHECKWINDOW" in LEF file; ignoring.
LEF read, Line 215 (Message): Unknown keyword "DENSITYCHECKSTEP" in LEF file; ignoring.
LEF read, Line 252 (Message): Unknown keyword "ANTENNAMODEL" in LEF file; ignoring.
LEF read, Line 253 (Message): Unknown keyword "ANTENNADIFFSIDEAREARATIO" in LEF file; ignoring.
LEF read, Line 255 (Message): Unknown keyword "MAXIMUMDENSITY" in LEF file; ignoring.
LEF read, Line 256 (Message): Unknown keyword "DENSITYCHECKWINDOW" in LEF file; ignoring.
LEF read, Line 257 (Message): Unknown keyword "DENSITYCHECKSTEP" in LEF file; ignoring.
LEF read, Line 294 (Message): Unknown keyword "ANTENNAMODEL" in LEF file; ignoring.
LEF read, Line 295 (Message): Unknown keyword "ANTENNADIFFSIDEAREARATIO" in LEF file; ignoring.
LEF read: Processed 801 lines.
Reading DEF data from file /openlane/designs/my_processor/runs/RUN_2026.03.13_15.26.25/results/routing/pipelined_processor.def.
This action cannot be undone.
  Processed 4 vias total.
Cell sky130_fd_sc_hd__diode_2 read from path /home/kushagra/.ciel/sky130A/libs.ref/sky130_fd_sc_hd/mag
Cell sky130_fd_sc_hd__decap_3 read from path /home/kushagra/.ciel/sky130A/libs.ref/sky130_fd_sc_hd/mag
Cell sky130_fd_sc_hd__fill_2 read from path /home/kushagra/.ciel/sky130A/libs.ref/sky130_fd_sc_hd/mag
Cell sky130_fd_sc_hd__decap_8 read from path /home/kushagra/.ciel/sky130A/libs.ref/sky130_fd_sc_hd/mag
Cell sky130_fd_sc_hd__fill_1 read from path /home/kushagra/.ciel/sky130A/libs.ref/sky130_fd_sc_hd/mag
Cell sky130_ef_sc_hd__decap_12 read from path /home/kushagra/.ciel/sky130A/libs.ref/sky130_fd_sc_hd/mag
Cell sky130_fd_sc_hd__decap_6 read from path /home/kushagra/.ciel/sky130A/libs.ref/sky130_fd_sc_hd/mag
Cell sky130_fd_sc_hd__decap_4 read from path /home/kushagra/.ciel/sky130A/libs.ref/sky130_fd_sc_hd/mag
Cell sky130_fd_sc_hd__tapvpwrvgnd_1 read from path /home/kushagra/.ciel/sky130A/libs.ref/sky130_fd_sc_hd/mag
Cell sky130_fd_sc_hd__buf_4 read from path /home/kushagra/.ciel/sky130A/libs.ref/sky130_fd_sc_hd/mag
Cell sky130_fd_sc_hd__inv_4 read from path /home/kushagra/.ciel/sky130A/libs.ref/sky130_fd_sc_hd/mag
Cell sky130_fd_sc_hd__buf_2 read from path /home/kushagra/.ciel/sky130A/libs.ref/sky130_fd_sc_hd/mag
Cell sky130_fd_sc_hd__inv_2 read from path /home/kushagra/.ciel/sky130A/libs.ref/sky130_fd_sc_hd/mag
Cell sky130_fd_sc_hd__clkbuf_2 read from path /home/kushagra/.ciel/sky130A/libs.ref/sky130_fd_sc_hd/mag
Cell sky130_fd_sc_hd__clkbuf_8 read from path /home/kushagra/.ciel/sky130A/libs.ref/sky130_fd_sc_hd/mag
Cell sky130_fd_sc_hd__clkbuf_4 read from path /home/kushagra/.ciel/sky130A/libs.ref/sky130_fd_sc_hd/mag
Cell sky130_fd_sc_hd__mux4_1 read from path /home/kushagra/.ciel/sky130A/libs.ref/sky130_fd_sc_hd/mag
Cell sky130_fd_sc_hd__or2_1 read from path /home/kushagra/.ciel/sky130A/libs.ref/sky130_fd_sc_hd/mag
Cell sky130_fd_sc_hd__mux2_1 read from path /home/kushagra/.ciel/sky130A/libs.ref/sky130_fd_sc_hd/mag
Cell sky130_fd_sc_hd__a21o_1 read from path /home/kushagra/.ciel/sky130A/libs.ref/sky130_fd_sc_hd/mag
Cell sky130_fd_sc_hd__and2_1 read from path /home/kushagra/.ciel/sky130A/libs.ref/sky130_fd_sc_hd/mag
Cell sky130_fd_sc_hd__o221a_1 read from path /home/kushagra/.ciel/sky130A/libs.ref/sky130_fd_sc_hd/mag
Cell sky130_fd_sc_hd__a31o_1 read from path /home/kushagra/.ciel/sky130A/libs.ref/sky130_fd_sc_hd/mag
Cell sky130_fd_sc_hd__o211a_1 read from path /home/kushagra/.ciel/sky130A/libs.ref/sky130_fd_sc_hd/mag
Cell sky130_fd_sc_hd__nor2_1 read from path /home/kushagra/.ciel/sky130A/libs.ref/sky130_fd_sc_hd/mag
Cell sky130_fd_sc_hd__buf_6 read from path /home/kushagra/.ciel/sky130A/libs.ref/sky130_fd_sc_hd/mag
Cell sky130_fd_sc_hd__o21ai_1 read from path /home/kushagra/.ciel/sky130A/libs.ref/sky130_fd_sc_hd/mag
Cell sky130_fd_sc_hd__o32a_1 read from path /home/kushagra/.ciel/sky130A/libs.ref/sky130_fd_sc_hd/mag
Cell sky130_fd_sc_hd__a21o_2 read from path /home/kushagra/.ciel/sky130A/libs.ref/sky130_fd_sc_hd/mag
Cell sky130_fd_sc_hd__mux2_2 read from path /home/kushagra/.ciel/sky130A/libs.ref/sky130_fd_sc_hd/mag
Cell sky130_fd_sc_hd__nor2_2 read from path /home/kushagra/.ciel/sky130A/libs.ref/sky130_fd_sc_hd/mag
Cell sky130_fd_sc_hd__a21o_4 read from path /home/kushagra/.ciel/sky130A/libs.ref/sky130_fd_sc_hd/mag
Cell sky130_fd_sc_hd__mux4_2 read from path /home/kushagra/.ciel/sky130A/libs.ref/sky130_fd_sc_hd/mag
Cell sky130_fd_sc_hd__mux2_4 read from path /home/kushagra/.ciel/sky130A/libs.ref/sky130_fd_sc_hd/mag
Cell sky130_fd_sc_hd__clkbuf_1 read from path /home/kushagra/.ciel/sky130A/libs.ref/sky130_fd_sc_hd/mag
Cell sky130_fd_sc_hd__mux2_8 read from path /home/kushagra/.ciel/sky130A/libs.ref/sky130_fd_sc_hd/mag
Cell sky130_fd_sc_hd__dlymetal6s2s_1 read from path /home/kushagra/.ciel/sky130A/libs.ref/sky130_fd_sc_hd/mag
Cell sky130_fd_sc_hd__buf_1 read from path /home/kushagra/.ciel/sky130A/libs.ref/sky130_fd_sc_hd/mag
Cell sky130_fd_sc_hd__clkinv_4 read from path /home/kushagra/.ciel/sky130A/libs.ref/sky130_fd_sc_hd/mag
Cell sky130_fd_sc_hd__and3_1 read from path /home/kushagra/.ciel/sky130A/libs.ref/sky130_fd_sc_hd/mag
Cell sky130_fd_sc_hd__and3b_1 read from path /home/kushagra/.ciel/sky130A/libs.ref/sky130_fd_sc_hd/mag
Cell sky130_fd_sc_hd__nor3_1 read from path /home/kushagra/.ciel/sky130A/libs.ref/sky130_fd_sc_hd/mag
Cell sky130_fd_sc_hd__and3b_2 read from path /home/kushagra/.ciel/sky130A/libs.ref/sky130_fd_sc_hd/mag
Cell sky130_fd_sc_hd__a22o_1 read from path /home/kushagra/.ciel/sky130A/libs.ref/sky130_fd_sc_hd/mag
Cell sky130_fd_sc_hd__a221o_1 read from path /home/kushagra/.ciel/sky130A/libs.ref/sky130_fd_sc_hd/mag
Cell sky130_fd_sc_hd__nand2_2 read from path /home/kushagra/.ciel/sky130A/libs.ref/sky130_fd_sc_hd/mag
Cell sky130_fd_sc_hd__nor3_2 read from path /home/kushagra/.ciel/sky130A/libs.ref/sky130_fd_sc_hd/mag
Cell sky130_fd_sc_hd__a211o_1 read from path /home/kushagra/.ciel/sky130A/libs.ref/sky130_fd_sc_hd/mag
Cell sky130_fd_sc_hd__o22a_1 read from path /home/kushagra/.ciel/sky130A/libs.ref/sky130_fd_sc_hd/mag
Cell sky130_fd_sc_hd__or3_1 read from path /home/kushagra/.ciel/sky130A/libs.ref/sky130_fd_sc_hd/mag
Cell sky130_fd_sc_hd__nand2_4 read from path /home/kushagra/.ciel/sky130A/libs.ref/sky130_fd_sc_hd/mag
Cell sky130_fd_sc_hd__xnor2_4 read from path /home/kushagra/.ciel/sky130A/libs.ref/sky130_fd_sc_hd/mag
Cell sky130_fd_sc_hd__o2bb2ai_4 read from path /home/kushagra/.ciel/sky130A/libs.ref/sky130_fd_sc_hd/mag
Cell sky130_fd_sc_hd__xnor2_1 read from path /home/kushagra/.ciel/sky130A/libs.ref/sky130_fd_sc_hd/mag
Cell sky130_fd_sc_hd__nand3_4 read from path /home/kushagra/.ciel/sky130A/libs.ref/sky130_fd_sc_hd/mag
Cell sky130_fd_sc_hd__or3b_1 read from path /home/kushagra/.ciel/sky130A/libs.ref/sky130_fd_sc_hd/mag
Cell sky130_fd_sc_hd__a21oi_1 read from path /home/kushagra/.ciel/sky130A/libs.ref/sky130_fd_sc_hd/mag
Cell sky130_fd_sc_hd__nand2_1 read from path /home/kushagra/.ciel/sky130A/libs.ref/sky130_fd_sc_hd/mag
Cell sky130_fd_sc_hd__o211a_2 read from path /home/kushagra/.ciel/sky130A/libs.ref/sky130_fd_sc_hd/mag
Cell sky130_fd_sc_hd__or2b_2 read from path /home/kushagra/.ciel/sky130A/libs.ref/sky130_fd_sc_hd/mag
Cell sky130_fd_sc_hd__xor2_4 read from path /home/kushagra/.ciel/sky130A/libs.ref/sky130_fd_sc_hd/mag
Cell sky130_fd_sc_hd__xor2_1 read from path /home/kushagra/.ciel/sky130A/libs.ref/sky130_fd_sc_hd/mag
Cell sky130_fd_sc_hd__xnor2_2 read from path /home/kushagra/.ciel/sky130A/libs.ref/sky130_fd_sc_hd/mag
Cell sky130_fd_sc_hd__or3_2 read from path /home/kushagra/.ciel/sky130A/libs.ref/sky130_fd_sc_hd/mag
Cell sky130_fd_sc_hd__or2b_1 read from path /home/kushagra/.ciel/sky130A/libs.ref/sky130_fd_sc_hd/mag
Cell sky130_fd_sc_hd__a21oi_4 read from path /home/kushagra/.ciel/sky130A/libs.ref/sky130_fd_sc_hd/mag
Cell sky130_fd_sc_hd__and2b_1 read from path /home/kushagra/.ciel/sky130A/libs.ref/sky130_fd_sc_hd/mag
Cell sky130_fd_sc_hd__or3b_2 read from path /home/kushagra/.ciel/sky130A/libs.ref/sky130_fd_sc_hd/mag
Cell sky130_fd_sc_hd__o21a_1 read from path /home/kushagra/.ciel/sky130A/libs.ref/sky130_fd_sc_hd/mag
Cell sky130_fd_sc_hd__nor2_4 read from path /home/kushagra/.ciel/sky130A/libs.ref/sky130_fd_sc_hd/mag
Cell sky130_fd_sc_hd__o41a_1 read from path /home/kushagra/.ciel/sky130A/libs.ref/sky130_fd_sc_hd/mag
Cell sky130_fd_sc_hd__o2bb2a_1 read from path /home/kushagra/.ciel/sky130A/libs.ref/sky130_fd_sc_hd/mag
Cell sky130_fd_sc_hd__and4_1 read from path /home/kushagra/.ciel/sky130A/libs.ref/sky130_fd_sc_hd/mag
Cell sky130_fd_sc_hd__or3b_4 read from path /home/kushagra/.ciel/sky130A/libs.ref/sky130_fd_sc_hd/mag
Cell sky130_fd_sc_hd__o31a_1 read from path /home/kushagra/.ciel/sky130A/libs.ref/sky130_fd_sc_hd/mag
Cell sky130_fd_sc_hd__o21ai_2 read from path /home/kushagra/.ciel/sky130A/libs.ref/sky130_fd_sc_hd/mag
Cell sky130_fd_sc_hd__o21bai_4 read from path /home/kushagra/.ciel/sky130A/libs.ref/sky130_fd_sc_hd/mag
Cell sky130_fd_sc_hd__a31o_2 read from path /home/kushagra/.ciel/sky130A/libs.ref/sky130_fd_sc_hd/mag
Cell sky130_fd_sc_hd__o21ai_4 read from path /home/kushagra/.ciel/sky130A/libs.ref/sky130_fd_sc_hd/mag
Cell sky130_fd_sc_hd__o22ai_4 read from path /home/kushagra/.ciel/sky130A/libs.ref/sky130_fd_sc_hd/mag
Cell sky130_fd_sc_hd__or4_1 read from path /home/kushagra/.ciel/sky130A/libs.ref/sky130_fd_sc_hd/mag
Cell sky130_fd_sc_hd__o31ai_1 read from path /home/kushagra/.ciel/sky130A/libs.ref/sky130_fd_sc_hd/mag
Cell sky130_fd_sc_hd__o22a_2 read from path /home/kushagra/.ciel/sky130A/libs.ref/sky130_fd_sc_hd/mag
Cell sky130_fd_sc_hd__a2bb2o_1 read from path /home/kushagra/.ciel/sky130A/libs.ref/sky130_fd_sc_hd/mag
Cell sky130_fd_sc_hd__o311ai_4 read from path /home/kushagra/.ciel/sky130A/libs.ref/sky130_fd_sc_hd/mag
Cell sky130_fd_sc_hd__a211o_2 read from path /home/kushagra/.ciel/sky130A/libs.ref/sky130_fd_sc_hd/mag
Cell sky130_fd_sc_hd__o211ai_4 read from path /home/kushagra/.ciel/sky130A/libs.ref/sky130_fd_sc_hd/mag
Cell sky130_fd_sc_hd__a31o_4 read from path /home/kushagra/.ciel/sky130A/libs.ref/sky130_fd_sc_hd/mag
Cell sky130_fd_sc_hd__or3_4 read from path /home/kushagra/.ciel/sky130A/libs.ref/sky130_fd_sc_hd/mag
Cell sky130_fd_sc_hd__a221oi_4 read from path /home/kushagra/.ciel/sky130A/libs.ref/sky130_fd_sc_hd/mag
Cell sky130_fd_sc_hd__a211oi_1 read from path /home/kushagra/.ciel/sky130A/libs.ref/sky130_fd_sc_hd/mag
Cell sky130_fd_sc_hd__o211ai_1 read from path /home/kushagra/.ciel/sky130A/libs.ref/sky130_fd_sc_hd/mag
Cell sky130_fd_sc_hd__o211ai_2 read from path /home/kushagra/.ciel/sky130A/libs.ref/sky130_fd_sc_hd/mag
Cell sky130_fd_sc_hd__o311a_1 read from path /home/kushagra/.ciel/sky130A/libs.ref/sky130_fd_sc_hd/mag
Cell sky130_fd_sc_hd__a32o_1 read from path /home/kushagra/.ciel/sky130A/libs.ref/sky130_fd_sc_hd/mag
Cell sky130_fd_sc_hd__o21ba_1 read from path /home/kushagra/.ciel/sky130A/libs.ref/sky130_fd_sc_hd/mag
Cell sky130_fd_sc_hd__o221a_2 read from path /home/kushagra/.ciel/sky130A/libs.ref/sky130_fd_sc_hd/mag
Cell sky130_fd_sc_hd__or4b_1 read from path /home/kushagra/.ciel/sky130A/libs.ref/sky130_fd_sc_hd/mag
Cell sky130_fd_sc_hd__a311o_2 read from path /home/kushagra/.ciel/sky130A/libs.ref/sky130_fd_sc_hd/mag
Cell sky130_fd_sc_hd__or2_2 read from path /home/kushagra/.ciel/sky130A/libs.ref/sky130_fd_sc_hd/mag
Cell sky130_fd_sc_hd__o221ai_1 read from path /home/kushagra/.ciel/sky130A/libs.ref/sky130_fd_sc_hd/mag
Cell sky130_fd_sc_hd__o31a_2 read from path /home/kushagra/.ciel/sky130A/libs.ref/sky130_fd_sc_hd/mag
Cell sky130_fd_sc_hd__a22oi_4 read from path /home/kushagra/.ciel/sky130A/libs.ref/sky130_fd_sc_hd/mag
Cell sky130_fd_sc_hd__o2bb2a_4 read from path /home/kushagra/.ciel/sky130A/libs.ref/sky130_fd_sc_hd/mag
Cell sky130_fd_sc_hd__o2111ai_1 read from path /home/kushagra/.ciel/sky130A/libs.ref/sky130_fd_sc_hd/mag
Cell sky130_fd_sc_hd__a2bb2o_2 read from path /home/kushagra/.ciel/sky130A/libs.ref/sky130_fd_sc_hd/mag
Cell sky130_fd_sc_hd__a221o_2 read from path /home/kushagra/.ciel/sky130A/libs.ref/sky130_fd_sc_hd/mag
Cell sky130_fd_sc_hd__a221oi_1 read from path /home/kushagra/.ciel/sky130A/libs.ref/sky130_fd_sc_hd/mag
Cell sky130_fd_sc_hd__or4_4 read from path /home/kushagra/.ciel/sky130A/libs.ref/sky130_fd_sc_hd/mag
Cell sky130_fd_sc_hd__and4bb_1 read from path /home/kushagra/.ciel/sky130A/libs.ref/sky130_fd_sc_hd/mag
Cell sky130_fd_sc_hd__or4_2 read from path /home/kushagra/.ciel/sky130A/libs.ref/sky130_fd_sc_hd/mag
Cell sky130_fd_sc_hd__a21bo_1 read from path /home/kushagra/.ciel/sky130A/libs.ref/sky130_fd_sc_hd/mag
Cell sky130_fd_sc_hd__nand2_8 read from path /home/kushagra/.ciel/sky130A/libs.ref/sky130_fd_sc_hd/mag
Cell sky130_fd_sc_hd__or2_4 read from path /home/kushagra/.ciel/sky130A/libs.ref/sky130_fd_sc_hd/mag
Cell sky130_fd_sc_hd__nand3_1 read from path /home/kushagra/.ciel/sky130A/libs.ref/sky130_fd_sc_hd/mag
Cell sky130_fd_sc_hd__nor3_4 read from path /home/kushagra/.ciel/sky130A/libs.ref/sky130_fd_sc_hd/mag
Cell sky130_fd_sc_hd__nand2b_4 read from path /home/kushagra/.ciel/sky130A/libs.ref/sky130_fd_sc_hd/mag
Cell sky130_fd_sc_hd__or4b_2 read from path /home/kushagra/.ciel/sky130A/libs.ref/sky130_fd_sc_hd/mag
Cell sky130_fd_sc_hd__o22ai_2 read from path /home/kushagra/.ciel/sky130A/libs.ref/sky130_fd_sc_hd/mag
Cell sky130_fd_sc_hd__a22oi_2 read from path /home/kushagra/.ciel/sky130A/libs.ref/sky130_fd_sc_hd/mag
Cell sky130_fd_sc_hd__xor2_2 read from path /home/kushagra/.ciel/sky130A/libs.ref/sky130_fd_sc_hd/mag
Cell sky130_fd_sc_hd__and3_2 read from path /home/kushagra/.ciel/sky130A/libs.ref/sky130_fd_sc_hd/mag
Cell sky130_fd_sc_hd__and4b_1 read from path /home/kushagra/.ciel/sky130A/libs.ref/sky130_fd_sc_hd/mag
Cell sky130_fd_sc_hd__or4bb_1 read from path /home/kushagra/.ciel/sky130A/libs.ref/sky130_fd_sc_hd/mag
Cell sky130_fd_sc_hd__o21bai_1 read from path /home/kushagra/.ciel/sky130A/libs.ref/sky130_fd_sc_hd/mag
Cell sky130_fd_sc_hd__a41o_1 read from path /home/kushagra/.ciel/sky130A/libs.ref/sky130_fd_sc_hd/mag
Cell sky130_fd_sc_hd__o2bb2a_2 read from path /home/kushagra/.ciel/sky130A/libs.ref/sky130_fd_sc_hd/mag
Cell sky130_fd_sc_hd__a21oi_2 read from path /home/kushagra/.ciel/sky130A/libs.ref/sky130_fd_sc_hd/mag
Cell sky130_fd_sc_hd__a22oi_1 read from path /home/kushagra/.ciel/sky130A/libs.ref/sky130_fd_sc_hd/mag
Cell sky130_fd_sc_hd__or4bb_4 read from path /home/kushagra/.ciel/sky130A/libs.ref/sky130_fd_sc_hd/mag
Cell sky130_fd_sc_hd__nand4b_4 read from path /home/kushagra/.ciel/sky130A/libs.ref/sky130_fd_sc_hd/mag
Cell sky130_fd_sc_hd__o221ai_4 read from path /home/kushagra/.ciel/sky130A/libs.ref/sky130_fd_sc_hd/mag
Cell sky130_fd_sc_hd__and2_2 read from path /home/kushagra/.ciel/sky130A/libs.ref/sky130_fd_sc_hd/mag
Cell sky130_fd_sc_hd__o22ai_1 read from path /home/kushagra/.ciel/sky130A/libs.ref/sky130_fd_sc_hd/mag
Cell sky130_fd_sc_hd__and4bb_2 read from path /home/kushagra/.ciel/sky130A/libs.ref/sky130_fd_sc_hd/mag
Cell sky130_fd_sc_hd__a21boi_1 read from path /home/kushagra/.ciel/sky130A/libs.ref/sky130_fd_sc_hd/mag
Cell sky130_fd_sc_hd__nand3_2 read from path /home/kushagra/.ciel/sky130A/libs.ref/sky130_fd_sc_hd/mag
Cell sky130_fd_sc_hd__o21bai_2 read from path /home/kushagra/.ciel/sky130A/libs.ref/sky130_fd_sc_hd/mag
Cell sky130_fd_sc_hd__a311o_1 read from path /home/kushagra/.ciel/sky130A/libs.ref/sky130_fd_sc_hd/mag
Cell sky130_fd_sc_hd__o32ai_1 read from path /home/kushagra/.ciel/sky130A/libs.ref/sky130_fd_sc_hd/mag
Cell sky130_fd_sc_hd__o31ai_2 read from path /home/kushagra/.ciel/sky130A/libs.ref/sky130_fd_sc_hd/mag
Cell sky130_fd_sc_hd__dfxtp_1 read from path /home/kushagra/.ciel/sky130A/libs.ref/sky130_fd_sc_hd/mag
Cell sky130_fd_sc_hd__dfxtp_4 read from path /home/kushagra/.ciel/sky130A/libs.ref/sky130_fd_sc_hd/mag
Cell sky130_fd_sc_hd__dfxtp_2 read from path /home/kushagra/.ciel/sky130A/libs.ref/sky130_fd_sc_hd/mag
Cell sky130_fd_sc_hd__clkbuf_16 read from path /home/kushagra/.ciel/sky130A/libs.ref/sky130_fd_sc_hd/mag
Cell sky130_fd_sc_hd__dlygate4sd3_1 read from path /home/kushagra/.ciel/sky130A/libs.ref/sky130_fd_sc_hd/mag
Cell sky130_fd_sc_hd__buf_8 read from path /home/kushagra/.ciel/sky130A/libs.ref/sky130_fd_sc_hd/mag
  Processed 28975 subcell instances total.
  Processed 101 pins total.
  Processed 2 special nets total.
  Processed 11200 nets total.
DEF read: Processed 221642 lines.
Moving label "_00009_" from metal1 to via1 in cell pipelined_processor.
Moving label "_00032_" from metal1 to via1 in cell pipelined_processor.
Moving label "_00033_" from metal1 to via1 in cell pipelined_processor.
Moving label "_00050_" from metal1 to via1 in cell pipelined_processor.
Moving label "_00057_" from metal1 to via1 in cell pipelined_processor.
Moving label "_00060_" from metal1 to via1 in cell pipelined_processor.
Moving label "_00069_" from metal1 to via1 in cell pipelined_processor.
Moving label "_00075_" from metal2 to via1 in cell pipelined_processor.
Moving label "_00085_" from metal1 to via1 in cell pipelined_processor.
Moving label "_00086_" from metal1 to via1 in cell pipelined_processor.
Moving label "_00092_" from metal1 to via1 in cell pipelined_processor.
Moving label "_00095_" from metal1 to via1 in cell pipelined_processor.
Moving label "_00096_" from metal1 to via1 in cell pipelined_processor.
Moving label "_00098_" from metal1 to via1 in cell pipelined_processor.
Moving label "_00107_" from metal1 to via1 in cell pipelined_processor.
Moving label "_00108_" from metal1 to via1 in cell pipelined_processor.
Moving label "_00109_" from metal1 to via1 in cell pipelined_processor.
Moving label "_00110_" from metal1 to via1 in cell pipelined_processor.
Moving label "_00123_" from metal1 to via1 in cell pipelined_processor.
Moving label "_00132_" from metal1 to via1 in cell pipelined_processor.
Moving label "_00134_" from metal1 to via1 in cell pipelined_processor.
Moving label "_00143_" from metal1 to via1 in cell pipelined_processor.
Moving label "_00149_" from metal1 to via1 in cell pipelined_processor.
Moving label "_00154_" from metal1 to via1 in cell pipelined_processor.
Moving label "_00156_" from metal1 to via1 in cell pipelined_processor.
Moving label "_00194_" from metal1 to via1 in cell pipelined_processor.
Moving label "_00196_" from metal1 to via1 in cell pipelined_processor.
Moving label "_00197_" from metal1 to viali in cell pipelined_processor.
Moving label "_00205_" from metal1 to via1 in cell pipelined_processor.
Moving label "_00223_" from metal1 to via1 in cell pipelined_processor.
Moving label "_00224_" from metal1 to via1 in cell pipelined_processor.
Moving label "_00233_" from metal1 to via1 in cell pipelined_processor.
Moving label "_00235_" from metal1 to via1 in cell pipelined_processor.
Moving label "_00237_" from metal1 to via1 in cell pipelined_processor.
Moving label "_00241_" from metal1 to via1 in cell pipelined_processor.
Moving label "_00245_" from metal1 to via1 in cell pipelined_processor.
Moving label "_00250_" from metal1 to via1 in cell pipelined_processor.
Moving label "_00265_" from metal1 to via1 in cell pipelined_processor.
Moving label "_00280_" from metal1 to via1 in cell pipelined_processor.
Moving label "_00285_" from metal1 to via1 in cell pipelined_processor.
Moving label "_00288_" from metal1 to via1 in cell pipelined_processor.
Moving label "_00292_" from metal1 to via1 in cell pipelined_processor.
Moving label "_00314_" from metal1 to via1 in cell pipelined_processor.
Moving label "_00315_" from metal1 to via1 in cell pipelined_processor.
Moving label "_00317_" from metal1 to via1 in cell pipelined_processor.
Moving label "_00318_" from metal1 to via1 in cell pipelined_processor.
Moving label "_00322_" from metal1 to via1 in cell pipelined_processor.
Moving label "_00328_" from metal1 to via1 in cell pipelined_processor.
Moving label "_00338_" from metal1 to via1 in cell pipelined_processor.
Moving label "_00346_" from metal1 to via1 in cell pipelined_processor.
Moving label "_00348_" from metal1 to via1 in cell pipelined_processor.
Moving label "_00355_" from metal1 to via1 in cell pipelined_processor.
Moving label "_00359_" from metal1 to via1 in cell pipelined_processor.
Moving label "_00362_" from metal1 to via1 in cell pipelined_processor.
Moving label "_00363_" from metal1 to via1 in cell pipelined_processor.
Moving label "_00366_" from metal1 to via1 in cell pipelined_processor.
Moving label "_00367_" from metal1 to via1 in cell pipelined_processor.
Moving label "_00370_" from metal1 to via1 in cell pipelined_processor.
Moving label "_00371_" from metal1 to via1 in cell pipelined_processor.
Moving label "_00381_" from metal1 to via1 in cell pipelined_processor.
Moving label "_00387_" from metal1 to via1 in cell pipelined_processor.
Moving label "_00418_" from metal1 to viali in cell pipelined_processor.
Moving label "_00420_" from metal1 to via1 in cell pipelined_processor.
Moving label "_00456_" from metal1 to via1 in cell pipelined_processor.
Moving label "_00458_" from metal1 to via1 in cell pipelined_processor.
Moving label "_00462_" from metal1 to via1 in cell pipelined_processor.
Moving label "_00469_" from metal1 to viali in cell pipelined_processor.
Moving label "_00475_" from metal1 to via1 in cell pipelined_processor.
Moving label "_00476_" from metal1 to viali in cell pipelined_processor.
Moving label "_00487_" from metal1 to via1 in cell pipelined_processor.
Moving label "_00499_" from metal1 to via1 in cell pipelined_processor.
Moving label "_00521_" from metal1 to via1 in cell pipelined_processor.
Moving label "_00526_" from metal1 to via1 in cell pipelined_processor.
Moving label "_00529_" from metal1 to via1 in cell pipelined_processor.
Moving label "_00532_" from metal1 to via1 in cell pipelined_processor.
Moving label "_00559_" from metal1 to via1 in cell pipelined_processor.
Moving label "_00576_" from metal1 to via1 in cell pipelined_processor.
Moving label "_00580_" from metal1 to via1 in cell pipelined_processor.
Moving label "_00584_" from metal1 to viali in cell pipelined_processor.
Moving label "_00585_" from metal2 to via1 in cell pipelined_processor.
Moving label "_00591_" from metal1 to via1 in cell pipelined_processor.
Moving label "_00595_" from metal1 to via1 in cell pipelined_processor.
Moving label "_00616_" from metal2 to via2 in cell pipelined_processor.
Moving label "_00631_" from metal1 to via1 in cell pipelined_processor.
Moving label "_00678_" from metal1 to via1 in cell pipelined_processor.
Moving label "_00680_" from metal1 to via1 in cell pipelined_processor.
Moving label "_00687_" from metal1 to viali in cell pipelined_processor.
Moving label "_00694_" from metal1 to viali in cell pipelined_processor.
Moving label "_00701_" from metal1 to via1 in cell pipelined_processor.
Moving label "_00707_" from metal1 to via1 in cell pipelined_processor.
Moving label "_00712_" from metal1 to via1 in cell pipelined_processor.
Moving label "_00722_" from metal1 to via1 in cell pipelined_processor.
Moving label "_00772_" from metal1 to via1 in cell pipelined_processor.
Moving label "_00776_" from metal1 to via1 in cell pipelined_processor.
Moving label "_00797_" from metal1 to via1 in cell pipelined_processor.
Moving label "_00799_" from metal1 to via1 in cell pipelined_processor.
Moving label "_00823_" from metal1 to via1 in cell pipelined_processor.
Moving label "_00827_" from metal1 to via1 in cell pipelined_processor.
Moving label "_00861_" from metal1 to via1 in cell pipelined_processor.
Moving label "_00879_" from metal1 to via1 in cell pipelined_processor.
Moving label "_00891_" from metal1 to via1 in cell pipelined_processor.
Moving label "_00906_" from metal1 to via1 in cell pipelined_processor.
Moving label "_00908_" from metal2 to via2 in cell pipelined_processor.
Moving label "_00921_" from metal1 to via1 in cell pipelined_processor.
Moving label "_00930_" from metal1 to via1 in cell pipelined_processor.
Moving label "_00932_" from metal1 to via1 in cell pipelined_processor.
Moving label "_00943_" from metal1 to via1 in cell pipelined_processor.
Moving label "_00963_" from metal1 to via1 in cell pipelined_processor.
Moving label "_00972_" from metal1 to via1 in cell pipelined_processor.
Moving label "_00983_" from metal1 to via1 in cell pipelined_processor.
Moving label "_01096_" from metal1 to via1 in cell pipelined_processor.
Moving label "_01114_" from metal1 to via1 in cell pipelined_processor.
Moving label "_01118_" from metal1 to via1 in cell pipelined_processor.
Moving label "_01120_" from metal1 to viali in cell pipelined_processor.
Moving label "_01130_" from metal1 to via1 in cell pipelined_processor.
Moving label "_01133_" from metal1 to via1 in cell pipelined_processor.
Moving label "_01139_" from metal1 to via1 in cell pipelined_processor.
Moving label "_01151_" from metal1 to via1 in cell pipelined_processor.
Moving label "_01154_" from metal1 to via1 in cell pipelined_processor.
Moving label "_01174_" from metal1 to via1 in cell pipelined_processor.
Moving label "_01201_" from metal1 to via1 in cell pipelined_processor.
Moving label "_01204_" from metal1 to via1 in cell pipelined_processor.
Moving label "_01205_" from metal1 to via1 in cell pipelined_processor.
Moving label "_01219_" from metal1 to via1 in cell pipelined_processor.
Moving label "_01223_" from metal1 to via1 in cell pipelined_processor.
Moving label "_01227_" from metal1 to via1 in cell pipelined_processor.
Moving label "_01244_" from metal1 to via1 in cell pipelined_processor.
Moving label "_01280_" from metal1 to via1 in cell pipelined_processor.
Moving label "_01285_" from metal1 to via1 in cell pipelined_processor.
Moving label "_01291_" from metal1 to via1 in cell pipelined_processor.
Moving label "_01295_" from metal1 to via1 in cell pipelined_processor.
Moving label "_01308_" from metal1 to via1 in cell pipelined_processor.
Moving label "_01309_" from metal1 to via1 in cell pipelined_processor.
Moving label "_01337_" from metal1 to via1 in cell pipelined_processor.
Moving label "_01339_" from metal1 to via1 in cell pipelined_processor.
Moving label "_01345_" from metal1 to via1 in cell pipelined_processor.
Moving label "_01366_" from metal1 to via1 in cell pipelined_processor.
Moving label "_01374_" from metal1 to via1 in cell pipelined_processor.
Moving label "_01377_" from metal1 to via1 in cell pipelined_processor.
Moving label "_01380_" from metal1 to via1 in cell pipelined_processor.
Moving label "_01393_" from metal1 to via1 in cell pipelined_processor.
Moving label "_01396_" from metal1 to viali in cell pipelined_processor.
Moving label "_01398_" from metal1 to via1 in cell pipelined_processor.
Moving label "_01403_" from metal1 to via1 in cell pipelined_processor.
Moving label "_01404_" from metal1 to viali in cell pipelined_processor.
Moving label "_01419_" from metal1 to via1 in cell pipelined_processor.
Moving label "_01420_" from metal1 to via1 in cell pipelined_processor.
Moving label "_01422_" from metal1 to via1 in cell pipelined_processor.
Moving label "_01426_" from metal1 to via1 in cell pipelined_processor.
Moving label "_01431_" from metal1 to via1 in cell pipelined_processor.
Moving label "_01439_" from metal1 to via1 in cell pipelined_processor.
Moving label "_01446_" from metal1 to via1 in cell pipelined_processor.
Moving label "_01452_" from metal1 to via1 in cell pipelined_processor.
Moving label "_01458_" from metal1 to via1 in cell pipelined_processor.
Moving label "_01462_" from metal1 to via1 in cell pipelined_processor.
Moving label "_01472_" from metal1 to via1 in cell pipelined_processor.
Moving label "_01484_" from metal1 to via1 in cell pipelined_processor.
Moving label "_01497_" from metal1 to via1 in cell pipelined_processor.
Moving label "_01500_" from metal1 to via1 in cell pipelined_processor.
Moving label "_01504_" from metal1 to viali in cell pipelined_processor.
Moving label "_01540_" from metal1 to via1 in cell pipelined_processor.
Moving label "_01556_" from metal1 to via1 in cell pipelined_processor.
Moving label "_01560_" from metal1 to via1 in cell pipelined_processor.
Moving label "_01576_" from metal1 to via1 in cell pipelined_processor.
Moving label "_01591_" from metal1 to viali in cell pipelined_processor.
Moving label "_01596_" from metal1 to via1 in cell pipelined_processor.
Moving label "_01600_" from metal1 to via1 in cell pipelined_processor.
Moving label "_01604_" from metal1 to via1 in cell pipelined_processor.
Moving label "_01630_" from metal1 to via1 in cell pipelined_processor.
Moving label "_01650_" from metal1 to via1 in cell pipelined_processor.
Moving label "_01662_" from metal1 to viali in cell pipelined_processor.
Moving label "_01664_" from metal1 to via1 in cell pipelined_processor.
Moving label "_01678_" from metal1 to via1 in cell pipelined_processor.
Moving label "_01709_" from metal1 to via1 in cell pipelined_processor.
Moving label "_01716_" from metal1 to via1 in cell pipelined_processor.
Moving label "_01724_" from metal1 to via1 in cell pipelined_processor.
Moving label "_01739_" from metal1 to via1 in cell pipelined_processor.
Moving label "_01741_" from metal1 to via1 in cell pipelined_processor.
Moving label "_01745_" from metal1 to via1 in cell pipelined_processor.
Moving label "_01748_" from metal1 to via1 in cell pipelined_processor.
Moving label "_01751_" from metal1 to via1 in cell pipelined_processor.
Moving label "_01760_" from metal1 to via1 in cell pipelined_processor.
Moving label "_01761_" from metal1 to via1 in cell pipelined_processor.
Moving label "_01766_" from metal1 to via1 in cell pipelined_processor.
Moving label "_01772_" from metal1 to via1 in cell pipelined_processor.
Moving label "_01776_" from metal1 to viali in cell pipelined_processor.
Moving label "_01780_" from metal1 to via1 in cell pipelined_processor.
Moving label "_01785_" from metal1 to via1 in cell pipelined_processor.
Moving label "_01788_" from metal1 to via1 in cell pipelined_processor.
Moving label "_01789_" from metal1 to via1 in cell pipelined_processor.
Moving label "_01799_" from metal1 to viali in cell pipelined_processor.
Moving label "_01800_" from metal1 to via1 in cell pipelined_processor.
Moving label "_01802_" from metal1 to via1 in cell pipelined_processor.
Moving label "_01809_" from metal1 to via1 in cell pipelined_processor.
Moving label "_01814_" from metal1 to via1 in cell pipelined_processor.
Moving label "_01817_" from metal1 to via1 in cell pipelined_processor.
Moving label "_01830_" from metal2 to via2 in cell pipelined_processor.
Moving label "_01868_" from metal2 to via2 in cell pipelined_processor.
Moving label "_01942_" from metal1 to viali in cell pipelined_processor.
Moving label "_01961_" from metal1 to viali in cell pipelined_processor.
Moving label "_01977_" from metal1 to viali in cell pipelined_processor.
Moving label "_01991_" from metal1 to viali in cell pipelined_processor.
Moving label "_02015_" from metal1 to via1 in cell pipelined_processor.
Moving label "_02056_" from metal1 to viali in cell pipelined_processor.
Moving label "_02059_" from metal2 to via2 in cell pipelined_processor.
Moving label "_02070_" from metal1 to viali in cell pipelined_processor.
Moving label "_02102_" from metal2 to via2 in cell pipelined_processor.
Moving label "_02103_" from metal2 to via2 in cell pipelined_processor.
Moving label "_02146_" from metal2 to via2 in cell pipelined_processor.
Moving label "_02335_" from metal2 to via1 in cell pipelined_processor.
Moving label "_02382_" from metal2 to via2 in cell pipelined_processor.
Moving label "_02515_" from metal1 to viali in cell pipelined_processor.
Moving label "_02521_" from metal1 to viali in cell pipelined_processor.
Moving label "_02533_" from metal1 to viali in cell pipelined_processor.
Moving label "_02545_" from metal2 to via1 in cell pipelined_processor.
Moving label "_02568_" from metal2 to via2 in cell pipelined_processor.
Moving label "_02610_" from metal2 to via2 in cell pipelined_processor.
Moving label "_02639_" from metal2 to via2 in cell pipelined_processor.
Moving label "_02695_" from metal2 to via2 in cell pipelined_processor.
Moving label "_02751_" from metal2 to via2 in cell pipelined_processor.
Moving label "_02845_" from metal2 to via2 in cell pipelined_processor.
Moving label "_02854_" from metal1 to viali in cell pipelined_processor.
Moving label "_02857_" from metal1 to viali in cell pipelined_processor.
Moving label "_02890_" from metal2 to via2 in cell pipelined_processor.
Moving label "_02914_" from metal1 to viali in cell pipelined_processor.
Moving label "_02925_" from metal2 to via2 in cell pipelined_processor.
Moving label "_02932_" from metal2 to via2 in cell pipelined_processor.
Moving label "_02966_" from metal2 to via2 in cell pipelined_processor.
Moving label "_02973_" from metal2 to via2 in cell pipelined_processor.
Moving label "_03011_" from metal1 to viali in cell pipelined_processor.
Moving label "_03060_" from metal2 to via2 in cell pipelined_processor.
Moving label "_03081_" from metal1 to viali in cell pipelined_processor.
Moving label "_03124_" from metal2 to via2 in cell pipelined_processor.
Moving label "_03179_" from metal1 to viali in cell pipelined_processor.
Moving label "_03189_" from metal1 to viali in cell pipelined_processor.
Moving label "_03201_" from metal1 to viali in cell pipelined_processor.
Moving label "_03219_" from metal2 to via2 in cell pipelined_processor.
Moving label "_03220_" from metal3 to via3 in cell pipelined_processor.
Moving label "_03234_" from metal1 to viali in cell pipelined_processor.
Moving label "_03247_" from metal1 to viali in cell pipelined_processor.
Moving label "_03293_" from metal1 to viali in cell pipelined_processor.
Moving label "_03323_" from metal1 to viali in cell pipelined_processor.
Moving label "_03457_" from metal1 to viali in cell pipelined_processor.
Moving label "_03459_" from metal2 to via2 in cell pipelined_processor.
Moving label "_03478_" from metal2 to via2 in cell pipelined_processor.
Moving label "_03518_" from metal1 to viali in cell pipelined_processor.
Moving label "_03526_" from metal1 to via1 in cell pipelined_processor.
Moving label "_03540_" from metal3 to via3 in cell pipelined_processor.
Moving label "_03554_" from metal2 to via2 in cell pipelined_processor.
Moving label "_03609_" from metal2 to via2 in cell pipelined_processor.
Moving label "_03630_" from metal2 to via1 in cell pipelined_processor.
Moving label "_03714_" from metal2 to via2 in cell pipelined_processor.
Moving label "_03730_" from metal2 to via2 in cell pipelined_processor.
Moving label "_03781_" from metal2 to via2 in cell pipelined_processor.
Moving label "_03789_" from metal2 to via2 in cell pipelined_processor.
Moving label "_03797_" from metal2 to via2 in cell pipelined_processor.
Moving label "_03987_" from metal3 to via2 in cell pipelined_processor.
Moving label "_04096_" from metal2 to via2 in cell pipelined_processor.
Moving label "_04133_" from metal1 to viali in cell pipelined_processor.
Moving label "_04149_" from metal2 to via1 in cell pipelined_processor.
Moving label "_04159_" from metal1 to viali in cell pipelined_processor.
Moving label "_04161_" from metal4 to via4 in cell pipelined_processor.
Moving label "_04218_" from metal2 to via2 in cell pipelined_processor.
Moving label "_04247_" from metal2 to via2 in cell pipelined_processor.
Moving label "_04279_" from metal3 to via3 in cell pipelined_processor.
Moving label "_04437_" from metal1 to via1 in cell pipelined_processor.
Moving label "_04451_" from metal1 to viali in cell pipelined_processor.
Moving label "_04468_" from metal2 to via1 in cell pipelined_processor.
Moving label "_04480_" from metal2 to via2 in cell pipelined_processor.
Moving label "_04498_" from metal2 to via2 in cell pipelined_processor.
Moving label "_04528_" from metal2 to via2 in cell pipelined_processor.
Moving label "_04549_" from metal3 to via3 in cell pipelined_processor.
Moving label "_04556_" from metal3 to via3 in cell pipelined_processor.
Moving label "_04609_" from metal1 to via1 in cell pipelined_processor.
Moving label "_04671_" from metal2 to via2 in cell pipelined_processor.
Moving label "_04710_" from metal1 to via1 in cell pipelined_processor.
Moving label "_04803_" from metal2 to via2 in cell pipelined_processor.
Moving label "_04814_" from metal2 to via2 in cell pipelined_processor.
Moving label "_04857_" from metal2 to via2 in cell pipelined_processor.
Moving label "_04865_" from metal2 to via2 in cell pipelined_processor.
Moving label "_04879_" from metal3 to via3 in cell pipelined_processor.
Moving label "_04912_" from metal1 to viali in cell pipelined_processor.
Moving label "_05030_" from metal2 to via2 in cell pipelined_processor.
Moving label "_05047_" from metal2 to via2 in cell pipelined_processor.
Moving label "_05166_" from metal3 to via3 in cell pipelined_processor.
Moving label "_05176_" from metal1 to viali in cell pipelined_processor.
Moving label "_05237_" from metal1 to via1 in cell pipelined_processor.
Moving label "_05246_" from metal1 to viali in cell pipelined_processor.
Moving label "_05295_" from metal1 to viali in cell pipelined_processor.
Moving label "_05298_" from metal2 to via1 in cell pipelined_processor.
Moving label "_05416_" from metal1 to viali in cell pipelined_processor.
Moving label "_05422_" from metal2 to via2 in cell pipelined_processor.
Moving label "_05451_" from metal1 to viali in cell pipelined_processor.
Moving label "_05463_" from metal2 to via2 in cell pipelined_processor.
Moving label "_05495_" from metal1 to viali in cell pipelined_processor.
Moving label "_05502_" from metal3 to via3 in cell pipelined_processor.
Moving label "_05527_" from metal1 to viali in cell pipelined_processor.
Moving label "_05544_" from metal1 to viali in cell pipelined_processor.
Moving label "_05554_" from metal2 to via1 in cell pipelined_processor.
Moving label "_05560_" from metal2 to via1 in cell pipelined_processor.
Moving label "_05581_" from metal1 to viali in cell pipelined_processor.
Moving label "_05607_" from metal1 to viali in cell pipelined_processor.
Moving label "_05611_" from metal1 to viali in cell pipelined_processor.
Moving label "_05672_" from metal3 to via3 in cell pipelined_processor.
Moving label "_05687_" from metal1 to viali in cell pipelined_processor.
Moving label "_05692_" from metal1 to via1 in cell pipelined_processor.
Moving label "_05724_" from metal1 to via1 in cell pipelined_processor.
Moving label "_05736_" from metal1 to via1 in cell pipelined_processor.
Moving label "_05743_" from metal1 to via1 in cell pipelined_processor.
Moving label "_05778_" from metal1 to via1 in cell pipelined_processor.
Moving label "_05795_" from metal1 to via1 in cell pipelined_processor.
Moving label "_05854_" from metal2 to via2 in cell pipelined_processor.
Moving label "_05900_" from metal2 to via1 in cell pipelined_processor.
Moving label "_05902_" from metal1 to via1 in cell pipelined_processor.
Moving label "_05915_" from metal1 to viali in cell pipelined_processor.
Moving label "_05962_" from metal1 to viali in cell pipelined_processor.
Moving label "_06050_" from metal1 to viali in cell pipelined_processor.
Moving label "_06105_" from metal1 to viali in cell pipelined_processor.
Moving label "_06166_" from metal1 to viali in cell pipelined_processor.
Moving label "_06309_" from metal2 to via1 in cell pipelined_processor.
Moving label "_06340_" from metal2 to via1 in cell pipelined_processor.
Moving label "_06400_" from metal1 to viali in cell pipelined_processor.
Moving label "_06402_" from metal1 to via1 in cell pipelined_processor.
Moving label "_06469_" from metal1 to via1 in cell pipelined_processor.
Moving label "_06594_" from metal1 to viali in cell pipelined_processor.
Moving label "_06616_" from metal2 to via2 in cell pipelined_processor.
Moving label "_06645_" from metal2 to via1 in cell pipelined_processor.
Moving label "_06659_" from metal1 to via1 in cell pipelined_processor.
Moving label "_06705_" from metal2 to via1 in cell pipelined_processor.
Moving label "_06855_" from metal1 to via1 in cell pipelined_processor.
Moving label "_06921_" from metal2 to via2 in cell pipelined_processor.
Moving label "_06948_" from metal2 to via1 in cell pipelined_processor.
Moving label "_07171_" from metal1 to via1 in cell pipelined_processor.
Moving label "_07205_" from metal1 to viali in cell pipelined_processor.
Moving label "_07271_" from metal2 to via2 in cell pipelined_processor.
Moving label "_07303_" from metal1 to viali in cell pipelined_processor.
Moving label "_07309_" from metal2 to via2 in cell pipelined_processor.
Moving label "_07386_" from metal2 to via2 in cell pipelined_processor.
Moving label "clknet_0_clk" from metal2 to via2 in cell pipelined_processor.
Moving label "clknet_4_5_0_clk" from metal2 to via2 in cell pipelined_processor.
Moving label "clknet_4_8_0_clk" from metal1 to via1 in cell pipelined_processor.
Moving label "dmem.ram\[10\]\[4\]" from metal2 to via1 in cell pipelined_processor.
Moving label "dmem.ram\[11\]\[5\]" from metal2 to via1 in cell pipelined_processor.
Moving label "dmem.ram\[11\]\[9\]" from metal1 to via1 in cell pipelined_processor.
Moving label "dmem.ram\[13\]\[14\]" from metal1 to via1 in cell pipelined_processor.
Moving label "dmem.ram\[15\]\[1\]" from metal1 to via1 in cell pipelined_processor.
Moving label "dmem.ram\[17\]\[13\]" from metal1 to via1 in cell pipelined_processor.
Moving label "dmem.ram\[17\]\[9\]" from metal1 to via1 in cell pipelined_processor.
Moving label "dmem.ram\[1\]\[11\]" from metal1 to via1 in cell pipelined_processor.
Moving label "dmem.ram\[20\]\[0\]" from metal2 to via1 in cell pipelined_processor.
Moving label "dmem.ram\[22\]\[3\]" from metal1 to via1 in cell pipelined_processor.
Moving label "dmem.ram\[23\]\[9\]" from metal1 to via1 in cell pipelined_processor.
Moving label "dmem.ram\[25\]\[14\]" from metal1 to via1 in cell pipelined_processor.
Moving label "dmem.ram\[25\]\[5\]" from metal1 to via1 in cell pipelined_processor.
Moving label "dmem.ram\[25\]\[9\]" from metal1 to via1 in cell pipelined_processor.
Moving label "dmem.ram\[27\]\[3\]" from metal1 to via1 in cell pipelined_processor.
Moving label "dmem.ram\[28\]\[3\]" from metal1 to via1 in cell pipelined_processor.
Moving label "dmem.ram\[29\]\[0\]" from metal1 to via1 in cell pipelined_processor.
Moving label "dmem.ram\[29\]\[14\]" from metal1 to via1 in cell pipelined_processor.
Moving label "dmem.ram\[29\]\[1\]" from metal1 to via1 in cell pipelined_processor.
Moving label "dmem.ram\[29\]\[5\]" from metal1 to via1 in cell pipelined_processor.
Moving label "dmem.ram\[29\]\[9\]" from metal1 to viali in cell pipelined_processor.
Moving label "dmem.ram\[2\]\[1\]" from metal1 to viali in cell pipelined_processor.
Moving label "dmem.ram\[2\]\[3\]" from metal1 to via1 in cell pipelined_processor.
Moving label "dmem.ram\[31\]\[11\]" from metal2 to via1 in cell pipelined_processor.
Moving label "dmem.ram\[31\]\[13\]" from metal2 to via1 in cell pipelined_processor.
Moving label "dmem.ram\[32\]\[13\]" from metal1 to via1 in cell pipelined_processor.
Moving label "dmem.ram\[34\]\[12\]" from metal2 to via1 in cell pipelined_processor.
Moving label "dmem.ram\[37\]\[0\]" from metal1 to via1 in cell pipelined_processor.
Moving label "dmem.ram\[37\]\[10\]" from metal1 to via1 in cell pipelined_processor.
Moving label "dmem.ram\[37\]\[11\]" from metal1 to via1 in cell pipelined_processor.
Moving label "dmem.ram\[37\]\[13\]" from metal1 to via1 in cell pipelined_processor.
Moving label "dmem.ram\[37\]\[14\]" from metal1 to via1 in cell pipelined_processor.
Moving label "dmem.ram\[39\]\[11\]" from metal1 to via1 in cell pipelined_processor.
Moving label "dmem.ram\[39\]\[13\]" from metal1 to via1 in cell pipelined_processor.
Moving label "dmem.ram\[39\]\[15\]" from metal1 to via1 in cell pipelined_processor.
Moving label "dmem.ram\[3\]\[11\]" from metal2 to via1 in cell pipelined_processor.
Moving label "dmem.ram\[3\]\[2\]" from metal2 to via1 in cell pipelined_processor.
Moving label "dmem.ram\[46\]\[3\]" from metal1 to via1 in cell pipelined_processor.
Moving label "dmem.ram\[47\]\[1\]" from metal1 to via1 in cell pipelined_processor.
Moving label "dmem.ram\[47\]\[5\]" from metal1 to via1 in cell pipelined_processor.
Moving label "dmem.ram\[50\]\[0\]" from metal2 to via1 in cell pipelined_processor.
Moving label "dmem.ram\[51\]\[0\]" from metal1 to via1 in cell pipelined_processor.
Moving label "dmem.ram\[55\]\[4\]" from metal1 to via1 in cell pipelined_processor.
Moving label "dmem.ram\[59\]\[2\]" from metal1 to via1 in cell pipelined_processor.
Moving label "dmem.ram\[59\]\[3\]" from metal1 to via1 in cell pipelined_processor.
Moving label "dmem.ram\[5\]\[3\]" from metal1 to via1 in cell pipelined_processor.
Moving label "dmem.ram\[62\]\[9\]" from metal2 to via1 in cell pipelined_processor.
Moving label "dmem.ram\[63\]\[11\]" from metal1 to via1 in cell pipelined_processor.
Moving label "dmem.ram\[63\]\[8\]" from metal1 to via1 in cell pipelined_processor.
Moving label "dmem.ram\[6\]\[15\]" from metal1 to via1 in cell pipelined_processor.
Moving label "dmem.ram\[9\]\[2\]" from metal1 to via1 in cell pipelined_processor.
Moving label "ex_mem_pipe_reg.Instr_Out\[1\]" from metal1 to via1 in cell pipelined_processor.
Moving label "if_id_pipe_reg.PC_Out\[9\]" from metal1 to viali in cell pipelined_processor.
Moving label "instr_mem1.rom\[12\]\[0\]" from metal1 to via1 in cell pipelined_processor.
Moving label "instr_mem1.rom\[2\]\[11\]" from metal1 to via1 in cell pipelined_processor.
Moving label "instr_mem1.rom\[6\]\[5\]" from metal1 to via1 in cell pipelined_processor.
Moving label "instr_mem1.rom\[6\]\[9\]" from metal1 to via1 in cell pipelined_processor.
Moving label "la_sa_lm_sm_block.reg_data_form_id_128\[108\]" from metal1 to viali in cell pipelined_processor.
Moving label "la_sa_lm_sm_block.reg_data_form_id_128\[10\]" from metal2 to via2 in cell pipelined_processor.
Moving label "la_sa_lm_sm_block.reg_data_form_id_128\[12\]" from metal2 to via2 in cell pipelined_processor.
Moving label "la_sa_lm_sm_block.reg_data_form_id_128\[16\]" from metal1 to via1 in cell pipelined_processor.
Moving label "la_sa_lm_sm_block.reg_data_form_id_128\[17\]" from metal1 to viali in cell pipelined_processor.
Moving label "la_sa_lm_sm_block.reg_data_form_id_128\[18\]" from metal1 to viali in cell pipelined_processor.
Moving label "la_sa_lm_sm_block.reg_data_form_id_128\[20\]" from metal1 to viali in cell pipelined_processor.
Moving label "la_sa_lm_sm_block.reg_data_form_id_128\[21\]" from metal1 to viali in cell pipelined_processor.
Moving label "la_sa_lm_sm_block.reg_data_form_id_128\[31\]" from metal1 to viali in cell pipelined_processor.
Moving label "la_sa_lm_sm_block.reg_data_form_id_128\[60\]" from metal1 to viali in cell pipelined_processor.
Moving label "la_sa_lm_sm_block.reg_index_lm_sm\[0\]" from metal2 to via2 in cell pipelined_processor.
Moving label "mem_wb_pipeline_reg.Rd_Addr_Out_PR\[0\]" from metal1 to viali in cell pipelined_processor.
Moving label "mem_wb_pipeline_reg.Rd_Data_Out_PR\[13\]" from metal1 to via1 in cell pipelined_processor.
Moving label "mem_wb_pipeline_reg.Rd_Data_Out_PR\[14\]" from metal1 to via1 in cell pipelined_processor.
Moving label "net1007" from metal1 to viali in cell pipelined_processor.
Moving label "net11" from metal2 to via2 in cell pipelined_processor.
Moving label "net1138" from metal1 to viali in cell pipelined_processor.
Moving label "net1165" from metal1 to viali in cell pipelined_processor.
Moving label "net118" from metal1 to viali in cell pipelined_processor.
Moving label "net1254" from metal2 to via1 in cell pipelined_processor.
Moving label "net151" from metal1 to viali in cell pipelined_processor.
Moving label "net315" from metal2 to via2 in cell pipelined_processor.
Moving label "net347" from metal2 to via2 in cell pipelined_processor.
Moving label "net353" from metal2 to via1 in cell pipelined_processor.
Moving label "net449" from metal1 to via1 in cell pipelined_processor.
Moving label "net478" from metal1 to viali in cell pipelined_processor.
Moving label "net486" from metal1 to viali in cell pipelined_processor.
Moving label "net490" from metal1 to viali in cell pipelined_processor.
Moving label "net495" from metal1 to viali in cell pipelined_processor.
Moving label "net498" from metal1 to viali in cell pipelined_processor.
Moving label "net508" from metal1 to viali in cell pipelined_processor.
Moving label "net519" from metal1 to viali in cell pipelined_processor.
Moving label "net521" from metal2 to via2 in cell pipelined_processor.
Moving label "net532" from metal1 to viali in cell pipelined_processor.
Moving label "net535" from metal1 to via1 in cell pipelined_processor.
Moving label "net578" from metal1 to viali in cell pipelined_processor.
Moving label "net605" from metal1 to viali in cell pipelined_processor.
Moving label "net619" from metal1 to viali in cell pipelined_processor.
Moving label "net631" from metal1 to viali in cell pipelined_processor.
Moving label "net690" from metal2 to via1 in cell pipelined_processor.
Moving label "net740" from metal2 to via2 in cell pipelined_processor.
Moving label "net774" from metal1 to viali in cell pipelined_processor.
Moving label "net83" from metal2 to via2 in cell pipelined_processor.
Moving label "net890" from metal1 to viali in cell pipelined_processor.
Moving label "net918" from metal2 to via1 in cell pipelined_processor.
Moving label "net92" from metal2 to via1 in cell pipelined_processor.
Moving label "net937" from metal1 to viali in cell pipelined_processor.
Moving label "net97" from metal2 to via2 in cell pipelined_processor.
Moving label "register_file.registerFile\[0\]\[2\]" from metal2 to via2 in cell pipelined_processor.
Moving label "register_file.registerFile\[2\]\[13\]" from metal1 to via1 in cell pipelined_processor.
Moving label "register_file.registerFile\[2\]\[3\]" from metal1 to via1 in cell pipelined_processor.
Moving label "register_file.registerFile\[2\]\[6\]" from metal1 to via1 in cell pipelined_processor.
Moving label "register_file.registerFile\[2\]\[9\]" from metal1 to via1 in cell pipelined_processor.
Moving label "register_file.registerFile\[3\]\[10\]" from metal1 to viali in cell pipelined_processor.
Moving label "register_file.registerFile\[3\]\[4\]" from metal2 to via1 in cell pipelined_processor.
Moving label "register_file.registerFile\[4\]\[1\]" from metal2 to via2 in cell pipelined_processor.
Moving label "register_file.registerFile\[4\]\[3\]" from metal2 to via2 in cell pipelined_processor.
Moving label "register_file.registerFile\[4\]\[6\]" from metal2 to via2 in cell pipelined_processor.
Moving label "register_file.registerFile\[4\]\[8\]" from metal2 to via2 in cell pipelined_processor.
Moving label "register_file.registerFile\[6\]\[15\]" from metal1 to via1 in cell pipelined_processor.
Moving label "register_file.registerFile\[6\]\[1\]" from metal1 to via1 in cell pipelined_processor.
Moving label "register_file.registerFile\[6\]\[9\]" from metal1 to via1 in cell pipelined_processor.
Moving label "register_file.registerFile\[7\]\[9\]" from metal2 to via2 in cell pipelined_processor.
Moving label "rr_ex_pipe_reg.RF_D2_Out\[2\]" from metal2 to via2 in cell pipelined_processor.
[INFO]: Writing abstract LEF
Generating LEF output /openlane/designs/my_processor/runs/RUN_2026.03.13_15.26.25/results/signoff/pipelined_processor.lef for cell pipelined_processor:
Diagnostic:  Write LEF header for cell pipelined_processor
Diagnostic:  Writing LEF output for cell pipelined_processor
Diagnostic:  Scale value is 0.005000
[INFO]: LEF Write Complete
