
===========================================================================
report_checks -unconstrained
===========================================================================
======================= Fastest Corner ===================================

Startpoint: debug_mem_addr[1] (input port clocked by clk)
Endpoint: debug_mem_data[11] (output port clocked by clk)
Path Group: clk
Path Type: max
Corner: Fastest

Fanout     Cap    Slew   Delay    Time   Description
-----------------------------------------------------------------------------
                          0.00    0.00   clock clk (rise edge)
                          0.00    0.00   clock network delay (propagated)
                          4.00    4.00 ^ input external delay
                  0.01    0.01    4.01 ^ debug_mem_addr[1] (in)
     1    0.00                           debug_mem_addr[1] (net)
                  0.01    0.00    4.01 ^ input2/A (sky130_fd_sc_hd__clkbuf_4)
                  0.20    0.19    4.20 ^ input2/X (sky130_fd_sc_hd__clkbuf_4)
     2    0.09                           net2 (net)
                  0.21    0.03    4.23 ^ _08363_/A (sky130_fd_sc_hd__buf_1)
                  0.13    0.13    4.36 ^ _08363_/X (sky130_fd_sc_hd__buf_1)
     4    0.01                           _02782_ (net)
                  0.13    0.00    4.37 ^ _08364_/A (sky130_fd_sc_hd__dlymetal6s2s_1)
                  0.14    0.15    4.52 ^ _08364_/X (sky130_fd_sc_hd__dlymetal6s2s_1)
     4    0.02                           _02783_ (net)
                  0.14    0.00    4.52 ^ _08531_/A (sky130_fd_sc_hd__buf_2)
                  0.23    0.24    4.77 ^ _08531_/X (sky130_fd_sc_hd__buf_2)
     4    0.06                           _02950_ (net)
                  0.23    0.00    4.77 ^ _09111_/A (sky130_fd_sc_hd__dlymetal6s2s_1)
                  0.19    0.20    4.97 ^ _09111_/X (sky130_fd_sc_hd__dlymetal6s2s_1)
     4    0.02                           _03522_ (net)
                  0.19    0.00    4.97 ^ _09283_/S1 (sky130_fd_sc_hd__mux4_1)
                  0.05    0.13    5.10 ^ _09283_/X (sky130_fd_sc_hd__mux4_1)
     1    0.00                           _03691_ (net)
                  0.05    0.00    5.10 ^ _09284_/B (sky130_fd_sc_hd__nor2_1)
                  0.05    0.03    5.13 v _09284_/Y (sky130_fd_sc_hd__nor2_1)
     1    0.01                           _03692_ (net)
                  0.05    0.00    5.13 v _09291_/A2 (sky130_fd_sc_hd__o32a_1)
                  0.08    0.25    5.38 v _09291_/X (sky130_fd_sc_hd__o32a_1)
     1    0.02                           _03699_ (net)
                  0.08    0.00    5.38 v _09292_/A1 (sky130_fd_sc_hd__mux2_1)
                  0.04    0.17    5.56 v _09292_/X (sky130_fd_sc_hd__mux2_1)
     1    0.00                           _03700_ (net)
                  0.04    0.00    5.56 v _09293_/B (sky130_fd_sc_hd__nor2_1)
                  0.28    0.24    5.79 ^ _09293_/Y (sky130_fd_sc_hd__nor2_1)
     1    0.02                           _03701_ (net)
                  0.28    0.00    5.80 ^ _09294_/B1 (sky130_fd_sc_hd__a21o_2)
                  0.26    0.23    6.02 ^ _09294_/X (sky130_fd_sc_hd__a21o_2)
     1    0.07                           net35 (net)
                  0.26    0.02    6.05 ^ output35/A (sky130_fd_sc_hd__clkbuf_4)
                  0.09    0.18    6.23 ^ output35/X (sky130_fd_sc_hd__clkbuf_4)
     1    0.03                           debug_mem_data[11] (net)
                  0.09    0.00    6.23 ^ debug_mem_data[11] (out)
                                  6.23   data arrival time

                         20.00   20.00   clock clk (rise edge)
                          0.00   20.00   clock network delay (propagated)
                         -0.25   19.75   clock uncertainty
                          0.00   19.75   clock reconvergence pessimism
                         -4.00   15.75   output external delay
                                 15.75   data required time
-----------------------------------------------------------------------------
                                 15.75   data required time
                                 -6.23   data arrival time
-----------------------------------------------------------------------------
                                  9.52   slack (MET)



======================= Slowest Corner ===================================

Startpoint: _17603_ (rising edge-triggered flip-flop clocked by clk)
Endpoint: _17206_ (rising edge-triggered flip-flop clocked by clk)
Path Group: clk
Path Type: max
Corner: Slowest

Fanout     Cap    Slew   Delay    Time   Description
-----------------------------------------------------------------------------
                          0.00    0.00   clock clk (rise edge)
                          0.00    0.00   clock source latency
                  0.64    0.47    0.47 ^ clk (in)
     2    0.09                           clk (net)
                  0.64    0.00    0.47 ^ clkbuf_0_clk/A (sky130_fd_sc_hd__clkbuf_16)
                  0.28    0.66    1.13 ^ clkbuf_0_clk/X (sky130_fd_sc_hd__clkbuf_16)
     4    0.17                           clknet_0_clk (net)
                  0.28    0.01    1.14 ^ clkbuf_2_3_0_clk/A (sky130_fd_sc_hd__clkbuf_8)
                  0.42    0.61    1.75 ^ clkbuf_2_3_0_clk/X (sky130_fd_sc_hd__clkbuf_8)
     8    0.16                           clknet_2_3_0_clk (net)
                  0.42    0.01    1.76 ^ clkbuf_5_25__f_clk/A (sky130_fd_sc_hd__clkbuf_16)
                  0.18    0.49    2.25 ^ clkbuf_5_25__f_clk/X (sky130_fd_sc_hd__clkbuf_16)
     8    0.10                           clknet_5_25__leaf_clk (net)
                  0.18    0.01    2.26 ^ clkbuf_leaf_122_clk/A (sky130_fd_sc_hd__clkbuf_16)
                  0.09    0.31    2.57 ^ clkbuf_leaf_122_clk/X (sky130_fd_sc_hd__clkbuf_16)
    12    0.04                           clknet_leaf_122_clk (net)
                  0.09    0.00    2.57 ^ _17603_/CLK (sky130_fd_sc_hd__dfxtp_2)
                  0.52    1.04    3.61 ^ _17603_/Q (sky130_fd_sc_hd__dfxtp_2)
     4    0.07                           ex_mm_reg.ALU_Result_Out[1] (net)
                  0.52    0.02    3.63 ^ _10376_/A (sky130_fd_sc_hd__buf_1)
                  0.39    0.55    4.18 ^ _10376_/X (sky130_fd_sc_hd__buf_1)
     4    0.02                           _04603_ (net)
                  0.39    0.00    4.18 ^ _10419_/B_N (sky130_fd_sc_hd__or2b_1)
                  0.15    0.69    4.87 v _10419_/X (sky130_fd_sc_hd__or2b_1)
     2    0.01                           _04646_ (net)
                  0.15    0.00    4.88 v _10662_/A (sky130_fd_sc_hd__dlymetal6s2s_1)
                  0.25    0.49    5.37 v _10662_/X (sky130_fd_sc_hd__dlymetal6s2s_1)
     4    0.02                           _04889_ (net)
                  0.25    0.00    5.37 v _10679_/A (sky130_fd_sc_hd__buf_1)
                  0.14    0.33    5.70 v _10679_/X (sky130_fd_sc_hd__buf_1)
     4    0.01                           _04906_ (net)
                  0.14    0.00    5.70 v _10680_/A (sky130_fd_sc_hd__clkbuf_2)
                  0.20    0.36    6.06 v _10680_/X (sky130_fd_sc_hd__clkbuf_2)
     4    0.03                           _04907_ (net)
                  0.20    0.00    6.06 v _11251_/A (sky130_fd_sc_hd__clkbuf_2)
                  0.25    0.42    6.49 v _11251_/X (sky130_fd_sc_hd__clkbuf_2)
     4    0.04                           _05478_ (net)
                  0.25    0.00    6.49 v _11287_/A (sky130_fd_sc_hd__dlymetal6s2s_1)
                  0.22    0.53    7.01 v _11287_/X (sky130_fd_sc_hd__dlymetal6s2s_1)
     4    0.02                           _05514_ (net)
                  0.22    0.00    7.01 v _11300_/A2 (sky130_fd_sc_hd__o221a_1)
                  0.09    0.53    7.55 v _11300_/X (sky130_fd_sc_hd__o221a_1)
     1    0.00                           _05527_ (net)
                  0.09    0.00    7.55 v _11301_/A1 (sky130_fd_sc_hd__mux2_1)
                  0.31    0.94    8.48 v _11301_/X (sky130_fd_sc_hd__mux2_1)
     1    0.03                           _05528_ (net)
                  0.31    0.00    8.49 v _11302_/B1 (sky130_fd_sc_hd__o22a_1)
                  0.08    0.46    8.95 v _11302_/X (sky130_fd_sc_hd__o22a_1)
     1    0.00                           _05529_ (net)
                  0.08    0.00    8.95 v _11303_/C (sky130_fd_sc_hd__and3_1)
                  0.36    0.65    9.60 v _11303_/X (sky130_fd_sc_hd__and3_1)
     2    0.04                           _05530_ (net)
                  0.36    0.01    9.60 v _11304_/A1 (sky130_fd_sc_hd__mux2_2)
                  0.23    0.89   10.49 v _11304_/X (sky130_fd_sc_hd__mux2_2)
     3    0.04                           _05531_ (net)
                  0.24    0.01   10.50 v _11309_/A1 (sky130_fd_sc_hd__mux2_1)
                  0.19    0.86   11.36 v _11309_/X (sky130_fd_sc_hd__mux2_1)
     2    0.01                           _05536_ (net)
                  0.19    0.00   11.36 v _11369_/A (sky130_fd_sc_hd__clkbuf_2)
                  0.26    0.43   11.79 v _11369_/X (sky130_fd_sc_hd__clkbuf_2)
     4    0.04                           _05596_ (net)
                  0.26    0.00   11.79 v _11370_/B2 (sky130_fd_sc_hd__a2bb2o_1)
                  0.11    0.66   12.46 v _11370_/X (sky130_fd_sc_hd__a2bb2o_1)
     1    0.00                           _05597_ (net)
                  0.11    0.00   12.46 v _11371_/C1 (sky130_fd_sc_hd__a221o_1)
                  0.10    0.54   12.99 v _11371_/X (sky130_fd_sc_hd__a221o_1)
     1    0.00                           _05598_ (net)
                  0.10    0.00   12.99 v _11532_/C (sky130_fd_sc_hd__or4b_1)
                  0.23    1.25   14.24 v _11532_/X (sky130_fd_sc_hd__or4b_1)
     1    0.01                           _05759_ (net)
                  0.23    0.00   14.24 v _11533_/D (sky130_fd_sc_hd__nor4_1)
                  0.86    0.76   15.00 ^ _11533_/Y (sky130_fd_sc_hd__nor4_1)
     1    0.01                           _05760_ (net)
                  0.86    0.00   15.00 ^ wire85/A (sky130_fd_sc_hd__clkbuf_1)
                  0.21    0.49   15.49 ^ wire85/X (sky130_fd_sc_hd__clkbuf_1)
     2    0.01                           net85 (net)
                  0.21    0.00   15.50 ^ _11534_/B (sky130_fd_sc_hd__or2_1)
                  0.35    0.45   15.95 ^ _11534_/X (sky130_fd_sc_hd__or2_1)
     3    0.02                           _05761_ (net)
                  0.35    0.00   15.95 ^ _11535_/A (sky130_fd_sc_hd__dlymetal6s2s_1)
                  0.34    0.49   16.44 ^ _11535_/X (sky130_fd_sc_hd__dlymetal6s2s_1)
     4    0.02                           _05762_ (net)
                  0.34    0.00   16.44 ^ _11536_/A (sky130_fd_sc_hd__clkbuf_2)
                  0.21    0.42   16.87 ^ _11536_/X (sky130_fd_sc_hd__clkbuf_2)
     4    0.02                           _05763_ (net)
                  0.21    0.00   16.87 ^ _13029_/B (sky130_fd_sc_hd__nor2_2)
                  0.15    0.20   17.06 v _13029_/Y (sky130_fd_sc_hd__nor2_2)
     4    0.02                           _06852_ (net)
                  0.15    0.00   17.07 v _13470_/A (sky130_fd_sc_hd__dlymetal6s2s_1)
                  0.25    0.49   17.56 v _13470_/X (sky130_fd_sc_hd__dlymetal6s2s_1)
     4    0.02                           _07181_ (net)
                  0.25    0.00   17.56 v _13482_/A (sky130_fd_sc_hd__dlymetal6s2s_1)
                  0.20    0.50   18.06 v _13482_/X (sky130_fd_sc_hd__dlymetal6s2s_1)
     4    0.02                           _07189_ (net)
                  0.20    0.00   18.06 v _13484_/B1 (sky130_fd_sc_hd__o211a_1)
                  0.07    0.29   18.35 v _13484_/X (sky130_fd_sc_hd__o211a_1)
     1    0.00                           _00700_ (net)
                  0.07    0.00   18.35 v hold25/A (sky130_fd_sc_hd__dlygate4sd3_1)
                  0.10    1.17   19.52 v hold25/X (sky130_fd_sc_hd__dlygate4sd3_1)
     1    0.00                           net125 (net)
                  0.10    0.00   19.52 v _17206_/D (sky130_fd_sc_hd__dfxtp_1)
                                 19.52   data arrival time

                         20.00   20.00   clock clk (rise edge)
                          0.00   20.00   clock source latency
                  0.64    0.43   20.43 ^ clk (in)
     2    0.09                           clk (net)
                  0.64    0.00   20.43 ^ clkbuf_0_clk/A (sky130_fd_sc_hd__clkbuf_16)
                  0.28    0.59   21.02 ^ clkbuf_0_clk/X (sky130_fd_sc_hd__clkbuf_16)
     4    0.17                           clknet_0_clk (net)
                  0.28    0.01   21.03 ^ clkbuf_2_0_0_clk/A (sky130_fd_sc_hd__clkbuf_8)
                  0.36    0.51   21.54 ^ clkbuf_2_0_0_clk/X (sky130_fd_sc_hd__clkbuf_8)
     8    0.13                           clknet_2_0_0_clk (net)
                  0.36    0.01   21.55 ^ clkbuf_5_3__f_clk/A (sky130_fd_sc_hd__clkbuf_16)
                  0.18    0.42   21.97 ^ clkbuf_5_3__f_clk/X (sky130_fd_sc_hd__clkbuf_16)
     7    0.10                           clknet_5_3__leaf_clk (net)
                  0.18    0.01   21.98 ^ clkbuf_leaf_67_clk/A (sky130_fd_sc_hd__clkbuf_16)
                  0.08    0.27   22.25 ^ clkbuf_leaf_67_clk/X (sky130_fd_sc_hd__clkbuf_16)
    10    0.03                           clknet_leaf_67_clk (net)
                  0.08    0.00   22.25 ^ _17206_/CLK (sky130_fd_sc_hd__dfxtp_1)
                         -0.25   22.00   clock uncertainty
                          0.11   22.11   clock reconvergence pessimism
                         -0.28   21.83   library setup time
                                 21.83   data required time
-----------------------------------------------------------------------------
                                 21.83   data required time
                                -19.52   data arrival time
-----------------------------------------------------------------------------
                                  2.31   slack (MET)



======================= Typical Corner ===================================

Startpoint: debug_mem_addr[0] (input port clocked by clk)
Endpoint: debug_mem_data[15] (output port clocked by clk)
Path Group: clk
Path Type: max
Corner: Typical

Fanout     Cap    Slew   Delay    Time   Description
-----------------------------------------------------------------------------
                          0.00    0.00   clock clk (rise edge)
                          0.00    0.00   clock network delay (propagated)
                          4.00    4.00 ^ input external delay
                  0.02    0.01    4.01 ^ debug_mem_addr[0] (in)
     1    0.00                           debug_mem_addr[0] (net)
                  0.02    0.00    4.01 ^ input1/A (sky130_fd_sc_hd__buf_4)
                  0.29    0.28    4.29 ^ input1/X (sky130_fd_sc_hd__buf_4)
     4    0.10                           net1 (net)
                  0.29    0.02    4.31 ^ _08393_/A (sky130_fd_sc_hd__buf_1)
                  0.17    0.23    4.54 ^ _08393_/X (sky130_fd_sc_hd__buf_1)
     4    0.01                           _02812_ (net)
                  0.17    0.00    4.54 ^ _08458_/A (sky130_fd_sc_hd__buf_1)
                  0.14    0.18    4.72 ^ _08458_/X (sky130_fd_sc_hd__buf_1)
     4    0.01                           _02877_ (net)
                  0.14    0.00    4.72 ^ _08459_/A (sky130_fd_sc_hd__buf_4)
                  0.37    0.38    5.11 ^ _08459_/X (sky130_fd_sc_hd__buf_4)
     5    0.13                           _02878_ (net)
                  0.37    0.02    5.13 ^ _09352_/A (sky130_fd_sc_hd__clkbuf_2)
                  0.17    0.29    5.42 ^ _09352_/X (sky130_fd_sc_hd__clkbuf_2)
     4    0.03                           _03759_ (net)
                  0.17    0.00    5.42 ^ _09549_/S0 (sky130_fd_sc_hd__mux4_1)
                  0.09    0.60    6.01 v _09549_/X (sky130_fd_sc_hd__mux4_1)
     1    0.00                           _03953_ (net)
                  0.09    0.00    6.01 v _09554_/A2 (sky130_fd_sc_hd__o211a_1)
                  0.08    0.28    6.29 v _09554_/X (sky130_fd_sc_hd__o211a_1)
     1    0.01                           _03958_ (net)
                  0.08    0.00    6.29 v _09555_/B1 (sky130_fd_sc_hd__a31o_1)
                  0.05    0.22    6.51 v _09555_/X (sky130_fd_sc_hd__a31o_1)
     1    0.01                           _03959_ (net)
                  0.05    0.00    6.51 v _09556_/A1 (sky130_fd_sc_hd__mux2_1)
                  0.15    0.42    6.93 v _09556_/X (sky130_fd_sc_hd__mux2_1)
     1    0.02                           _03960_ (net)
                  0.15    0.00    6.93 v _09577_/A2 (sky130_fd_sc_hd__a21o_2)
                  0.13    0.37    7.29 v _09577_/X (sky130_fd_sc_hd__a21o_2)
     1    0.05                           net39 (net)
                  0.13    0.01    7.30 v output39/A (sky130_fd_sc_hd__clkbuf_4)
                  0.08    0.23    7.54 v output39/X (sky130_fd_sc_hd__clkbuf_4)
     1    0.03                           debug_mem_data[15] (net)
                  0.08    0.00    7.54 v debug_mem_data[15] (out)
                                  7.54   data arrival time

                         20.00   20.00   clock clk (rise edge)
                          0.00   20.00   clock network delay (propagated)
                         -0.25   19.75   clock uncertainty
                          0.00   19.75   clock reconvergence pessimism
                         -4.00   15.75   output external delay
                                 15.75   data required time
-----------------------------------------------------------------------------
                                 15.75   data required time
                                 -7.54   data arrival time
-----------------------------------------------------------------------------
                                  8.21   slack (MET)




===========================================================================
report_checks --slack_max -0.01
============================================================================
======================= Fastest Corner ===================================

No paths found.

======================= Slowest Corner ===================================

No paths found.

======================= Typical Corner ===================================

No paths found.


===========================================================================
 report_check_types -max_slew -max_cap -max_fanout -violators
============================================================================
======================= Fastest Corner ===================================

max fanout

Pin                                   Limit Fanout  Slack
---------------------------------------------------------
_08518_/X                                 4     24    -20 (VIOLATED)
clkbuf_leaf_169_clk/X                     4     15    -11 (VIOLATED)
clkbuf_leaf_116_clk/X                     4     14    -10 (VIOLATED)
clkbuf_leaf_139_clk/X                     4     14    -10 (VIOLATED)
clkbuf_leaf_161_clk/X                     4     14    -10 (VIOLATED)
clkbuf_leaf_187_clk/X                     4     13     -9 (VIOLATED)
clkbuf_leaf_213_clk/X                     4     13     -9 (VIOLATED)
clkbuf_leaf_64_clk/X                      4     13     -9 (VIOLATED)
clkbuf_leaf_0_clk/X                       4     12     -8 (VIOLATED)
clkbuf_leaf_122_clk/X                     4     12     -8 (VIOLATED)
clkbuf_leaf_146_clk/X                     4     12     -8 (VIOLATED)
clkbuf_leaf_183_clk/X                     4     12     -8 (VIOLATED)
clkbuf_leaf_231_clk/X                     4     12     -8 (VIOLATED)
clkbuf_leaf_234_clk/X                     4     12     -8 (VIOLATED)
_08293_/X                                 4     11     -7 (VIOLATED)
clkbuf_5_17__f_clk/X                      4     11     -7 (VIOLATED)
clkbuf_5_26__f_clk/X                      4     11     -7 (VIOLATED)
clkbuf_leaf_114_clk/X                     4     11     -7 (VIOLATED)
clkbuf_leaf_131_clk/X                     4     11     -7 (VIOLATED)
clkbuf_leaf_14_clk/X                      4     11     -7 (VIOLATED)
clkbuf_leaf_151_clk/X                     4     11     -7 (VIOLATED)
clkbuf_leaf_172_clk/X                     4     11     -7 (VIOLATED)
clkbuf_leaf_184_clk/X                     4     11     -7 (VIOLATED)
clkbuf_leaf_1_clk/X                       4     11     -7 (VIOLATED)
clkbuf_leaf_21_clk/X                      4     11     -7 (VIOLATED)
clkbuf_leaf_227_clk/X                     4     11     -7 (VIOLATED)
clkbuf_leaf_2_clk/X                       4     11     -7 (VIOLATED)
clkbuf_leaf_37_clk/X                      4     11     -7 (VIOLATED)
clkbuf_leaf_8_clk/X                       4     11     -7 (VIOLATED)
_08262_/X                                 4     10     -6 (VIOLATED)
clkbuf_5_16__f_clk/X                      4     10     -6 (VIOLATED)
clkbuf_5_18__f_clk/X                      4     10     -6 (VIOLATED)
clkbuf_5_22__f_clk/X                      4     10     -6 (VIOLATED)
clkbuf_5_23__f_clk/X                      4     10     -6 (VIOLATED)
clkbuf_5_24__f_clk/X                      4     10     -6 (VIOLATED)
clkbuf_5_9__f_clk/X                       4     10     -6 (VIOLATED)
clkbuf_leaf_118_clk/X                     4     10     -6 (VIOLATED)
clkbuf_leaf_165_clk/X                     4     10     -6 (VIOLATED)
clkbuf_leaf_179_clk/X                     4     10     -6 (VIOLATED)
clkbuf_leaf_181_clk/X                     4     10     -6 (VIOLATED)
clkbuf_leaf_189_clk/X                     4     10     -6 (VIOLATED)
clkbuf_leaf_193_clk/X                     4     10     -6 (VIOLATED)
clkbuf_leaf_210_clk/X                     4     10     -6 (VIOLATED)
clkbuf_leaf_211_clk/X                     4     10     -6 (VIOLATED)
clkbuf_leaf_224_clk/X                     4     10     -6 (VIOLATED)
clkbuf_leaf_228_clk/X                     4     10     -6 (VIOLATED)
clkbuf_leaf_23_clk/X                      4     10     -6 (VIOLATED)
clkbuf_leaf_25_clk/X                      4     10     -6 (VIOLATED)
clkbuf_leaf_33_clk/X                      4     10     -6 (VIOLATED)
clkbuf_leaf_50_clk/X                      4     10     -6 (VIOLATED)
clkbuf_leaf_62_clk/X                      4     10     -6 (VIOLATED)
clkbuf_leaf_67_clk/X                      4     10     -6 (VIOLATED)
clkbuf_leaf_69_clk/X                      4     10     -6 (VIOLATED)
clkbuf_leaf_91_clk/X                      4     10     -6 (VIOLATED)
clkbuf_leaf_92_clk/X                      4     10     -6 (VIOLATED)
_13564_/Y                                 4      9     -5 (VIOLATED)
clkbuf_5_10__f_clk/X                      4      9     -5 (VIOLATED)
clkbuf_5_11__f_clk/X                      4      9     -5 (VIOLATED)
clkbuf_leaf_10_clk/X                      4      9     -5 (VIOLATED)
clkbuf_leaf_110_clk/X                     4      9     -5 (VIOLATED)
clkbuf_leaf_115_clk/X                     4      9     -5 (VIOLATED)
clkbuf_leaf_128_clk/X                     4      9     -5 (VIOLATED)
clkbuf_leaf_136_clk/X                     4      9     -5 (VIOLATED)
clkbuf_leaf_141_clk/X                     4      9     -5 (VIOLATED)
clkbuf_leaf_142_clk/X                     4      9     -5 (VIOLATED)
clkbuf_leaf_162_clk/X                     4      9     -5 (VIOLATED)
clkbuf_leaf_167_clk/X                     4      9     -5 (VIOLATED)
clkbuf_leaf_176_clk/X                     4      9     -5 (VIOLATED)
clkbuf_leaf_178_clk/X                     4      9     -5 (VIOLATED)
clkbuf_leaf_201_clk/X                     4      9     -5 (VIOLATED)
clkbuf_leaf_209_clk/X                     4      9     -5 (VIOLATED)
clkbuf_leaf_215_clk/X                     4      9     -5 (VIOLATED)
clkbuf_leaf_22_clk/X                      4      9     -5 (VIOLATED)
clkbuf_leaf_26_clk/X                      4      9     -5 (VIOLATED)
clkbuf_leaf_29_clk/X                      4      9     -5 (VIOLATED)
clkbuf_leaf_45_clk/X                      4      9     -5 (VIOLATED)
clkbuf_leaf_47_clk/X                      4      9     -5 (VIOLATED)
clkbuf_leaf_53_clk/X                      4      9     -5 (VIOLATED)
clkbuf_leaf_54_clk/X                      4      9     -5 (VIOLATED)
clkbuf_leaf_56_clk/X                      4      9     -5 (VIOLATED)
clkbuf_leaf_66_clk/X                      4      9     -5 (VIOLATED)
clkbuf_leaf_72_clk/X                      4      9     -5 (VIOLATED)
_08370_/X                                 4      8     -4 (VIOLATED)
_08372_/X                                 4      8     -4 (VIOLATED)
_08380_/X                                 4      8     -4 (VIOLATED)
_08418_/X                                 4      8     -4 (VIOLATED)
_08447_/X                                 4      8     -4 (VIOLATED)
_08483_/X                                 4      8     -4 (VIOLATED)
_12959_/Y                                 4      8     -4 (VIOLATED)
_13835_/Y                                 4      8     -4 (VIOLATED)
_14491_/Y                                 4      8     -4 (VIOLATED)
_14671_/Y                                 4      8     -4 (VIOLATED)
_14987_/Y                                 4      8     -4 (VIOLATED)
clkbuf_2_0_0_clk/X                        4      8     -4 (VIOLATED)
clkbuf_2_1_0_clk/X                        4      8     -4 (VIOLATED)
clkbuf_2_2_0_clk/X                        4      8     -4 (VIOLATED)
clkbuf_2_3_0_clk/X                        4      8     -4 (VIOLATED)
clkbuf_5_15__f_clk/X                      4      8     -4 (VIOLATED)
clkbuf_5_19__f_clk/X                      4      8     -4 (VIOLATED)
clkbuf_5_21__f_clk/X                      4      8     -4 (VIOLATED)
clkbuf_5_25__f_clk/X                      4      8     -4 (VIOLATED)
clkbuf_5_29__f_clk/X                      4      8     -4 (VIOLATED)
clkbuf_5_8__f_clk/X                       4      8     -4 (VIOLATED)
clkbuf_leaf_117_clk/X                     4      8     -4 (VIOLATED)
clkbuf_leaf_11_clk/X                      4      8     -4 (VIOLATED)
clkbuf_leaf_120_clk/X                     4      8     -4 (VIOLATED)
clkbuf_leaf_156_clk/X                     4      8     -4 (VIOLATED)
clkbuf_leaf_159_clk/X                     4      8     -4 (VIOLATED)
clkbuf_leaf_168_clk/X                     4      8     -4 (VIOLATED)
clkbuf_leaf_175_clk/X                     4      8     -4 (VIOLATED)
clkbuf_leaf_177_clk/X                     4      8     -4 (VIOLATED)
clkbuf_leaf_182_clk/X                     4      8     -4 (VIOLATED)
clkbuf_leaf_198_clk/X                     4      8     -4 (VIOLATED)
clkbuf_leaf_203_clk/X                     4      8     -4 (VIOLATED)
clkbuf_leaf_204_clk/X                     4      8     -4 (VIOLATED)
clkbuf_leaf_230_clk/X                     4      8     -4 (VIOLATED)
clkbuf_leaf_233_clk/X                     4      8     -4 (VIOLATED)
clkbuf_leaf_28_clk/X                      4      8     -4 (VIOLATED)
clkbuf_leaf_34_clk/X                      4      8     -4 (VIOLATED)
clkbuf_leaf_43_clk/X                      4      8     -4 (VIOLATED)
clkbuf_leaf_49_clk/X                      4      8     -4 (VIOLATED)
clkbuf_leaf_5_clk/X                       4      8     -4 (VIOLATED)
clkbuf_leaf_68_clk/X                      4      8     -4 (VIOLATED)
clkbuf_leaf_78_clk/X                      4      8     -4 (VIOLATED)
clkbuf_leaf_7_clk/X                       4      8     -4 (VIOLATED)
clkbuf_leaf_83_clk/X                      4      8     -4 (VIOLATED)
clkbuf_leaf_88_clk/X                      4      8     -4 (VIOLATED)
_08353_/X                                 4      7     -3 (VIOLATED)
_08365_/X                                 4      7     -3 (VIOLATED)
_08376_/X                                 4      7     -3 (VIOLATED)
_08394_/X                                 4      7     -3 (VIOLATED)
_08398_/X                                 4      7     -3 (VIOLATED)
_08468_/X                                 4      7     -3 (VIOLATED)
_08510_/X                                 4      7     -3 (VIOLATED)
_09844_/X                                 4      7     -3 (VIOLATED)
_10472_/X                                 4      7     -3 (VIOLATED)
_11976_/Y                                 4      7     -3 (VIOLATED)
_13305_/Y                                 4      7     -3 (VIOLATED)
_13344_/Y                                 4      7     -3 (VIOLATED)
_13692_/Y                                 4      7     -3 (VIOLATED)
_13771_/Y                                 4      7     -3 (VIOLATED)
_13872_/Y                                 4      7     -3 (VIOLATED)
_14528_/Y                                 4      7     -3 (VIOLATED)
_16697_/Q                                 4      7     -3 (VIOLATED)
clkbuf_5_20__f_clk/X                      4      7     -3 (VIOLATED)
clkbuf_5_30__f_clk/X                      4      7     -3 (VIOLATED)
clkbuf_5_3__f_clk/X                       4      7     -3 (VIOLATED)
clkbuf_leaf_102_clk/X                     4      7     -3 (VIOLATED)
clkbuf_leaf_103_clk/X                     4      7     -3 (VIOLATED)
clkbuf_leaf_105_clk/X                     4      7     -3 (VIOLATED)
clkbuf_leaf_109_clk/X                     4      7     -3 (VIOLATED)
clkbuf_leaf_111_clk/X                     4      7     -3 (VIOLATED)
clkbuf_leaf_123_clk/X                     4      7     -3 (VIOLATED)
clkbuf_leaf_124_clk/X                     4      7     -3 (VIOLATED)
clkbuf_leaf_133_clk/X                     4      7     -3 (VIOLATED)
clkbuf_leaf_144_clk/X                     4      7     -3 (VIOLATED)
clkbuf_leaf_152_clk/X                     4      7     -3 (VIOLATED)
clkbuf_leaf_155_clk/X                     4      7     -3 (VIOLATED)
clkbuf_leaf_160_clk/X                     4      7     -3 (VIOLATED)
clkbuf_leaf_166_clk/X                     4      7     -3 (VIOLATED)
clkbuf_leaf_16_clk/X                      4      7     -3 (VIOLATED)
clkbuf_leaf_180_clk/X                     4      7     -3 (VIOLATED)
clkbuf_leaf_18_clk/X                      4      7     -3 (VIOLATED)
clkbuf_leaf_190_clk/X                     4      7     -3 (VIOLATED)
clkbuf_leaf_197_clk/X                     4      7     -3 (VIOLATED)
clkbuf_leaf_199_clk/X                     4      7     -3 (VIOLATED)
clkbuf_leaf_200_clk/X                     4      7     -3 (VIOLATED)
clkbuf_leaf_205_clk/X                     4      7     -3 (VIOLATED)
clkbuf_leaf_20_clk/X                      4      7     -3 (VIOLATED)
clkbuf_leaf_216_clk/X                     4      7     -3 (VIOLATED)
clkbuf_leaf_223_clk/X                     4      7     -3 (VIOLATED)
clkbuf_leaf_225_clk/X                     4      7     -3 (VIOLATED)
clkbuf_leaf_232_clk/X                     4      7     -3 (VIOLATED)
clkbuf_leaf_30_clk/X                      4      7     -3 (VIOLATED)
clkbuf_leaf_35_clk/X                      4      7     -3 (VIOLATED)
clkbuf_leaf_44_clk/X                      4      7     -3 (VIOLATED)
clkbuf_leaf_48_clk/X                      4      7     -3 (VIOLATED)
clkbuf_leaf_52_clk/X                      4      7     -3 (VIOLATED)
clkbuf_leaf_58_clk/X                      4      7     -3 (VIOLATED)
clkbuf_leaf_70_clk/X                      4      7     -3 (VIOLATED)
clkbuf_leaf_73_clk/X                      4      7     -3 (VIOLATED)
clkbuf_leaf_77_clk/X                      4      7     -3 (VIOLATED)
clkbuf_leaf_85_clk/X                      4      7     -3 (VIOLATED)
clkbuf_leaf_87_clk/X                      4      7     -3 (VIOLATED)
_08358_/X                                 4      6     -2 (VIOLATED)
_08361_/X                                 4      6     -2 (VIOLATED)
_08408_/X                                 4      6     -2 (VIOLATED)
_08426_/X                                 4      6     -2 (VIOLATED)
_08506_/X                                 4      6     -2 (VIOLATED)
_08514_/X                                 4      6     -2 (VIOLATED)
_10087_/X                                 4      6     -2 (VIOLATED)
_10394_/X                                 4      6     -2 (VIOLATED)
_10747_/X                                 4      6     -2 (VIOLATED)
_12747_/Y                                 4      6     -2 (VIOLATED)
_12837_/Y                                 4      6     -2 (VIOLATED)
_12876_/X                                 4      6     -2 (VIOLATED)
_13266_/Y                                 4      6     -2 (VIOLATED)
_13383_/Y                                 4      6     -2 (VIOLATED)
_13513_/Y                                 4      6     -2 (VIOLATED)
_13731_/Y                                 4      6     -2 (VIOLATED)
_13991_/X                                 4      6     -2 (VIOLATED)
_15656_/Y                                 4      6     -2 (VIOLATED)
_15985_/Y                                 4      6     -2 (VIOLATED)
_16690_/Q                                 4      6     -2 (VIOLATED)
clkbuf_5_13__f_clk/X                      4      6     -2 (VIOLATED)
clkbuf_5_14__f_clk/X                      4      6     -2 (VIOLATED)
clkbuf_5_1__f_clk/X                       4      6     -2 (VIOLATED)
clkbuf_5_27__f_clk/X                      4      6     -2 (VIOLATED)
clkbuf_5_28__f_clk/X                      4      6     -2 (VIOLATED)
clkbuf_5_2__f_clk/X                       4      6     -2 (VIOLATED)
clkbuf_leaf_106_clk/X                     4      6     -2 (VIOLATED)
clkbuf_leaf_108_clk/X                     4      6     -2 (VIOLATED)
clkbuf_leaf_113_clk/X                     4      6     -2 (VIOLATED)
clkbuf_leaf_130_clk/X                     4      6     -2 (VIOLATED)
clkbuf_leaf_134_clk/X                     4      6     -2 (VIOLATED)
clkbuf_leaf_135_clk/X                     4      6     -2 (VIOLATED)
clkbuf_leaf_137_clk/X                     4      6     -2 (VIOLATED)
clkbuf_leaf_143_clk/X                     4      6     -2 (VIOLATED)
clkbuf_leaf_148_clk/X                     4      6     -2 (VIOLATED)
clkbuf_leaf_149_clk/X                     4      6     -2 (VIOLATED)
clkbuf_leaf_171_clk/X                     4      6     -2 (VIOLATED)
clkbuf_leaf_174_clk/X                     4      6     -2 (VIOLATED)
clkbuf_leaf_188_clk/X                     4      6     -2 (VIOLATED)
clkbuf_leaf_194_clk/X                     4      6     -2 (VIOLATED)
clkbuf_leaf_19_clk/X                      4      6     -2 (VIOLATED)
clkbuf_leaf_217_clk/X                     4      6     -2 (VIOLATED)
clkbuf_leaf_218_clk/X                     4      6     -2 (VIOLATED)
clkbuf_leaf_221_clk/X                     4      6     -2 (VIOLATED)
clkbuf_leaf_226_clk/X                     4      6     -2 (VIOLATED)
clkbuf_leaf_229_clk/X                     4      6     -2 (VIOLATED)
clkbuf_leaf_27_clk/X                      4      6     -2 (VIOLATED)
clkbuf_leaf_32_clk/X                      4      6     -2 (VIOLATED)
clkbuf_leaf_36_clk/X                      4      6     -2 (VIOLATED)
clkbuf_leaf_38_clk/X                      4      6     -2 (VIOLATED)
clkbuf_leaf_42_clk/X                      4      6     -2 (VIOLATED)
clkbuf_leaf_4_clk/X                       4      6     -2 (VIOLATED)
clkbuf_leaf_59_clk/X                      4      6     -2 (VIOLATED)
clkbuf_leaf_65_clk/X                      4      6     -2 (VIOLATED)
clkbuf_leaf_6_clk/X                       4      6     -2 (VIOLATED)
clkbuf_leaf_76_clk/X                      4      6     -2 (VIOLATED)
clkbuf_leaf_80_clk/X                      4      6     -2 (VIOLATED)
clkbuf_leaf_81_clk/X                      4      6     -2 (VIOLATED)
clkbuf_leaf_82_clk/X                      4      6     -2 (VIOLATED)
_08386_/X                                 4      5        (VIOLATED)
_08391_/X                                 4      5        (VIOLATED)
_08403_/X                                 4      5        (VIOLATED)
_08422_/X                                 4      5        (VIOLATED)
_08459_/X                                 4      5        (VIOLATED)
_08461_/X                                 4      5        (VIOLATED)
_08474_/X                                 4      5        (VIOLATED)
_08507_/X                                 4      5        (VIOLATED)
_08525_/X                                 4      5        (VIOLATED)
_08547_/X                                 4      5        (VIOLATED)
_09418_/X                                 4      5        (VIOLATED)
_09847_/X                                 4      5        (VIOLATED)
_10051_/Y                                 4      5        (VIOLATED)
_10092_/X                                 4      5        (VIOLATED)
_10421_/X                                 4      5        (VIOLATED)
_10430_/X                                 4      5        (VIOLATED)
_10461_/X                                 4      5        (VIOLATED)
_10585_/X                                 4      5        (VIOLATED)
_10632_/X                                 4      5        (VIOLATED)
_10642_/X                                 4      5        (VIOLATED)
_10709_/X                                 4      5        (VIOLATED)
_10711_/X                                 4      5        (VIOLATED)
_10812_/X                                 4      5        (VIOLATED)
_10829_/X                                 4      5        (VIOLATED)
_10866_/X                                 4      5        (VIOLATED)
_11107_/X                                 4      5        (VIOLATED)
_11970_/X                                 4      5        (VIOLATED)
_12015_/X                                 4      5        (VIOLATED)
_12704_/Y                                 4      5        (VIOLATED)
_13520_/X                                 4      5        (VIOLATED)
_13642_/Y                                 4      5        (VIOLATED)
_14587_/X                                 4      5        (VIOLATED)
_14718_/X                                 4      5        (VIOLATED)
_14721_/Y                                 4      5        (VIOLATED)
_15212_/X                                 4      5        (VIOLATED)
_15733_/Y                                 4      5        (VIOLATED)
_15821_/Y                                 4      5        (VIOLATED)
_15897_/Y                                 4      5        (VIOLATED)
_16313_/Y                                 4      5        (VIOLATED)
clkbuf_5_0__f_clk/X                       4      5        (VIOLATED)
clkbuf_5_31__f_clk/X                      4      5        (VIOLATED)
clkbuf_5_6__f_clk/X                       4      5        (VIOLATED)
clkbuf_leaf_101_clk/X                     4      5        (VIOLATED)
clkbuf_leaf_119_clk/X                     4      5        (VIOLATED)
clkbuf_leaf_125_clk/X                     4      5        (VIOLATED)
clkbuf_leaf_127_clk/X                     4      5        (VIOLATED)
clkbuf_leaf_147_clk/X                     4      5        (VIOLATED)
clkbuf_leaf_150_clk/X                     4      5        (VIOLATED)
clkbuf_leaf_153_clk/X                     4      5        (VIOLATED)
clkbuf_leaf_15_clk/X                      4      5        (VIOLATED)
clkbuf_leaf_17_clk/X                      4      5        (VIOLATED)
clkbuf_leaf_195_clk/X                     4      5        (VIOLATED)
clkbuf_leaf_196_clk/X                     4      5        (VIOLATED)
clkbuf_leaf_206_clk/X                     4      5        (VIOLATED)
clkbuf_leaf_207_clk/X                     4      5        (VIOLATED)
clkbuf_leaf_212_clk/X                     4      5        (VIOLATED)
clkbuf_leaf_214_clk/X                     4      5        (VIOLATED)
clkbuf_leaf_219_clk/X                     4      5        (VIOLATED)
clkbuf_leaf_24_clk/X                      4      5        (VIOLATED)
clkbuf_leaf_31_clk/X                      4      5        (VIOLATED)
clkbuf_leaf_40_clk/X                      4      5        (VIOLATED)
clkbuf_leaf_41_clk/X                      4      5        (VIOLATED)
clkbuf_leaf_46_clk/X                      4      5        (VIOLATED)
clkbuf_leaf_55_clk/X                      4      5        (VIOLATED)
clkbuf_leaf_61_clk/X                      4      5        (VIOLATED)
clkbuf_leaf_71_clk/X                      4      5        (VIOLATED)
clkbuf_leaf_79_clk/X                      4      5        (VIOLATED)
clkbuf_leaf_84_clk/X                      4      5        (VIOLATED)
clkbuf_leaf_93_clk/X                      4      5        (VIOLATED)
clkbuf_leaf_96_clk/X                      4      5        (VIOLATED)
clkbuf_leaf_98_clk/X                      4      5        (VIOLATED)


======================= Slowest Corner ===================================

max slew

Pin                                    Limit    Slew   Slack
------------------------------------------------------------
_14510_/A                               0.75    1.30   -0.55 (VIOLATED)
ANTENNA_208/DIODE                       0.75    1.30   -0.55 (VIOLATED)
_14519_/A                               0.75    1.30   -0.55 (VIOLATED)
ANTENNA_209/DIODE                       0.75    1.30   -0.55 (VIOLATED)
_14501_/A                               0.75    1.30   -0.55 (VIOLATED)
ANTENNA_211/DIODE                       0.75    1.30   -0.55 (VIOLATED)
_14492_/A                               0.75    1.30   -0.55 (VIOLATED)
ANTENNA_210/DIODE                       0.75    1.30   -0.55 (VIOLATED)
_14491_/Y                               0.75    1.30   -0.55 (VIOLATED)
_10114_/A                               0.75    1.19   -0.44 (VIOLATED)
_10093_/A                               0.75    1.19   -0.44 (VIOLATED)
_10072_/A                               0.75    1.19   -0.44 (VIOLATED)
ANTENNA_82/DIODE                        0.75    1.19   -0.44 (VIOLATED)
_10052_/A                               0.75    1.19   -0.44 (VIOLATED)
_10051_/Y                               0.75    1.19   -0.44 (VIOLATED)
_12838_/A                               0.75    1.19   -0.44 (VIOLATED)
_12856_/A                               0.75    1.19   -0.44 (VIOLATED)
ANTENNA_111/DIODE                       0.75    1.19   -0.44 (VIOLATED)
_12865_/A                               0.75    1.19   -0.44 (VIOLATED)
ANTENNA_110/DIODE                       0.75    1.19   -0.44 (VIOLATED)
_12847_/A                               0.75    1.19   -0.44 (VIOLATED)
_12837_/Y                               0.75    1.19   -0.44 (VIOLATED)
_13760_/A                               0.75    1.16   -0.41 (VIOLATED)
ANTENNA_136/DIODE                       0.75    1.16   -0.41 (VIOLATED)
_13751_/A                               0.75    1.16   -0.41 (VIOLATED)
ANTENNA_135/DIODE                       0.75    1.16   -0.41 (VIOLATED)
_13742_/A                               0.75    1.16   -0.41 (VIOLATED)
_13732_/A                               0.75    1.16   -0.41 (VIOLATED)
_13731_/Y                               0.75    1.16   -0.41 (VIOLATED)
_12716_/A                               0.75    1.15   -0.40 (VIOLATED)
_12705_/A                               0.75    1.15   -0.40 (VIOLATED)
_12734_/A                               0.75    1.15   -0.40 (VIOLATED)
_12725_/A                               0.75    1.15   -0.40 (VIOLATED)
ANTENNA_108/DIODE                       0.75    1.15   -0.40 (VIOLATED)
_12704_/Y                               0.75    1.15   -0.40 (VIOLATED)
_13928_/A                               0.75    1.14   -0.39 (VIOLATED)
_13937_/A                               0.75    1.14   -0.39 (VIOLATED)
_13919_/A                               0.75    1.14   -0.39 (VIOLATED)
_13910_/A                               0.75    1.14   -0.39 (VIOLATED)
_13909_/Y                               0.75    1.14   -0.39 (VIOLATED)
_15695_/A                               0.75    1.11   -0.36 (VIOLATED)
_15723_/A                               0.75    1.11   -0.36 (VIOLATED)
_15705_/A                               0.75    1.11   -0.36 (VIOLATED)
_15714_/A                               0.75    1.11   -0.36 (VIOLATED)
_15694_/Y                               0.75    1.11   -0.36 (VIOLATED)
_15288_/A                               0.75    1.09   -0.34 (VIOLATED)
_15278_/A                               0.75    1.09   -0.34 (VIOLATED)
_15306_/A                               0.75    1.09   -0.34 (VIOLATED)
_15297_/A                               0.75    1.09   -0.34 (VIOLATED)
_15277_/Y                               0.75    1.09   -0.34 (VIOLATED)
_15783_/A                               0.75    1.09   -0.34 (VIOLATED)
_15771_/A                               0.75    1.09   -0.34 (VIOLATED)
_15796_/A                               0.75    1.09   -0.34 (VIOLATED)
_15809_/A                               0.75    1.09   -0.34 (VIOLATED)
_15770_/Y                               0.75    1.09   -0.34 (VIOLATED)
_14960_/A                               0.75    1.08   -0.33 (VIOLATED)
_14978_/A                               0.75    1.08   -0.33 (VIOLATED)
_14969_/A                               0.75    1.08   -0.33 (VIOLATED)
_14951_/A                               0.75    1.08   -0.33 (VIOLATED)
_14950_/Y                               0.75    1.08   -0.33 (VIOLATED)
_15441_/A                               0.75    1.00   -0.25 (VIOLATED)
_15453_/A                               0.75    1.00   -0.25 (VIOLATED)
_15479_/A                               0.75    1.00   -0.25 (VIOLATED)
_15466_/A                               0.75    1.00   -0.25 (VIOLATED)
_15440_/Y                               0.75    1.00   -0.25 (VIOLATED)
_12760_/A                               0.75    0.98   -0.23 (VIOLATED)
ANTENNA_202/DIODE                       0.75    0.98   -0.23 (VIOLATED)
_12786_/A                               0.75    0.98   -0.23 (VIOLATED)
_12748_/A                               0.75    0.98   -0.23 (VIOLATED)
ANTENNA_109/DIODE                       0.75    0.98   -0.23 (VIOLATED)
_12773_/A                               0.75    0.98   -0.23 (VIOLATED)
_12747_/Y                               0.75    0.98   -0.23 (VIOLATED)
_16304_/A                               0.75    0.98   -0.23 (VIOLATED)
_16286_/A                               0.75    0.98   -0.23 (VIOLATED)
_16277_/A                               0.75    0.98   -0.23 (VIOLATED)
_16295_/A                               0.75    0.98   -0.23 (VIOLATED)
_16276_/Y                               0.75    0.98   -0.23 (VIOLATED)
_14603_/A                               0.75    0.97   -0.22 (VIOLATED)
_14621_/A                               0.75    0.97   -0.22 (VIOLATED)
_14612_/A                               0.75    0.97   -0.22 (VIOLATED)
_14593_/A                               0.75    0.97   -0.22 (VIOLATED)
_14592_/Y                               0.75    0.97   -0.22 (VIOLATED)
_16138_/A                               0.75    0.96   -0.21 (VIOLATED)
_16125_/A                               0.75    0.96   -0.21 (VIOLATED)
_16112_/A                               0.75    0.96   -0.21 (VIOLATED)
_16100_/A                               0.75    0.96   -0.21 (VIOLATED)
_16099_/Y                               0.75    0.96   -0.21 (VIOLATED)
_15015_/A                               0.75    0.95   -0.20 (VIOLATED)
ANTENNA_170/DIODE                       0.75    0.95   -0.20 (VIOLATED)
ANTENNA_171/DIODE                       0.75    0.95   -0.20 (VIOLATED)
_15006_/A                               0.75    0.95   -0.20 (VIOLATED)
ANTENNA_169/DIODE                       0.75    0.95   -0.20 (VIOLATED)
_14997_/A                               0.75    0.95   -0.20 (VIOLATED)
ANTENNA_2/DIODE                         0.75    0.95   -0.20 (VIOLATED)
_14988_/A                               0.75    0.95   -0.20 (VIOLATED)
_14987_/Y                               0.75    0.95   -0.20 (VIOLATED)
_15619_/A                               0.75    0.92   -0.17 (VIOLATED)
_15646_/A                               0.75    0.92   -0.17 (VIOLATED)
_15637_/A                               0.75    0.92   -0.17 (VIOLATED)
_15628_/A                               0.75    0.92   -0.17 (VIOLATED)
_15618_/Y                               0.75    0.92   -0.17 (VIOLATED)
_15948_/A                               0.75    0.92   -0.17 (VIOLATED)
_15957_/A                               0.75    0.91   -0.16 (VIOLATED)
_15975_/A                               0.75    0.91   -0.16 (VIOLATED)
_15966_/A                               0.75    0.91   -0.16 (VIOLATED)
_15947_/Y                               0.75    0.91   -0.16 (VIOLATED)
_15870_/A                               0.75    0.91   -0.16 (VIOLATED)
_15861_/A                               0.75    0.91   -0.16 (VIOLATED)
_15888_/A                               0.75    0.91   -0.16 (VIOLATED)
_15879_/A                               0.75    0.91   -0.16 (VIOLATED)
_15860_/Y                               0.75    0.91   -0.16 (VIOLATED)
_12620_/A                               0.75    0.91   -0.16 (VIOLATED)
_12629_/A                               0.75    0.91   -0.16 (VIOLATED)
_12647_/A                               0.75    0.91   -0.16 (VIOLATED)
_12638_/A                               0.75    0.91   -0.16 (VIOLATED)
_12619_/Y                               0.75    0.91   -0.16 (VIOLATED)
_15531_/A                               0.75    0.88   -0.13 (VIOLATED)
_15540_/A                               0.75    0.88   -0.13 (VIOLATED)
_15558_/A                               0.75    0.88   -0.13 (VIOLATED)
_15549_/A                               0.75    0.88   -0.13 (VIOLATED)
_15530_/Y                               0.75    0.88   -0.13 (VIOLATED)
_13373_/A                               0.75    0.87   -0.12 (VIOLATED)
_13364_/A                               0.75    0.87   -0.12 (VIOLATED)
ANTENNA_124/DIODE                       0.75    0.87   -0.12 (VIOLATED)
_13345_/A                               0.75    0.87   -0.12 (VIOLATED)
ANTENNA_123/DIODE                       0.75    0.87   -0.12 (VIOLATED)
_13355_/A                               0.75    0.87   -0.12 (VIOLATED)
ANTENNA_122/DIODE                       0.75    0.87   -0.12 (VIOLATED)
_13344_/Y                               0.75    0.87   -0.12 (VIOLATED)
_13276_/A                               0.75    0.86   -0.11 (VIOLATED)
ANTENNA_119/DIODE                       0.75    0.86   -0.11 (VIOLATED)
_13267_/A                               0.75    0.86   -0.11 (VIOLATED)
ANTENNA_118/DIODE                       0.75    0.86   -0.11 (VIOLATED)
_13294_/A                               0.75    0.86   -0.11 (VIOLATED)
_13285_/A                               0.75    0.86   -0.11 (VIOLATED)
_13266_/Y                               0.75    0.86   -0.11 (VIOLATED)
_11533_/Y                               0.75    0.86   -0.11 (VIOLATED)
wire85/A                                0.75    0.86   -0.11 (VIOLATED)
_11463_/A1                              0.75    0.85   -0.10 (VIOLATED)
_10369_/B                               0.75    0.85   -0.10 (VIOLATED)
_10349_/B                               0.75    0.85   -0.10 (VIOLATED)
_10348_/Y                               0.75    0.85   -0.10 (VIOLATED)
_16034_/A                               0.75    0.85   -0.10 (VIOLATED)
_16024_/A                               0.75    0.85   -0.10 (VIOLATED)
_16052_/A                               0.75    0.85   -0.10 (VIOLATED)
_16043_/A                               0.75    0.85   -0.10 (VIOLATED)
_16023_/Y                               0.75    0.85   -0.10 (VIOLATED)
_16483_/A                               0.75    0.82   -0.07 (VIOLATED)
_16474_/A                               0.75    0.82   -0.07 (VIOLATED)
_16501_/A                               0.75    0.82   -0.07 (VIOLATED)
_16492_/A                               0.75    0.82   -0.07 (VIOLATED)
_16473_/Y                               0.75    0.82   -0.07 (VIOLATED)
_13693_/A                               0.75    0.81   -0.06 (VIOLATED)
_13711_/A                               0.75    0.81   -0.06 (VIOLATED)
ANTENNA_134/DIODE                       0.75    0.81   -0.06 (VIOLATED)
_13720_/A                               0.75    0.81   -0.06 (VIOLATED)
ANTENNA_206/DIODE                       0.75    0.81   -0.06 (VIOLATED)
_13702_/A                               0.75    0.81   -0.06 (VIOLATED)
ANTENNA_205/DIODE                       0.75    0.81   -0.06 (VIOLATED)
_13692_/Y                               0.75    0.81   -0.06 (VIOLATED)
_09134_/B1                              0.75    0.81   -0.06 (VIOLATED)
_09133_/Y                               0.75    0.81   -0.06 (VIOLATED)
_13631_/A                               0.75    0.80   -0.05 (VIOLATED)
_13613_/A                               0.75    0.80   -0.05 (VIOLATED)
_13604_/A                               0.75    0.80   -0.05 (VIOLATED)
_13622_/A                               0.75    0.80   -0.05 (VIOLATED)
_13603_/Y                               0.75    0.80   -0.05 (VIOLATED)
_14684_/A                               0.75    0.77   -0.02 (VIOLATED)
ANTENNA_215/DIODE                       0.75    0.77   -0.02 (VIOLATED)
ANTENNA_216/DIODE                       0.75    0.77   -0.02 (VIOLATED)
_14710_/A                               0.75    0.77   -0.02 (VIOLATED)
_14672_/A                               0.75    0.77   -0.02 (VIOLATED)
ANTENNA_218/DIODE                       0.75    0.77   -0.02 (VIOLATED)
_14697_/A                               0.75    0.77   -0.02 (VIOLATED)
ANTENNA_217/DIODE                       0.75    0.77   -0.02 (VIOLATED)
_14671_/Y                               0.75    0.77   -0.02 (VIOLATED)
_09471_/B1                              0.75    0.76   -0.01 (VIOLATED)
_09470_/Y                               0.75    0.76   -0.01 (VIOLATED)
_13787_/A                               0.75    0.76   -0.01 (VIOLATED)
ANTENNA_139/DIODE                       0.75    0.76   -0.01 (VIOLATED)
_13821_/A                               0.75    0.76   -0.01 (VIOLATED)
ANTENNA_138/DIODE                       0.75    0.76   -0.01 (VIOLATED)
_13804_/A                               0.75    0.76   -0.01 (VIOLATED)
ANTENNA_137/DIODE                       0.75    0.76   -0.01 (VIOLATED)
_13772_/A                               0.75    0.76   -0.01 (VIOLATED)
_13771_/Y                               0.75    0.76   -0.01 (VIOLATED)
_13514_/A                               0.75    0.76   -0.01 (VIOLATED)
_13526_/A                               0.75    0.76   -0.01 (VIOLATED)
ANTENNA_232/DIODE                       0.75    0.76   -0.01 (VIOLATED)
_13552_/A                               0.75    0.76   -0.01 (VIOLATED)
ANTENNA_204/DIODE                       0.75    0.76   -0.01 (VIOLATED)
_13539_/A                               0.75    0.76   -0.01 (VIOLATED)
_13513_/Y                               0.75    0.76   -0.01 (VIOLATED)
_11074_/A1                              0.75    0.75   -0.00 (VIOLATED)
_14947_/D_N                             0.75    0.75   -0.00 (VIOLATED)
_11073_/Y                               0.75    0.75   -0.00 (VIOLATED)

max fanout

Pin                                   Limit Fanout  Slack
---------------------------------------------------------
_08518_/X                                 4     24    -20 (VIOLATED)
clkbuf_leaf_169_clk/X                     4     15    -11 (VIOLATED)
clkbuf_leaf_116_clk/X                     4     14    -10 (VIOLATED)
clkbuf_leaf_139_clk/X                     4     14    -10 (VIOLATED)
clkbuf_leaf_161_clk/X                     4     14    -10 (VIOLATED)
clkbuf_leaf_187_clk/X                     4     13     -9 (VIOLATED)
clkbuf_leaf_213_clk/X                     4     13     -9 (VIOLATED)
clkbuf_leaf_64_clk/X                      4     13     -9 (VIOLATED)
clkbuf_leaf_0_clk/X                       4     12     -8 (VIOLATED)
clkbuf_leaf_122_clk/X                     4     12     -8 (VIOLATED)
clkbuf_leaf_146_clk/X                     4     12     -8 (VIOLATED)
clkbuf_leaf_183_clk/X                     4     12     -8 (VIOLATED)
clkbuf_leaf_231_clk/X                     4     12     -8 (VIOLATED)
clkbuf_leaf_234_clk/X                     4     12     -8 (VIOLATED)
_08293_/X                                 4     11     -7 (VIOLATED)
clkbuf_5_17__f_clk/X                      4     11     -7 (VIOLATED)
clkbuf_5_26__f_clk/X                      4     11     -7 (VIOLATED)
clkbuf_leaf_114_clk/X                     4     11     -7 (VIOLATED)
clkbuf_leaf_131_clk/X                     4     11     -7 (VIOLATED)
clkbuf_leaf_14_clk/X                      4     11     -7 (VIOLATED)
clkbuf_leaf_151_clk/X                     4     11     -7 (VIOLATED)
clkbuf_leaf_172_clk/X                     4     11     -7 (VIOLATED)
clkbuf_leaf_184_clk/X                     4     11     -7 (VIOLATED)
clkbuf_leaf_1_clk/X                       4     11     -7 (VIOLATED)
clkbuf_leaf_21_clk/X                      4     11     -7 (VIOLATED)
clkbuf_leaf_227_clk/X                     4     11     -7 (VIOLATED)
clkbuf_leaf_2_clk/X                       4     11     -7 (VIOLATED)
clkbuf_leaf_37_clk/X                      4     11     -7 (VIOLATED)
clkbuf_leaf_8_clk/X                       4     11     -7 (VIOLATED)
_08262_/X                                 4     10     -6 (VIOLATED)
clkbuf_5_16__f_clk/X                      4     10     -6 (VIOLATED)
clkbuf_5_18__f_clk/X                      4     10     -6 (VIOLATED)
clkbuf_5_22__f_clk/X                      4     10     -6 (VIOLATED)
clkbuf_5_23__f_clk/X                      4     10     -6 (VIOLATED)
clkbuf_5_24__f_clk/X                      4     10     -6 (VIOLATED)
clkbuf_5_9__f_clk/X                       4     10     -6 (VIOLATED)
clkbuf_leaf_118_clk/X                     4     10     -6 (VIOLATED)
clkbuf_leaf_165_clk/X                     4     10     -6 (VIOLATED)
clkbuf_leaf_179_clk/X                     4     10     -6 (VIOLATED)
clkbuf_leaf_181_clk/X                     4     10     -6 (VIOLATED)
clkbuf_leaf_189_clk/X                     4     10     -6 (VIOLATED)
clkbuf_leaf_193_clk/X                     4     10     -6 (VIOLATED)
clkbuf_leaf_210_clk/X                     4     10     -6 (VIOLATED)
clkbuf_leaf_211_clk/X                     4     10     -6 (VIOLATED)
clkbuf_leaf_224_clk/X                     4     10     -6 (VIOLATED)
clkbuf_leaf_228_clk/X                     4     10     -6 (VIOLATED)
clkbuf_leaf_23_clk/X                      4     10     -6 (VIOLATED)
clkbuf_leaf_25_clk/X                      4     10     -6 (VIOLATED)
clkbuf_leaf_33_clk/X                      4     10     -6 (VIOLATED)
clkbuf_leaf_50_clk/X                      4     10     -6 (VIOLATED)
clkbuf_leaf_62_clk/X                      4     10     -6 (VIOLATED)
clkbuf_leaf_67_clk/X                      4     10     -6 (VIOLATED)
clkbuf_leaf_69_clk/X                      4     10     -6 (VIOLATED)
clkbuf_leaf_91_clk/X                      4     10     -6 (VIOLATED)
clkbuf_leaf_92_clk/X                      4     10     -6 (VIOLATED)
_13564_/Y                                 4      9     -5 (VIOLATED)
clkbuf_5_10__f_clk/X                      4      9     -5 (VIOLATED)
clkbuf_5_11__f_clk/X                      4      9     -5 (VIOLATED)
clkbuf_leaf_10_clk/X                      4      9     -5 (VIOLATED)
clkbuf_leaf_110_clk/X                     4      9     -5 (VIOLATED)
clkbuf_leaf_115_clk/X                     4      9     -5 (VIOLATED)
clkbuf_leaf_128_clk/X                     4      9     -5 (VIOLATED)
clkbuf_leaf_136_clk/X                     4      9     -5 (VIOLATED)
clkbuf_leaf_141_clk/X                     4      9     -5 (VIOLATED)
clkbuf_leaf_142_clk/X                     4      9     -5 (VIOLATED)
clkbuf_leaf_162_clk/X                     4      9     -5 (VIOLATED)
clkbuf_leaf_167_clk/X                     4      9     -5 (VIOLATED)
clkbuf_leaf_176_clk/X                     4      9     -5 (VIOLATED)
clkbuf_leaf_178_clk/X                     4      9     -5 (VIOLATED)
clkbuf_leaf_201_clk/X                     4      9     -5 (VIOLATED)
clkbuf_leaf_209_clk/X                     4      9     -5 (VIOLATED)
clkbuf_leaf_215_clk/X                     4      9     -5 (VIOLATED)
clkbuf_leaf_22_clk/X                      4      9     -5 (VIOLATED)
clkbuf_leaf_26_clk/X                      4      9     -5 (VIOLATED)
clkbuf_leaf_29_clk/X                      4      9     -5 (VIOLATED)
clkbuf_leaf_45_clk/X                      4      9     -5 (VIOLATED)
clkbuf_leaf_47_clk/X                      4      9     -5 (VIOLATED)
clkbuf_leaf_53_clk/X                      4      9     -5 (VIOLATED)
clkbuf_leaf_54_clk/X                      4      9     -5 (VIOLATED)
clkbuf_leaf_56_clk/X                      4      9     -5 (VIOLATED)
clkbuf_leaf_66_clk/X                      4      9     -5 (VIOLATED)
clkbuf_leaf_72_clk/X                      4      9     -5 (VIOLATED)
_08370_/X                                 4      8     -4 (VIOLATED)
_08372_/X                                 4      8     -4 (VIOLATED)
_08380_/X                                 4      8     -4 (VIOLATED)
_08418_/X                                 4      8     -4 (VIOLATED)
_08447_/X                                 4      8     -4 (VIOLATED)
_08483_/X                                 4      8     -4 (VIOLATED)
_12959_/Y                                 4      8     -4 (VIOLATED)
_13835_/Y                                 4      8     -4 (VIOLATED)
_14491_/Y                                 4      8     -4 (VIOLATED)
_14671_/Y                                 4      8     -4 (VIOLATED)
_14987_/Y                                 4      8     -4 (VIOLATED)
clkbuf_2_0_0_clk/X                        4      8     -4 (VIOLATED)
clkbuf_2_1_0_clk/X                        4      8     -4 (VIOLATED)
clkbuf_2_2_0_clk/X                        4      8     -4 (VIOLATED)
clkbuf_2_3_0_clk/X                        4      8     -4 (VIOLATED)
clkbuf_5_15__f_clk/X                      4      8     -4 (VIOLATED)
clkbuf_5_19__f_clk/X                      4      8     -4 (VIOLATED)
clkbuf_5_21__f_clk/X                      4      8     -4 (VIOLATED)
clkbuf_5_25__f_clk/X                      4      8     -4 (VIOLATED)
clkbuf_5_29__f_clk/X                      4      8     -4 (VIOLATED)
clkbuf_5_8__f_clk/X                       4      8     -4 (VIOLATED)
clkbuf_leaf_117_clk/X                     4      8     -4 (VIOLATED)
clkbuf_leaf_11_clk/X                      4      8     -4 (VIOLATED)
clkbuf_leaf_120_clk/X                     4      8     -4 (VIOLATED)
clkbuf_leaf_156_clk/X                     4      8     -4 (VIOLATED)
clkbuf_leaf_159_clk/X                     4      8     -4 (VIOLATED)
clkbuf_leaf_168_clk/X                     4      8     -4 (VIOLATED)
clkbuf_leaf_175_clk/X                     4      8     -4 (VIOLATED)
clkbuf_leaf_177_clk/X                     4      8     -4 (VIOLATED)
clkbuf_leaf_182_clk/X                     4      8     -4 (VIOLATED)
clkbuf_leaf_198_clk/X                     4      8     -4 (VIOLATED)
clkbuf_leaf_203_clk/X                     4      8     -4 (VIOLATED)
clkbuf_leaf_204_clk/X                     4      8     -4 (VIOLATED)
clkbuf_leaf_230_clk/X                     4      8     -4 (VIOLATED)
clkbuf_leaf_233_clk/X                     4      8     -4 (VIOLATED)
clkbuf_leaf_28_clk/X                      4      8     -4 (VIOLATED)
clkbuf_leaf_34_clk/X                      4      8     -4 (VIOLATED)
clkbuf_leaf_43_clk/X                      4      8     -4 (VIOLATED)
clkbuf_leaf_49_clk/X                      4      8     -4 (VIOLATED)
clkbuf_leaf_5_clk/X                       4      8     -4 (VIOLATED)
clkbuf_leaf_68_clk/X                      4      8     -4 (VIOLATED)
clkbuf_leaf_78_clk/X                      4      8     -4 (VIOLATED)
clkbuf_leaf_7_clk/X                       4      8     -4 (VIOLATED)
clkbuf_leaf_83_clk/X                      4      8     -4 (VIOLATED)
clkbuf_leaf_88_clk/X                      4      8     -4 (VIOLATED)
_08353_/X                                 4      7     -3 (VIOLATED)
_08365_/X                                 4      7     -3 (VIOLATED)
_08376_/X                                 4      7     -3 (VIOLATED)
_08394_/X                                 4      7     -3 (VIOLATED)
_08398_/X                                 4      7     -3 (VIOLATED)
_08468_/X                                 4      7     -3 (VIOLATED)
_08510_/X                                 4      7     -3 (VIOLATED)
_09844_/X                                 4      7     -3 (VIOLATED)
_10472_/X                                 4      7     -3 (VIOLATED)
_11976_/Y                                 4      7     -3 (VIOLATED)
_13305_/Y                                 4      7     -3 (VIOLATED)
_13344_/Y                                 4      7     -3 (VIOLATED)
_13692_/Y                                 4      7     -3 (VIOLATED)
_13771_/Y                                 4      7     -3 (VIOLATED)
_13872_/Y                                 4      7     -3 (VIOLATED)
_14528_/Y                                 4      7     -3 (VIOLATED)
_16697_/Q                                 4      7     -3 (VIOLATED)
clkbuf_5_20__f_clk/X                      4      7     -3 (VIOLATED)
clkbuf_5_30__f_clk/X                      4      7     -3 (VIOLATED)
clkbuf_5_3__f_clk/X                       4      7     -3 (VIOLATED)
clkbuf_leaf_102_clk/X                     4      7     -3 (VIOLATED)
clkbuf_leaf_103_clk/X                     4      7     -3 (VIOLATED)
clkbuf_leaf_105_clk/X                     4      7     -3 (VIOLATED)
clkbuf_leaf_109_clk/X                     4      7     -3 (VIOLATED)
clkbuf_leaf_111_clk/X                     4      7     -3 (VIOLATED)
clkbuf_leaf_123_clk/X                     4      7     -3 (VIOLATED)
clkbuf_leaf_124_clk/X                     4      7     -3 (VIOLATED)
clkbuf_leaf_133_clk/X                     4      7     -3 (VIOLATED)
clkbuf_leaf_144_clk/X                     4      7     -3 (VIOLATED)
clkbuf_leaf_152_clk/X                     4      7     -3 (VIOLATED)
clkbuf_leaf_155_clk/X                     4      7     -3 (VIOLATED)
clkbuf_leaf_160_clk/X                     4      7     -3 (VIOLATED)
clkbuf_leaf_166_clk/X                     4      7     -3 (VIOLATED)
clkbuf_leaf_16_clk/X                      4      7     -3 (VIOLATED)
clkbuf_leaf_180_clk/X                     4      7     -3 (VIOLATED)
clkbuf_leaf_18_clk/X                      4      7     -3 (VIOLATED)
clkbuf_leaf_190_clk/X                     4      7     -3 (VIOLATED)
clkbuf_leaf_197_clk/X                     4      7     -3 (VIOLATED)
clkbuf_leaf_199_clk/X                     4      7     -3 (VIOLATED)
clkbuf_leaf_200_clk/X                     4      7     -3 (VIOLATED)
clkbuf_leaf_205_clk/X                     4      7     -3 (VIOLATED)
clkbuf_leaf_20_clk/X                      4      7     -3 (VIOLATED)
clkbuf_leaf_216_clk/X                     4      7     -3 (VIOLATED)
clkbuf_leaf_223_clk/X                     4      7     -3 (VIOLATED)
clkbuf_leaf_225_clk/X                     4      7     -3 (VIOLATED)
clkbuf_leaf_232_clk/X                     4      7     -3 (VIOLATED)
clkbuf_leaf_30_clk/X                      4      7     -3 (VIOLATED)
clkbuf_leaf_35_clk/X                      4      7     -3 (VIOLATED)
clkbuf_leaf_44_clk/X                      4      7     -3 (VIOLATED)
clkbuf_leaf_48_clk/X                      4      7     -3 (VIOLATED)
clkbuf_leaf_52_clk/X                      4      7     -3 (VIOLATED)
clkbuf_leaf_58_clk/X                      4      7     -3 (VIOLATED)
clkbuf_leaf_70_clk/X                      4      7     -3 (VIOLATED)
clkbuf_leaf_73_clk/X                      4      7     -3 (VIOLATED)
clkbuf_leaf_77_clk/X                      4      7     -3 (VIOLATED)
clkbuf_leaf_85_clk/X                      4      7     -3 (VIOLATED)
clkbuf_leaf_87_clk/X                      4      7     -3 (VIOLATED)
_08358_/X                                 4      6     -2 (VIOLATED)
_08361_/X                                 4      6     -2 (VIOLATED)
_08408_/X                                 4      6     -2 (VIOLATED)
_08426_/X                                 4      6     -2 (VIOLATED)
_08506_/X                                 4      6     -2 (VIOLATED)
_08514_/X                                 4      6     -2 (VIOLATED)
_10087_/X                                 4      6     -2 (VIOLATED)
_10394_/X                                 4      6     -2 (VIOLATED)
_10747_/X                                 4      6     -2 (VIOLATED)
_12747_/Y                                 4      6     -2 (VIOLATED)
_12837_/Y                                 4      6     -2 (VIOLATED)
_12876_/X                                 4      6     -2 (VIOLATED)
_13266_/Y                                 4      6     -2 (VIOLATED)
_13383_/Y                                 4      6     -2 (VIOLATED)
_13513_/Y                                 4      6     -2 (VIOLATED)
_13731_/Y                                 4      6     -2 (VIOLATED)
_13991_/X                                 4      6     -2 (VIOLATED)
_15656_/Y                                 4      6     -2 (VIOLATED)
_15985_/Y                                 4      6     -2 (VIOLATED)
_16690_/Q                                 4      6     -2 (VIOLATED)
clkbuf_5_13__f_clk/X                      4      6     -2 (VIOLATED)
clkbuf_5_14__f_clk/X                      4      6     -2 (VIOLATED)
clkbuf_5_1__f_clk/X                       4      6     -2 (VIOLATED)
clkbuf_5_27__f_clk/X                      4      6     -2 (VIOLATED)
clkbuf_5_28__f_clk/X                      4      6     -2 (VIOLATED)
clkbuf_5_2__f_clk/X                       4      6     -2 (VIOLATED)
clkbuf_leaf_106_clk/X                     4      6     -2 (VIOLATED)
clkbuf_leaf_108_clk/X                     4      6     -2 (VIOLATED)
clkbuf_leaf_113_clk/X                     4      6     -2 (VIOLATED)
clkbuf_leaf_130_clk/X                     4      6     -2 (VIOLATED)
clkbuf_leaf_134_clk/X                     4      6     -2 (VIOLATED)
clkbuf_leaf_135_clk/X                     4      6     -2 (VIOLATED)
clkbuf_leaf_137_clk/X                     4      6     -2 (VIOLATED)
clkbuf_leaf_143_clk/X                     4      6     -2 (VIOLATED)
clkbuf_leaf_148_clk/X                     4      6     -2 (VIOLATED)
clkbuf_leaf_149_clk/X                     4      6     -2 (VIOLATED)
clkbuf_leaf_171_clk/X                     4      6     -2 (VIOLATED)
clkbuf_leaf_174_clk/X                     4      6     -2 (VIOLATED)
clkbuf_leaf_188_clk/X                     4      6     -2 (VIOLATED)
clkbuf_leaf_194_clk/X                     4      6     -2 (VIOLATED)
clkbuf_leaf_19_clk/X                      4      6     -2 (VIOLATED)
clkbuf_leaf_217_clk/X                     4      6     -2 (VIOLATED)
clkbuf_leaf_218_clk/X                     4      6     -2 (VIOLATED)
clkbuf_leaf_221_clk/X                     4      6     -2 (VIOLATED)
clkbuf_leaf_226_clk/X                     4      6     -2 (VIOLATED)
clkbuf_leaf_229_clk/X                     4      6     -2 (VIOLATED)
clkbuf_leaf_27_clk/X                      4      6     -2 (VIOLATED)
clkbuf_leaf_32_clk/X                      4      6     -2 (VIOLATED)
clkbuf_leaf_36_clk/X                      4      6     -2 (VIOLATED)
clkbuf_leaf_38_clk/X                      4      6     -2 (VIOLATED)
clkbuf_leaf_42_clk/X                      4      6     -2 (VIOLATED)
clkbuf_leaf_4_clk/X                       4      6     -2 (VIOLATED)
clkbuf_leaf_59_clk/X                      4      6     -2 (VIOLATED)
clkbuf_leaf_65_clk/X                      4      6     -2 (VIOLATED)
clkbuf_leaf_6_clk/X                       4      6     -2 (VIOLATED)
clkbuf_leaf_76_clk/X                      4      6     -2 (VIOLATED)
clkbuf_leaf_80_clk/X                      4      6     -2 (VIOLATED)
clkbuf_leaf_81_clk/X                      4      6     -2 (VIOLATED)
clkbuf_leaf_82_clk/X                      4      6     -2 (VIOLATED)
_08386_/X                                 4      5        (VIOLATED)
_08391_/X                                 4      5        (VIOLATED)
_08403_/X                                 4      5        (VIOLATED)
_08422_/X                                 4      5        (VIOLATED)
_08459_/X                                 4      5        (VIOLATED)
_08461_/X                                 4      5        (VIOLATED)
_08474_/X                                 4      5        (VIOLATED)
_08507_/X                                 4      5        (VIOLATED)
_08525_/X                                 4      5        (VIOLATED)
_08547_/X                                 4      5        (VIOLATED)
_09418_/X                                 4      5        (VIOLATED)
_09847_/X                                 4      5        (VIOLATED)
_10051_/Y                                 4      5        (VIOLATED)
_10092_/X                                 4      5        (VIOLATED)
_10421_/X                                 4      5        (VIOLATED)
_10430_/X                                 4      5        (VIOLATED)
_10461_/X                                 4      5        (VIOLATED)
_10585_/X                                 4      5        (VIOLATED)
_10632_/X                                 4      5        (VIOLATED)
_10642_/X                                 4      5        (VIOLATED)
_10709_/X                                 4      5        (VIOLATED)
_10711_/X                                 4      5        (VIOLATED)
_10812_/X                                 4      5        (VIOLATED)
_10829_/X                                 4      5        (VIOLATED)
_10866_/X                                 4      5        (VIOLATED)
_11107_/X                                 4      5        (VIOLATED)
_11970_/X                                 4      5        (VIOLATED)
_12015_/X                                 4      5        (VIOLATED)
_12704_/Y                                 4      5        (VIOLATED)
_13520_/X                                 4      5        (VIOLATED)
_13642_/Y                                 4      5        (VIOLATED)
_14587_/X                                 4      5        (VIOLATED)
_14718_/X                                 4      5        (VIOLATED)
_14721_/Y                                 4      5        (VIOLATED)
_15212_/X                                 4      5        (VIOLATED)
_15733_/Y                                 4      5        (VIOLATED)
_15821_/Y                                 4      5        (VIOLATED)
_15897_/Y                                 4      5        (VIOLATED)
_16313_/Y                                 4      5        (VIOLATED)
clkbuf_5_0__f_clk/X                       4      5        (VIOLATED)
clkbuf_5_31__f_clk/X                      4      5        (VIOLATED)
clkbuf_5_6__f_clk/X                       4      5        (VIOLATED)
clkbuf_leaf_101_clk/X                     4      5        (VIOLATED)
clkbuf_leaf_119_clk/X                     4      5        (VIOLATED)
clkbuf_leaf_125_clk/X                     4      5        (VIOLATED)
clkbuf_leaf_127_clk/X                     4      5        (VIOLATED)
clkbuf_leaf_147_clk/X                     4      5        (VIOLATED)
clkbuf_leaf_150_clk/X                     4      5        (VIOLATED)
clkbuf_leaf_153_clk/X                     4      5        (VIOLATED)
clkbuf_leaf_15_clk/X                      4      5        (VIOLATED)
clkbuf_leaf_17_clk/X                      4      5        (VIOLATED)
clkbuf_leaf_195_clk/X                     4      5        (VIOLATED)
clkbuf_leaf_196_clk/X                     4      5        (VIOLATED)
clkbuf_leaf_206_clk/X                     4      5        (VIOLATED)
clkbuf_leaf_207_clk/X                     4      5        (VIOLATED)
clkbuf_leaf_212_clk/X                     4      5        (VIOLATED)
clkbuf_leaf_214_clk/X                     4      5        (VIOLATED)
clkbuf_leaf_219_clk/X                     4      5        (VIOLATED)
clkbuf_leaf_24_clk/X                      4      5        (VIOLATED)
clkbuf_leaf_31_clk/X                      4      5        (VIOLATED)
clkbuf_leaf_40_clk/X                      4      5        (VIOLATED)
clkbuf_leaf_41_clk/X                      4      5        (VIOLATED)
clkbuf_leaf_46_clk/X                      4      5        (VIOLATED)
clkbuf_leaf_55_clk/X                      4      5        (VIOLATED)
clkbuf_leaf_61_clk/X                      4      5        (VIOLATED)
clkbuf_leaf_71_clk/X                      4      5        (VIOLATED)
clkbuf_leaf_79_clk/X                      4      5        (VIOLATED)
clkbuf_leaf_84_clk/X                      4      5        (VIOLATED)
clkbuf_leaf_93_clk/X                      4      5        (VIOLATED)
clkbuf_leaf_96_clk/X                      4      5        (VIOLATED)
clkbuf_leaf_98_clk/X                      4      5        (VIOLATED)


======================= Typical Corner ===================================

max slew

Pin                                    Limit    Slew   Slack
------------------------------------------------------------
_14510_/A                               0.75    0.80   -0.05 (VIOLATED)
ANTENNA_208/DIODE                       0.75    0.80   -0.05 (VIOLATED)
_14519_/A                               0.75    0.80   -0.05 (VIOLATED)
ANTENNA_209/DIODE                       0.75    0.80   -0.05 (VIOLATED)
_14501_/A                               0.75    0.80   -0.05 (VIOLATED)
ANTENNA_211/DIODE                       0.75    0.80   -0.05 (VIOLATED)
_14492_/A                               0.75    0.80   -0.05 (VIOLATED)
ANTENNA_210/DIODE                       0.75    0.80   -0.05 (VIOLATED)
_14491_/Y                               0.75    0.80   -0.05 (VIOLATED)

max fanout

Pin                                   Limit Fanout  Slack
---------------------------------------------------------
_08518_/X                                 4     24    -20 (VIOLATED)
clkbuf_leaf_169_clk/X                     4     15    -11 (VIOLATED)
clkbuf_leaf_116_clk/X                     4     14    -10 (VIOLATED)
clkbuf_leaf_139_clk/X                     4     14    -10 (VIOLATED)
clkbuf_leaf_161_clk/X                     4     14    -10 (VIOLATED)
clkbuf_leaf_187_clk/X                     4     13     -9 (VIOLATED)
clkbuf_leaf_213_clk/X                     4     13     -9 (VIOLATED)
clkbuf_leaf_64_clk/X                      4     13     -9 (VIOLATED)
clkbuf_leaf_0_clk/X                       4     12     -8 (VIOLATED)
clkbuf_leaf_122_clk/X                     4     12     -8 (VIOLATED)
clkbuf_leaf_146_clk/X                     4     12     -8 (VIOLATED)
clkbuf_leaf_183_clk/X                     4     12     -8 (VIOLATED)
clkbuf_leaf_231_clk/X                     4     12     -8 (VIOLATED)
clkbuf_leaf_234_clk/X                     4     12     -8 (VIOLATED)
_08293_/X                                 4     11     -7 (VIOLATED)
clkbuf_5_17__f_clk/X                      4     11     -7 (VIOLATED)
clkbuf_5_26__f_clk/X                      4     11     -7 (VIOLATED)
clkbuf_leaf_114_clk/X                     4     11     -7 (VIOLATED)
clkbuf_leaf_131_clk/X                     4     11     -7 (VIOLATED)
clkbuf_leaf_14_clk/X                      4     11     -7 (VIOLATED)
clkbuf_leaf_151_clk/X                     4     11     -7 (VIOLATED)
clkbuf_leaf_172_clk/X                     4     11     -7 (VIOLATED)
clkbuf_leaf_184_clk/X                     4     11     -7 (VIOLATED)
clkbuf_leaf_1_clk/X                       4     11     -7 (VIOLATED)
clkbuf_leaf_21_clk/X                      4     11     -7 (VIOLATED)
clkbuf_leaf_227_clk/X                     4     11     -7 (VIOLATED)
clkbuf_leaf_2_clk/X                       4     11     -7 (VIOLATED)
clkbuf_leaf_37_clk/X                      4     11     -7 (VIOLATED)
clkbuf_leaf_8_clk/X                       4     11     -7 (VIOLATED)
_08262_/X                                 4     10     -6 (VIOLATED)
clkbuf_5_16__f_clk/X                      4     10     -6 (VIOLATED)
clkbuf_5_18__f_clk/X                      4     10     -6 (VIOLATED)
clkbuf_5_22__f_clk/X                      4     10     -6 (VIOLATED)
clkbuf_5_23__f_clk/X                      4     10     -6 (VIOLATED)
clkbuf_5_24__f_clk/X                      4     10     -6 (VIOLATED)
clkbuf_5_9__f_clk/X                       4     10     -6 (VIOLATED)
clkbuf_leaf_118_clk/X                     4     10     -6 (VIOLATED)
clkbuf_leaf_165_clk/X                     4     10     -6 (VIOLATED)
clkbuf_leaf_179_clk/X                     4     10     -6 (VIOLATED)
clkbuf_leaf_181_clk/X                     4     10     -6 (VIOLATED)
clkbuf_leaf_189_clk/X                     4     10     -6 (VIOLATED)
clkbuf_leaf_193_clk/X                     4     10     -6 (VIOLATED)
clkbuf_leaf_210_clk/X                     4     10     -6 (VIOLATED)
clkbuf_leaf_211_clk/X                     4     10     -6 (VIOLATED)
clkbuf_leaf_224_clk/X                     4     10     -6 (VIOLATED)
clkbuf_leaf_228_clk/X                     4     10     -6 (VIOLATED)
clkbuf_leaf_23_clk/X                      4     10     -6 (VIOLATED)
clkbuf_leaf_25_clk/X                      4     10     -6 (VIOLATED)
clkbuf_leaf_33_clk/X                      4     10     -6 (VIOLATED)
clkbuf_leaf_50_clk/X                      4     10     -6 (VIOLATED)
clkbuf_leaf_62_clk/X                      4     10     -6 (VIOLATED)
clkbuf_leaf_67_clk/X                      4     10     -6 (VIOLATED)
clkbuf_leaf_69_clk/X                      4     10     -6 (VIOLATED)
clkbuf_leaf_91_clk/X                      4     10     -6 (VIOLATED)
clkbuf_leaf_92_clk/X                      4     10     -6 (VIOLATED)
_13564_/Y                                 4      9     -5 (VIOLATED)
clkbuf_5_10__f_clk/X                      4      9     -5 (VIOLATED)
clkbuf_5_11__f_clk/X                      4      9     -5 (VIOLATED)
clkbuf_leaf_10_clk/X                      4      9     -5 (VIOLATED)
clkbuf_leaf_110_clk/X                     4      9     -5 (VIOLATED)
clkbuf_leaf_115_clk/X                     4      9     -5 (VIOLATED)
clkbuf_leaf_128_clk/X                     4      9     -5 (VIOLATED)
clkbuf_leaf_136_clk/X                     4      9     -5 (VIOLATED)
clkbuf_leaf_141_clk/X                     4      9     -5 (VIOLATED)
clkbuf_leaf_142_clk/X                     4      9     -5 (VIOLATED)
clkbuf_leaf_162_clk/X                     4      9     -5 (VIOLATED)
clkbuf_leaf_167_clk/X                     4      9     -5 (VIOLATED)
clkbuf_leaf_176_clk/X                     4      9     -5 (VIOLATED)
clkbuf_leaf_178_clk/X                     4      9     -5 (VIOLATED)
clkbuf_leaf_201_clk/X                     4      9     -5 (VIOLATED)
clkbuf_leaf_209_clk/X                     4      9     -5 (VIOLATED)
clkbuf_leaf_215_clk/X                     4      9     -5 (VIOLATED)
clkbuf_leaf_22_clk/X                      4      9     -5 (VIOLATED)
clkbuf_leaf_26_clk/X                      4      9     -5 (VIOLATED)
clkbuf_leaf_29_clk/X                      4      9     -5 (VIOLATED)
clkbuf_leaf_45_clk/X                      4      9     -5 (VIOLATED)
clkbuf_leaf_47_clk/X                      4      9     -5 (VIOLATED)
clkbuf_leaf_53_clk/X                      4      9     -5 (VIOLATED)
clkbuf_leaf_54_clk/X                      4      9     -5 (VIOLATED)
clkbuf_leaf_56_clk/X                      4      9     -5 (VIOLATED)
clkbuf_leaf_66_clk/X                      4      9     -5 (VIOLATED)
clkbuf_leaf_72_clk/X                      4      9     -5 (VIOLATED)
_08370_/X                                 4      8     -4 (VIOLATED)
_08372_/X                                 4      8     -4 (VIOLATED)
_08380_/X                                 4      8     -4 (VIOLATED)
_08418_/X                                 4      8     -4 (VIOLATED)
_08447_/X                                 4      8     -4 (VIOLATED)
_08483_/X                                 4      8     -4 (VIOLATED)
_12959_/Y                                 4      8     -4 (VIOLATED)
_13835_/Y                                 4      8     -4 (VIOLATED)
_14491_/Y                                 4      8     -4 (VIOLATED)
_14671_/Y                                 4      8     -4 (VIOLATED)
_14987_/Y                                 4      8     -4 (VIOLATED)
clkbuf_2_0_0_clk/X                        4      8     -4 (VIOLATED)
clkbuf_2_1_0_clk/X                        4      8     -4 (VIOLATED)
clkbuf_2_2_0_clk/X                        4      8     -4 (VIOLATED)
clkbuf_2_3_0_clk/X                        4      8     -4 (VIOLATED)
clkbuf_5_15__f_clk/X                      4      8     -4 (VIOLATED)
clkbuf_5_19__f_clk/X                      4      8     -4 (VIOLATED)
clkbuf_5_21__f_clk/X                      4      8     -4 (VIOLATED)
clkbuf_5_25__f_clk/X                      4      8     -4 (VIOLATED)
clkbuf_5_29__f_clk/X                      4      8     -4 (VIOLATED)
clkbuf_5_8__f_clk/X                       4      8     -4 (VIOLATED)
clkbuf_leaf_117_clk/X                     4      8     -4 (VIOLATED)
clkbuf_leaf_11_clk/X                      4      8     -4 (VIOLATED)
clkbuf_leaf_120_clk/X                     4      8     -4 (VIOLATED)
clkbuf_leaf_156_clk/X                     4      8     -4 (VIOLATED)
clkbuf_leaf_159_clk/X                     4      8     -4 (VIOLATED)
clkbuf_leaf_168_clk/X                     4      8     -4 (VIOLATED)
clkbuf_leaf_175_clk/X                     4      8     -4 (VIOLATED)
clkbuf_leaf_177_clk/X                     4      8     -4 (VIOLATED)
clkbuf_leaf_182_clk/X                     4      8     -4 (VIOLATED)
clkbuf_leaf_198_clk/X                     4      8     -4 (VIOLATED)
clkbuf_leaf_203_clk/X                     4      8     -4 (VIOLATED)
clkbuf_leaf_204_clk/X                     4      8     -4 (VIOLATED)
clkbuf_leaf_230_clk/X                     4      8     -4 (VIOLATED)
clkbuf_leaf_233_clk/X                     4      8     -4 (VIOLATED)
clkbuf_leaf_28_clk/X                      4      8     -4 (VIOLATED)
clkbuf_leaf_34_clk/X                      4      8     -4 (VIOLATED)
clkbuf_leaf_43_clk/X                      4      8     -4 (VIOLATED)
clkbuf_leaf_49_clk/X                      4      8     -4 (VIOLATED)
clkbuf_leaf_5_clk/X                       4      8     -4 (VIOLATED)
clkbuf_leaf_68_clk/X                      4      8     -4 (VIOLATED)
clkbuf_leaf_78_clk/X                      4      8     -4 (VIOLATED)
clkbuf_leaf_7_clk/X                       4      8     -4 (VIOLATED)
clkbuf_leaf_83_clk/X                      4      8     -4 (VIOLATED)
clkbuf_leaf_88_clk/X                      4      8     -4 (VIOLATED)
_08353_/X                                 4      7     -3 (VIOLATED)
_08365_/X                                 4      7     -3 (VIOLATED)
_08376_/X                                 4      7     -3 (VIOLATED)
_08394_/X                                 4      7     -3 (VIOLATED)
_08398_/X                                 4      7     -3 (VIOLATED)
_08468_/X                                 4      7     -3 (VIOLATED)
_08510_/X                                 4      7     -3 (VIOLATED)
_09844_/X                                 4      7     -3 (VIOLATED)
_10472_/X                                 4      7     -3 (VIOLATED)
_11976_/Y                                 4      7     -3 (VIOLATED)
_13305_/Y                                 4      7     -3 (VIOLATED)
_13344_/Y                                 4      7     -3 (VIOLATED)
_13692_/Y                                 4      7     -3 (VIOLATED)
_13771_/Y                                 4      7     -3 (VIOLATED)
_13872_/Y                                 4      7     -3 (VIOLATED)
_14528_/Y                                 4      7     -3 (VIOLATED)
_16697_/Q                                 4      7     -3 (VIOLATED)
clkbuf_5_20__f_clk/X                      4      7     -3 (VIOLATED)
clkbuf_5_30__f_clk/X                      4      7     -3 (VIOLATED)
clkbuf_5_3__f_clk/X                       4      7     -3 (VIOLATED)
clkbuf_leaf_102_clk/X                     4      7     -3 (VIOLATED)
clkbuf_leaf_103_clk/X                     4      7     -3 (VIOLATED)
clkbuf_leaf_105_clk/X                     4      7     -3 (VIOLATED)
clkbuf_leaf_109_clk/X                     4      7     -3 (VIOLATED)
clkbuf_leaf_111_clk/X                     4      7     -3 (VIOLATED)
clkbuf_leaf_123_clk/X                     4      7     -3 (VIOLATED)
clkbuf_leaf_124_clk/X                     4      7     -3 (VIOLATED)
clkbuf_leaf_133_clk/X                     4      7     -3 (VIOLATED)
clkbuf_leaf_144_clk/X                     4      7     -3 (VIOLATED)
clkbuf_leaf_152_clk/X                     4      7     -3 (VIOLATED)
clkbuf_leaf_155_clk/X                     4      7     -3 (VIOLATED)
clkbuf_leaf_160_clk/X                     4      7     -3 (VIOLATED)
clkbuf_leaf_166_clk/X                     4      7     -3 (VIOLATED)
clkbuf_leaf_16_clk/X                      4      7     -3 (VIOLATED)
clkbuf_leaf_180_clk/X                     4      7     -3 (VIOLATED)
clkbuf_leaf_18_clk/X                      4      7     -3 (VIOLATED)
clkbuf_leaf_190_clk/X                     4      7     -3 (VIOLATED)
clkbuf_leaf_197_clk/X                     4      7     -3 (VIOLATED)
clkbuf_leaf_199_clk/X                     4      7     -3 (VIOLATED)
clkbuf_leaf_200_clk/X                     4      7     -3 (VIOLATED)
clkbuf_leaf_205_clk/X                     4      7     -3 (VIOLATED)
clkbuf_leaf_20_clk/X                      4      7     -3 (VIOLATED)
clkbuf_leaf_216_clk/X                     4      7     -3 (VIOLATED)
clkbuf_leaf_223_clk/X                     4      7     -3 (VIOLATED)
clkbuf_leaf_225_clk/X                     4      7     -3 (VIOLATED)
clkbuf_leaf_232_clk/X                     4      7     -3 (VIOLATED)
clkbuf_leaf_30_clk/X                      4      7     -3 (VIOLATED)
clkbuf_leaf_35_clk/X                      4      7     -3 (VIOLATED)
clkbuf_leaf_44_clk/X                      4      7     -3 (VIOLATED)
clkbuf_leaf_48_clk/X                      4      7     -3 (VIOLATED)
clkbuf_leaf_52_clk/X                      4      7     -3 (VIOLATED)
clkbuf_leaf_58_clk/X                      4      7     -3 (VIOLATED)
clkbuf_leaf_70_clk/X                      4      7     -3 (VIOLATED)
clkbuf_leaf_73_clk/X                      4      7     -3 (VIOLATED)
clkbuf_leaf_77_clk/X                      4      7     -3 (VIOLATED)
clkbuf_leaf_85_clk/X                      4      7     -3 (VIOLATED)
clkbuf_leaf_87_clk/X                      4      7     -3 (VIOLATED)
_08358_/X                                 4      6     -2 (VIOLATED)
_08361_/X                                 4      6     -2 (VIOLATED)
_08408_/X                                 4      6     -2 (VIOLATED)
_08426_/X                                 4      6     -2 (VIOLATED)
_08506_/X                                 4      6     -2 (VIOLATED)
_08514_/X                                 4      6     -2 (VIOLATED)
_10087_/X                                 4      6     -2 (VIOLATED)
_10394_/X                                 4      6     -2 (VIOLATED)
_10747_/X                                 4      6     -2 (VIOLATED)
_12747_/Y                                 4      6     -2 (VIOLATED)
_12837_/Y                                 4      6     -2 (VIOLATED)
_12876_/X                                 4      6     -2 (VIOLATED)
_13266_/Y                                 4      6     -2 (VIOLATED)
_13383_/Y                                 4      6     -2 (VIOLATED)
_13513_/Y                                 4      6     -2 (VIOLATED)
_13731_/Y                                 4      6     -2 (VIOLATED)
_13991_/X                                 4      6     -2 (VIOLATED)
_15656_/Y                                 4      6     -2 (VIOLATED)
_15985_/Y                                 4      6     -2 (VIOLATED)
_16690_/Q                                 4      6     -2 (VIOLATED)
clkbuf_5_13__f_clk/X                      4      6     -2 (VIOLATED)
clkbuf_5_14__f_clk/X                      4      6     -2 (VIOLATED)
clkbuf_5_1__f_clk/X                       4      6     -2 (VIOLATED)
clkbuf_5_27__f_clk/X                      4      6     -2 (VIOLATED)
clkbuf_5_28__f_clk/X                      4      6     -2 (VIOLATED)
clkbuf_5_2__f_clk/X                       4      6     -2 (VIOLATED)
clkbuf_leaf_106_clk/X                     4      6     -2 (VIOLATED)
clkbuf_leaf_108_clk/X                     4      6     -2 (VIOLATED)
clkbuf_leaf_113_clk/X                     4      6     -2 (VIOLATED)
clkbuf_leaf_130_clk/X                     4      6     -2 (VIOLATED)
clkbuf_leaf_134_clk/X                     4      6     -2 (VIOLATED)
clkbuf_leaf_135_clk/X                     4      6     -2 (VIOLATED)
clkbuf_leaf_137_clk/X                     4      6     -2 (VIOLATED)
clkbuf_leaf_143_clk/X                     4      6     -2 (VIOLATED)
clkbuf_leaf_148_clk/X                     4      6     -2 (VIOLATED)
clkbuf_leaf_149_clk/X                     4      6     -2 (VIOLATED)
clkbuf_leaf_171_clk/X                     4      6     -2 (VIOLATED)
clkbuf_leaf_174_clk/X                     4      6     -2 (VIOLATED)
clkbuf_leaf_188_clk/X                     4      6     -2 (VIOLATED)
clkbuf_leaf_194_clk/X                     4      6     -2 (VIOLATED)
clkbuf_leaf_19_clk/X                      4      6     -2 (VIOLATED)
clkbuf_leaf_217_clk/X                     4      6     -2 (VIOLATED)
clkbuf_leaf_218_clk/X                     4      6     -2 (VIOLATED)
clkbuf_leaf_221_clk/X                     4      6     -2 (VIOLATED)
clkbuf_leaf_226_clk/X                     4      6     -2 (VIOLATED)
clkbuf_leaf_229_clk/X                     4      6     -2 (VIOLATED)
clkbuf_leaf_27_clk/X                      4      6     -2 (VIOLATED)
clkbuf_leaf_32_clk/X                      4      6     -2 (VIOLATED)
clkbuf_leaf_36_clk/X                      4      6     -2 (VIOLATED)
clkbuf_leaf_38_clk/X                      4      6     -2 (VIOLATED)
clkbuf_leaf_42_clk/X                      4      6     -2 (VIOLATED)
clkbuf_leaf_4_clk/X                       4      6     -2 (VIOLATED)
clkbuf_leaf_59_clk/X                      4      6     -2 (VIOLATED)
clkbuf_leaf_65_clk/X                      4      6     -2 (VIOLATED)
clkbuf_leaf_6_clk/X                       4      6     -2 (VIOLATED)
clkbuf_leaf_76_clk/X                      4      6     -2 (VIOLATED)
clkbuf_leaf_80_clk/X                      4      6     -2 (VIOLATED)
clkbuf_leaf_81_clk/X                      4      6     -2 (VIOLATED)
clkbuf_leaf_82_clk/X                      4      6     -2 (VIOLATED)
_08386_/X                                 4      5        (VIOLATED)
_08391_/X                                 4      5        (VIOLATED)
_08403_/X                                 4      5        (VIOLATED)
_08422_/X                                 4      5        (VIOLATED)
_08459_/X                                 4      5        (VIOLATED)
_08461_/X                                 4      5        (VIOLATED)
_08474_/X                                 4      5        (VIOLATED)
_08507_/X                                 4      5        (VIOLATED)
_08525_/X                                 4      5        (VIOLATED)
_08547_/X                                 4      5        (VIOLATED)
_09418_/X                                 4      5        (VIOLATED)
_09847_/X                                 4      5        (VIOLATED)
_10051_/Y                                 4      5        (VIOLATED)
_10092_/X                                 4      5        (VIOLATED)
_10421_/X                                 4      5        (VIOLATED)
_10430_/X                                 4      5        (VIOLATED)
_10461_/X                                 4      5        (VIOLATED)
_10585_/X                                 4      5        (VIOLATED)
_10632_/X                                 4      5        (VIOLATED)
_10642_/X                                 4      5        (VIOLATED)
_10709_/X                                 4      5        (VIOLATED)
_10711_/X                                 4      5        (VIOLATED)
_10812_/X                                 4      5        (VIOLATED)
_10829_/X                                 4      5        (VIOLATED)
_10866_/X                                 4      5        (VIOLATED)
_11107_/X                                 4      5        (VIOLATED)
_11970_/X                                 4      5        (VIOLATED)
_12015_/X                                 4      5        (VIOLATED)
_12704_/Y                                 4      5        (VIOLATED)
_13520_/X                                 4      5        (VIOLATED)
_13642_/Y                                 4      5        (VIOLATED)
_14587_/X                                 4      5        (VIOLATED)
_14718_/X                                 4      5        (VIOLATED)
_14721_/Y                                 4      5        (VIOLATED)
_15212_/X                                 4      5        (VIOLATED)
_15733_/Y                                 4      5        (VIOLATED)
_15821_/Y                                 4      5        (VIOLATED)
_15897_/Y                                 4      5        (VIOLATED)
_16313_/Y                                 4      5        (VIOLATED)
clkbuf_5_0__f_clk/X                       4      5        (VIOLATED)
clkbuf_5_31__f_clk/X                      4      5        (VIOLATED)
clkbuf_5_6__f_clk/X                       4      5        (VIOLATED)
clkbuf_leaf_101_clk/X                     4      5        (VIOLATED)
clkbuf_leaf_119_clk/X                     4      5        (VIOLATED)
clkbuf_leaf_125_clk/X                     4      5        (VIOLATED)
clkbuf_leaf_127_clk/X                     4      5        (VIOLATED)
clkbuf_leaf_147_clk/X                     4      5        (VIOLATED)
clkbuf_leaf_150_clk/X                     4      5        (VIOLATED)
clkbuf_leaf_153_clk/X                     4      5        (VIOLATED)
clkbuf_leaf_15_clk/X                      4      5        (VIOLATED)
clkbuf_leaf_17_clk/X                      4      5        (VIOLATED)
clkbuf_leaf_195_clk/X                     4      5        (VIOLATED)
clkbuf_leaf_196_clk/X                     4      5        (VIOLATED)
clkbuf_leaf_206_clk/X                     4      5        (VIOLATED)
clkbuf_leaf_207_clk/X                     4      5        (VIOLATED)
clkbuf_leaf_212_clk/X                     4      5        (VIOLATED)
clkbuf_leaf_214_clk/X                     4      5        (VIOLATED)
clkbuf_leaf_219_clk/X                     4      5        (VIOLATED)
clkbuf_leaf_24_clk/X                      4      5        (VIOLATED)
clkbuf_leaf_31_clk/X                      4      5        (VIOLATED)
clkbuf_leaf_40_clk/X                      4      5        (VIOLATED)
clkbuf_leaf_41_clk/X                      4      5        (VIOLATED)
clkbuf_leaf_46_clk/X                      4      5        (VIOLATED)
clkbuf_leaf_55_clk/X                      4      5        (VIOLATED)
clkbuf_leaf_61_clk/X                      4      5        (VIOLATED)
clkbuf_leaf_71_clk/X                      4      5        (VIOLATED)
clkbuf_leaf_79_clk/X                      4      5        (VIOLATED)
clkbuf_leaf_84_clk/X                      4      5        (VIOLATED)
clkbuf_leaf_93_clk/X                      4      5        (VIOLATED)
clkbuf_leaf_96_clk/X                      4      5        (VIOLATED)
clkbuf_leaf_98_clk/X                      4      5        (VIOLATED)



===========================================================================
report_parasitic_annotation -report_unannotated
============================================================================
Found 0 unannotated drivers.
Found 0 partially unannotated drivers.

===========================================================================
max slew violation count 196
max fanout violation count 314
max cap violation count 0
============================================================================

===========================================================================
check_setup -verbose -unconstrained_endpoints -multiple_clock -no_clock -no_input_delay -loops -generated_clocks
===========================================================================
