
===========================================================================
 report_power
============================================================================
======================= Fastest Corner ===================================

Group                  Internal  Switching    Leakage      Total
                          Power      Power      Power      Power (Watts)
----------------------------------------------------------------
Sequential             4.12e-03   3.02e-04   2.39e-08   4.42e-03  37.4%
Combinational          3.96e-03   3.43e-03   1.17e-07   7.39e-03  62.6%
Macro                  0.00e+00   0.00e+00   0.00e+00   0.00e+00   0.0%
Pad                    0.00e+00   0.00e+00   0.00e+00   0.00e+00   0.0%
----------------------------------------------------------------
Total                  8.08e-03   3.73e-03   1.41e-07   1.18e-02 100.0%
                          68.4%      31.6%       0.0%

======================= Slowest Corner ===================================

Group                  Internal  Switching    Leakage      Total
                          Power      Power      Power      Power (Watts)
----------------------------------------------------------------
Sequential             2.77e-03   1.97e-04   2.41e-05   2.99e-03  36.9%
Combinational          2.82e-03   2.24e-03   6.26e-05   5.12e-03  63.1%
Macro                  0.00e+00   0.00e+00   0.00e+00   0.00e+00   0.0%
Pad                    0.00e+00   0.00e+00   0.00e+00   0.00e+00   0.0%
----------------------------------------------------------------
Total                  5.59e-03   2.44e-03   8.67e-05   8.11e-03 100.0%
                          68.9%      30.0%       1.1%

======================= Typical Corner ===================================

Group                  Internal  Switching    Leakage      Total
                          Power      Power      Power      Power (Watts)
----------------------------------------------------------------
Sequential             3.55e-03   2.53e-04   1.38e-08   3.80e-03  37.4%
Combinational          3.48e-03   2.89e-03   7.13e-08   6.37e-03  62.6%
Macro                  0.00e+00   0.00e+00   0.00e+00   0.00e+00   0.0%
Pad                    0.00e+00   0.00e+00   0.00e+00   0.00e+00   0.0%
----------------------------------------------------------------
Total                  7.03e-03   3.14e-03   8.51e-08   1.02e-02 100.0%
                          69.1%      30.9%       0.0%

