Partial/Required:  2.92, Required:    400.0, Partial:  1168.41, Net: net75, Pin: output75/A, Layer: met2
Partial/Required:  2.14, Required:    400.0, Partial:   854.78, Net: _06221_, Pin: _10740_/A1, Layer: met2
Partial/Required:  1.90, Required:    400.0, Partial:    760.9, Net: net71, Pin: output71/A, Layer: met2
Partial/Required:  1.73, Required:    400.0, Partial:   692.25, Net: _05265_, Pin: _10238_/A, Layer: met1
Partial/Required:  1.62, Required:    400.0, Partial:   647.75, Net: net38, Pin: output38/A, Layer: met1
Partial/Required:  1.49, Required:    400.0, Partial:   596.48, Net: net69, Pin: output69/A, Layer: met1
Partial/Required:  1.34, Required:    400.0, Partial:   537.14, Net: _07094_, Pin: _12248_/A1, Layer: met2
Partial/Required:  1.34, Required:    400.0, Partial:   537.14, Net: _07094_, Pin: _12415_/A1, Layer: met2
Partial/Required:  1.26, Required:    400.0, Partial:   505.94, Net: _07806_, Pin: _13321_/A1, Layer: met2
Partial/Required:  1.22, Required:    400.0, Partial:   489.87, Net: net78, Pin: output78/A, Layer: met1
Partial/Required:  1.17, Required:    400.0, Partial:   467.92, Net: net61, Pin: output61/A, Layer: met1
Partial/Required:  1.15, Required:    400.0, Partial:   460.81, Net: _05213_, Pin: _10231_/A, Layer: met2
Partial/Required:  1.14, Required:    400.0, Partial:    455.4, Net: _02328_, Pin: _14417_/A, Layer: met1
Partial/Required:  1.14, Required:    400.0, Partial:   454.99, Net: _04274_, Pin: _09269_/A, Layer: met2
Partial/Required:  1.14, Required:    400.0, Partial:   454.99, Net: _04274_, Pin: _08746_/A, Layer: met2
Partial/Required:  1.14, Required:    400.0, Partial:   454.99, Net: _04274_, Pin: _08770_/A, Layer: met2
Partial/Required:  1.10, Required:    400.0, Partial:   438.16, Net: _05205_, Pin: _10167_/A, Layer: met2
Partial/Required:  1.10, Required:    400.0, Partial:   438.16, Net: _05205_, Pin: _09707_/A, Layer: met2
Partial/Required:  1.03, Required:    400.0, Partial:    411.8, Net: _06791_, Pin: _15642_/A1, Layer: met3
Partial/Required:  1.01, Required:    400.0, Partial:   404.58, Net: _07964_, Pin: _13495_/A, Layer: met3
Partial/Required:  1.01, Required:    400.0, Partial:   404.58, Net: _07964_, Pin: _13481_/A, Layer: met3
