
30. Executing CHECK pass (checking for obvious problems).
Checking module $paramod\register_n\N=s32'00000000000000000000000000000001...
Checking module $paramod$478555db74d47255e0a5d15b1b9dc8a214d2638a\mux_41...
Checking module $paramod$301fb870b2cfc3f89548532f53ffd32e0441395a\mux_21...
Checking module pipelined_processor...
Warning: multiple conflicting drivers for pipelined_processor.$logic_or$/openlane/designs/my_processor/new_src/topModule.v:350$423_Y:
    port Y[0] of cell $logic_or$/openlane/designs/my_processor/new_src/topModule.v:350$423 ($logic_or)
    port Y[0] of cell $logic_or$/openlane/designs/my_processor/new_src/topModule.v:336$420 ($logic_or)
Warning: Wire pipelined_processor.\regfile.registerFile is used but has no driver.
Checking module MEM2WB_Pipline_Reg...
Checking module EX2MEM_Pipline_Reg...
Checking module RR2EX_Pipline_Reg...
Checking module ID2RR_Pipline_Reg...
Checking module IF2ID_Pipline_Reg...
Checking module $paramod$478555db74d47255e0a5d15b1b9dc8a214d2638a\mux_21...
Checking module $paramod$301fb870b2cfc3f89548532f53ffd32e0441395a\mux_41...
Checking module instr_mem...
Checking module data_memory...
Checking module branch_jump_controller...
Checking module register_bank...
Checking module register_n...
Checking module control_decoder...
Checking module alu_ctrl...
Checking module alu...
Found and reported 2 problems.
