OpenROAD 41a51eaf4ca2171c92ff38afb91eb37bbd3f36da 
This program is licensed under the BSD-3 license. See the LICENSE file for details.
Components of this program may be licensed under more restrictive licenses which must be honored.
[INFO]: Reading ODB at '/openlane/designs/my_processor/runs/RUN_2026.05.08_09.09.10/tmp/routing/22-fill.odb'…
define_corners Typical
read_liberty -corner Typical /home/kushagra/.ciel/sky130A/libs.ref/sky130_fd_sc_hd/lib/sky130_fd_sc_hd__tt_025C_1v80.lib
Using 1e-12 for capacitance...
Using 1e+03 for resistance...
Using 1e-09 for time...
Using 1e+00 for voltage...
Using 1e-03 for current...
Using 1e-09 for power...
Using 1e-06 for distance...
Reading design constraints file at '/openlane/designs/my_processor/runs/RUN_2026.05.08_09.09.10/tmp/17-pipelined_processor.sdc'…
[INFO ORD-0030] Using 2 thread(s).
[INFO DRT-0149] Reading tech and libs.

Units:                1000
Number of layers:     13
Number of macros:     441
Number of vias:       25
Number of viarulegen: 25

[INFO DRT-0150] Reading design.

Design:                   pipelined_processor
Die area:                 ( 0 0 ) ( 643540 654260 )
Number of track patterns: 12
Number of DEF vias:       0
Number of components:     47365
Number of terminals:      84
Number of snets:          2
Number of nets:           11504

[INFO DRT-0167] List of default vias:
  Layer mcon
    default via: L1M1_PR
  Layer via
    default via: M1M2_PR
  Layer via2
    default via: M2M3_PR
  Layer via3
    default via: M3M4_PR
  Layer via4
    default via: M4M5_PR
[INFO DRT-0162] Library cell analysis.
[INFO DRT-0163] Instance analysis.
  Complete 10000 instances.
  Complete 20000 instances.
  Complete 30000 instances.
  Complete 40000 instances.
[INFO DRT-0164] Number of unique instances = 216.
[INFO DRT-0168] Init region query.
[INFO DRT-0018]   Complete 10000 insts.
[INFO DRT-0018]   Complete 20000 insts.
[INFO DRT-0018]   Complete 30000 insts.
[INFO DRT-0018]   Complete 40000 insts.
[INFO DRT-0024]   Complete FR_MASTERSLICE.
[INFO DRT-0024]   Complete licon.
[INFO DRT-0024]   Complete li1.
[INFO DRT-0024]   Complete mcon.
[INFO DRT-0024]   Complete met1.
[INFO DRT-0024]   Complete via.
[INFO DRT-0024]   Complete met2.
[INFO DRT-0024]   Complete via2.
[INFO DRT-0024]   Complete met3.
[INFO DRT-0024]   Complete via3.
[INFO DRT-0024]   Complete met4.
[INFO DRT-0024]   Complete via4.
[INFO DRT-0024]   Complete met5.
[INFO DRT-0033] FR_MASTERSLICE shape region query size = 0.
[INFO DRT-0033] licon shape region query size = 0.
[INFO DRT-0033] li1 shape region query size = 533431.
[INFO DRT-0033] mcon shape region query size = 311208.
[INFO DRT-0033] met1 shape region query size = 129006.
[INFO DRT-0033] via shape region query size = 5240.
[INFO DRT-0033] met2 shape region query size = 3186.
[INFO DRT-0033] via2 shape region query size = 4192.
[INFO DRT-0033] met3 shape region query size = 3184.
[INFO DRT-0033] via3 shape region query size = 4192.
[INFO DRT-0033] met4 shape region query size = 1107.
[INFO DRT-0033] via4 shape region query size = 41.
[INFO DRT-0033] met5 shape region query size = 59.
[INFO DRT-0165] Start pin access.
[INFO DRT-0076]   Complete 100 pins.
[INFO DRT-0076]   Complete 200 pins.
[INFO DRT-0076]   Complete 300 pins.
[INFO DRT-0076]   Complete 400 pins.
[INFO DRT-0076]   Complete 500 pins.
[INFO DRT-0076]   Complete 600 pins.
[INFO DRT-0076]   Complete 700 pins.
[INFO DRT-0078]   Complete 796 pins.
[INFO DRT-0079]   Complete 100 unique inst patterns.
[INFO DRT-0081]   Complete 198 unique inst patterns.
[INFO DRT-0082]   Complete 1000 groups.
[INFO DRT-0082]   Complete 2000 groups.
[INFO DRT-0082]   Complete 3000 groups.
[INFO DRT-0082]   Complete 4000 groups.
[INFO DRT-0082]   Complete 5000 groups.
[INFO DRT-0082]   Complete 6000 groups.
[INFO DRT-0082]   Complete 7000 groups.
[INFO DRT-0082]   Complete 8000 groups.
[INFO DRT-0084]   Complete 8195 groups.
#scanned instances     = 47365
#unique  instances     = 216
#stdCellGenAp          = 5891
#stdCellValidPlanarAp  = 68
#stdCellValidViaAp     = 4593
#stdCellPinNoAp        = 0
#stdCellPinCnt         = 35307
#instTermValidViaApCnt = 0
#macroGenAp            = 0
#macroValidPlanarAp    = 0
#macroValidViaAp       = 0
#macroNoAp             = 0
[INFO DRT-0166] Complete pin access.
[INFO DRT-0267] cpu time = 00:02:04, elapsed time = 00:01:02, memory = 294.70 (MB), peak = 303.24 (MB)

Number of guides:     86017

[INFO DRT-0169] Post process guides.
[INFO DRT-0176] GCELLGRID X 0 DO 93 STEP 6900 ;
[INFO DRT-0177] GCELLGRID Y 0 DO 94 STEP 6900 ;
[INFO DRT-0026]   Complete 10000 origin guides.
[INFO DRT-0026]   Complete 20000 origin guides.
[INFO DRT-0026]   Complete 30000 origin guides.
[INFO DRT-0026]   Complete 40000 origin guides.
[INFO DRT-0026]   Complete 50000 origin guides.
[INFO DRT-0026]   Complete 60000 origin guides.
[INFO DRT-0026]   Complete 70000 origin guides.
[INFO DRT-0026]   Complete 80000 origin guides.
[INFO DRT-0028]   Complete FR_MASTERSLICE.
[INFO DRT-0028]   Complete licon.
[INFO DRT-0028]   Complete li1.
[INFO DRT-0028]   Complete mcon.
[INFO DRT-0028]   Complete met1.
[INFO DRT-0028]   Complete via.
[INFO DRT-0028]   Complete met2.
[INFO DRT-0028]   Complete via2.
[INFO DRT-0028]   Complete met3.
[INFO DRT-0028]   Complete via3.
[INFO DRT-0028]   Complete met4.
[INFO DRT-0028]   Complete via4.
[INFO DRT-0028]   Complete met5.
  complete 10000 nets.
[INFO DRT-0178] Init guide query.
[INFO DRT-0029]   Complete 10000 nets (guide).
[INFO DRT-0035]   Complete FR_MASTERSLICE (guide).
[INFO DRT-0035]   Complete licon (guide).
[INFO DRT-0035]   Complete li1 (guide).
[INFO DRT-0035]   Complete mcon (guide).
[INFO DRT-0035]   Complete met1 (guide).
[INFO DRT-0035]   Complete via (guide).
[INFO DRT-0035]   Complete met2 (guide).
[INFO DRT-0035]   Complete via2 (guide).
[INFO DRT-0035]   Complete met3 (guide).
[INFO DRT-0035]   Complete via3 (guide).
[INFO DRT-0035]   Complete met4 (guide).
[INFO DRT-0035]   Complete via4 (guide).
[INFO DRT-0035]   Complete met5 (guide).
[INFO DRT-0036] FR_MASTERSLICE guide region query size = 0.
[INFO DRT-0036] licon guide region query size = 0.
[INFO DRT-0036] li1 guide region query size = 29812.
[INFO DRT-0036] mcon guide region query size = 0.
[INFO DRT-0036] met1 guide region query size = 23536.
[INFO DRT-0036] via guide region query size = 0.
[INFO DRT-0036] met2 guide region query size = 12634.
[INFO DRT-0036] via2 guide region query size = 0.
[INFO DRT-0036] met3 guide region query size = 1580.
[INFO DRT-0036] via3 guide region query size = 0.
[INFO DRT-0036] met4 guide region query size = 689.
[INFO DRT-0036] via4 guide region query size = 0.
[INFO DRT-0036] met5 guide region query size = 9.
[INFO DRT-0179] Init gr pin query.
[INFO DRT-0245] skipped writing guide updates to database.
[INFO DRT-0185] Post process initialize RPin region query.
[INFO DRT-0181] Start track assignment.
[INFO DRT-0184] Done with 43135 vertical wires in 2 frboxes and 25125 horizontal wires in 2 frboxes.
[INFO DRT-0186] Done with 4305 vertical wires in 2 frboxes and 7890 horizontal wires in 2 frboxes.
[INFO DRT-0182] Complete track assignment.
[INFO DRT-0267] cpu time = 00:00:08, elapsed time = 00:00:04, memory = 417.70 (MB), peak = 479.95 (MB)
[INFO DRT-0187] Start routing data preparation.
[INFO DRT-0267] cpu time = 00:00:00, elapsed time = 00:00:00, memory = 417.70 (MB), peak = 479.95 (MB)
[INFO DRT-0194] Start detail routing.
[INFO DRT-0195] Start 0th optimization iteration.
    Completing 10% with 0 violations.
    elapsed time = 00:00:05, memory = 688.07 (MB).
    Completing 20% with 0 violations.
    elapsed time = 00:00:26, memory = 1151.07 (MB).
    Completing 30% with 1285 violations.
    elapsed time = 00:00:31, memory = 1273.32 (MB).
    Completing 40% with 1285 violations.
    elapsed time = 00:00:52, memory = 1273.70 (MB).
    Completing 50% with 1285 violations.
    elapsed time = 00:01:03, memory = 1362.70 (MB).
    Completing 60% with 2759 violations.
    elapsed time = 00:01:16, memory = 1193.11 (MB).
    Completing 70% with 2759 violations.
    elapsed time = 00:01:37, memory = 1264.23 (MB).
    Completing 80% with 4011 violations.
    elapsed time = 00:01:43, memory = 1017.48 (MB).
    Completing 90% with 4011 violations.
    elapsed time = 00:02:10, memory = 1225.10 (MB).
    Completing 100% with 5373 violations.
    elapsed time = 00:02:17, memory = 1320.23 (MB).
[INFO DRT-0199]   Number of violations = 6841.
Viol/Layer         li1   mcon   met1    via   met2   met3   met4
Cut Spacing          0      2      0      0      0      0      0
Metal Spacing       71      0    912      0    164     14      3
Min Hole             0      0      5      0      0      0      0
NS Metal             4      0      0      0      0      0      0
Recheck              2      0    894      0    454     68     50
Short                0      1   3634      1    538     24      0
[INFO DRT-0267] cpu time = 00:04:30, elapsed time = 00:02:18, memory = 1320.23 (MB), peak = 1366.20 (MB)
Total wire length = 502009 um.
Total wire length on LAYER li1 = 0 um.
Total wire length on LAYER met1 = 207164 um.
Total wire length on LAYER met2 = 205775 um.
Total wire length on LAYER met3 = 51944 um.
Total wire length on LAYER met4 = 36379 um.
Total wire length on LAYER met5 = 746 um.
Total number of vias = 78209.
Up-via summary (total 78209):.

------------------------
 FR_MASTERSLICE        0
            li1    35540
           met1    39394
           met2     2154
           met3     1109
           met4       12
------------------------
                   78209


[INFO DRT-0195] Start 1st optimization iteration.
    Completing 10% with 6841 violations.
    elapsed time = 00:00:03, memory = 1190.44 (MB).
    Completing 20% with 6841 violations.
    elapsed time = 00:00:28, memory = 1303.19 (MB).
    Completing 30% with 6047 violations.
    elapsed time = 00:00:33, memory = 1134.10 (MB).
    Completing 40% with 6047 violations.
    elapsed time = 00:00:52, memory = 1134.10 (MB).
    Completing 50% with 6047 violations.
    elapsed time = 00:01:04, memory = 1309.85 (MB).
    Completing 60% with 5177 violations.
    elapsed time = 00:01:15, memory = 1260.62 (MB).
    Completing 70% with 5177 violations.
    elapsed time = 00:01:38, memory = 1260.62 (MB).
    Completing 80% with 4261 violations.
    elapsed time = 00:01:43, memory = 947.80 (MB).
    Completing 90% with 4261 violations.
    elapsed time = 00:02:03, memory = 1208.18 (MB).
    Completing 100% with 3488 violations.
    elapsed time = 00:02:12, memory = 1325.30 (MB).
[INFO DRT-0199]   Number of violations = 3949.
Viol/Layer        mcon   met1    via   met2   met3   met4
Cut Spacing          1      0      0      0      0      0
Metal Spacing        0    572      0     89      5      0
Recheck              0    383      0      0     78      0
Short                0   2587      1    228      3      2
[INFO DRT-0267] cpu time = 00:04:21, elapsed time = 00:02:13, memory = 1325.30 (MB), peak = 1375.05 (MB)
Total wire length = 499407 um.
Total wire length on LAYER li1 = 0 um.
Total wire length on LAYER met1 = 206417 um.
Total wire length on LAYER met2 = 204361 um.
Total wire length on LAYER met3 = 52000 um.
Total wire length on LAYER met4 = 35876 um.
Total wire length on LAYER met5 = 750 um.
Total number of vias = 77748.
Up-via summary (total 77748):.

------------------------
 FR_MASTERSLICE        0
            li1    35526
           met1    38913
           met2     2232
           met3     1065
           met4       12
------------------------
                   77748


[INFO DRT-0195] Start 2nd optimization iteration.
    Completing 10% with 3949 violations.
    elapsed time = 00:00:02, memory = 952.35 (MB).
    Completing 20% with 3949 violations.
    elapsed time = 00:00:21, memory = 1121.98 (MB).
    Completing 30% with 3759 violations.
    elapsed time = 00:00:30, memory = 887.92 (MB).
    Completing 40% with 3759 violations.
    elapsed time = 00:00:43, memory = 1095.67 (MB).
    Completing 50% with 3759 violations.
    elapsed time = 00:01:02, memory = 1316.26 (MB).
    Completing 60% with 3333 violations.
    elapsed time = 00:01:11, memory = 1022.30 (MB).
    Completing 70% with 3333 violations.
    elapsed time = 00:01:30, memory = 1230.78 (MB).
    Completing 80% with 3278 violations.
    elapsed time = 00:01:35, memory = 887.91 (MB).
    Completing 90% with 3278 violations.
    elapsed time = 00:01:49, memory = 1094.16 (MB).
    Completing 100% with 3185 violations.
    elapsed time = 00:02:04, memory = 889.15 (MB).
[INFO DRT-0199]   Number of violations = 3487.
Viol/Layer        mcon   met1   met2   met3   met4
Cut Spacing          1      0      0      0      0
Metal Spacing        0    472     76      3      0
Recheck              0      0      0      0    302
Short                0   2385    247      0      1
[INFO DRT-0267] cpu time = 00:04:06, elapsed time = 00:02:05, memory = 918.90 (MB), peak = 1375.05 (MB)
Total wire length = 498355 um.
Total wire length on LAYER li1 = 0 um.
Total wire length on LAYER met1 = 205893 um.
Total wire length on LAYER met2 = 204119 um.
Total wire length on LAYER met3 = 51750 um.
Total wire length on LAYER met4 = 35830 um.
Total wire length on LAYER met5 = 760 um.
Total number of vias = 77365.
Up-via summary (total 77365):.

------------------------
 FR_MASTERSLICE        0
            li1    35526
           met1    38616
           met2     2183
           met3     1028
           met4       12
------------------------
                   77365


[INFO DRT-0195] Start 3rd optimization iteration.
    Completing 10% with 3487 violations.
    elapsed time = 00:00:02, memory = 988.52 (MB).
    Completing 20% with 3487 violations.
    elapsed time = 00:00:23, memory = 1196.90 (MB).
    Completing 30% with 2808 violations.
    elapsed time = 00:00:26, memory = 889.10 (MB).
    Completing 40% with 2808 violations.
    elapsed time = 00:00:41, memory = 1138.35 (MB).
    Completing 50% with 2808 violations.
    elapsed time = 00:00:55, memory = 1303.14 (MB).
    Completing 60% with 2160 violations.
    elapsed time = 00:01:02, memory = 997.08 (MB).
    Completing 70% with 2160 violations.
    elapsed time = 00:01:17, memory = 1132.96 (MB).
    Completing 80% with 1444 violations.
    elapsed time = 00:01:23, memory = 936.57 (MB).
    Completing 90% with 1444 violations.
    elapsed time = 00:01:42, memory = 1190.07 (MB).
    Completing 100% with 477 violations.
    elapsed time = 00:01:47, memory = 890.36 (MB).
[INFO DRT-0199]   Number of violations = 477.
Viol/Layer        met1   met2   met3
Metal Spacing      146     41      7
Min Hole             0      1      0
Short              238     41      3
[INFO DRT-0267] cpu time = 00:03:25, elapsed time = 00:01:48, memory = 899.73 (MB), peak = 1375.05 (MB)
Total wire length = 498306 um.
Total wire length on LAYER li1 = 0 um.
Total wire length on LAYER met1 = 197424 um.
Total wire length on LAYER met2 = 204122 um.
Total wire length on LAYER met3 = 59699 um.
Total wire length on LAYER met4 = 36313 um.
Total wire length on LAYER met5 = 747 um.
Total number of vias = 79296.
Up-via summary (total 79296):.

------------------------
 FR_MASTERSLICE        0
            li1    35526
           met1    39555
           met2     3132
           met3     1071
           met4       12
------------------------
                   79296


[INFO DRT-0195] Start 4th optimization iteration.
    Completing 10% with 477 violations.
    elapsed time = 00:00:00, memory = 936.11 (MB).
    Completing 20% with 477 violations.
    elapsed time = 00:00:02, memory = 1050.23 (MB).
    Completing 30% with 395 violations.
    elapsed time = 00:00:03, memory = 890.45 (MB).
    Completing 40% with 395 violations.
    elapsed time = 00:00:05, memory = 974.95 (MB).
    Completing 50% with 395 violations.
    elapsed time = 00:00:06, memory = 1016.82 (MB).
    Completing 60% with 254 violations.
    elapsed time = 00:00:07, memory = 932.59 (MB).
    Completing 70% with 254 violations.
    elapsed time = 00:00:11, memory = 972.34 (MB).
    Completing 80% with 159 violations.
    elapsed time = 00:00:16, memory = 890.40 (MB).
    Completing 90% with 159 violations.
    elapsed time = 00:00:18, memory = 1047.90 (MB).
    Completing 100% with 23 violations.
    elapsed time = 00:00:21, memory = 890.45 (MB).
[INFO DRT-0199]   Number of violations = 23.
Viol/Layer        met1   met2
Metal Spacing        8      2
Short               10      3
[INFO DRT-0267] cpu time = 00:00:35, elapsed time = 00:00:21, memory = 890.95 (MB), peak = 1375.05 (MB)
Total wire length = 498251 um.
Total wire length on LAYER li1 = 0 um.
Total wire length on LAYER met1 = 197100 um.
Total wire length on LAYER met2 = 204148 um.
Total wire length on LAYER met3 = 59938 um.
Total wire length on LAYER met4 = 36317 um.
Total wire length on LAYER met5 = 747 um.
Total number of vias = 79310.
Up-via summary (total 79310):.

------------------------
 FR_MASTERSLICE        0
            li1    35526
           met1    39545
           met2     3158
           met3     1069
           met4       12
------------------------
                   79310


[INFO DRT-0195] Start 5th optimization iteration.
    Completing 10% with 23 violations.
    elapsed time = 00:00:00, memory = 890.95 (MB).
    Completing 20% with 23 violations.
    elapsed time = 00:00:00, memory = 890.95 (MB).
    Completing 30% with 23 violations.
    elapsed time = 00:00:00, memory = 890.95 (MB).
    Completing 40% with 23 violations.
    elapsed time = 00:00:00, memory = 890.95 (MB).
    Completing 50% with 23 violations.
    elapsed time = 00:00:00, memory = 890.95 (MB).
    Completing 60% with 23 violations.
    elapsed time = 00:00:00, memory = 890.95 (MB).
    Completing 70% with 23 violations.
    elapsed time = 00:00:00, memory = 890.95 (MB).
    Completing 80% with 2 violations.
    elapsed time = 00:00:01, memory = 891.43 (MB).
    Completing 90% with 2 violations.
    elapsed time = 00:00:01, memory = 891.43 (MB).
    Completing 100% with 0 violations.
    elapsed time = 00:00:02, memory = 934.43 (MB).
[INFO DRT-0199]   Number of violations = 0.
[INFO DRT-0267] cpu time = 00:00:02, elapsed time = 00:00:02, memory = 934.43 (MB), peak = 1375.05 (MB)
Total wire length = 498231 um.
Total wire length on LAYER li1 = 0 um.
Total wire length on LAYER met1 = 197090 um.
Total wire length on LAYER met2 = 204140 um.
Total wire length on LAYER met3 = 59936 um.
Total wire length on LAYER met4 = 36317 um.
Total wire length on LAYER met5 = 747 um.
Total number of vias = 79305.
Up-via summary (total 79305):.

------------------------
 FR_MASTERSLICE        0
            li1    35526
           met1    39540
           met2     3158
           met3     1069
           met4       12
------------------------
                   79305


[INFO DRT-0198] Complete detail routing.
Total wire length = 498231 um.
Total wire length on LAYER li1 = 0 um.
Total wire length on LAYER met1 = 197090 um.
Total wire length on LAYER met2 = 204140 um.
Total wire length on LAYER met3 = 59936 um.
Total wire length on LAYER met4 = 36317 um.
Total wire length on LAYER met5 = 747 um.
Total number of vias = 79305.
Up-via summary (total 79305):.

------------------------
 FR_MASTERSLICE        0
            li1    35526
           met1    39540
           met2     3158
           met3     1069
           met4       12
------------------------
                   79305


[INFO DRT-0267] cpu time = 00:17:01, elapsed time = 00:08:49, memory = 934.43 (MB), peak = 1375.05 (MB)

[INFO DRT-0180] Post processing.
Setting global connections for newly added cells…
Writing OpenROAD database to '/openlane/designs/my_processor/runs/RUN_2026.05.08_09.09.10/results/routing/pipelined_processor.odb'…
Writing netlist to '/openlane/designs/my_processor/runs/RUN_2026.05.08_09.09.10/results/routing/pipelined_processor.nl.v'…
Writing powered netlist to '/openlane/designs/my_processor/runs/RUN_2026.05.08_09.09.10/results/routing/pipelined_processor.pnl.v'…
Writing layout to '/openlane/designs/my_processor/runs/RUN_2026.05.08_09.09.10/results/routing/pipelined_processor.def'…
