
===========================================================================
 report_power
============================================================================
======================= Fastest Corner ===================================

Group                  Internal  Switching    Leakage      Total
                          Power      Power      Power      Power (Watts)
----------------------------------------------------------------
Sequential             2.63e-03   1.49e-04   3.18e-08   2.78e-03  40.2%
Combinational          2.09e-03   2.05e-03   1.36e-07   4.14e-03  59.8%
Macro                  0.00e+00   0.00e+00   0.00e+00   0.00e+00   0.0%
Pad                    0.00e+00   0.00e+00   0.00e+00   0.00e+00   0.0%
----------------------------------------------------------------
Total                  4.72e-03   2.20e-03   1.68e-07   6.92e-03 100.0%
                          68.2%      31.8%       0.0%

======================= Slowest Corner ===================================

Group                  Internal  Switching    Leakage      Total
                          Power      Power      Power      Power (Watts)
----------------------------------------------------------------
Sequential             1.76e-03   9.78e-05   3.17e-05   1.89e-03  39.4%
Combinational          1.50e-03   1.34e-03   6.36e-05   2.90e-03  60.6%
Macro                  0.00e+00   0.00e+00   0.00e+00   0.00e+00   0.0%
Pad                    0.00e+00   0.00e+00   0.00e+00   0.00e+00   0.0%
----------------------------------------------------------------
Total                  3.26e-03   1.44e-03   9.53e-05   4.80e-03 100.0%
                          68.0%      30.0%       2.0%

======================= Typical Corner ===================================

Group                  Internal  Switching    Leakage      Total
                          Power      Power      Power      Power (Watts)
----------------------------------------------------------------
Sequential             2.27e-03   1.25e-04   1.82e-08   2.39e-03  40.1%
Combinational          1.85e-03   1.73e-03   6.54e-08   3.58e-03  59.9%
Macro                  0.00e+00   0.00e+00   0.00e+00   0.00e+00   0.0%
Pad                    0.00e+00   0.00e+00   0.00e+00   0.00e+00   0.0%
----------------------------------------------------------------
Total                  4.11e-03   1.85e-03   8.36e-08   5.97e-03 100.0%
                          68.9%      31.1%       0.0%

