
===========================================================================
 report_power
============================================================================
======================= Fastest Corner ===================================

Group                  Internal  Switching    Leakage      Total
                          Power      Power      Power      Power (Watts)
----------------------------------------------------------------
Sequential             2.37e-03   2.59e-04   2.68e-08   2.63e-03  32.1%
Combinational          2.60e-03   2.98e-03   1.15e-07   5.57e-03  67.9%
Macro                  0.00e+00   0.00e+00   0.00e+00   0.00e+00   0.0%
Pad                    0.00e+00   0.00e+00   0.00e+00   0.00e+00   0.0%
----------------------------------------------------------------
Total                  4.97e-03   3.24e-03   1.41e-07   8.20e-03 100.0%
                          60.6%      39.4%       0.0%

======================= Slowest Corner ===================================

Group                  Internal  Switching    Leakage      Total
                          Power      Power      Power      Power (Watts)
----------------------------------------------------------------
Sequential             1.60e-03   1.69e-04   2.67e-05   1.79e-03  31.7%
Combinational          1.85e-03   1.95e-03   5.78e-05   3.86e-03  68.3%
Macro                  0.00e+00   0.00e+00   0.00e+00   0.00e+00   0.0%
Pad                    0.00e+00   0.00e+00   0.00e+00   0.00e+00   0.0%
----------------------------------------------------------------
Total                  3.44e-03   2.12e-03   8.45e-05   5.65e-03 100.0%
                          60.9%      37.6%       1.5%

======================= Typical Corner ===================================

Group                  Internal  Switching    Leakage      Total
                          Power      Power      Power      Power (Watts)
----------------------------------------------------------------
Sequential             2.05e-03   2.17e-04   1.54e-08   2.26e-03  32.1%
Combinational          2.29e-03   2.51e-03   5.88e-08   4.80e-03  67.9%
Macro                  0.00e+00   0.00e+00   0.00e+00   0.00e+00   0.0%
Pad                    0.00e+00   0.00e+00   0.00e+00   0.00e+00   0.0%
----------------------------------------------------------------
Total                  4.33e-03   2.73e-03   7.42e-08   7.06e-03 100.0%
                          61.4%      38.6%       0.0%

