Fri May 08 08:28:38 UTC 2026 - Executing "openroad -exit -no_init -python /openlane/scripts/odbpy/lefutil.py get_metal_layers -o /openlane/designs/my_processor/runs/RUN_2026.05.08_08.28.37/tmp/layers.list /home/kushagra/.ciel/sky130A/libs.ref/sky130_fd_sc_hd/techlef/sky130_fd_sc_hd__nom.tlef"

Fri May 08 08:28:38 UTC 2026 - Executing "/openlane/scripts/mergeLef.py -o /openlane/designs/my_processor/runs/RUN_2026.05.08_08.28.37/tmp/merged.nom.lef -i /home/kushagra/.ciel/sky130A/libs.ref/sky130_fd_sc_hd/techlef/sky130_fd_sc_hd__nom.tlef {/home/kushagra/.ciel/sky130A/libs.ref/sky130_fd_sc_hd/lef/sky130_fd_sc_hd.lef /home/kushagra/.ciel/sky130A/libs.ref/sky130_fd_sc_hd/lef/sky130_ef_sc_hd.lef} |& tee /dev/null"

Fri May 08 08:28:38 UTC 2026 - Executing "/openlane/scripts/mergeLef.py -o /openlane/designs/my_processor/runs/RUN_2026.05.08_08.28.37/tmp/merged.min.lef -i /home/kushagra/.ciel/sky130A/libs.ref/sky130_fd_sc_hd/techlef/sky130_fd_sc_hd__min.tlef {/home/kushagra/.ciel/sky130A/libs.ref/sky130_fd_sc_hd/lef/sky130_fd_sc_hd.lef /home/kushagra/.ciel/sky130A/libs.ref/sky130_fd_sc_hd/lef/sky130_ef_sc_hd.lef} |& tee /dev/null"

Fri May 08 08:28:38 UTC 2026 - Executing "/openlane/scripts/mergeLef.py -o /openlane/designs/my_processor/runs/RUN_2026.05.08_08.28.37/tmp/merged.max.lef -i /home/kushagra/.ciel/sky130A/libs.ref/sky130_fd_sc_hd/techlef/sky130_fd_sc_hd__max.tlef {/home/kushagra/.ciel/sky130A/libs.ref/sky130_fd_sc_hd/lef/sky130_fd_sc_hd.lef /home/kushagra/.ciel/sky130A/libs.ref/sky130_fd_sc_hd/lef/sky130_ef_sc_hd.lef} |& tee /dev/null"

Fri May 08 08:28:38 UTC 2026 - Executing "python3 /openlane/scripts/mergeLib.py --output /openlane/designs/my_processor/runs/RUN_2026.05.08_08.28.37/tmp/synthesis/merged.lib --name sky130A_merged /home/kushagra/.ciel/sky130A/libs.ref/sky130_fd_sc_hd/lib/sky130_fd_sc_hd__tt_025C_1v80.lib"

Fri May 08 08:28:39 UTC 2026 - Executing "python3 /openlane/scripts/libtrim.py --cell-file /openlane/designs/my_processor/runs/RUN_2026.05.08_08.28.37/tmp/synthesis/trimmed.lib.exclude.list --output /openlane/designs/my_processor/runs/RUN_2026.05.08_08.28.37/tmp/synthesis/trimmed.lib /openlane/designs/my_processor/runs/RUN_2026.05.08_08.28.37/tmp/synthesis/merged.lib"

Fri May 08 08:28:39 UTC 2026 - Executing "python3 /openlane/scripts/libtrim.py --cell-file /openlane/designs/my_processor/runs/RUN_2026.05.08_08.28.37/tmp/cts/cts.lib.exclude.list --output /openlane/designs/my_processor/runs/RUN_2026.05.08_08.28.37/tmp/cts/cts.lib /home/kushagra/.ciel/sky130A/libs.ref/sky130_fd_sc_hd/lib/sky130_fd_sc_hd__tt_025C_1v80.lib"

Fri May 08 08:28:39 UTC 2026 - Executing "python3 /openlane/scripts/libtrim.py --cell-file /openlane/designs/my_processor/runs/RUN_2026.05.08_08.28.37/tmp/cts/cts-fastest.lib.exclude.list --output /openlane/designs/my_processor/runs/RUN_2026.05.08_08.28.37/tmp/cts/cts-fastest.lib /home/kushagra/.ciel/sky130A/libs.ref/sky130_fd_sc_hd/lib/sky130_fd_sc_hd__ff_n40C_1v95.lib"

Fri May 08 08:28:40 UTC 2026 - Executing "python3 /openlane/scripts/libtrim.py --cell-file /openlane/designs/my_processor/runs/RUN_2026.05.08_08.28.37/tmp/cts/cts-slowest.lib.exclude.list --output /openlane/designs/my_processor/runs/RUN_2026.05.08_08.28.37/tmp/cts/cts-slowest.lib /home/kushagra/.ciel/sky130A/libs.ref/sky130_fd_sc_hd/lib/sky130_fd_sc_hd__ss_100C_1v60.lib"

Fri May 08 08:28:40 UTC 2026 - Executing "python3 /openlane/scripts/new_tracks.py -i /home/kushagra/.ciel/sky130A/libs.tech/openlane/sky130_fd_sc_hd/tracks.info -o /openlane/designs/my_processor/runs/RUN_2026.05.08_08.28.37/tmp/routing/config.tracks"

Fri May 08 08:28:40 UTC 2026 - Executing "echo {OpenLane ff5509f65b17bfa4068d5336495ab1718987ff69} > /openlane/designs/my_processor/runs/RUN_2026.05.08_08.28.37/OPENLANE_COMMIT"

Fri May 08 08:28:40 UTC 2026 - Executing "bash -c {verilator  --lint-only  -Wall  --Wno-DECLFILENAME  --top-module pipelined_processor  /openlane/designs/my_processor/new_src/ALU.v /openlane/designs/my_processor/new_src/aluCtrl.v /openlane/designs/my_processor/new_src/ctrlUnit.v /openlane/designs/my_processor/new_src/registerBank.v /openlane/designs/my_processor/new_src/branchJumpCtrl.v /openlane/designs/my_processor/new_src/dataMem.v /openlane/designs/my_processor/new_src/InstrMem.v /openlane/designs/my_processor/new_src/mux.v /openlane/designs/my_processor/new_src/Stage12_IF2ID.v /openlane/designs/my_processor/new_src/Stage23_ID2RR.v /openlane/designs/my_processor/new_src/Stage34_RR2EX.v /openlane/designs/my_processor/new_src/Stage45_EX2MM.v /openlane/designs/my_processor/new_src/Stage56_MM2WB.v /openlane/designs/my_processor/new_src/topModule.v -Wno-fatal --relative-includes |& tee /openlane/designs/my_processor/runs/RUN_2026.05.08_08.28.37/logs/synthesis/linter.log /dev/null}"

Fri May 08 08:28:40 UTC 2026 - Executing "sed -E {s/^([[:space:]]+)pg_pin(.*)/\1pin\2\n\1    direction : "inout";/g} /home/kushagra/.ciel/sky130A/libs.ref/sky130_fd_sc_hd/lib/sky130_fd_sc_hd__tt_025C_1v80.lib > /openlane/designs/my_processor/runs/RUN_2026.05.08_08.28.37/tmp/synthesis/1-sky130_fd_sc_hd__tt_025C_1v80.no_pg.lib"

Fri May 08 08:28:40 UTC 2026 - Executing "sed -E {s/^([[:space:]]+)pg_pin(.*)/\1pin\2\n\1    direction : "inout";/g} /openlane/designs/my_processor/runs/RUN_2026.05.08_08.28.37/tmp/synthesis/trimmed.lib > /openlane/designs/my_processor/runs/RUN_2026.05.08_08.28.37/tmp/synthesis/1-trimmed.no_pg.lib"

Fri May 08 08:28:41 UTC 2026 - Executing "yosys -c /openlane/scripts/yosys/synth.tcl |& tee /dev/null /openlane/designs/my_processor/runs/RUN_2026.05.08_08.28.37/logs/synthesis/1-synthesis.log"

Fri May 08 08:28:59 UTC 2026 - Executing "sed -i.bak -e {s/\(set ::env(CURRENT_NETLIST)\).*/\1 \/openlane\/designs\/my_processor\/runs\/RUN_2026.05.08_08.28.37\/results\/synthesis\/pipelined_processor.v/} /openlane/designs/my_processor/runs/RUN_2026.05.08_08.28.37/config.tcl"

Fri May 08 08:28:59 UTC 2026 - Executing "sed -i.bak /defparam/d /openlane/designs/my_processor/runs/RUN_2026.05.08_08.28.37/results/synthesis/pipelined_processor.v"

Fri May 08 08:29:00 UTC 2026 - Executing "sta -exit -no_init /openlane/scripts/openroad/sta/multi_corner.tcl |& tee /dev/null /openlane/designs/my_processor/runs/RUN_2026.05.08_08.28.37/logs/synthesis/2-sta.log"

Fri May 08 08:29:01 UTC 2026 - Executing "openroad -exit /openlane/scripts/openroad/floorplan.tcl |& tee /dev/null /openlane/designs/my_processor/runs/RUN_2026.05.08_08.28.37/logs/floorplan/3-initial_fp.log"

Fri May 08 08:29:02 UTC 2026 - Executing "openroad -exit -no_init -python /openlane/scripts/odbpy/defutil.py extract_core_dims --output-data /openlane/designs/my_processor/runs/RUN_2026.05.08_08.28.37/tmp/dimensions.txt --input-lef /openlane/designs/my_processor/runs/RUN_2026.05.08_08.28.37/tmp/merged.nom.lef /openlane/designs/my_processor/runs/RUN_2026.05.08_08.28.37/tmp/floorplan/3-initial_fp.def"

Fri May 08 08:29:03 UTC 2026 - Executing "openroad -exit /openlane/scripts/openroad/ioplacer.tcl |& tee /dev/null /openlane/designs/my_processor/runs/RUN_2026.05.08_08.28.37/logs/floorplan/4-io.log"

Fri May 08 08:29:03 UTC 2026 - Executing "openroad -exit /openlane/scripts/openroad/tapcell.tcl |& tee /dev/null /openlane/designs/my_processor/runs/RUN_2026.05.08_08.28.37/logs/floorplan/5-tap.log"

Fri May 08 08:29:04 UTC 2026 - Executing "openroad -exit /openlane/scripts/openroad/pdn.tcl |& tee /dev/null /openlane/designs/my_processor/runs/RUN_2026.05.08_08.28.37/logs/floorplan/6-pdn.log"

Fri May 08 08:29:05 UTC 2026 - Executing "openroad -exit /openlane/scripts/openroad/gpl.tcl |& tee /dev/null /openlane/designs/my_processor/runs/RUN_2026.05.08_08.28.37/logs/placement/7-global.log"

Fri May 08 08:29:22 UTC 2026 - Executing "sed -i.bak -e {s/\(set ::env(CURRENT_NETLIST)\).*/\1 \/openlane\/designs\/my_processor\/runs\/RUN_2026.05.08_08.28.37\/tmp\/placement\/7-global.nl.v/} /openlane/designs/my_processor/runs/RUN_2026.05.08_08.28.37/config.tcl"

Fri May 08 08:29:22 UTC 2026 - Executing "openroad -exit /openlane/scripts/openroad/sta/multi_corner.tcl |& tee /dev/null /openlane/designs/my_processor/runs/RUN_2026.05.08_08.28.37/logs/placement/8-gpl_sta.log"

Fri May 08 08:29:25 UTC 2026 - Executing "openroad -exit /openlane/scripts/openroad/resizer.tcl |& tee /dev/null /openlane/designs/my_processor/runs/RUN_2026.05.08_08.28.37/logs/placement/9-resizer.log"

Fri May 08 08:29:30 UTC 2026 - Executing "sed -i.bak -e {s/\(set ::env(CURRENT_NETLIST)\).*/\1 \/openlane\/designs\/my_processor\/runs\/RUN_2026.05.08_08.28.37\/tmp\/placement\/9-resizer.nl.v/} /openlane/designs/my_processor/runs/RUN_2026.05.08_08.28.37/config.tcl"

Fri May 08 08:29:30 UTC 2026 - Executing "openroad -exit /openlane/scripts/openroad/dpl.tcl |& tee /dev/null /openlane/designs/my_processor/runs/RUN_2026.05.08_08.28.37/logs/placement/10-detailed.log"

Fri May 08 08:29:31 UTC 2026 - Executing "sed -i.bak -e {s/\(set ::env(CURRENT_NETLIST)\).*/\1 \/openlane\/designs\/my_processor\/runs\/RUN_2026.05.08_08.28.37\/results\/placement\/pipelined_processor.nl.v/} /openlane/designs/my_processor/runs/RUN_2026.05.08_08.28.37/config.tcl"

Fri May 08 08:29:31 UTC 2026 - Executing "openroad -exit /openlane/scripts/openroad/sta/multi_corner.tcl |& tee /dev/null /openlane/designs/my_processor/runs/RUN_2026.05.08_08.28.37/logs/placement/11-dpl_sta.log"

Fri May 08 08:29:33 UTC 2026 - Executing "openroad -exit /openlane/scripts/openroad/cts.tcl |& tee /dev/null /openlane/designs/my_processor/runs/RUN_2026.05.08_08.28.37/logs/cts/12-cts.log"

Fri May 08 08:30:07 UTC 2026 - Executing "openroad -exit /openlane/scripts/openroad/sta/multi_corner.tcl |& tee /dev/null /openlane/designs/my_processor/runs/RUN_2026.05.08_08.28.37/logs/cts/13-cts_sta.log"

Fri May 08 08:30:11 UTC 2026 - Executing "openroad -exit /openlane/scripts/openroad/resizer_timing.tcl |& tee /dev/null /openlane/designs/my_processor/runs/RUN_2026.05.08_08.28.37/logs/cts/14-resizer.log"

Fri May 08 08:30:38 UTC 2026 - Executing "sed -i.bak -e {s/\(set ::env(CURRENT_NETLIST)\).*/\1 \/openlane\/designs\/my_processor\/runs\/RUN_2026.05.08_08.28.37\/tmp\/cts\/14-pipelined_processor.resized.nl.v/} /openlane/designs/my_processor/runs/RUN_2026.05.08_08.28.37/config.tcl"

Fri May 08 08:30:39 UTC 2026 - Executing "openroad -exit /openlane/scripts/openroad/resizer_routing_design.tcl |& tee /dev/null /openlane/designs/my_processor/runs/RUN_2026.05.08_08.28.37/logs/routing/15-resizer_design.log"

Fri May 08 08:30:49 UTC 2026 - Executing "sed -i.bak -e {s/\(set ::env(CURRENT_NETLIST)\).*/\1 \/openlane\/designs\/my_processor\/runs\/RUN_2026.05.08_08.28.37\/tmp\/15-pipelined_processor.nl.v/} /openlane/designs/my_processor/runs/RUN_2026.05.08_08.28.37/config.tcl"

Fri May 08 08:30:49 UTC 2026 - Executing "openroad -exit /openlane/scripts/openroad/sta/multi_corner.tcl |& tee /dev/null /openlane/designs/my_processor/runs/RUN_2026.05.08_08.28.37/logs/routing/16-rsz_design_sta.log"

Fri May 08 08:30:53 UTC 2026 - Executing "openroad -exit /openlane/scripts/openroad/resizer_routing_timing.tcl |& tee /dev/null /openlane/designs/my_processor/runs/RUN_2026.05.08_08.28.37/logs/routing/17-resizer_timing.log"

Fri May 08 08:31:26 UTC 2026 - Executing "sed -i.bak -e {s/\(set ::env(CURRENT_NETLIST)\).*/\1 \/openlane\/designs\/my_processor\/runs\/RUN_2026.05.08_08.28.37\/tmp\/17-pipelined_processor.nl.v/} /openlane/designs/my_processor/runs/RUN_2026.05.08_08.28.37/config.tcl"

Fri May 08 08:31:26 UTC 2026 - Executing "openroad -exit /openlane/scripts/openroad/sta/multi_corner.tcl |& tee /dev/null /openlane/designs/my_processor/runs/RUN_2026.05.08_08.28.37/logs/routing/18-rsz_timing_sta.log"

Fri May 08 08:31:30 UTC 2026 - Executing "openroad -exit -no_init -python /openlane/scripts/odbpy/diodes.py place --diode-cell sky130_fd_sc_hd__diode_2 --diode-pin DIODE --threshold Infinity --side-strategy source --port-protect in --input-lef /openlane/designs/my_processor/runs/RUN_2026.05.08_08.28.37/tmp/merged.nom.lef --output-def /openlane/designs/my_processor/runs/RUN_2026.05.08_08.28.37/tmp/routing/19-io_diodes.def --output /openlane/designs/my_processor/runs/RUN_2026.05.08_08.28.37/tmp/routing/19-io_diodes.odb /openlane/designs/my_processor/runs/RUN_2026.05.08_08.28.37/tmp/17-pipelined_processor.odb |& tee /dev/null /openlane/designs/my_processor/runs/RUN_2026.05.08_08.28.37/logs/routing/19-io_diodes.log"

Fri May 08 08:31:31 UTC 2026 - Executing "openroad -exit /openlane/scripts/openroad/dpl.tcl |& tee /dev/null /openlane/designs/my_processor/runs/RUN_2026.05.08_08.28.37/logs/routing/20-io_diode_legalization.log"

Fri May 08 08:31:32 UTC 2026 - Executing "sed -i.bak -e {s/\(set ::env(CURRENT_NETLIST)\).*/\1 \/openlane\/designs\/my_processor\/runs\/RUN_2026.05.08_08.28.37\/tmp\/routing\/.\/19-io_diode_legalized.nl.v/} /openlane/designs/my_processor/runs/RUN_2026.05.08_08.28.37/config.tcl"

Fri May 08 08:31:32 UTC 2026 - Executing "openroad -exit -no_init -python /openlane/scripts/odbpy/diodes.py place --diode-cell sky130_fd_sc_hd__diode_2 --diode-pin DIODE --threshold 90 --side-strategy source --port-protect none --input-lef /openlane/designs/my_processor/runs/RUN_2026.05.08_08.28.37/tmp/merged.nom.lef --output-def /openlane/designs/my_processor/runs/RUN_2026.05.08_08.28.37/tmp/routing/21-diodes.def --output /openlane/designs/my_processor/runs/RUN_2026.05.08_08.28.37/tmp/routing/21-diodes.odb /openlane/designs/my_processor/runs/RUN_2026.05.08_08.28.37/tmp/routing/./19-io_diode_legalized.odb |& tee /dev/null /openlane/designs/my_processor/runs/RUN_2026.05.08_08.28.37/logs/routing/21-diodes.log"

Fri May 08 08:31:33 UTC 2026 - Executing "openroad -exit /openlane/scripts/openroad/dpl.tcl |& tee /dev/null /openlane/designs/my_processor/runs/RUN_2026.05.08_08.28.37/logs/routing/22-diode_legalization.log"

