[ERROR]: during executing openroad script /openlane/scripts/openroad/dpl.tcl
[ERROR]: Log: designs/my_processor/runs/RUN_2026.05.08_08.28.37/logs/routing/22-diode_legalization.log
[ERROR]: Last 10 lines:
[INFO DPL-0035]  ANTENNA_hold69_A
[INFO DPL-0035]  ANTENNA_output67_A
[INFO DPL-0035]  ANTENNA_output39_A
[INFO DPL-0035]  ANTENNA_output38_A
[INFO DPL-0035]  ANTENNA_output47_A
[INFO DPL-0035]  ANTENNA_hold53_A
[INFO DPL-0035]  ANTENNA_hold73_A
[ERROR DPL-0036] Detailed placement failed.
Error: dpl.tcl, 20 DPL-0036
child process exited abnormally

[ERROR]: Creating issue reproducible...
[ERROR]: Step 22 (routing) failed with error:
-code 1 -level 0 -errorcode NONE -errorinfo {
    while executing
"throw_error"
    (procedure "run_tcl_script" line 219)
    invoked from within
"run_tcl_script -tool openroad -no_consume {*}$args"
    (procedure "run_openroad_script" line 2)
    invoked from within
"run_openroad_script $::env(SCRIPTS_DIR)/openroad/dpl.tcl -indexed_log $log -save "to=$arg_values(-outdir),name=$arg_values(-name),noindex,def,odb,netl..."
    (procedure "detailed_placement_or" line 19)
    invoked from within
"detailed_placement_or -outdir $::env(routing_tmpfiles) -log $::env(routing_logs)/diode_legalization.log -name [index_file diodes_legalized]"
    (procedure "heuristic_diode_insertion" line 17)
    invoked from within
"heuristic_diode_insertion"
    (procedure "run_routing" line 16)
    invoked from within
"run_routing"
    (procedure "run_routing_step" line 7)
    invoked from within
"run_routing_step"} -errorline 1
[ERROR]: Flow failed.
