[INFO]: Run Directory: /openlane/designs/my_processor/runs/RUN_2026.05.08_08.28.37
[INFO]: Saving runtime environment...
[INFO]: Preparing LEF files for the nom corner...
[INFO]: Preparing LEF files for the min corner...
[INFO]: Preparing LEF files for the max corner...
[INFO]: Running linter (Verilator) (log: designs/my_processor/runs/RUN_2026.05.08_08.28.37/logs/synthesis/linter.log)...
[INFO]: 0 errors found by linter
[WARNING]: 13 warnings found by linter
[INFO]: Running Synthesis (log: designs/my_processor/runs/RUN_2026.05.08_08.28.37/logs/synthesis/1-synthesis.log)...
[INFO]: Running Single-Corner Static Timing Analysis (log: designs/my_processor/runs/RUN_2026.05.08_08.28.37/logs/synthesis/2-sta.log)...
[INFO]: Running Initial Floorplanning (log: designs/my_processor/runs/RUN_2026.05.08_08.28.37/logs/floorplan/3-initial_fp.log)...
[INFO]: Floorplanned with width 401.12 and height 399.84.
[INFO]: Running IO Placement...
[INFO]: Running Tap/Decap Insertion (log: designs/my_processor/runs/RUN_2026.05.08_08.28.37/logs/floorplan/5-tap.log)...
[INFO]: Power planning with power {VPWR} and ground {VGND}...
[INFO]: Generating PDN (log: designs/my_processor/runs/RUN_2026.05.08_08.28.37/logs/floorplan/6-pdn.log)...
[INFO]: Running Global Placement (log: designs/my_processor/runs/RUN_2026.05.08_08.28.37/logs/placement/7-global.log)...
[INFO]: Running Single-Corner Static Timing Analysis (log: designs/my_processor/runs/RUN_2026.05.08_08.28.37/logs/placement/8-gpl_sta.log)...
[INFO]: Running Placement Resizer Design Optimizations (log: designs/my_processor/runs/RUN_2026.05.08_08.28.37/logs/placement/9-resizer.log)...
[INFO]: Running Detailed Placement (log: designs/my_processor/runs/RUN_2026.05.08_08.28.37/logs/placement/10-detailed.log)...
[INFO]: Running Single-Corner Static Timing Analysis (log: designs/my_processor/runs/RUN_2026.05.08_08.28.37/logs/placement/11-dpl_sta.log)...
[INFO]: Running Clock Tree Synthesis (log: designs/my_processor/runs/RUN_2026.05.08_08.28.37/logs/cts/12-cts.log)...
[INFO]: Running Single-Corner Static Timing Analysis (log: designs/my_processor/runs/RUN_2026.05.08_08.28.37/logs/cts/13-cts_sta.log)...
[INFO]: Running Placement Resizer Timing Optimizations (log: designs/my_processor/runs/RUN_2026.05.08_08.28.37/logs/cts/14-resizer.log)...
[INFO]: Running Global Routing Resizer Design Optimizations (log: designs/my_processor/runs/RUN_2026.05.08_08.28.37/logs/routing/15-resizer_design.log)...
[INFO]: Running Single-Corner Static Timing Analysis (log: designs/my_processor/runs/RUN_2026.05.08_08.28.37/logs/routing/16-rsz_design_sta.log)...
[INFO]: Running Global Routing Resizer Timing Optimizations (log: designs/my_processor/runs/RUN_2026.05.08_08.28.37/logs/routing/17-resizer_timing.log)...
[INFO]: Running Single-Corner Static Timing Analysis (log: designs/my_processor/runs/RUN_2026.05.08_08.28.37/logs/routing/18-rsz_timing_sta.log)...
[INFO]: Running I/O Diode Insertion (log: designs/my_processor/runs/RUN_2026.05.08_08.28.37/logs/routing/19-io_diodes.log)...
[INFO]: Running Detailed Placement (log: designs/my_processor/runs/RUN_2026.05.08_08.28.37/logs/routing/20-io_diode_legalization.log)...
[INFO]: Running Heuristic Diode Insertion (log: designs/my_processor/runs/RUN_2026.05.08_08.28.37/logs/routing/21-diodes.log)...
[INFO]: Running Detailed Placement (log: designs/my_processor/runs/RUN_2026.05.08_08.28.37/logs/routing/22-diode_legalization.log)...
[ERROR]: during executing openroad script /openlane/scripts/openroad/dpl.tcl
[ERROR]: Log: designs/my_processor/runs/RUN_2026.05.08_08.28.37/logs/routing/22-diode_legalization.log
[ERROR]: Last 10 lines:
[INFO DPL-0035]  ANTENNA_hold69_A
[INFO DPL-0035]  ANTENNA_output67_A
[INFO DPL-0035]  ANTENNA_output39_A
[INFO DPL-0035]  ANTENNA_output38_A
[INFO DPL-0035]  ANTENNA_output47_A
[INFO DPL-0035]  ANTENNA_hold53_A
[INFO DPL-0035]  ANTENNA_hold73_A
[ERROR DPL-0036] Detailed placement failed.
Error: dpl.tcl, 20 DPL-0036
child process exited abnormally

[ERROR]: Creating issue reproducible...
[INFO]: Saving runtime environment...
[INFO]: Reproducible packaged: Please tarball and upload 'designs/my_processor/runs/RUN_2026.05.08_08.28.37/issue_reproducible' if you're going to submit an issue.
[ERROR]: Step 22 (routing) failed with error:
-code 1 -level 0 -errorcode NONE -errorinfo {
    while executing
"throw_error"
    (procedure "run_tcl_script" line 219)
    invoked from within
"run_tcl_script -tool openroad -no_consume {*}$args"
    (procedure "run_openroad_script" line 2)
    invoked from within
"run_openroad_script $::env(SCRIPTS_DIR)/openroad/dpl.tcl -indexed_log $log -save "to=$arg_values(-outdir),name=$arg_values(-name),noindex,def,odb,netl..."
    (procedure "detailed_placement_or" line 19)
    invoked from within
"detailed_placement_or -outdir $::env(routing_tmpfiles) -log $::env(routing_logs)/diode_legalization.log -name [index_file diodes_legalized]"
    (procedure "heuristic_diode_insertion" line 17)
    invoked from within
"heuristic_diode_insertion"
    (procedure "run_routing" line 16)
    invoked from within
"run_routing"
    (procedure "run_routing_step" line 7)
    invoked from within
"run_routing_step"} -errorline 1
[INFO]: Saving current set of views in 'designs/my_processor/runs/RUN_2026.05.08_08.28.37/results/final'...
[INFO]: Generating final set of reports...
[INFO]: Created manufacturability report at 'designs/my_processor/runs/RUN_2026.05.08_08.28.37/reports/manufacturability.rpt'.
[INFO]: Created metrics report at 'designs/my_processor/runs/RUN_2026.05.08_08.28.37/reports/metrics.csv'.
[INFO]: Saving runtime environment...
[ERROR]: Flow failed.
[INFO]: The failure may have been because of the following warnings:
