
===========================================================================
 report_power
============================================================================
======================= Fastest Corner ===================================

Group                  Internal  Switching    Leakage      Total
                          Power      Power      Power      Power (Watts)
----------------------------------------------------------------
Sequential             2.63e-03   1.33e-04   3.18e-08   2.77e-03  41.3%
Combinational          2.08e-03   1.86e-03   1.36e-07   3.94e-03  58.7%
Macro                  0.00e+00   0.00e+00   0.00e+00   0.00e+00   0.0%
Pad                    0.00e+00   0.00e+00   0.00e+00   0.00e+00   0.0%
----------------------------------------------------------------
Total                  4.71e-03   1.99e-03   1.68e-07   6.70e-03 100.0%
                          70.3%      29.7%       0.0%

======================= Slowest Corner ===================================

Group                  Internal  Switching    Leakage      Total
                          Power      Power      Power      Power (Watts)
----------------------------------------------------------------
Sequential             1.77e-03   8.68e-05   3.17e-05   1.88e-03  40.5%
Combinational          1.50e-03   1.21e-03   6.36e-05   2.77e-03  59.5%
Macro                  0.00e+00   0.00e+00   0.00e+00   0.00e+00   0.0%
Pad                    0.00e+00   0.00e+00   0.00e+00   0.00e+00   0.0%
----------------------------------------------------------------
Total                  3.26e-03   1.30e-03   9.53e-05   4.65e-03 100.0%
                          70.1%      27.8%       2.0%

======================= Typical Corner ===================================

Group                  Internal  Switching    Leakage      Total
                          Power      Power      Power      Power (Watts)
----------------------------------------------------------------
Sequential             2.27e-03   1.11e-04   1.82e-08   2.38e-03  41.1%
Combinational          1.84e-03   1.56e-03   6.54e-08   3.41e-03  58.9%
Macro                  0.00e+00   0.00e+00   0.00e+00   0.00e+00   0.0%
Pad                    0.00e+00   0.00e+00   0.00e+00   0.00e+00   0.0%
----------------------------------------------------------------
Total                  4.11e-03   1.67e-03   8.36e-08   5.79e-03 100.0%
                          71.1%      28.9%       0.0%

