
77. Printing statistics.

=== pipelined_processor ===

   Number of wires:               9208
   Number of wire bits:           9293
   Number of public wires:        1799
   Number of public wire bits:    1884
   Number of memories:               0
   Number of memory bits:            0
   Number of processes:              0
   Number of cells:               9261
     sky130_fd_sc_hd__a211o_2      133
     sky130_fd_sc_hd__a211oi_2       6
     sky130_fd_sc_hd__a21bo_2        3
     sky130_fd_sc_hd__a21boi_2       2
     sky130_fd_sc_hd__a21o_2       237
     sky130_fd_sc_hd__a21oi_2       46
     sky130_fd_sc_hd__a221o_2       40
     sky130_fd_sc_hd__a221oi_2       5
     sky130_fd_sc_hd__a22o_2       403
     sky130_fd_sc_hd__a22oi_2        3
     sky130_fd_sc_hd__a2bb2o_2      13
     sky130_fd_sc_hd__a311o_2        6
     sky130_fd_sc_hd__a31o_2        65
     sky130_fd_sc_hd__a32o_2         4
     sky130_fd_sc_hd__a41o_2         2
     sky130_fd_sc_hd__and2_2       179
     sky130_fd_sc_hd__and2b_2       20
     sky130_fd_sc_hd__and3_2        67
     sky130_fd_sc_hd__and3b_2        8
     sky130_fd_sc_hd__and4_2        11
     sky130_fd_sc_hd__and4b_2        4
     sky130_fd_sc_hd__and4bb_2       2
     sky130_fd_sc_hd__buf_1       2177
     sky130_fd_sc_hd__dfxtp_2     1819
     sky130_fd_sc_hd__inv_2         77
     sky130_fd_sc_hd__mux2_1         1
     sky130_fd_sc_hd__mux2_2      1567
     sky130_fd_sc_hd__mux4_2       464
     sky130_fd_sc_hd__nand2_2      159
     sky130_fd_sc_hd__nand2b_2       2
     sky130_fd_sc_hd__nand3_2        5
     sky130_fd_sc_hd__nand4b_2       1
     sky130_fd_sc_hd__nor2_2       308
     sky130_fd_sc_hd__nor3_2        22
     sky130_fd_sc_hd__o2111ai_2      2
     sky130_fd_sc_hd__o211a_2      413
     sky130_fd_sc_hd__o211ai_2      10
     sky130_fd_sc_hd__o21a_2        22
     sky130_fd_sc_hd__o21ai_2       98
     sky130_fd_sc_hd__o21ba_2        5
     sky130_fd_sc_hd__o21bai_2       6
     sky130_fd_sc_hd__o221a_2       91
     sky130_fd_sc_hd__o221ai_2       2
     sky130_fd_sc_hd__o22a_2        98
     sky130_fd_sc_hd__o22ai_2       19
     sky130_fd_sc_hd__o2bb2a_2      13
     sky130_fd_sc_hd__o2bb2ai_2      1
     sky130_fd_sc_hd__o311a_2        5
     sky130_fd_sc_hd__o311ai_2       1
     sky130_fd_sc_hd__o31a_2        14
     sky130_fd_sc_hd__o31ai_2        6
     sky130_fd_sc_hd__o32a_2        35
     sky130_fd_sc_hd__o32ai_2        1
     sky130_fd_sc_hd__o41a_2         2
     sky130_fd_sc_hd__or2_2        376
     sky130_fd_sc_hd__or2b_2        22
     sky130_fd_sc_hd__or3_2         38
     sky130_fd_sc_hd__or3b_2        21
     sky130_fd_sc_hd__or4_2         12
     sky130_fd_sc_hd__or4b_2         8
     sky130_fd_sc_hd__or4bb_2        2
     sky130_fd_sc_hd__xnor2_2       57
     sky130_fd_sc_hd__xor2_2        20

   Chip area for module '\pipelined_processor': 103242.768000

