
===========================================================================
report_checks -unconstrained
===========================================================================
======================= Fastest Corner ===================================

Startpoint: debug_mem_addr[2] (input port clocked by clk)
Endpoint: debug_mem_data[5] (output port clocked by clk)
Path Group: clk
Path Type: max
Corner: Fastest

Fanout     Cap    Slew   Delay    Time   Description
-----------------------------------------------------------------------------
                          0.00    0.00   clock clk (rise edge)
                          0.00    0.00   clock network delay (propagated)
                          8.00    8.00 ^ input external delay
                  0.02    0.01    8.01 ^ debug_mem_addr[2] (in)
     1    0.00                           debug_mem_addr[2] (net)
                  0.02    0.00    8.01 ^ input3/A (sky130_fd_sc_hd__clkbuf_4)
                  0.13    0.16    8.17 ^ input3/X (sky130_fd_sc_hd__clkbuf_4)
     3    0.06                           net3 (net)
                  0.14    0.01    8.18 ^ _07479_/A (sky130_fd_sc_hd__buf_4)
                  0.22    0.24    8.42 ^ _07479_/X (sky130_fd_sc_hd__buf_4)
     8    0.11                           _02603_ (net)
                  0.22    0.00    8.42 ^ _07480_/A (sky130_fd_sc_hd__clkbuf_4)
                  0.12    0.20    8.62 ^ _07480_/X (sky130_fd_sc_hd__clkbuf_4)
     8    0.05                           _02604_ (net)
                  0.12    0.00    8.62 ^ _07481_/A (sky130_fd_sc_hd__buf_4)
                  0.18    0.21    8.83 ^ _07481_/X (sky130_fd_sc_hd__buf_4)
     8    0.09                           _02605_ (net)
                  0.18    0.00    8.83 ^ _07559_/A (sky130_fd_sc_hd__buf_2)
                  0.15    0.19    9.03 ^ _07559_/X (sky130_fd_sc_hd__buf_2)
     8    0.04                           _02683_ (net)
                  0.16    0.00    9.03 ^ _07860_/A (sky130_fd_sc_hd__nor2_1)
                  0.04    0.04    9.07 v _07860_/Y (sky130_fd_sc_hd__nor2_1)
     1    0.00                           _02979_ (net)
                  0.04    0.00    9.07 v _07863_/B1 (sky130_fd_sc_hd__o32a_1)
                  0.08    0.15    9.22 v _07863_/X (sky130_fd_sc_hd__o32a_1)
     1    0.02                           _02982_ (net)
                  0.08    0.00    9.22 v _07873_/A0 (sky130_fd_sc_hd__mux2_1)
                  0.04    0.17    9.38 v _07873_/X (sky130_fd_sc_hd__mux2_1)
     1    0.00                           _02992_ (net)
                  0.04    0.00    9.38 v _07874_/B (sky130_fd_sc_hd__nor2_1)
                  0.34    0.28    9.66 ^ _07874_/Y (sky130_fd_sc_hd__nor2_1)
     1    0.03                           _02993_ (net)
                  0.34    0.00    9.66 ^ _07875_/B1 (sky130_fd_sc_hd__a21o_2)
                  0.22    0.21    9.87 ^ _07875_/X (sky130_fd_sc_hd__a21o_2)
     1    0.06                           net44 (net)
                  0.22    0.00    9.88 ^ output44/A (sky130_fd_sc_hd__clkbuf_4)
                  0.09    0.18   10.05 ^ output44/X (sky130_fd_sc_hd__clkbuf_4)
     1    0.03                           debug_mem_data[5] (net)
                  0.09    0.00   10.05 ^ debug_mem_data[5] (out)
                                 10.05   data arrival time

                         40.00   40.00   clock clk (rise edge)
                          0.00   40.00   clock network delay (propagated)
                         -0.25   39.75   clock uncertainty
                          0.00   39.75   clock reconvergence pessimism
                         -8.00   31.75   output external delay
                                 31.75   data required time
-----------------------------------------------------------------------------
                                 31.75   data required time
                                -10.05   data arrival time
-----------------------------------------------------------------------------
                                 21.70   slack (MET)



======================= Slowest Corner ===================================

Startpoint: debug_mem_addr[1] (input port clocked by clk)
Endpoint: debug_mem_data[0] (output port clocked by clk)
Path Group: clk
Path Type: max
Corner: Slowest

Fanout     Cap    Slew   Delay    Time   Description
-----------------------------------------------------------------------------
                          0.00    0.00   clock clk (rise edge)
                          0.00    0.00   clock network delay (propagated)
                          8.00    8.00 ^ input external delay
                  0.03    0.02    8.02 ^ debug_mem_addr[1] (in)
     1    0.00                           debug_mem_addr[1] (net)
                  0.03    0.00    8.02 ^ input2/A (sky130_fd_sc_hd__buf_4)
                  0.35    0.42    8.44 ^ input2/X (sky130_fd_sc_hd__buf_4)
     5    0.08                           net2 (net)
                  0.35    0.01    8.44 ^ _07460_/A (sky130_fd_sc_hd__clkbuf_4)
                  0.22    0.51    8.95 ^ _07460_/X (sky130_fd_sc_hd__clkbuf_4)
     8    0.04                           _02584_ (net)
                  0.22    0.00    8.96 ^ _07461_/A (sky130_fd_sc_hd__buf_4)
                  0.40    0.54    9.50 ^ _07461_/X (sky130_fd_sc_hd__buf_4)
     8    0.09                           _02585_ (net)
                  0.40    0.00    9.50 ^ _07465_/S0 (sky130_fd_sc_hd__mux4_1)
                  0.15    1.39   10.89 v _07465_/X (sky130_fd_sc_hd__mux4_1)
     1    0.00                           _02589_ (net)
                  0.15    0.00   10.89 v _07466_/B (sky130_fd_sc_hd__or2_1)
                  0.18    0.62   11.51 v _07466_/X (sky130_fd_sc_hd__or2_1)
     1    0.01                           _02590_ (net)
                  0.18    0.00   11.51 v _07505_/A2 (sky130_fd_sc_hd__a31o_1)
                  0.32    0.68   12.19 v _07505_/X (sky130_fd_sc_hd__a31o_1)
     1    0.04                           _02629_ (net)
                  0.32    0.00   12.19 v _07542_/A0 (sky130_fd_sc_hd__mux2_1)
                  0.22    0.92   13.12 v _07542_/X (sky130_fd_sc_hd__mux2_1)
     1    0.02                           _02666_ (net)
                  0.22    0.00   13.12 v _07597_/A2 (sky130_fd_sc_hd__a21o_2)
                  0.19    0.61   13.73 v _07597_/X (sky130_fd_sc_hd__a21o_2)
     1    0.04                           net33 (net)
                  0.19    0.01   13.73 v output33/A (sky130_fd_sc_hd__clkbuf_4)
                  0.14    0.40   14.14 v output33/X (sky130_fd_sc_hd__clkbuf_4)
     1    0.03                           debug_mem_data[0] (net)
                  0.14    0.00   14.14 v debug_mem_data[0] (out)
                                 14.14   data arrival time

                         40.00   40.00   clock clk (rise edge)
                          0.00   40.00   clock network delay (propagated)
                         -0.25   39.75   clock uncertainty
                          0.00   39.75   clock reconvergence pessimism
                         -8.00   31.75   output external delay
                                 31.75   data required time
-----------------------------------------------------------------------------
                                 31.75   data required time
                                -14.14   data arrival time
-----------------------------------------------------------------------------
                                 17.61   slack (MET)



======================= Typical Corner ===================================

Startpoint: debug_mem_addr[2] (input port clocked by clk)
Endpoint: debug_mem_data[5] (output port clocked by clk)
Path Group: clk
Path Type: max
Corner: Typical

Fanout     Cap    Slew   Delay    Time   Description
-----------------------------------------------------------------------------
                          0.00    0.00   clock clk (rise edge)
                          0.00    0.00   clock network delay (propagated)
                          8.00    8.00 ^ input external delay
                  0.02    0.01    8.01 ^ debug_mem_addr[2] (in)
     1    0.00                           debug_mem_addr[2] (net)
                  0.02    0.00    8.01 ^ input3/A (sky130_fd_sc_hd__clkbuf_4)
                  0.18    0.23    8.24 ^ input3/X (sky130_fd_sc_hd__clkbuf_4)
     3    0.06                           net3 (net)
                  0.18    0.01    8.25 ^ _07479_/A (sky130_fd_sc_hd__buf_4)
                  0.29    0.35    8.60 ^ _07479_/X (sky130_fd_sc_hd__buf_4)
     8    0.11                           _02603_ (net)
                  0.29    0.00    8.60 ^ _07480_/A (sky130_fd_sc_hd__clkbuf_4)
                  0.16    0.32    8.92 ^ _07480_/X (sky130_fd_sc_hd__clkbuf_4)
     8    0.05                           _02604_ (net)
                  0.16    0.00    8.92 ^ _07481_/A (sky130_fd_sc_hd__buf_4)
                  0.24    0.31    9.22 ^ _07481_/X (sky130_fd_sc_hd__buf_4)
     8    0.09                           _02605_ (net)
                  0.24    0.00    9.23 ^ _07559_/A (sky130_fd_sc_hd__buf_2)
                  0.21    0.30    9.52 ^ _07559_/X (sky130_fd_sc_hd__buf_2)
     8    0.04                           _02683_ (net)
                  0.21    0.00    9.53 ^ _07860_/A (sky130_fd_sc_hd__nor2_1)
                  0.06    0.08    9.61 v _07860_/Y (sky130_fd_sc_hd__nor2_1)
     1    0.00                           _02979_ (net)
                  0.06    0.00    9.61 v _07863_/B1 (sky130_fd_sc_hd__o32a_1)
                  0.11    0.25    9.86 v _07863_/X (sky130_fd_sc_hd__o32a_1)
     1    0.02                           _02982_ (net)
                  0.11    0.00    9.86 v _07873_/A0 (sky130_fd_sc_hd__mux2_1)
                  0.06    0.32   10.18 v _07873_/X (sky130_fd_sc_hd__mux2_1)
     1    0.00                           _02992_ (net)
                  0.06    0.00   10.18 v _07874_/B (sky130_fd_sc_hd__nor2_1)
                  0.48    0.40   10.58 ^ _07874_/Y (sky130_fd_sc_hd__nor2_1)
     1    0.03                           _02993_ (net)
                  0.48    0.00   10.58 ^ _07875_/B1 (sky130_fd_sc_hd__a21o_2)
                  0.29    0.36   10.94 ^ _07875_/X (sky130_fd_sc_hd__a21o_2)
     1    0.06                           net44 (net)
                  0.29    0.00   10.94 ^ output44/A (sky130_fd_sc_hd__clkbuf_4)
                  0.11    0.28   11.22 ^ output44/X (sky130_fd_sc_hd__clkbuf_4)
     1    0.03                           debug_mem_data[5] (net)
                  0.11    0.00   11.22 ^ debug_mem_data[5] (out)
                                 11.22   data arrival time

                         40.00   40.00   clock clk (rise edge)
                          0.00   40.00   clock network delay (propagated)
                         -0.25   39.75   clock uncertainty
                          0.00   39.75   clock reconvergence pessimism
                         -8.00   31.75   output external delay
                                 31.75   data required time
-----------------------------------------------------------------------------
                                 31.75   data required time
                                -11.22   data arrival time
-----------------------------------------------------------------------------
                                 20.53   slack (MET)




===========================================================================
report_checks --slack_max -0.01
============================================================================
======================= Fastest Corner ===================================

No paths found.

======================= Slowest Corner ===================================

No paths found.

======================= Typical Corner ===================================

No paths found.


===========================================================================
 report_check_types -max_slew -max_cap -max_fanout -violators
============================================================================
======================= Fastest Corner ===================================

max fanout

Pin                                   Limit Fanout  Slack
---------------------------------------------------------
clkbuf_0_clk/X                            8     20    -12 (VIOLATED)
clkbuf_leaf_173_clk/X                     8     18    -10 (VIOLATED)
clkbuf_4_0_0_clk/X                        8     17     -9 (VIOLATED)
clkbuf_leaf_160_clk/X                     8     17     -9 (VIOLATED)
clkbuf_leaf_149_clk/X                     8     16     -8 (VIOLATED)
clkbuf_leaf_155_clk/X                     8     16     -8 (VIOLATED)
clkbuf_leaf_188_clk/X                     8     16     -8 (VIOLATED)
_07452_/X                                 8     15     -7 (VIOLATED)
clkbuf_4_13_0_clk/X                       8     15     -7 (VIOLATED)
clkbuf_4_15_0_clk/X                       8     15     -7 (VIOLATED)
clkbuf_leaf_153_clk/X                     8     15     -7 (VIOLATED)
clkbuf_leaf_208_clk/X                     8     15     -7 (VIOLATED)
clkbuf_leaf_4_clk/X                       8     15     -7 (VIOLATED)
clkbuf_4_2_0_clk/X                        8     14     -6 (VIOLATED)
clkbuf_leaf_162_clk/X                     8     14     -6 (VIOLATED)
clkbuf_leaf_189_clk/X                     8     14     -6 (VIOLATED)
clkbuf_leaf_201_clk/X                     8     14     -6 (VIOLATED)
clkbuf_leaf_206_clk/X                     8     14     -6 (VIOLATED)
clkbuf_leaf_23_clk/X                      8     14     -6 (VIOLATED)
clkbuf_leaf_40_clk/X                      8     14     -6 (VIOLATED)
_08817_/X                                 8     13     -5 (VIOLATED)
clkbuf_4_10_0_clk/X                       8     13     -5 (VIOLATED)
clkbuf_4_11_0_clk/X                       8     13     -5 (VIOLATED)
clkbuf_4_12_0_clk/X                       8     13     -5 (VIOLATED)
clkbuf_4_14_0_clk/X                       8     13     -5 (VIOLATED)
clkbuf_4_3_0_clk/X                        8     13     -5 (VIOLATED)
clkbuf_4_5_0_clk/X                        8     13     -5 (VIOLATED)
clkbuf_4_7_0_clk/X                        8     13     -5 (VIOLATED)
clkbuf_4_8_0_clk/X                        8     13     -5 (VIOLATED)
clkbuf_leaf_11_clk/X                      8     13     -5 (VIOLATED)
clkbuf_leaf_12_clk/X                      8     13     -5 (VIOLATED)
clkbuf_leaf_143_clk/X                     8     13     -5 (VIOLATED)
clkbuf_leaf_164_clk/X                     8     13     -5 (VIOLATED)
clkbuf_leaf_171_clk/X                     8     13     -5 (VIOLATED)
clkbuf_leaf_24_clk/X                      8     13     -5 (VIOLATED)
clkbuf_leaf_41_clk/X                      8     13     -5 (VIOLATED)
clkbuf_leaf_93_clk/X                      8     13     -5 (VIOLATED)
_09069_/X                                 8     12     -4 (VIOLATED)
_09919_/X                                 8     12     -4 (VIOLATED)
clkbuf_4_1_0_clk/X                        8     12     -4 (VIOLATED)
clkbuf_4_9_0_clk/X                        8     12     -4 (VIOLATED)
clkbuf_leaf_0_clk/X                       8     12     -4 (VIOLATED)
clkbuf_leaf_151_clk/X                     8     12     -4 (VIOLATED)
clkbuf_leaf_161_clk/X                     8     12     -4 (VIOLATED)
clkbuf_leaf_16_clk/X                      8     12     -4 (VIOLATED)
clkbuf_leaf_180_clk/X                     8     12     -4 (VIOLATED)
clkbuf_leaf_196_clk/X                     8     12     -4 (VIOLATED)
clkbuf_leaf_204_clk/X                     8     12     -4 (VIOLATED)
clkbuf_leaf_20_clk/X                      8     12     -4 (VIOLATED)
clkbuf_leaf_21_clk/X                      8     12     -4 (VIOLATED)
clkbuf_leaf_28_clk/X                      8     12     -4 (VIOLATED)
clkbuf_leaf_36_clk/X                      8     12     -4 (VIOLATED)
clkbuf_leaf_43_clk/X                      8     12     -4 (VIOLATED)
clkbuf_leaf_47_clk/X                      8     12     -4 (VIOLATED)
clkbuf_leaf_58_clk/X                      8     12     -4 (VIOLATED)
clkbuf_leaf_8_clk/X                       8     12     -4 (VIOLATED)
clkbuf_leaf_98_clk/X                      8     12     -4 (VIOLATED)
_09913_/X                                 8     11     -3 (VIOLATED)
_10075_/X                                 8     11     -3 (VIOLATED)
clkbuf_4_6_0_clk/X                        8     11     -3 (VIOLATED)
clkbuf_leaf_108_clk/X                     8     11     -3 (VIOLATED)
clkbuf_leaf_10_clk/X                      8     11     -3 (VIOLATED)
clkbuf_leaf_112_clk/X                     8     11     -3 (VIOLATED)
clkbuf_leaf_119_clk/X                     8     11     -3 (VIOLATED)
clkbuf_leaf_146_clk/X                     8     11     -3 (VIOLATED)
clkbuf_leaf_152_clk/X                     8     11     -3 (VIOLATED)
clkbuf_leaf_15_clk/X                      8     11     -3 (VIOLATED)
clkbuf_leaf_165_clk/X                     8     11     -3 (VIOLATED)
clkbuf_leaf_170_clk/X                     8     11     -3 (VIOLATED)
clkbuf_leaf_177_clk/X                     8     11     -3 (VIOLATED)
clkbuf_leaf_179_clk/X                     8     11     -3 (VIOLATED)
clkbuf_leaf_184_clk/X                     8     11     -3 (VIOLATED)
clkbuf_leaf_187_clk/X                     8     11     -3 (VIOLATED)
clkbuf_leaf_198_clk/X                     8     11     -3 (VIOLATED)
clkbuf_leaf_199_clk/X                     8     11     -3 (VIOLATED)
clkbuf_leaf_57_clk/X                      8     11     -3 (VIOLATED)
clkbuf_leaf_64_clk/X                      8     11     -3 (VIOLATED)
clkbuf_leaf_6_clk/X                       8     11     -3 (VIOLATED)
clkbuf_leaf_71_clk/X                      8     11     -3 (VIOLATED)
clkbuf_leaf_86_clk/X                      8     11     -3 (VIOLATED)
clkbuf_leaf_95_clk/X                      8     11     -3 (VIOLATED)
clkbuf_leaf_9_clk/X                       8     11     -3 (VIOLATED)
_07455_/Y                                 8     10     -2 (VIOLATED)
_08630_/X                                 8     10     -2 (VIOLATED)
_08718_/X                                 8     10     -2 (VIOLATED)
_08819_/X                                 8     10     -2 (VIOLATED)
_09100_/X                                 8     10     -2 (VIOLATED)
_10070_/X                                 8     10     -2 (VIOLATED)
_10282_/X                                 8     10     -2 (VIOLATED)
_10368_/X                                 8     10     -2 (VIOLATED)
clkbuf_leaf_106_clk/X                     8     10     -2 (VIOLATED)
clkbuf_leaf_117_clk/X                     8     10     -2 (VIOLATED)
clkbuf_leaf_120_clk/X                     8     10     -2 (VIOLATED)
clkbuf_leaf_125_clk/X                     8     10     -2 (VIOLATED)
clkbuf_leaf_126_clk/X                     8     10     -2 (VIOLATED)
clkbuf_leaf_137_clk/X                     8     10     -2 (VIOLATED)
clkbuf_leaf_145_clk/X                     8     10     -2 (VIOLATED)
clkbuf_leaf_192_clk/X                     8     10     -2 (VIOLATED)
clkbuf_leaf_203_clk/X                     8     10     -2 (VIOLATED)
clkbuf_leaf_205_clk/X                     8     10     -2 (VIOLATED)
clkbuf_leaf_207_clk/X                     8     10     -2 (VIOLATED)
clkbuf_leaf_31_clk/X                      8     10     -2 (VIOLATED)
clkbuf_leaf_3_clk/X                       8     10     -2 (VIOLATED)
clkbuf_leaf_52_clk/X                      8     10     -2 (VIOLATED)
clkbuf_leaf_59_clk/X                      8     10     -2 (VIOLATED)
clkbuf_leaf_67_clk/X                      8     10     -2 (VIOLATED)
clkbuf_leaf_72_clk/X                      8     10     -2 (VIOLATED)
clkbuf_leaf_81_clk/X                      8     10     -2 (VIOLATED)
_07527_/X                                 8      9        (VIOLATED)
_07552_/X                                 8      9        (VIOLATED)
_07665_/X                                 8      9        (VIOLATED)
_08658_/X                                 8      9        (VIOLATED)
_08712_/X                                 8      9        (VIOLATED)
_09900_/X                                 8      9        (VIOLATED)
_09905_/X                                 8      9        (VIOLATED)
_09978_/X                                 8      9        (VIOLATED)
_10036_/X                                 8      9        (VIOLATED)
_10058_/X                                 8      9        (VIOLATED)
_10103_/X                                 8      9        (VIOLATED)
_10279_/X                                 8      9        (VIOLATED)
_10296_/X                                 8      9        (VIOLATED)
_10366_/X                                 8      9        (VIOLATED)
_16340_/Q                                 8      9        (VIOLATED)
clkbuf_4_4_0_clk/X                        8      9        (VIOLATED)
clkbuf_leaf_104_clk/X                     8      9        (VIOLATED)
clkbuf_leaf_121_clk/X                     8      9        (VIOLATED)
clkbuf_leaf_127_clk/X                     8      9        (VIOLATED)
clkbuf_leaf_128_clk/X                     8      9        (VIOLATED)
clkbuf_leaf_132_clk/X                     8      9        (VIOLATED)
clkbuf_leaf_138_clk/X                     8      9        (VIOLATED)
clkbuf_leaf_139_clk/X                     8      9        (VIOLATED)
clkbuf_leaf_13_clk/X                      8      9        (VIOLATED)
clkbuf_leaf_140_clk/X                     8      9        (VIOLATED)
clkbuf_leaf_154_clk/X                     8      9        (VIOLATED)
clkbuf_leaf_169_clk/X                     8      9        (VIOLATED)
clkbuf_leaf_172_clk/X                     8      9        (VIOLATED)
clkbuf_leaf_174_clk/X                     8      9        (VIOLATED)
clkbuf_leaf_202_clk/X                     8      9        (VIOLATED)
clkbuf_leaf_32_clk/X                      8      9        (VIOLATED)
clkbuf_leaf_35_clk/X                      8      9        (VIOLATED)
clkbuf_leaf_38_clk/X                      8      9        (VIOLATED)
clkbuf_leaf_46_clk/X                      8      9        (VIOLATED)
clkbuf_leaf_50_clk/X                      8      9        (VIOLATED)
clkbuf_leaf_51_clk/X                      8      9        (VIOLATED)
clkbuf_leaf_55_clk/X                      8      9        (VIOLATED)
clkbuf_leaf_65_clk/X                      8      9        (VIOLATED)
clkbuf_leaf_68_clk/X                      8      9        (VIOLATED)
clkbuf_leaf_70_clk/X                      8      9        (VIOLATED)
clkbuf_leaf_74_clk/X                      8      9        (VIOLATED)
clkbuf_leaf_91_clk/X                      8      9        (VIOLATED)
clkbuf_leaf_92_clk/X                      8      9        (VIOLATED)


======================= Slowest Corner ===================================

max slew

Pin                                    Limit    Slew   Slack
------------------------------------------------------------
_13824_/A                               0.75    0.86   -0.11 (VIOLATED)
_10481_/A2                              0.75    0.86   -0.11 (VIOLATED)
_10484_/B                               0.75    0.86   -0.11 (VIOLATED)
_12384_/A                               0.75    0.86   -0.11 (VIOLATED)
_10478_/Y                               0.75    0.86   -0.11 (VIOLATED)
_07650_/B1                              0.75    0.85   -0.10 (VIOLATED)
_07649_/Y                               0.75    0.85   -0.10 (VIOLATED)
_08476_/Y                               0.75    0.83   -0.08 (VIOLATED)
_08477_/A                               0.75    0.83   -0.08 (VIOLATED)
_08636_/A                               0.75    0.83   -0.08 (VIOLATED)
_08251_/Y                               0.75    0.80   -0.05 (VIOLATED)
_08252_/B1                              0.75    0.80   -0.05 (VIOLATED)
_07875_/B1                              0.75    0.79   -0.04 (VIOLATED)
_07874_/Y                               0.75    0.79   -0.04 (VIOLATED)
ANTENNA_93/DIODE                        0.75    0.78   -0.03 (VIOLATED)
output81/A                              0.75    0.78   -0.03 (VIOLATED)
_11090_/A                               0.75    0.78   -0.03 (VIOLATED)
_11087_/A                               0.75    0.78   -0.03 (VIOLATED)
_11069_/A                               0.75    0.78   -0.03 (VIOLATED)
_11066_/A                               0.75    0.78   -0.03 (VIOLATED)
_11123_/A                               0.75    0.78   -0.03 (VIOLATED)
_11083_/A                               0.75    0.78   -0.03 (VIOLATED)
_11242_/C                               0.75    0.78   -0.03 (VIOLATED)
_16340_/Q                               0.75    0.78   -0.03 (VIOLATED)
_13835_/A2                              0.75    0.77   -0.02 (VIOLATED)
_13833_/A2                              0.75    0.77   -0.02 (VIOLATED)
_13837_/A2                              0.75    0.77   -0.02 (VIOLATED)
_13839_/A2                              0.75    0.77   -0.02 (VIOLATED)
_13814_/A                               0.75    0.77   -0.02 (VIOLATED)
_13802_/A                               0.75    0.77   -0.02 (VIOLATED)
_12052_/C                               0.75    0.77   -0.02 (VIOLATED)
_12051_/Y                               0.75    0.77   -0.02 (VIOLATED)
_10852_/A2                              0.75    0.76   -0.01 (VIOLATED)
_10824_/Y                               0.75    0.76   -0.01 (VIOLATED)

max fanout

Pin                                   Limit Fanout  Slack
---------------------------------------------------------
clkbuf_0_clk/X                            8     20    -12 (VIOLATED)
clkbuf_leaf_173_clk/X                     8     18    -10 (VIOLATED)
clkbuf_4_0_0_clk/X                        8     17     -9 (VIOLATED)
clkbuf_leaf_160_clk/X                     8     17     -9 (VIOLATED)
clkbuf_leaf_149_clk/X                     8     16     -8 (VIOLATED)
clkbuf_leaf_155_clk/X                     8     16     -8 (VIOLATED)
clkbuf_leaf_188_clk/X                     8     16     -8 (VIOLATED)
_07452_/X                                 8     15     -7 (VIOLATED)
clkbuf_4_13_0_clk/X                       8     15     -7 (VIOLATED)
clkbuf_4_15_0_clk/X                       8     15     -7 (VIOLATED)
clkbuf_leaf_153_clk/X                     8     15     -7 (VIOLATED)
clkbuf_leaf_208_clk/X                     8     15     -7 (VIOLATED)
clkbuf_leaf_4_clk/X                       8     15     -7 (VIOLATED)
clkbuf_4_2_0_clk/X                        8     14     -6 (VIOLATED)
clkbuf_leaf_162_clk/X                     8     14     -6 (VIOLATED)
clkbuf_leaf_189_clk/X                     8     14     -6 (VIOLATED)
clkbuf_leaf_201_clk/X                     8     14     -6 (VIOLATED)
clkbuf_leaf_206_clk/X                     8     14     -6 (VIOLATED)
clkbuf_leaf_23_clk/X                      8     14     -6 (VIOLATED)
clkbuf_leaf_40_clk/X                      8     14     -6 (VIOLATED)
_08817_/X                                 8     13     -5 (VIOLATED)
clkbuf_4_10_0_clk/X                       8     13     -5 (VIOLATED)
clkbuf_4_11_0_clk/X                       8     13     -5 (VIOLATED)
clkbuf_4_12_0_clk/X                       8     13     -5 (VIOLATED)
clkbuf_4_14_0_clk/X                       8     13     -5 (VIOLATED)
clkbuf_4_3_0_clk/X                        8     13     -5 (VIOLATED)
clkbuf_4_5_0_clk/X                        8     13     -5 (VIOLATED)
clkbuf_4_7_0_clk/X                        8     13     -5 (VIOLATED)
clkbuf_4_8_0_clk/X                        8     13     -5 (VIOLATED)
clkbuf_leaf_11_clk/X                      8     13     -5 (VIOLATED)
clkbuf_leaf_12_clk/X                      8     13     -5 (VIOLATED)
clkbuf_leaf_143_clk/X                     8     13     -5 (VIOLATED)
clkbuf_leaf_164_clk/X                     8     13     -5 (VIOLATED)
clkbuf_leaf_171_clk/X                     8     13     -5 (VIOLATED)
clkbuf_leaf_24_clk/X                      8     13     -5 (VIOLATED)
clkbuf_leaf_41_clk/X                      8     13     -5 (VIOLATED)
clkbuf_leaf_93_clk/X                      8     13     -5 (VIOLATED)
_09069_/X                                 8     12     -4 (VIOLATED)
_09919_/X                                 8     12     -4 (VIOLATED)
clkbuf_4_1_0_clk/X                        8     12     -4 (VIOLATED)
clkbuf_4_9_0_clk/X                        8     12     -4 (VIOLATED)
clkbuf_leaf_0_clk/X                       8     12     -4 (VIOLATED)
clkbuf_leaf_151_clk/X                     8     12     -4 (VIOLATED)
clkbuf_leaf_161_clk/X                     8     12     -4 (VIOLATED)
clkbuf_leaf_16_clk/X                      8     12     -4 (VIOLATED)
clkbuf_leaf_180_clk/X                     8     12     -4 (VIOLATED)
clkbuf_leaf_196_clk/X                     8     12     -4 (VIOLATED)
clkbuf_leaf_204_clk/X                     8     12     -4 (VIOLATED)
clkbuf_leaf_20_clk/X                      8     12     -4 (VIOLATED)
clkbuf_leaf_21_clk/X                      8     12     -4 (VIOLATED)
clkbuf_leaf_28_clk/X                      8     12     -4 (VIOLATED)
clkbuf_leaf_36_clk/X                      8     12     -4 (VIOLATED)
clkbuf_leaf_43_clk/X                      8     12     -4 (VIOLATED)
clkbuf_leaf_47_clk/X                      8     12     -4 (VIOLATED)
clkbuf_leaf_58_clk/X                      8     12     -4 (VIOLATED)
clkbuf_leaf_8_clk/X                       8     12     -4 (VIOLATED)
clkbuf_leaf_98_clk/X                      8     12     -4 (VIOLATED)
_09913_/X                                 8     11     -3 (VIOLATED)
_10075_/X                                 8     11     -3 (VIOLATED)
clkbuf_4_6_0_clk/X                        8     11     -3 (VIOLATED)
clkbuf_leaf_108_clk/X                     8     11     -3 (VIOLATED)
clkbuf_leaf_10_clk/X                      8     11     -3 (VIOLATED)
clkbuf_leaf_112_clk/X                     8     11     -3 (VIOLATED)
clkbuf_leaf_119_clk/X                     8     11     -3 (VIOLATED)
clkbuf_leaf_146_clk/X                     8     11     -3 (VIOLATED)
clkbuf_leaf_152_clk/X                     8     11     -3 (VIOLATED)
clkbuf_leaf_15_clk/X                      8     11     -3 (VIOLATED)
clkbuf_leaf_165_clk/X                     8     11     -3 (VIOLATED)
clkbuf_leaf_170_clk/X                     8     11     -3 (VIOLATED)
clkbuf_leaf_177_clk/X                     8     11     -3 (VIOLATED)
clkbuf_leaf_179_clk/X                     8     11     -3 (VIOLATED)
clkbuf_leaf_184_clk/X                     8     11     -3 (VIOLATED)
clkbuf_leaf_187_clk/X                     8     11     -3 (VIOLATED)
clkbuf_leaf_198_clk/X                     8     11     -3 (VIOLATED)
clkbuf_leaf_199_clk/X                     8     11     -3 (VIOLATED)
clkbuf_leaf_57_clk/X                      8     11     -3 (VIOLATED)
clkbuf_leaf_64_clk/X                      8     11     -3 (VIOLATED)
clkbuf_leaf_6_clk/X                       8     11     -3 (VIOLATED)
clkbuf_leaf_71_clk/X                      8     11     -3 (VIOLATED)
clkbuf_leaf_86_clk/X                      8     11     -3 (VIOLATED)
clkbuf_leaf_95_clk/X                      8     11     -3 (VIOLATED)
clkbuf_leaf_9_clk/X                       8     11     -3 (VIOLATED)
_07455_/Y                                 8     10     -2 (VIOLATED)
_08630_/X                                 8     10     -2 (VIOLATED)
_08718_/X                                 8     10     -2 (VIOLATED)
_08819_/X                                 8     10     -2 (VIOLATED)
_09100_/X                                 8     10     -2 (VIOLATED)
_10070_/X                                 8     10     -2 (VIOLATED)
_10282_/X                                 8     10     -2 (VIOLATED)
_10368_/X                                 8     10     -2 (VIOLATED)
clkbuf_leaf_106_clk/X                     8     10     -2 (VIOLATED)
clkbuf_leaf_117_clk/X                     8     10     -2 (VIOLATED)
clkbuf_leaf_120_clk/X                     8     10     -2 (VIOLATED)
clkbuf_leaf_125_clk/X                     8     10     -2 (VIOLATED)
clkbuf_leaf_126_clk/X                     8     10     -2 (VIOLATED)
clkbuf_leaf_137_clk/X                     8     10     -2 (VIOLATED)
clkbuf_leaf_145_clk/X                     8     10     -2 (VIOLATED)
clkbuf_leaf_192_clk/X                     8     10     -2 (VIOLATED)
clkbuf_leaf_203_clk/X                     8     10     -2 (VIOLATED)
clkbuf_leaf_205_clk/X                     8     10     -2 (VIOLATED)
clkbuf_leaf_207_clk/X                     8     10     -2 (VIOLATED)
clkbuf_leaf_31_clk/X                      8     10     -2 (VIOLATED)
clkbuf_leaf_3_clk/X                       8     10     -2 (VIOLATED)
clkbuf_leaf_52_clk/X                      8     10     -2 (VIOLATED)
clkbuf_leaf_59_clk/X                      8     10     -2 (VIOLATED)
clkbuf_leaf_67_clk/X                      8     10     -2 (VIOLATED)
clkbuf_leaf_72_clk/X                      8     10     -2 (VIOLATED)
clkbuf_leaf_81_clk/X                      8     10     -2 (VIOLATED)
_07527_/X                                 8      9        (VIOLATED)
_07552_/X                                 8      9        (VIOLATED)
_07665_/X                                 8      9        (VIOLATED)
_08658_/X                                 8      9        (VIOLATED)
_08712_/X                                 8      9        (VIOLATED)
_09900_/X                                 8      9        (VIOLATED)
_09905_/X                                 8      9        (VIOLATED)
_09978_/X                                 8      9        (VIOLATED)
_10036_/X                                 8      9        (VIOLATED)
_10058_/X                                 8      9        (VIOLATED)
_10103_/X                                 8      9        (VIOLATED)
_10279_/X                                 8      9        (VIOLATED)
_10296_/X                                 8      9        (VIOLATED)
_10366_/X                                 8      9        (VIOLATED)
_16340_/Q                                 8      9        (VIOLATED)
clkbuf_4_4_0_clk/X                        8      9        (VIOLATED)
clkbuf_leaf_104_clk/X                     8      9        (VIOLATED)
clkbuf_leaf_121_clk/X                     8      9        (VIOLATED)
clkbuf_leaf_127_clk/X                     8      9        (VIOLATED)
clkbuf_leaf_128_clk/X                     8      9        (VIOLATED)
clkbuf_leaf_132_clk/X                     8      9        (VIOLATED)
clkbuf_leaf_138_clk/X                     8      9        (VIOLATED)
clkbuf_leaf_139_clk/X                     8      9        (VIOLATED)
clkbuf_leaf_13_clk/X                      8      9        (VIOLATED)
clkbuf_leaf_140_clk/X                     8      9        (VIOLATED)
clkbuf_leaf_154_clk/X                     8      9        (VIOLATED)
clkbuf_leaf_169_clk/X                     8      9        (VIOLATED)
clkbuf_leaf_172_clk/X                     8      9        (VIOLATED)
clkbuf_leaf_174_clk/X                     8      9        (VIOLATED)
clkbuf_leaf_202_clk/X                     8      9        (VIOLATED)
clkbuf_leaf_32_clk/X                      8      9        (VIOLATED)
clkbuf_leaf_35_clk/X                      8      9        (VIOLATED)
clkbuf_leaf_38_clk/X                      8      9        (VIOLATED)
clkbuf_leaf_46_clk/X                      8      9        (VIOLATED)
clkbuf_leaf_50_clk/X                      8      9        (VIOLATED)
clkbuf_leaf_51_clk/X                      8      9        (VIOLATED)
clkbuf_leaf_55_clk/X                      8      9        (VIOLATED)
clkbuf_leaf_65_clk/X                      8      9        (VIOLATED)
clkbuf_leaf_68_clk/X                      8      9        (VIOLATED)
clkbuf_leaf_70_clk/X                      8      9        (VIOLATED)
clkbuf_leaf_74_clk/X                      8      9        (VIOLATED)
clkbuf_leaf_91_clk/X                      8      9        (VIOLATED)
clkbuf_leaf_92_clk/X                      8      9        (VIOLATED)


======================= Typical Corner ===================================

max fanout

Pin                                   Limit Fanout  Slack
---------------------------------------------------------
clkbuf_0_clk/X                            8     20    -12 (VIOLATED)
clkbuf_leaf_173_clk/X                     8     18    -10 (VIOLATED)
clkbuf_4_0_0_clk/X                        8     17     -9 (VIOLATED)
clkbuf_leaf_160_clk/X                     8     17     -9 (VIOLATED)
clkbuf_leaf_149_clk/X                     8     16     -8 (VIOLATED)
clkbuf_leaf_155_clk/X                     8     16     -8 (VIOLATED)
clkbuf_leaf_188_clk/X                     8     16     -8 (VIOLATED)
_07452_/X                                 8     15     -7 (VIOLATED)
clkbuf_4_13_0_clk/X                       8     15     -7 (VIOLATED)
clkbuf_4_15_0_clk/X                       8     15     -7 (VIOLATED)
clkbuf_leaf_153_clk/X                     8     15     -7 (VIOLATED)
clkbuf_leaf_208_clk/X                     8     15     -7 (VIOLATED)
clkbuf_leaf_4_clk/X                       8     15     -7 (VIOLATED)
clkbuf_4_2_0_clk/X                        8     14     -6 (VIOLATED)
clkbuf_leaf_162_clk/X                     8     14     -6 (VIOLATED)
clkbuf_leaf_189_clk/X                     8     14     -6 (VIOLATED)
clkbuf_leaf_201_clk/X                     8     14     -6 (VIOLATED)
clkbuf_leaf_206_clk/X                     8     14     -6 (VIOLATED)
clkbuf_leaf_23_clk/X                      8     14     -6 (VIOLATED)
clkbuf_leaf_40_clk/X                      8     14     -6 (VIOLATED)
_08817_/X                                 8     13     -5 (VIOLATED)
clkbuf_4_10_0_clk/X                       8     13     -5 (VIOLATED)
clkbuf_4_11_0_clk/X                       8     13     -5 (VIOLATED)
clkbuf_4_12_0_clk/X                       8     13     -5 (VIOLATED)
clkbuf_4_14_0_clk/X                       8     13     -5 (VIOLATED)
clkbuf_4_3_0_clk/X                        8     13     -5 (VIOLATED)
clkbuf_4_5_0_clk/X                        8     13     -5 (VIOLATED)
clkbuf_4_7_0_clk/X                        8     13     -5 (VIOLATED)
clkbuf_4_8_0_clk/X                        8     13     -5 (VIOLATED)
clkbuf_leaf_11_clk/X                      8     13     -5 (VIOLATED)
clkbuf_leaf_12_clk/X                      8     13     -5 (VIOLATED)
clkbuf_leaf_143_clk/X                     8     13     -5 (VIOLATED)
clkbuf_leaf_164_clk/X                     8     13     -5 (VIOLATED)
clkbuf_leaf_171_clk/X                     8     13     -5 (VIOLATED)
clkbuf_leaf_24_clk/X                      8     13     -5 (VIOLATED)
clkbuf_leaf_41_clk/X                      8     13     -5 (VIOLATED)
clkbuf_leaf_93_clk/X                      8     13     -5 (VIOLATED)
_09069_/X                                 8     12     -4 (VIOLATED)
_09919_/X                                 8     12     -4 (VIOLATED)
clkbuf_4_1_0_clk/X                        8     12     -4 (VIOLATED)
clkbuf_4_9_0_clk/X                        8     12     -4 (VIOLATED)
clkbuf_leaf_0_clk/X                       8     12     -4 (VIOLATED)
clkbuf_leaf_151_clk/X                     8     12     -4 (VIOLATED)
clkbuf_leaf_161_clk/X                     8     12     -4 (VIOLATED)
clkbuf_leaf_16_clk/X                      8     12     -4 (VIOLATED)
clkbuf_leaf_180_clk/X                     8     12     -4 (VIOLATED)
clkbuf_leaf_196_clk/X                     8     12     -4 (VIOLATED)
clkbuf_leaf_204_clk/X                     8     12     -4 (VIOLATED)
clkbuf_leaf_20_clk/X                      8     12     -4 (VIOLATED)
clkbuf_leaf_21_clk/X                      8     12     -4 (VIOLATED)
clkbuf_leaf_28_clk/X                      8     12     -4 (VIOLATED)
clkbuf_leaf_36_clk/X                      8     12     -4 (VIOLATED)
clkbuf_leaf_43_clk/X                      8     12     -4 (VIOLATED)
clkbuf_leaf_47_clk/X                      8     12     -4 (VIOLATED)
clkbuf_leaf_58_clk/X                      8     12     -4 (VIOLATED)
clkbuf_leaf_8_clk/X                       8     12     -4 (VIOLATED)
clkbuf_leaf_98_clk/X                      8     12     -4 (VIOLATED)
_09913_/X                                 8     11     -3 (VIOLATED)
_10075_/X                                 8     11     -3 (VIOLATED)
clkbuf_4_6_0_clk/X                        8     11     -3 (VIOLATED)
clkbuf_leaf_108_clk/X                     8     11     -3 (VIOLATED)
clkbuf_leaf_10_clk/X                      8     11     -3 (VIOLATED)
clkbuf_leaf_112_clk/X                     8     11     -3 (VIOLATED)
clkbuf_leaf_119_clk/X                     8     11     -3 (VIOLATED)
clkbuf_leaf_146_clk/X                     8     11     -3 (VIOLATED)
clkbuf_leaf_152_clk/X                     8     11     -3 (VIOLATED)
clkbuf_leaf_15_clk/X                      8     11     -3 (VIOLATED)
clkbuf_leaf_165_clk/X                     8     11     -3 (VIOLATED)
clkbuf_leaf_170_clk/X                     8     11     -3 (VIOLATED)
clkbuf_leaf_177_clk/X                     8     11     -3 (VIOLATED)
clkbuf_leaf_179_clk/X                     8     11     -3 (VIOLATED)
clkbuf_leaf_184_clk/X                     8     11     -3 (VIOLATED)
clkbuf_leaf_187_clk/X                     8     11     -3 (VIOLATED)
clkbuf_leaf_198_clk/X                     8     11     -3 (VIOLATED)
clkbuf_leaf_199_clk/X                     8     11     -3 (VIOLATED)
clkbuf_leaf_57_clk/X                      8     11     -3 (VIOLATED)
clkbuf_leaf_64_clk/X                      8     11     -3 (VIOLATED)
clkbuf_leaf_6_clk/X                       8     11     -3 (VIOLATED)
clkbuf_leaf_71_clk/X                      8     11     -3 (VIOLATED)
clkbuf_leaf_86_clk/X                      8     11     -3 (VIOLATED)
clkbuf_leaf_95_clk/X                      8     11     -3 (VIOLATED)
clkbuf_leaf_9_clk/X                       8     11     -3 (VIOLATED)
_07455_/Y                                 8     10     -2 (VIOLATED)
_08630_/X                                 8     10     -2 (VIOLATED)
_08718_/X                                 8     10     -2 (VIOLATED)
_08819_/X                                 8     10     -2 (VIOLATED)
_09100_/X                                 8     10     -2 (VIOLATED)
_10070_/X                                 8     10     -2 (VIOLATED)
_10282_/X                                 8     10     -2 (VIOLATED)
_10368_/X                                 8     10     -2 (VIOLATED)
clkbuf_leaf_106_clk/X                     8     10     -2 (VIOLATED)
clkbuf_leaf_117_clk/X                     8     10     -2 (VIOLATED)
clkbuf_leaf_120_clk/X                     8     10     -2 (VIOLATED)
clkbuf_leaf_125_clk/X                     8     10     -2 (VIOLATED)
clkbuf_leaf_126_clk/X                     8     10     -2 (VIOLATED)
clkbuf_leaf_137_clk/X                     8     10     -2 (VIOLATED)
clkbuf_leaf_145_clk/X                     8     10     -2 (VIOLATED)
clkbuf_leaf_192_clk/X                     8     10     -2 (VIOLATED)
clkbuf_leaf_203_clk/X                     8     10     -2 (VIOLATED)
clkbuf_leaf_205_clk/X                     8     10     -2 (VIOLATED)
clkbuf_leaf_207_clk/X                     8     10     -2 (VIOLATED)
clkbuf_leaf_31_clk/X                      8     10     -2 (VIOLATED)
clkbuf_leaf_3_clk/X                       8     10     -2 (VIOLATED)
clkbuf_leaf_52_clk/X                      8     10     -2 (VIOLATED)
clkbuf_leaf_59_clk/X                      8     10     -2 (VIOLATED)
clkbuf_leaf_67_clk/X                      8     10     -2 (VIOLATED)
clkbuf_leaf_72_clk/X                      8     10     -2 (VIOLATED)
clkbuf_leaf_81_clk/X                      8     10     -2 (VIOLATED)
_07527_/X                                 8      9        (VIOLATED)
_07552_/X                                 8      9        (VIOLATED)
_07665_/X                                 8      9        (VIOLATED)
_08658_/X                                 8      9        (VIOLATED)
_08712_/X                                 8      9        (VIOLATED)
_09900_/X                                 8      9        (VIOLATED)
_09905_/X                                 8      9        (VIOLATED)
_09978_/X                                 8      9        (VIOLATED)
_10036_/X                                 8      9        (VIOLATED)
_10058_/X                                 8      9        (VIOLATED)
_10103_/X                                 8      9        (VIOLATED)
_10279_/X                                 8      9        (VIOLATED)
_10296_/X                                 8      9        (VIOLATED)
_10366_/X                                 8      9        (VIOLATED)
_16340_/Q                                 8      9        (VIOLATED)
clkbuf_4_4_0_clk/X                        8      9        (VIOLATED)
clkbuf_leaf_104_clk/X                     8      9        (VIOLATED)
clkbuf_leaf_121_clk/X                     8      9        (VIOLATED)
clkbuf_leaf_127_clk/X                     8      9        (VIOLATED)
clkbuf_leaf_128_clk/X                     8      9        (VIOLATED)
clkbuf_leaf_132_clk/X                     8      9        (VIOLATED)
clkbuf_leaf_138_clk/X                     8      9        (VIOLATED)
clkbuf_leaf_139_clk/X                     8      9        (VIOLATED)
clkbuf_leaf_13_clk/X                      8      9        (VIOLATED)
clkbuf_leaf_140_clk/X                     8      9        (VIOLATED)
clkbuf_leaf_154_clk/X                     8      9        (VIOLATED)
clkbuf_leaf_169_clk/X                     8      9        (VIOLATED)
clkbuf_leaf_172_clk/X                     8      9        (VIOLATED)
clkbuf_leaf_174_clk/X                     8      9        (VIOLATED)
clkbuf_leaf_202_clk/X                     8      9        (VIOLATED)
clkbuf_leaf_32_clk/X                      8      9        (VIOLATED)
clkbuf_leaf_35_clk/X                      8      9        (VIOLATED)
clkbuf_leaf_38_clk/X                      8      9        (VIOLATED)
clkbuf_leaf_46_clk/X                      8      9        (VIOLATED)
clkbuf_leaf_50_clk/X                      8      9        (VIOLATED)
clkbuf_leaf_51_clk/X                      8      9        (VIOLATED)
clkbuf_leaf_55_clk/X                      8      9        (VIOLATED)
clkbuf_leaf_65_clk/X                      8      9        (VIOLATED)
clkbuf_leaf_68_clk/X                      8      9        (VIOLATED)
clkbuf_leaf_70_clk/X                      8      9        (VIOLATED)
clkbuf_leaf_74_clk/X                      8      9        (VIOLATED)
clkbuf_leaf_91_clk/X                      8      9        (VIOLATED)
clkbuf_leaf_92_clk/X                      8      9        (VIOLATED)



===========================================================================
report_parasitic_annotation -report_unannotated
============================================================================
Found 0 unannotated drivers.
Found 0 partially unannotated drivers.

===========================================================================
max slew violation count 34
max fanout violation count 151
max cap violation count 0
============================================================================

===========================================================================
check_setup -verbose -unconstrained_endpoints -multiple_clock -no_clock -no_input_delay -loops -generated_clocks
===========================================================================
