
===========================================================================
 report_power
============================================================================
======================= Fastest Corner ===================================

Group                  Internal  Switching    Leakage      Total
                          Power      Power      Power      Power (Watts)
----------------------------------------------------------------
Sequential             2.37e-03   2.36e-04   2.68e-08   2.60e-03  32.2%
Combinational          2.63e-03   2.84e-03   1.16e-07   5.47e-03  67.8%
Macro                  0.00e+00   0.00e+00   0.00e+00   0.00e+00   0.0%
Pad                    0.00e+00   0.00e+00   0.00e+00   0.00e+00   0.0%
----------------------------------------------------------------
Total                  4.99e-03   3.08e-03   1.43e-07   8.07e-03 100.0%
                          61.8%      38.2%       0.0%

======================= Slowest Corner ===================================

Group                  Internal  Switching    Leakage      Total
                          Power      Power      Power      Power (Watts)
----------------------------------------------------------------
Sequential             1.59e-03   1.53e-04   2.67e-05   1.77e-03  31.9%
Combinational          1.87e-03   1.87e-03   5.80e-05   3.79e-03  68.1%
Macro                  0.00e+00   0.00e+00   0.00e+00   0.00e+00   0.0%
Pad                    0.00e+00   0.00e+00   0.00e+00   0.00e+00   0.0%
----------------------------------------------------------------
Total                  3.46e-03   2.02e-03   8.47e-05   5.57e-03 100.0%
                          62.2%      36.3%       1.5%

======================= Typical Corner ===================================

Group                  Internal  Switching    Leakage      Total
                          Power      Power      Power      Power (Watts)
----------------------------------------------------------------
Sequential             2.04e-03   1.97e-04   1.54e-08   2.24e-03  32.2%
Combinational          2.32e-03   2.40e-03   5.91e-08   4.71e-03  67.8%
Macro                  0.00e+00   0.00e+00   0.00e+00   0.00e+00   0.0%
Pad                    0.00e+00   0.00e+00   0.00e+00   0.00e+00   0.0%
----------------------------------------------------------------
Total                  4.36e-03   2.59e-03   7.45e-08   6.95e-03 100.0%
                          62.7%      37.3%       0.0%

