OpenROAD 41a51eaf4ca2171c92ff38afb91eb37bbd3f36da 
This program is licensed under the BSD-3 license. See the LICENSE file for details.
Components of this program may be licensed under more restrictive licenses which must be honored.
[INFO]: Reading ODB at '/openlane/designs/my_processor/runs/RUN_CLEAN/tmp/routing/22-fill.odb'…
define_corners Typical
read_liberty -corner Typical /home/kushagra/.ciel/sky130A/libs.ref/sky130_fd_sc_hd/lib/sky130_fd_sc_hd__tt_025C_1v80.lib
Using 1e-12 for capacitance...
Using 1e+03 for resistance...
Using 1e-09 for time...
Using 1e+00 for voltage...
Using 1e-03 for current...
Using 1e-09 for power...
Using 1e-06 for distance...
Reading design constraints file at '/openlane/designs/my_processor/runs/RUN_CLEAN/tmp/17-pipelined_processor.sdc'…
[INFO ORD-0030] Using 4 thread(s).
[INFO DRT-0149] Reading tech and libs.

Units:                1000
Number of layers:     13
Number of macros:     441
Number of vias:       25
Number of viarulegen: 25

[INFO DRT-0150] Reading design.

Design:                   pipelined_processor
Die area:                 ( 0 0 ) ( 525445 536165 )
Number of track patterns: 12
Number of DEF vias:       0
Number of components:     33113
Number of terminals:      101
Number of snets:          2
Number of nets:           12977

[INFO DRT-0167] List of default vias:
  Layer mcon
    default via: L1M1_PR
  Layer via
    default via: M1M2_PR
  Layer via2
    default via: M2M3_PR
  Layer via3
    default via: M3M4_PR
  Layer via4
    default via: M4M5_PR
[INFO DRT-0162] Library cell analysis.
[INFO DRT-0163] Instance analysis.
  Complete 10000 instances.
  Complete 20000 instances.
  Complete 30000 instances.
[INFO DRT-0164] Number of unique instances = 243.
[INFO DRT-0168] Init region query.
[INFO DRT-0018]   Complete 10000 insts.
[INFO DRT-0018]   Complete 20000 insts.
[INFO DRT-0018]   Complete 30000 insts.
[INFO DRT-0024]   Complete FR_MASTERSLICE.
[INFO DRT-0024]   Complete licon.
[INFO DRT-0024]   Complete li1.
[INFO DRT-0024]   Complete mcon.
[INFO DRT-0024]   Complete met1.
[INFO DRT-0024]   Complete via.
[INFO DRT-0024]   Complete met2.
[INFO DRT-0024]   Complete via2.
[INFO DRT-0024]   Complete met3.
[INFO DRT-0024]   Complete via3.
[INFO DRT-0024]   Complete met4.
[INFO DRT-0024]   Complete via4.
[INFO DRT-0024]   Complete met5.
[INFO DRT-0033] FR_MASTERSLICE shape region query size = 0.
[INFO DRT-0033] licon shape region query size = 0.
[INFO DRT-0033] li1 shape region query size = 516190.
[INFO DRT-0033] mcon shape region query size = 101640.
[INFO DRT-0033] met1 shape region query size = 106407.
[INFO DRT-0033] via shape region query size = 3800.
[INFO DRT-0033] met2 shape region query size = 2331.
[INFO DRT-0033] via2 shape region query size = 3040.
[INFO DRT-0033] met3 shape region query size = 2328.
[INFO DRT-0033] via3 shape region query size = 3040.
[INFO DRT-0033] met4 shape region query size = 808.
[INFO DRT-0033] via4 shape region query size = 32.
[INFO DRT-0033] met5 shape region query size = 48.
[INFO DRT-0165] Start pin access.
[INFO DRT-0076]   Complete 100 pins.
[INFO DRT-0076]   Complete 200 pins.
[INFO DRT-0076]   Complete 300 pins.
[INFO DRT-0076]   Complete 400 pins.
[INFO DRT-0076]   Complete 500 pins.
[INFO DRT-0076]   Complete 600 pins.
[INFO DRT-0076]   Complete 700 pins.
[INFO DRT-0076]   Complete 800 pins.
[INFO DRT-0076]   Complete 900 pins.
[INFO DRT-0078]   Complete 930 pins.
[INFO DRT-0079]   Complete 100 unique inst patterns.
[INFO DRT-0079]   Complete 200 unique inst patterns.
[INFO DRT-0081]   Complete 225 unique inst patterns.
[INFO DRT-0082]   Complete 1000 groups.
[INFO DRT-0082]   Complete 2000 groups.
[INFO DRT-0082]   Complete 3000 groups.
[INFO DRT-0082]   Complete 4000 groups.
[INFO DRT-0082]   Complete 5000 groups.
[INFO DRT-0082]   Complete 6000 groups.
[INFO DRT-0082]   Complete 7000 groups.
[INFO DRT-0084]   Complete 7959 groups.
#scanned instances     = 33113
#unique  instances     = 243
#stdCellGenAp          = 6933
#stdCellValidPlanarAp  = 63
#stdCellValidViaAp     = 5398
#stdCellPinNoAp        = 0
#stdCellPinCnt         = 42571
#instTermValidViaApCnt = 0
#macroGenAp            = 0
#macroValidPlanarAp    = 0
#macroValidViaAp       = 0
#macroNoAp             = 0
[INFO DRT-0166] Complete pin access.
[INFO DRT-0267] cpu time = 00:02:57, elapsed time = 00:00:43, memory = 273.05 (MB), peak = 282.29 (MB)
[INFO DRT-0156] guideIn read 100000 guides.

Number of guides:     103716

[INFO DRT-0169] Post process guides.
[INFO DRT-0176] GCELLGRID X 0 DO 76 STEP 6900 ;
[INFO DRT-0177] GCELLGRID Y 0 DO 77 STEP 6900 ;
[INFO DRT-0026]   Complete 10000 origin guides.
[INFO DRT-0026]   Complete 20000 origin guides.
[INFO DRT-0026]   Complete 30000 origin guides.
[INFO DRT-0026]   Complete 40000 origin guides.
[INFO DRT-0026]   Complete 50000 origin guides.
[INFO DRT-0026]   Complete 60000 origin guides.
[INFO DRT-0026]   Complete 70000 origin guides.
[INFO DRT-0026]   Complete 80000 origin guides.
[INFO DRT-0026]   Complete 90000 origin guides.
[INFO DRT-0027]   Complete 100000 origin guides.
[INFO DRT-0028]   Complete FR_MASTERSLICE.
[INFO DRT-0028]   Complete licon.
[INFO DRT-0028]   Complete li1.
[INFO DRT-0028]   Complete mcon.
[INFO DRT-0028]   Complete met1.
[INFO DRT-0028]   Complete via.
[INFO DRT-0028]   Complete met2.
[INFO DRT-0028]   Complete via2.
[INFO DRT-0028]   Complete met3.
[INFO DRT-0028]   Complete via3.
[INFO DRT-0028]   Complete met4.
[INFO DRT-0028]   Complete via4.
[INFO DRT-0028]   Complete met5.
  complete 10000 nets.
[INFO DRT-0178] Init guide query.
[INFO DRT-0029]   Complete 10000 nets (guide).
[INFO DRT-0035]   Complete FR_MASTERSLICE (guide).
[INFO DRT-0035]   Complete licon (guide).
[INFO DRT-0035]   Complete li1 (guide).
[INFO DRT-0035]   Complete mcon (guide).
[INFO DRT-0035]   Complete met1 (guide).
[INFO DRT-0035]   Complete via (guide).
[INFO DRT-0035]   Complete met2 (guide).
[INFO DRT-0035]   Complete via2 (guide).
[INFO DRT-0035]   Complete met3 (guide).
[INFO DRT-0035]   Complete via3 (guide).
[INFO DRT-0035]   Complete met4 (guide).
[INFO DRT-0035]   Complete via4 (guide).
[INFO DRT-0035]   Complete met5 (guide).
[INFO DRT-0036] FR_MASTERSLICE guide region query size = 0.
[INFO DRT-0036] licon guide region query size = 0.
[INFO DRT-0036] li1 guide region query size = 35834.
[INFO DRT-0036] mcon guide region query size = 0.
[INFO DRT-0036] met1 guide region query size = 28935.
[INFO DRT-0036] via guide region query size = 0.
[INFO DRT-0036] met2 guide region query size = 15334.
[INFO DRT-0036] via2 guide region query size = 0.
[INFO DRT-0036] met3 guide region query size = 1713.
[INFO DRT-0036] via3 guide region query size = 0.
[INFO DRT-0036] met4 guide region query size = 685.
[INFO DRT-0036] via4 guide region query size = 0.
[INFO DRT-0036] met5 guide region query size = 3.
[INFO DRT-0179] Init gr pin query.
[INFO DRT-0245] skipped writing guide updates to database.
[INFO DRT-0185] Post process initialize RPin region query.
[INFO DRT-0181] Start track assignment.
[INFO DRT-0184] Done with 51853 vertical wires in 2 frboxes and 30651 horizontal wires in 2 frboxes.
[INFO DRT-0186] Done with 5462 vertical wires in 2 frboxes and 10228 horizontal wires in 2 frboxes.
[INFO DRT-0182] Complete track assignment.
[INFO DRT-0267] cpu time = 00:00:07, elapsed time = 00:00:04, memory = 417.33 (MB), peak = 465.00 (MB)
[INFO DRT-0187] Start routing data preparation.
[INFO DRT-0267] cpu time = 00:00:00, elapsed time = 00:00:00, memory = 417.33 (MB), peak = 465.00 (MB)
[INFO DRT-0194] Start detail routing.
[INFO DRT-0195] Start 0th optimization iteration.
    Completing 10% with 0 violations.
    elapsed time = 00:00:08, memory = 732.33 (MB).
    Completing 20% with 0 violations.
    elapsed time = 00:00:14, memory = 1072.44 (MB).
    Completing 30% with 1869 violations.
    elapsed time = 00:00:20, memory = 618.11 (MB).
    Completing 40% with 1869 violations.
    elapsed time = 00:00:27, memory = 882.16 (MB).
    Completing 50% with 1869 violations.
    elapsed time = 00:00:40, memory = 1180.26 (MB).
    Completing 60% with 3663 violations.
    elapsed time = 00:00:46, memory = 744.41 (MB).
    Completing 70% with 3663 violations.
    elapsed time = 00:00:52, memory = 987.28 (MB).
    Completing 80% with 5627 violations.
    elapsed time = 00:01:05, memory = 725.55 (MB).
    Completing 90% with 5627 violations.
    elapsed time = 00:01:16, memory = 967.88 (MB).
    Completing 100% with 7848 violations.
    elapsed time = 00:01:31, memory = 582.02 (MB).
[INFO DRT-0199]   Number of violations = 10199.
Viol/Layer         li1   mcon   met1    via   met2   met3   met4
Cut Spacing          0      3      0      0      0      0      0
Metal Spacing      104      0   1336      0    282     10      3
Min Hole             0      0      2      0      0      0      0
NS Metal             5      0      0      0      0      0      0
Recheck              0      0   1526      0    716     83     26
Short                0      0   5427      1    671      4      0
[INFO DRT-0267] cpu time = 00:05:44, elapsed time = 00:01:32, memory = 773.77 (MB), peak = 1211.26 (MB)
Total wire length = 514404 um.
Total wire length on LAYER li1 = 0 um.
Total wire length on LAYER met1 = 216611 um.
Total wire length on LAYER met2 = 217620 um.
Total wire length on LAYER met3 = 42447 um.
Total wire length on LAYER met4 = 37662 um.
Total wire length on LAYER met5 = 62 um.
Total number of vias = 94580.
Up-via summary (total 94580):.

------------------------
 FR_MASTERSLICE        0
            li1    42639
           met1    48056
           met2     2747
           met3     1134
           met4        4
------------------------
                   94580


[INFO DRT-0195] Start 1st optimization iteration.
    Completing 10% with 10199 violations.
    elapsed time = 00:00:05, memory = 1061.60 (MB).
    Completing 20% with 10199 violations.
    elapsed time = 00:00:12, memory = 1347.22 (MB).
    Completing 30% with 8995 violations.
    elapsed time = 00:00:25, memory = 914.99 (MB).
    Completing 40% with 8995 violations.
    elapsed time = 00:00:31, memory = 1165.11 (MB).
    Completing 50% with 8995 violations.
    elapsed time = 00:00:43, memory = 1373.03 (MB).
    Completing 60% with 7958 violations.
    elapsed time = 00:00:54, memory = 1128.90 (MB).
    Completing 70% with 7958 violations.
    elapsed time = 00:01:02, memory = 1384.48 (MB).
    Completing 80% with 6652 violations.
    elapsed time = 00:01:10, memory = 963.63 (MB).
    Completing 90% with 6652 violations.
    elapsed time = 00:01:18, memory = 1261.76 (MB).
    Completing 100% with 5386 violations.
    elapsed time = 00:01:31, memory = 904.83 (MB).
[INFO DRT-0199]   Number of violations = 6172.
Viol/Layer        mcon   met1    via   met2   met3   met4
Cut Spacing          1      0      1      0      0      0
Metal Spacing        0    772      0    120      0      3
Min Hole             0      1      0      0      0      0
Recheck              0      0      0      0    786      0
Short                0   4190      0    293      2      3
[INFO DRT-0267] cpu time = 00:05:21, elapsed time = 00:01:32, memory = 825.12 (MB), peak = 1433.60 (MB)
Total wire length = 510920 um.
Total wire length on LAYER li1 = 0 um.
Total wire length on LAYER met1 = 215428 um.
Total wire length on LAYER met2 = 215948 um.
Total wire length on LAYER met3 = 42174 um.
Total wire length on LAYER met4 = 37312 um.
Total wire length on LAYER met5 = 57 um.
Total number of vias = 94132.
Up-via summary (total 94132):.

------------------------
 FR_MASTERSLICE        0
            li1    42625
           met1    47628
           met2     2748
           met3     1127
           met4        4
------------------------
                   94132


[INFO DRT-0195] Start 2nd optimization iteration.
    Completing 10% with 6172 violations.
    elapsed time = 00:00:04, memory = 1011.88 (MB).
    Completing 20% with 6172 violations.
    elapsed time = 00:00:12, memory = 1313.00 (MB).
    Completing 30% with 5984 violations.
    elapsed time = 00:00:29, memory = 855.66 (MB).
    Completing 40% with 5984 violations.
    elapsed time = 00:00:36, memory = 1130.41 (MB).
    Completing 50% with 5984 violations.
    elapsed time = 00:00:49, memory = 1327.64 (MB).
    Completing 60% with 5928 violations.
    elapsed time = 00:00:57, memory = 1063.44 (MB).
    Completing 70% with 5928 violations.
    elapsed time = 00:01:09, memory = 1351.07 (MB).
    Completing 80% with 5642 violations.
    elapsed time = 00:01:17, memory = 989.41 (MB).
    Completing 90% with 5642 violations.
    elapsed time = 00:01:24, memory = 1238.91 (MB).
    Completing 100% with 5072 violations.
    elapsed time = 00:01:31, memory = 720.52 (MB).
[INFO DRT-0199]   Number of violations = 5377.
Viol/Layer        mcon   met1   met2   met3   met4
Cut Spacing          2      0      0      0      0
Metal Spacing        0    688    124      2      0
Recheck              0      0      0    255     50
Short                0   3976    276      1      3
[INFO DRT-0267] cpu time = 00:05:27, elapsed time = 00:01:31, memory = 778.39 (MB), peak = 1433.60 (MB)
Total wire length = 509755 um.
Total wire length on LAYER li1 = 0 um.
Total wire length on LAYER met1 = 214555 um.
Total wire length on LAYER met2 = 215467 um.
Total wire length on LAYER met3 = 42313 um.
Total wire length on LAYER met4 = 37388 um.
Total wire length on LAYER met5 = 30 um.
Total number of vias = 93833.
Up-via summary (total 93833):.

------------------------
 FR_MASTERSLICE        0
            li1    42625
           met1    47380
           met2     2721
           met3     1105
           met4        2
------------------------
                   93833


[INFO DRT-0195] Start 3rd optimization iteration.
    Completing 10% with 5377 violations.
    elapsed time = 00:00:08, memory = 981.02 (MB).
    Completing 20% with 5377 violations.
    elapsed time = 00:00:12, memory = 1169.75 (MB).
    Completing 30% with 4418 violations.
    elapsed time = 00:00:24, memory = 833.02 (MB).
    Completing 40% with 4418 violations.
    elapsed time = 00:00:30, memory = 1112.53 (MB).
    Completing 50% with 4418 violations.
    elapsed time = 00:00:38, memory = 1357.44 (MB).
    Completing 60% with 3207 violations.
    elapsed time = 00:00:49, memory = 1000.42 (MB).
    Completing 70% with 3207 violations.
    elapsed time = 00:00:53, memory = 1185.18 (MB).
    Completing 80% with 2164 violations.
    elapsed time = 00:01:04, memory = 882.14 (MB).
    Completing 90% with 2164 violations.
    elapsed time = 00:01:11, memory = 1201.89 (MB).
    Completing 100% with 746 violations.
    elapsed time = 00:01:35, memory = 729.24 (MB).
[INFO DRT-0199]   Number of violations = 746.
Viol/Layer        mcon   met1   met2   met3
Cut Spacing          3      0      0      0
Metal Spacing        0    210     27      1
Short                0    471     34      0
[INFO DRT-0267] cpu time = 00:05:06, elapsed time = 00:01:36, memory = 753.99 (MB), peak = 1436.50 (MB)
Total wire length = 509146 um.
Total wire length on LAYER li1 = 0 um.
Total wire length on LAYER met1 = 202618 um.
Total wire length on LAYER met2 = 215962 um.
Total wire length on LAYER met3 = 53129 um.
Total wire length on LAYER met4 = 37405 um.
Total wire length on LAYER met5 = 30 um.
Total number of vias = 96108.
Up-via summary (total 96108):.

------------------------
 FR_MASTERSLICE        0
            li1    42625
           met1    48206
           met2     4146
           met3     1129
           met4        2
------------------------
                   96108


[INFO DRT-0195] Start 4th optimization iteration.
    Completing 10% with 746 violations.
    elapsed time = 00:00:00, memory = 874.24 (MB).
    Completing 20% with 746 violations.
    elapsed time = 00:00:01, memory = 1056.12 (MB).
    Completing 30% with 634 violations.
    elapsed time = 00:00:03, memory = 730.10 (MB).
    Completing 40% with 634 violations.
    elapsed time = 00:00:03, memory = 856.23 (MB).
    Completing 50% with 634 violations.
    elapsed time = 00:00:05, memory = 1113.60 (MB).
    Completing 60% with 451 violations.
    elapsed time = 00:00:09, memory = 875.92 (MB).
    Completing 70% with 451 violations.
    elapsed time = 00:00:10, memory = 990.04 (MB).
    Completing 80% with 229 violations.
    elapsed time = 00:00:16, memory = 742.92 (MB).
    Completing 90% with 229 violations.
    elapsed time = 00:00:17, memory = 1022.92 (MB).
    Completing 100% with 57 violations.
    elapsed time = 00:00:25, memory = 729.20 (MB).
[INFO DRT-0199]   Number of violations = 57.
Viol/Layer        mcon   met1
Cut Spacing          1      0
Metal Spacing        0     27
Min Hole             0      1
Short                0     28
[INFO DRT-0267] cpu time = 00:01:12, elapsed time = 00:00:25, memory = 733.08 (MB), peak = 1436.50 (MB)
Total wire length = 509088 um.
Total wire length on LAYER li1 = 0 um.
Total wire length on LAYER met1 = 201812 um.
Total wire length on LAYER met2 = 215823 um.
Total wire length on LAYER met3 = 53939 um.
Total wire length on LAYER met4 = 37483 um.
Total wire length on LAYER met5 = 30 um.
Total number of vias = 96137.
Up-via summary (total 96137):.

------------------------
 FR_MASTERSLICE        0
            li1    42625
           met1    48194
           met2     4184
           met3     1132
           met4        2
------------------------
                   96137


[INFO DRT-0195] Start 5th optimization iteration.
    Completing 10% with 57 violations.
    elapsed time = 00:00:00, memory = 733.08 (MB).
    Completing 20% with 57 violations.
    elapsed time = 00:00:00, memory = 733.08 (MB).
    Completing 30% with 57 violations.
    elapsed time = 00:00:04, memory = 732.62 (MB).
    Completing 40% with 57 violations.
    elapsed time = 00:00:04, memory = 732.62 (MB).
    Completing 50% with 57 violations.
    elapsed time = 00:00:06, memory = 894.00 (MB).
    Completing 60% with 46 violations.
    elapsed time = 00:00:06, memory = 776.45 (MB).
    Completing 70% with 46 violations.
    elapsed time = 00:00:06, memory = 776.45 (MB).
    Completing 80% with 40 violations.
    elapsed time = 00:00:07, memory = 827.95 (MB).
    Completing 90% with 40 violations.
    elapsed time = 00:00:07, memory = 827.95 (MB).
    Completing 100% with 27 violations.
    elapsed time = 00:00:11, memory = 822.80 (MB).
[INFO DRT-0199]   Number of violations = 27.
Viol/Layer        met1   met2
Metal Spacing        6      3
Short               18      0
[INFO DRT-0267] cpu time = 00:00:16, elapsed time = 00:00:11, memory = 822.80 (MB), peak = 1436.50 (MB)
Total wire length = 509070 um.
Total wire length on LAYER li1 = 0 um.
Total wire length on LAYER met1 = 201790 um.
Total wire length on LAYER met2 = 215771 um.
Total wire length on LAYER met3 = 53952 um.
Total wire length on LAYER met4 = 37525 um.
Total wire length on LAYER met5 = 30 um.
Total number of vias = 96123.
Up-via summary (total 96123):.

------------------------
 FR_MASTERSLICE        0
            li1    42625
           met1    48181
           met2     4181
           met3     1134
           met4        2
------------------------
                   96123


[INFO DRT-0195] Start 6th optimization iteration.
    Completing 10% with 27 violations.
    elapsed time = 00:00:00, memory = 822.80 (MB).
    Completing 20% with 27 violations.
    elapsed time = 00:00:00, memory = 822.80 (MB).
    Completing 30% with 20 violations.
    elapsed time = 00:00:04, memory = 822.80 (MB).
    Completing 40% with 20 violations.
    elapsed time = 00:00:04, memory = 822.80 (MB).
    Completing 50% with 20 violations.
    elapsed time = 00:00:04, memory = 863.30 (MB).
    Completing 60% with 17 violations.
    elapsed time = 00:00:05, memory = 863.30 (MB).
    Completing 70% with 17 violations.
    elapsed time = 00:00:05, memory = 863.30 (MB).
    Completing 80% with 17 violations.
    elapsed time = 00:00:05, memory = 863.30 (MB).
    Completing 90% with 17 violations.
    elapsed time = 00:00:05, memory = 863.30 (MB).
    Completing 100% with 17 violations.
    elapsed time = 00:00:09, memory = 815.47 (MB).
[INFO DRT-0199]   Number of violations = 17.
Viol/Layer        met1
Metal Spacing        4
Short               13
[INFO DRT-0267] cpu time = 00:00:10, elapsed time = 00:00:09, memory = 815.47 (MB), peak = 1436.50 (MB)
Total wire length = 509079 um.
Total wire length on LAYER li1 = 0 um.
Total wire length on LAYER met1 = 201736 um.
Total wire length on LAYER met2 = 215790 um.
Total wire length on LAYER met3 = 54016 um.
Total wire length on LAYER met4 = 37505 um.
Total wire length on LAYER met5 = 30 um.
Total number of vias = 96135.
Up-via summary (total 96135):.

------------------------
 FR_MASTERSLICE        0
            li1    42625
           met1    48191
           met2     4185
           met3     1132
           met4        2
------------------------
                   96135


[INFO DRT-0195] Start 7th optimization iteration.
    Completing 10% with 17 violations.
    elapsed time = 00:00:00, memory = 815.47 (MB).
    Completing 20% with 17 violations.
    elapsed time = 00:00:00, memory = 815.47 (MB).
    Completing 30% with 13 violations.
    elapsed time = 00:00:00, memory = 824.97 (MB).
    Completing 40% with 13 violations.
    elapsed time = 00:00:00, memory = 824.97 (MB).
    Completing 50% with 13 violations.
    elapsed time = 00:00:00, memory = 824.97 (MB).
    Completing 60% with 13 violations.
    elapsed time = 00:00:00, memory = 824.97 (MB).
    Completing 70% with 13 violations.
    elapsed time = 00:00:00, memory = 824.97 (MB).
    Completing 80% with 3 violations.
    elapsed time = 00:00:04, memory = 836.60 (MB).
    Completing 90% with 3 violations.
    elapsed time = 00:00:04, memory = 836.60 (MB).
    Completing 100% with 3 violations.
    elapsed time = 00:00:04, memory = 836.60 (MB).
[INFO DRT-0199]   Number of violations = 3.
Viol/Layer        met1
Metal Spacing        3
[INFO DRT-0267] cpu time = 00:00:05, elapsed time = 00:00:04, memory = 836.60 (MB), peak = 1436.50 (MB)
Total wire length = 509066 um.
Total wire length on LAYER li1 = 0 um.
Total wire length on LAYER met1 = 201748 um.
Total wire length on LAYER met2 = 215797 um.
Total wire length on LAYER met3 = 53996 um.
Total wire length on LAYER met4 = 37492 um.
Total wire length on LAYER met5 = 30 um.
Total number of vias = 96130.
Up-via summary (total 96130):.

------------------------
 FR_MASTERSLICE        0
            li1    42625
           met1    48187
           met2     4184
           met3     1132
           met4        2
------------------------
                   96130


[INFO DRT-0195] Start 8th optimization iteration.
    Completing 10% with 3 violations.
    elapsed time = 00:00:00, memory = 836.60 (MB).
    Completing 20% with 3 violations.
    elapsed time = 00:00:00, memory = 836.60 (MB).
    Completing 30% with 3 violations.
    elapsed time = 00:00:00, memory = 836.60 (MB).
    Completing 40% with 3 violations.
    elapsed time = 00:00:00, memory = 836.60 (MB).
    Completing 50% with 3 violations.
    elapsed time = 00:00:00, memory = 836.60 (MB).
    Completing 60% with 3 violations.
    elapsed time = 00:00:00, memory = 836.60 (MB).
    Completing 70% with 3 violations.
    elapsed time = 00:00:00, memory = 836.60 (MB).
    Completing 80% with 0 violations.
    elapsed time = 00:00:00, memory = 836.60 (MB).
    Completing 90% with 0 violations.
    elapsed time = 00:00:00, memory = 836.60 (MB).
    Completing 100% with 0 violations.
    elapsed time = 00:00:00, memory = 836.60 (MB).
[INFO DRT-0199]   Number of violations = 0.
[INFO DRT-0267] cpu time = 00:00:00, elapsed time = 00:00:00, memory = 836.60 (MB), peak = 1436.50 (MB)
Total wire length = 509065 um.
Total wire length on LAYER li1 = 0 um.
Total wire length on LAYER met1 = 201747 um.
Total wire length on LAYER met2 = 215798 um.
Total wire length on LAYER met3 = 53996 um.
Total wire length on LAYER met4 = 37492 um.
Total wire length on LAYER met5 = 30 um.
Total number of vias = 96129.
Up-via summary (total 96129):.

------------------------
 FR_MASTERSLICE        0
            li1    42625
           met1    48186
           met2     4184
           met3     1132
           met4        2
------------------------
                   96129


[INFO DRT-0198] Complete detail routing.
Total wire length = 509065 um.
Total wire length on LAYER li1 = 0 um.
Total wire length on LAYER met1 = 201747 um.
Total wire length on LAYER met2 = 215798 um.
Total wire length on LAYER met3 = 53996 um.
Total wire length on LAYER met4 = 37492 um.
Total wire length on LAYER met5 = 30 um.
Total number of vias = 96129.
Up-via summary (total 96129):.

------------------------
 FR_MASTERSLICE        0
            li1    42625
           met1    48186
           met2     4184
           met3     1132
           met4        2
------------------------
                   96129


[INFO DRT-0267] cpu time = 00:23:26, elapsed time = 00:07:04, memory = 836.60 (MB), peak = 1436.50 (MB)

[INFO DRT-0180] Post processing.
Setting global connections for newly added cells…
Writing OpenROAD database to '/openlane/designs/my_processor/runs/RUN_CLEAN/results/routing/pipelined_processor.odb'…
Writing netlist to '/openlane/designs/my_processor/runs/RUN_CLEAN/results/routing/pipelined_processor.nl.v'…
Writing powered netlist to '/openlane/designs/my_processor/runs/RUN_CLEAN/results/routing/pipelined_processor.pnl.v'…
Writing layout to '/openlane/designs/my_processor/runs/RUN_CLEAN/results/routing/pipelined_processor.def'…
