OpenROAD 41a51eaf4ca2171c92ff38afb91eb37bbd3f36da 
This program is licensed under the BSD-3 license. See the LICENSE file for details.
Components of this program may be licensed under more restrictive licenses which must be honored.
[INFO]: Reading ODB at '/openlane/designs/my_processor/runs/RUN_2026.05.08_09.09.10/results/floorplan/pipelined_processor.odb'…
define_corners Typical
read_liberty -corner Typical /home/kushagra/.ciel/sky130A/libs.ref/sky130_fd_sc_hd/lib/sky130_fd_sc_hd__tt_025C_1v80.lib
Using 1e-12 for capacitance...
Using 1e+03 for resistance...
Using 1e-09 for time...
Using 1e+00 for voltage...
Using 1e-03 for current...
Using 1e-09 for power...
Using 1e-06 for distance...
Reading design constraints file at '/openlane/designs/my_processor/runs/RUN_2026.05.08_09.09.10/tmp/floorplan/3-initial_fp.sdc'…
[INFO]: Setting RC values...
[INFO]: Setting signal min routing layer to: met1 and clock min routing layer to met3. 
[INFO]: Setting signal max routing layer to: met5 and clock max routing layer to met5. 
[INFO GPL-0002] DBU: 1000
[INFO GPL-0003] SiteSize: 460 2720
[INFO GPL-0004] CoreAreaLxLy: 5520 10880
[INFO GPL-0005] CoreAreaUxUy: 638020 641920
[INFO GPL-0006] NumInstances: 15989
[INFO GPL-0007] NumPlaceInstances: 9909
[INFO GPL-0008] NumFixedInstances: 6080
[INFO GPL-0009] NumDummyInstances: 0
[INFO GPL-0010] NumNets: 9941
[INFO GPL-0011] NumPins: 32263
[INFO GPL-0012] DieAreaLxLy: 0 0
[INFO GPL-0013] DieAreaUxUy: 643540 654260
[INFO GPL-0014] CoreAreaLxLy: 5520 10880
[INFO GPL-0015] CoreAreaUxUy: 638020 641920
[INFO GPL-0016] CoreArea: 399132800000
[INFO GPL-0017] NonPlaceInstsArea: 8768409600
[INFO GPL-0018] PlaceInstsArea: 100014672000
[INFO GPL-0019] Util(%): 25.62
[INFO GPL-0020] StdInstsArea: 100014672000
[INFO GPL-0021] MacroInstsArea: 0
[InitialPlace]  Iter: 1 CG residual: 0.00013053 HPWL: 134825750
[InitialPlace]  Iter: 2 CG residual: 0.00012580 HPWL: 129472077
[InitialPlace]  Iter: 3 CG residual: 0.00004536 HPWL: 130242132
[InitialPlace]  Iter: 4 CG residual: 0.00006129 HPWL: 130584952
[InitialPlace]  Iter: 5 CG residual: 0.00005070 HPWL: 130552848
[InitialPlace]  Iter: 6 CG residual: 0.00005218 HPWL: 130706877
[InitialPlace]  Iter: 7 CG residual: 0.00004442 HPWL: 130626827
[InitialPlace]  Iter: 8 CG residual: 0.00005130 HPWL: 130750366
[InitialPlace]  Iter: 9 CG residual: 0.00003339 HPWL: 130642510
[InitialPlace]  Iter: 10 CG residual: 0.00013378 HPWL: 130764983
[InitialPlace]  Iter: 11 CG residual: 0.00008746 HPWL: 130658150
[InitialPlace]  Iter: 12 CG residual: 0.00002713 HPWL: 130767757
[InitialPlace]  Iter: 13 CG residual: 0.00002432 HPWL: 130666299
[InitialPlace]  Iter: 14 CG residual: 0.00003400 HPWL: 130765616
[InitialPlace]  Iter: 15 CG residual: 0.00001521 HPWL: 130667292
[InitialPlace]  Iter: 16 CG residual: 0.00002200 HPWL: 130775705
[InitialPlace]  Iter: 17 CG residual: 0.00001634 HPWL: 130668214
[InitialPlace]  Iter: 18 CG residual: 0.00001589 HPWL: 130767075
[InitialPlace]  Iter: 19 CG residual: 0.00001268 HPWL: 130681997
[InitialPlace]  Iter: 20 CG residual: 0.00001254 HPWL: 130777763
[INFO GPL-0031] FillerInit: NumGCells: 17660
[INFO GPL-0032] FillerInit: NumGNets: 9941
[INFO GPL-0033] FillerInit: NumGPins: 32263
[INFO GPL-0023] TargetDensity: 0.45
[INFO GPL-0024] AveragePlaceInstArea: 10093316
[INFO GPL-0025] IdealBinArea: 22429592
[INFO GPL-0026] IdealBinCnt: 17794
[INFO GPL-0027] TotalBinArea: 399132800000
[INFO GPL-0028] BinCnt: 128 128
[INFO GPL-0029] BinSize: 4942 4930
[INFO GPL-0030] NumBins: 16384
[NesterovSolve] Iter: 1 overflow: 0.985765 HPWL: 68047541
[NesterovSolve] Iter: 10 overflow: 0.968302 HPWL: 92898308
[NesterovSolve] Iter: 20 overflow: 0.965762 HPWL: 95325801
[NesterovSolve] Iter: 30 overflow: 0.964548 HPWL: 96321773
[NesterovSolve] Iter: 40 overflow: 0.963713 HPWL: 96230783
[NesterovSolve] Iter: 50 overflow: 0.963503 HPWL: 96064916
[NesterovSolve] Iter: 60 overflow: 0.963025 HPWL: 96178570
[NesterovSolve] Iter: 70 overflow: 0.962037 HPWL: 96358472
[NesterovSolve] Iter: 80 overflow: 0.961674 HPWL: 96570423
[NesterovSolve] Iter: 90 overflow: 0.961498 HPWL: 96771046
[NesterovSolve] Iter: 100 overflow: 0.961266 HPWL: 96985706
[NesterovSolve] Iter: 110 overflow: 0.961398 HPWL: 97340598
[NesterovSolve] Iter: 120 overflow: 0.961267 HPWL: 97906345
[NesterovSolve] Iter: 130 overflow: 0.960934 HPWL: 98807062
[NesterovSolve] Iter: 140 overflow: 0.959945 HPWL: 100384907
[NesterovSolve] Iter: 150 overflow: 0.958416 HPWL: 102841223
[NesterovSolve] Iter: 160 overflow: 0.957026 HPWL: 106183715
[NesterovSolve] Iter: 170 overflow: 0.954821 HPWL: 110735125
[NesterovSolve] Iter: 180 overflow: 0.951224 HPWL: 116828325
[NesterovSolve] Iter: 190 overflow: 0.946009 HPWL: 124919651
[NesterovSolve] Iter: 200 overflow: 0.939037 HPWL: 134888591
[NesterovSolve] Iter: 210 overflow: 0.929307 HPWL: 146604581
[NesterovSolve] Iter: 220 overflow: 0.915467 HPWL: 159487686
[NesterovSolve] Iter: 230 overflow: 0.899086 HPWL: 173654648
[NesterovSolve] Iter: 240 overflow: 0.879215 HPWL: 191337680
[NesterovSolve] Iter: 250 overflow: 0.852702 HPWL: 211366042
[NesterovSolve] Iter: 260 overflow: 0.822582 HPWL: 228567171
[NesterovSolve] Iter: 270 overflow: 0.788922 HPWL: 246907531
[INFO GPL-0100] worst slack 9.12e-09
[INFO GPL-0103] Weighted 993 nets.
[NesterovSolve] Iter: 280 overflow: 0.754341 HPWL: 265296902
[NesterovSolve] Iter: 290 overflow: 0.711467 HPWL: 285645510
[NesterovSolve] Iter: 300 overflow: 0.667052 HPWL: 301374188
[INFO GPL-0100] worst slack 9.03e-09
[INFO GPL-0103] Weighted 993 nets.
[NesterovSolve] Iter: 310 overflow: 0.618953 HPWL: 316318055
[NesterovSolve] Snapshot saved at iter = 313
[NesterovSolve] Iter: 320 overflow: 0.56535 HPWL: 330417414
[NesterovSolve] Iter: 330 overflow: 0.512194 HPWL: 343944643
[INFO GPL-0100] worst slack 9.03e-09
[INFO GPL-0103] Weighted 993 nets.
[NesterovSolve] Iter: 340 overflow: 0.46219 HPWL: 354439775
[NesterovSolve] Iter: 350 overflow: 0.409995 HPWL: 362383577
[NesterovSolve] Iter: 360 overflow: 0.365683 HPWL: 369558193
[NesterovSolve] Iter: 370 overflow: 0.326422 HPWL: 374142014
[NesterovSolve] Iter: 380 overflow: 0.294071 HPWL: 377068904
[INFO GPL-0100] worst slack 9.04e-09
[INFO GPL-0103] Weighted 993 nets.
[NesterovSolve] Iter: 390 overflow: 0.262435 HPWL: 379341921
[NesterovSolve] Iter: 400 overflow: 0.232799 HPWL: 381334613
[NesterovSolve] Iter: 410 overflow: 0.206914 HPWL: 382707150
[INFO GPL-0100] worst slack 9.05e-09
[INFO GPL-0103] Weighted 992 nets.
[INFO GPL-0075] Routability numCall: 1 inflationIterCnt: 1 bloatIterCnt: 0
[INFO GPL-0036] TileLxLy: 0 0
[INFO GPL-0037] TileSize: 6900 6900
[INFO GPL-0038] TileCnt: 93 94
[INFO GPL-0039] numRoutingLayers: 6
[INFO GPL-0040] NumTiles: 8742
[INFO GPL-0063] TotalRouteOverflowH2: 0.6499999761581421
[INFO GPL-0064] TotalRouteOverflowV2: 0.7000002861022949
[INFO GPL-0065] OverflowTileCnt2: 15
[INFO GPL-0066] 0.5%RC: 1.0082352974835564
[INFO GPL-0067] 1.0%RC: 1.0041176487417782
[INFO GPL-0068] 2.0%RC: 1.0020648975991218
[INFO GPL-0069] 5.0%RC: 1.0008264466187748
[INFO GPL-0070] 0.5rcK: 1.0
[INFO GPL-0071] 1.0rcK: 1.0
[INFO GPL-0072] 2.0rcK: 0.0
[INFO GPL-0073] 5.0rcK: 0.0
[INFO GPL-0074] FinalRC: 1.0061765
[NesterovSolve] Iter: 420 overflow: 0.183598 HPWL: 384019833
[NesterovSolve] Iter: 430 overflow: 0.162079 HPWL: 385061033
[INFO GPL-0100] worst slack 9.05e-09
[INFO GPL-0103] Weighted 993 nets.
[NesterovSolve] Iter: 440 overflow: 0.143067 HPWL: 386181792
[NesterovSolve] Iter: 450 overflow: 0.126242 HPWL: 387024490
[NesterovSolve] Iter: 460 overflow: 0.111352 HPWL: 388029947
[NesterovSolve] Iter: 470 overflow: 0.0988452 HPWL: 388660787
[NesterovSolve] Finished with Overflow: 0.098845
Setting global connections for newly added cells…
Writing OpenROAD database to '/openlane/designs/my_processor/runs/RUN_2026.05.08_09.09.10/tmp/placement/7-global.odb'…
Writing netlist to '/openlane/designs/my_processor/runs/RUN_2026.05.08_09.09.10/tmp/placement/7-global.nl.v'…
Writing powered netlist to '/openlane/designs/my_processor/runs/RUN_2026.05.08_09.09.10/tmp/placement/7-global.pnl.v'…
Writing layout to '/openlane/designs/my_processor/runs/RUN_2026.05.08_09.09.10/tmp/placement/7-global.def'…
