
Magic 8.3 revision 413 - Compiled on Wed Jul 12 10:04:40 UTC 2023.
Starting magic under Tcl interpreter
Using the terminal as the console.
Using NULL graphics device.
Processing system .magicrc file
Sourcing design .magicrc for technology sky130A ...
2 Magic internal units = 1 Lambda
Input style sky130(): scaleFactor=2, multiplier=2
The following types are not handled by extraction and will be treated as non-electrical types:
    ubm 
Scaled tech values by 2 / 1 to match internal grid scaling
Loading sky130A Device Generator Menu ...
Using technology "sky130A", version 1.0.493-0-g0fe599b
Reading LEF data from file /home/kushagra/.ciel/sky130A/libs.ref/sky130_fd_sc_hd/techlef/sky130_fd_sc_hd__nom.tlef.
This action cannot be undone.
LEF read, Line 82 (Message): Unknown keyword "ANTENNAMODEL" in LEF file; ignoring.
LEF read, Line 83 (Message): Unknown keyword "ANTENNADIFFSIDEAREARATIO" in LEF file; ignoring.
LEF read, Line 116 (Message): Unknown keyword "MINENCLOSEDAREA" in LEF file; ignoring.
LEF read, Line 118 (Message): Unknown keyword "ANTENNAMODEL" in LEF file; ignoring.
LEF read, Line 119 (Message): Unknown keyword "ANTENNADIFFSIDEAREARATIO" in LEF file; ignoring.
LEF read, Line 125 (Message): Unknown keyword "MAXIMUMDENSITY" in LEF file; ignoring.
LEF read, Line 126 (Message): Unknown keyword "DENSITYCHECKWINDOW" in LEF file; ignoring.
LEF read, Line 127 (Message): Unknown keyword "DENSITYCHECKSTEP" in LEF file; ignoring.
LEF read, Line 160 (Message): Unknown keyword "MINENCLOSEDAREA" in LEF file; ignoring.
LEF read, Line 168 (Message): Unknown keyword "ANTENNAMODEL" in LEF file; ignoring.
LEF read, Line 169 (Message): Unknown keyword "ANTENNADIFFSIDEAREARATIO" in LEF file; ignoring.
LEF read, Line 171 (Message): Unknown keyword "MAXIMUMDENSITY" in LEF file; ignoring.
LEF read, Line 172 (Message): Unknown keyword "DENSITYCHECKWINDOW" in LEF file; ignoring.
LEF read, Line 173 (Message): Unknown keyword "DENSITYCHECKSTEP" in LEF file; ignoring.
LEF read, Line 210 (Message): Unknown keyword "ANTENNAMODEL" in LEF file; ignoring.
LEF read, Line 211 (Message): Unknown keyword "ANTENNADIFFSIDEAREARATIO" in LEF file; ignoring.
LEF read, Line 213 (Message): Unknown keyword "MAXIMUMDENSITY" in LEF file; ignoring.
LEF read, Line 214 (Message): Unknown keyword "DENSITYCHECKWINDOW" in LEF file; ignoring.
LEF read, Line 215 (Message): Unknown keyword "DENSITYCHECKSTEP" in LEF file; ignoring.
LEF read, Line 252 (Message): Unknown keyword "ANTENNAMODEL" in LEF file; ignoring.
LEF read, Line 253 (Message): Unknown keyword "ANTENNADIFFSIDEAREARATIO" in LEF file; ignoring.
LEF read, Line 255 (Message): Unknown keyword "MAXIMUMDENSITY" in LEF file; ignoring.
LEF read, Line 256 (Message): Unknown keyword "DENSITYCHECKWINDOW" in LEF file; ignoring.
LEF read, Line 257 (Message): Unknown keyword "DENSITYCHECKSTEP" in LEF file; ignoring.
LEF read, Line 294 (Message): Unknown keyword "ANTENNAMODEL" in LEF file; ignoring.
LEF read, Line 295 (Message): Unknown keyword "ANTENNADIFFSIDEAREARATIO" in LEF file; ignoring.
LEF read: Processed 801 lines.
Reading DEF data from file /openlane/designs/my_processor/runs/RUN_CLEAN/results/routing/pipelined_processor.def.
This action cannot be undone.
  Processed 4 vias total.
Cell sky130_fd_sc_hd__diode_2 read from path /home/kushagra/.ciel/sky130A/libs.ref/sky130_fd_sc_hd/mag
Cell sky130_ef_sc_hd__decap_12 read from path /home/kushagra/.ciel/sky130A/libs.ref/sky130_fd_sc_hd/mag
Cell sky130_fd_sc_hd__decap_8 read from path /home/kushagra/.ciel/sky130A/libs.ref/sky130_fd_sc_hd/mag
Cell sky130_fd_sc_hd__decap_3 read from path /home/kushagra/.ciel/sky130A/libs.ref/sky130_fd_sc_hd/mag
Cell sky130_fd_sc_hd__decap_4 read from path /home/kushagra/.ciel/sky130A/libs.ref/sky130_fd_sc_hd/mag
Cell sky130_fd_sc_hd__fill_1 read from path /home/kushagra/.ciel/sky130A/libs.ref/sky130_fd_sc_hd/mag
Cell sky130_fd_sc_hd__fill_2 read from path /home/kushagra/.ciel/sky130A/libs.ref/sky130_fd_sc_hd/mag
Cell sky130_fd_sc_hd__decap_6 read from path /home/kushagra/.ciel/sky130A/libs.ref/sky130_fd_sc_hd/mag
Cell sky130_fd_sc_hd__tapvpwrvgnd_1 read from path /home/kushagra/.ciel/sky130A/libs.ref/sky130_fd_sc_hd/mag
Cell sky130_fd_sc_hd__buf_2 read from path /home/kushagra/.ciel/sky130A/libs.ref/sky130_fd_sc_hd/mag
Cell sky130_fd_sc_hd__clkbuf_4 read from path /home/kushagra/.ciel/sky130A/libs.ref/sky130_fd_sc_hd/mag
Cell sky130_fd_sc_hd__mux2_1 read from path /home/kushagra/.ciel/sky130A/libs.ref/sky130_fd_sc_hd/mag
Cell sky130_fd_sc_hd__and2b_1 read from path /home/kushagra/.ciel/sky130A/libs.ref/sky130_fd_sc_hd/mag
Cell sky130_fd_sc_hd__mux2_2 read from path /home/kushagra/.ciel/sky130A/libs.ref/sky130_fd_sc_hd/mag
Cell sky130_fd_sc_hd__nor2_1 read from path /home/kushagra/.ciel/sky130A/libs.ref/sky130_fd_sc_hd/mag
Cell sky130_fd_sc_hd__and3_1 read from path /home/kushagra/.ciel/sky130A/libs.ref/sky130_fd_sc_hd/mag
Cell sky130_fd_sc_hd__inv_2 read from path /home/kushagra/.ciel/sky130A/libs.ref/sky130_fd_sc_hd/mag
Cell sky130_fd_sc_hd__nand2_1 read from path /home/kushagra/.ciel/sky130A/libs.ref/sky130_fd_sc_hd/mag
Cell sky130_fd_sc_hd__o211a_1 read from path /home/kushagra/.ciel/sky130A/libs.ref/sky130_fd_sc_hd/mag
Cell sky130_fd_sc_hd__a31o_1 read from path /home/kushagra/.ciel/sky130A/libs.ref/sky130_fd_sc_hd/mag
Cell sky130_fd_sc_hd__or4_4 read from path /home/kushagra/.ciel/sky130A/libs.ref/sky130_fd_sc_hd/mag
Cell sky130_fd_sc_hd__or3b_1 read from path /home/kushagra/.ciel/sky130A/libs.ref/sky130_fd_sc_hd/mag
Cell sky130_fd_sc_hd__or2_1 read from path /home/kushagra/.ciel/sky130A/libs.ref/sky130_fd_sc_hd/mag
Cell sky130_fd_sc_hd__clkbuf_2 read from path /home/kushagra/.ciel/sky130A/libs.ref/sky130_fd_sc_hd/mag
Cell sky130_fd_sc_hd__xnor2_1 read from path /home/kushagra/.ciel/sky130A/libs.ref/sky130_fd_sc_hd/mag
Cell sky130_fd_sc_hd__a221o_1 read from path /home/kushagra/.ciel/sky130A/libs.ref/sky130_fd_sc_hd/mag
Cell sky130_fd_sc_hd__and4b_1 read from path /home/kushagra/.ciel/sky130A/libs.ref/sky130_fd_sc_hd/mag
Cell sky130_fd_sc_hd__a311o_4 read from path /home/kushagra/.ciel/sky130A/libs.ref/sky130_fd_sc_hd/mag
Cell sky130_fd_sc_hd__a211oi_1 read from path /home/kushagra/.ciel/sky130A/libs.ref/sky130_fd_sc_hd/mag
Cell sky130_fd_sc_hd__or2b_1 read from path /home/kushagra/.ciel/sky130A/libs.ref/sky130_fd_sc_hd/mag
Cell sky130_fd_sc_hd__clkbuf_1 read from path /home/kushagra/.ciel/sky130A/libs.ref/sky130_fd_sc_hd/mag
Cell sky130_fd_sc_hd__mux4_1 read from path /home/kushagra/.ciel/sky130A/libs.ref/sky130_fd_sc_hd/mag
Cell sky130_fd_sc_hd__buf_4 read from path /home/kushagra/.ciel/sky130A/libs.ref/sky130_fd_sc_hd/mag
Cell sky130_fd_sc_hd__mux2_4 read from path /home/kushagra/.ciel/sky130A/libs.ref/sky130_fd_sc_hd/mag
Cell sky130_fd_sc_hd__mux2_8 read from path /home/kushagra/.ciel/sky130A/libs.ref/sky130_fd_sc_hd/mag
Cell sky130_fd_sc_hd__dlymetal6s2s_1 read from path /home/kushagra/.ciel/sky130A/libs.ref/sky130_fd_sc_hd/mag
Cell sky130_fd_sc_hd__buf_1 read from path /home/kushagra/.ciel/sky130A/libs.ref/sky130_fd_sc_hd/mag
Cell sky130_fd_sc_hd__inv_4 read from path /home/kushagra/.ciel/sky130A/libs.ref/sky130_fd_sc_hd/mag
Cell sky130_fd_sc_hd__a21o_1 read from path /home/kushagra/.ciel/sky130A/libs.ref/sky130_fd_sc_hd/mag
Cell sky130_fd_sc_hd__and2_1 read from path /home/kushagra/.ciel/sky130A/libs.ref/sky130_fd_sc_hd/mag
Cell sky130_fd_sc_hd__o221a_1 read from path /home/kushagra/.ciel/sky130A/libs.ref/sky130_fd_sc_hd/mag
Cell sky130_fd_sc_hd__clkbuf_8 read from path /home/kushagra/.ciel/sky130A/libs.ref/sky130_fd_sc_hd/mag
Cell sky130_fd_sc_hd__o21ai_1 read from path /home/kushagra/.ciel/sky130A/libs.ref/sky130_fd_sc_hd/mag
Cell sky130_fd_sc_hd__o32a_1 read from path /home/kushagra/.ciel/sky130A/libs.ref/sky130_fd_sc_hd/mag
Cell sky130_fd_sc_hd__nor2_2 read from path /home/kushagra/.ciel/sky130A/libs.ref/sky130_fd_sc_hd/mag
Cell sky130_fd_sc_hd__a21o_2 read from path /home/kushagra/.ciel/sky130A/libs.ref/sky130_fd_sc_hd/mag
Cell sky130_fd_sc_hd__mux4_2 read from path /home/kushagra/.ciel/sky130A/libs.ref/sky130_fd_sc_hd/mag
Cell sky130_fd_sc_hd__nand2_4 read from path /home/kushagra/.ciel/sky130A/libs.ref/sky130_fd_sc_hd/mag
Cell sky130_fd_sc_hd__xnor2_4 read from path /home/kushagra/.ciel/sky130A/libs.ref/sky130_fd_sc_hd/mag
Cell sky130_fd_sc_hd__xor2_4 read from path /home/kushagra/.ciel/sky130A/libs.ref/sky130_fd_sc_hd/mag
Cell sky130_fd_sc_hd__o2bb2ai_2 read from path /home/kushagra/.ciel/sky130A/libs.ref/sky130_fd_sc_hd/mag
Cell sky130_fd_sc_hd__xnor2_2 read from path /home/kushagra/.ciel/sky130A/libs.ref/sky130_fd_sc_hd/mag
Cell sky130_fd_sc_hd__or2_2 read from path /home/kushagra/.ciel/sky130A/libs.ref/sky130_fd_sc_hd/mag
Cell sky130_fd_sc_hd__nand2_2 read from path /home/kushagra/.ciel/sky130A/libs.ref/sky130_fd_sc_hd/mag
Cell sky130_fd_sc_hd__nand2_8 read from path /home/kushagra/.ciel/sky130A/libs.ref/sky130_fd_sc_hd/mag
Cell sky130_fd_sc_hd__o22a_1 read from path /home/kushagra/.ciel/sky130A/libs.ref/sky130_fd_sc_hd/mag
Cell sky130_fd_sc_hd__a21bo_4 read from path /home/kushagra/.ciel/sky130A/libs.ref/sky130_fd_sc_hd/mag
Cell sky130_fd_sc_hd__and3_2 read from path /home/kushagra/.ciel/sky130A/libs.ref/sky130_fd_sc_hd/mag
Cell sky130_fd_sc_hd__a21oi_2 read from path /home/kushagra/.ciel/sky130A/libs.ref/sky130_fd_sc_hd/mag
Cell sky130_fd_sc_hd__or2_4 read from path /home/kushagra/.ciel/sky130A/libs.ref/sky130_fd_sc_hd/mag
Cell sky130_fd_sc_hd__nor2_4 read from path /home/kushagra/.ciel/sky130A/libs.ref/sky130_fd_sc_hd/mag
Cell sky130_fd_sc_hd__o21a_1 read from path /home/kushagra/.ciel/sky130A/libs.ref/sky130_fd_sc_hd/mag
Cell sky130_fd_sc_hd__a211o_1 read from path /home/kushagra/.ciel/sky130A/libs.ref/sky130_fd_sc_hd/mag
Cell sky130_fd_sc_hd__o31a_1 read from path /home/kushagra/.ciel/sky130A/libs.ref/sky130_fd_sc_hd/mag
Cell sky130_fd_sc_hd__o22a_2 read from path /home/kushagra/.ciel/sky130A/libs.ref/sky130_fd_sc_hd/mag
Cell sky130_fd_sc_hd__a22o_1 read from path /home/kushagra/.ciel/sky130A/libs.ref/sky130_fd_sc_hd/mag
Cell sky130_fd_sc_hd__or3_1 read from path /home/kushagra/.ciel/sky130A/libs.ref/sky130_fd_sc_hd/mag
Cell sky130_fd_sc_hd__or3b_4 read from path /home/kushagra/.ciel/sky130A/libs.ref/sky130_fd_sc_hd/mag
Cell sky130_fd_sc_hd__and3b_1 read from path /home/kushagra/.ciel/sky130A/libs.ref/sky130_fd_sc_hd/mag
Cell sky130_fd_sc_hd__clkinv_4 read from path /home/kushagra/.ciel/sky130A/libs.ref/sky130_fd_sc_hd/mag
Cell sky130_fd_sc_hd__nor3_1 read from path /home/kushagra/.ciel/sky130A/libs.ref/sky130_fd_sc_hd/mag
Cell sky130_fd_sc_hd__xor2_1 read from path /home/kushagra/.ciel/sky130A/libs.ref/sky130_fd_sc_hd/mag
Cell sky130_fd_sc_hd__a221oi_1 read from path /home/kushagra/.ciel/sky130A/libs.ref/sky130_fd_sc_hd/mag
Cell sky130_fd_sc_hd__o211a_2 read from path /home/kushagra/.ciel/sky130A/libs.ref/sky130_fd_sc_hd/mag
Cell sky130_fd_sc_hd__o221a_2 read from path /home/kushagra/.ciel/sky130A/libs.ref/sky130_fd_sc_hd/mag
Cell sky130_fd_sc_hd__and4_2 read from path /home/kushagra/.ciel/sky130A/libs.ref/sky130_fd_sc_hd/mag
Cell sky130_fd_sc_hd__a21oi_4 read from path /home/kushagra/.ciel/sky130A/libs.ref/sky130_fd_sc_hd/mag
Cell sky130_fd_sc_hd__nor2b_1 read from path /home/kushagra/.ciel/sky130A/libs.ref/sky130_fd_sc_hd/mag
Cell sky130_fd_sc_hd__and2_2 read from path /home/kushagra/.ciel/sky130A/libs.ref/sky130_fd_sc_hd/mag
Cell sky130_fd_sc_hd__and3b_2 read from path /home/kushagra/.ciel/sky130A/libs.ref/sky130_fd_sc_hd/mag
Cell sky130_fd_sc_hd__a2111o_4 read from path /home/kushagra/.ciel/sky130A/libs.ref/sky130_fd_sc_hd/mag
Cell sky130_fd_sc_hd__a2111oi_2 read from path /home/kushagra/.ciel/sky130A/libs.ref/sky130_fd_sc_hd/mag
Cell sky130_fd_sc_hd__a311oi_2 read from path /home/kushagra/.ciel/sky130A/libs.ref/sky130_fd_sc_hd/mag
Cell sky130_fd_sc_hd__nand3b_1 read from path /home/kushagra/.ciel/sky130A/libs.ref/sky130_fd_sc_hd/mag
Cell sky130_fd_sc_hd__o2bb2a_1 read from path /home/kushagra/.ciel/sky130A/libs.ref/sky130_fd_sc_hd/mag
Cell sky130_fd_sc_hd__a22oi_1 read from path /home/kushagra/.ciel/sky130A/libs.ref/sky130_fd_sc_hd/mag
Cell sky130_fd_sc_hd__a311oi_4 read from path /home/kushagra/.ciel/sky130A/libs.ref/sky130_fd_sc_hd/mag
Cell sky130_fd_sc_hd__nand3b_2 read from path /home/kushagra/.ciel/sky130A/libs.ref/sky130_fd_sc_hd/mag
Cell sky130_fd_sc_hd__or3_4 read from path /home/kushagra/.ciel/sky130A/libs.ref/sky130_fd_sc_hd/mag
Cell sky130_fd_sc_hd__nand4_1 read from path /home/kushagra/.ciel/sky130A/libs.ref/sky130_fd_sc_hd/mag
Cell sky130_fd_sc_hd__a2111oi_1 read from path /home/kushagra/.ciel/sky130A/libs.ref/sky130_fd_sc_hd/mag
Cell sky130_fd_sc_hd__a211o_2 read from path /home/kushagra/.ciel/sky130A/libs.ref/sky130_fd_sc_hd/mag
Cell sky130_fd_sc_hd__a2bb2o_1 read from path /home/kushagra/.ciel/sky130A/libs.ref/sky130_fd_sc_hd/mag
Cell sky130_fd_sc_hd__o22ai_1 read from path /home/kushagra/.ciel/sky130A/libs.ref/sky130_fd_sc_hd/mag
Cell sky130_fd_sc_hd__or4_1 read from path /home/kushagra/.ciel/sky130A/libs.ref/sky130_fd_sc_hd/mag
Cell sky130_fd_sc_hd__o21ai_2 read from path /home/kushagra/.ciel/sky130A/libs.ref/sky130_fd_sc_hd/mag
Cell sky130_fd_sc_hd__a21oi_1 read from path /home/kushagra/.ciel/sky130A/libs.ref/sky130_fd_sc_hd/mag
Cell sky130_fd_sc_hd__o21ba_1 read from path /home/kushagra/.ciel/sky130A/libs.ref/sky130_fd_sc_hd/mag
Cell sky130_fd_sc_hd__nor3b_4 read from path /home/kushagra/.ciel/sky130A/libs.ref/sky130_fd_sc_hd/mag
Cell sky130_fd_sc_hd__or3b_2 read from path /home/kushagra/.ciel/sky130A/libs.ref/sky130_fd_sc_hd/mag
Cell sky130_fd_sc_hd__o221ai_1 read from path /home/kushagra/.ciel/sky130A/libs.ref/sky130_fd_sc_hd/mag
Cell sky130_fd_sc_hd__or3_2 read from path /home/kushagra/.ciel/sky130A/libs.ref/sky130_fd_sc_hd/mag
Cell sky130_fd_sc_hd__o311a_1 read from path /home/kushagra/.ciel/sky130A/libs.ref/sky130_fd_sc_hd/mag
Cell sky130_fd_sc_hd__or4b_1 read from path /home/kushagra/.ciel/sky130A/libs.ref/sky130_fd_sc_hd/mag
Cell sky130_fd_sc_hd__nor4_1 read from path /home/kushagra/.ciel/sky130A/libs.ref/sky130_fd_sc_hd/mag
Cell sky130_fd_sc_hd__or4bb_1 read from path /home/kushagra/.ciel/sky130A/libs.ref/sky130_fd_sc_hd/mag
Cell sky130_fd_sc_hd__or4b_4 read from path /home/kushagra/.ciel/sky130A/libs.ref/sky130_fd_sc_hd/mag
Cell sky130_fd_sc_hd__and4bb_1 read from path /home/kushagra/.ciel/sky130A/libs.ref/sky130_fd_sc_hd/mag
Cell sky130_fd_sc_hd__and4_1 read from path /home/kushagra/.ciel/sky130A/libs.ref/sky130_fd_sc_hd/mag
Cell sky130_fd_sc_hd__or4_2 read from path /home/kushagra/.ciel/sky130A/libs.ref/sky130_fd_sc_hd/mag
Cell sky130_fd_sc_hd__o2111a_1 read from path /home/kushagra/.ciel/sky130A/libs.ref/sky130_fd_sc_hd/mag
Cell sky130_fd_sc_hd__nand4_2 read from path /home/kushagra/.ciel/sky130A/libs.ref/sky130_fd_sc_hd/mag
Cell sky130_fd_sc_hd__o21bai_4 read from path /home/kushagra/.ciel/sky130A/libs.ref/sky130_fd_sc_hd/mag
Cell sky130_fd_sc_hd__a32o_1 read from path /home/kushagra/.ciel/sky130A/libs.ref/sky130_fd_sc_hd/mag
Cell sky130_fd_sc_hd__nand3_1 read from path /home/kushagra/.ciel/sky130A/libs.ref/sky130_fd_sc_hd/mag
Cell sky130_fd_sc_hd__nand3_2 read from path /home/kushagra/.ciel/sky130A/libs.ref/sky130_fd_sc_hd/mag
Cell sky130_fd_sc_hd__a21bo_1 read from path /home/kushagra/.ciel/sky130A/libs.ref/sky130_fd_sc_hd/mag
Cell sky130_fd_sc_hd__a22oi_4 read from path /home/kushagra/.ciel/sky130A/libs.ref/sky130_fd_sc_hd/mag
Cell sky130_fd_sc_hd__xor2_2 read from path /home/kushagra/.ciel/sky130A/libs.ref/sky130_fd_sc_hd/mag
Cell sky130_fd_sc_hd__o31ai_1 read from path /home/kushagra/.ciel/sky130A/libs.ref/sky130_fd_sc_hd/mag
Cell sky130_fd_sc_hd__o2bb2a_2 read from path /home/kushagra/.ciel/sky130A/libs.ref/sky130_fd_sc_hd/mag
Cell sky130_fd_sc_hd__o2111ai_4 read from path /home/kushagra/.ciel/sky130A/libs.ref/sky130_fd_sc_hd/mag
Cell sky130_fd_sc_hd__o41a_1 read from path /home/kushagra/.ciel/sky130A/libs.ref/sky130_fd_sc_hd/mag
Cell sky130_fd_sc_hd__a311o_1 read from path /home/kushagra/.ciel/sky130A/libs.ref/sky130_fd_sc_hd/mag
Cell sky130_fd_sc_hd__a31oi_2 read from path /home/kushagra/.ciel/sky130A/libs.ref/sky130_fd_sc_hd/mag
Cell sky130_fd_sc_hd__a41o_1 read from path /home/kushagra/.ciel/sky130A/libs.ref/sky130_fd_sc_hd/mag
Cell sky130_fd_sc_hd__nor3b_1 read from path /home/kushagra/.ciel/sky130A/libs.ref/sky130_fd_sc_hd/mag
Cell sky130_fd_sc_hd__o32a_2 read from path /home/kushagra/.ciel/sky130A/libs.ref/sky130_fd_sc_hd/mag
Cell sky130_fd_sc_hd__o211ai_1 read from path /home/kushagra/.ciel/sky130A/libs.ref/sky130_fd_sc_hd/mag
Cell sky130_fd_sc_hd__o211ai_4 read from path /home/kushagra/.ciel/sky130A/libs.ref/sky130_fd_sc_hd/mag
Cell sky130_fd_sc_hd__a2111o_1 read from path /home/kushagra/.ciel/sky130A/libs.ref/sky130_fd_sc_hd/mag
Cell sky130_fd_sc_hd__a21boi_1 read from path /home/kushagra/.ciel/sky130A/libs.ref/sky130_fd_sc_hd/mag
Cell sky130_fd_sc_hd__or4b_2 read from path /home/kushagra/.ciel/sky130A/libs.ref/sky130_fd_sc_hd/mag
Cell sky130_fd_sc_hd__a221oi_2 read from path /home/kushagra/.ciel/sky130A/libs.ref/sky130_fd_sc_hd/mag
Cell sky130_fd_sc_hd__dfxtp_1 read from path /home/kushagra/.ciel/sky130A/libs.ref/sky130_fd_sc_hd/mag
Cell sky130_fd_sc_hd__dfxtp_2 read from path /home/kushagra/.ciel/sky130A/libs.ref/sky130_fd_sc_hd/mag
Cell sky130_fd_sc_hd__dfxtp_4 read from path /home/kushagra/.ciel/sky130A/libs.ref/sky130_fd_sc_hd/mag
Cell sky130_fd_sc_hd__clkbuf_16 read from path /home/kushagra/.ciel/sky130A/libs.ref/sky130_fd_sc_hd/mag
Cell sky130_fd_sc_hd__dlygate4sd3_1 read from path /home/kushagra/.ciel/sky130A/libs.ref/sky130_fd_sc_hd/mag
Cell sky130_fd_sc_hd__clkdlybuf4s25_1 read from path /home/kushagra/.ciel/sky130A/libs.ref/sky130_fd_sc_hd/mag
Cell sky130_fd_sc_hd__buf_6 read from path /home/kushagra/.ciel/sky130A/libs.ref/sky130_fd_sc_hd/mag
  Processed 33113 subcell instances total.
  Processed 101 pins total.
  Processed 2 special nets total.
  Processed 12977 nets total.
DEF read: Processed 253369 lines.
Moving label "_00006_" from metal1 to via1 in cell pipelined_processor.
Moving label "_00010_" from metal2 to via2 in cell pipelined_processor.
Moving label "_00042_" from metal1 to via1 in cell pipelined_processor.
Moving label "_00049_" from metal1 to via1 in cell pipelined_processor.
Moving label "_00052_" from metal1 to via1 in cell pipelined_processor.
Moving label "_00054_" from metal1 to via1 in cell pipelined_processor.
Moving label "_00055_" from metal1 to via1 in cell pipelined_processor.
Moving label "_00072_" from metal1 to via1 in cell pipelined_processor.
Moving label "_00081_" from metal1 to via1 in cell pipelined_processor.
Moving label "_00118_" from metal2 to via1 in cell pipelined_processor.
Moving label "_00120_" from metal1 to via1 in cell pipelined_processor.
Moving label "_00153_" from metal1 to via1 in cell pipelined_processor.
Moving label "_00173_" from metal1 to via1 in cell pipelined_processor.
Moving label "_00188_" from metal1 to via1 in cell pipelined_processor.
Moving label "_00233_" from metal1 to via1 in cell pipelined_processor.
Moving label "_00291_" from metal1 to via1 in cell pipelined_processor.
Moving label "_00312_" from metal1 to via1 in cell pipelined_processor.
Moving label "_00326_" from metal1 to viali in cell pipelined_processor.
Moving label "_00337_" from metal1 to via1 in cell pipelined_processor.
Moving label "_00360_" from metal1 to via1 in cell pipelined_processor.
Moving label "_00365_" from metal1 to via1 in cell pipelined_processor.
Moving label "_00369_" from metal1 to via1 in cell pipelined_processor.
Moving label "_00376_" from metal1 to via1 in cell pipelined_processor.
Moving label "_00377_" from metal1 to via1 in cell pipelined_processor.
Moving label "_00384_" from metal1 to via1 in cell pipelined_processor.
Moving label "_00388_" from metal1 to via1 in cell pipelined_processor.
Moving label "_00395_" from metal1 to via1 in cell pipelined_processor.
Moving label "_00398_" from metal1 to via1 in cell pipelined_processor.
Moving label "_00411_" from metal1 to via1 in cell pipelined_processor.
Moving label "_00412_" from metal1 to via1 in cell pipelined_processor.
Moving label "_00419_" from metal1 to via1 in cell pipelined_processor.
Moving label "_00434_" from metal1 to via1 in cell pipelined_processor.
Moving label "_00442_" from metal1 to via1 in cell pipelined_processor.
Moving label "_00451_" from metal1 to via1 in cell pipelined_processor.
Moving label "_00471_" from metal1 to via1 in cell pipelined_processor.
Moving label "_00472_" from metal1 to via1 in cell pipelined_processor.
Moving label "_00483_" from metal1 to via1 in cell pipelined_processor.
Moving label "_00494_" from metal1 to via1 in cell pipelined_processor.
Moving label "_00507_" from metal1 to via1 in cell pipelined_processor.
Moving label "_00558_" from metal1 to via1 in cell pipelined_processor.
Moving label "_00561_" from metal1 to via1 in cell pipelined_processor.
Moving label "_00572_" from metal1 to via1 in cell pipelined_processor.
Moving label "_00580_" from metal1 to via1 in cell pipelined_processor.
Moving label "_00590_" from metal1 to via1 in cell pipelined_processor.
Moving label "_00593_" from metal1 to via1 in cell pipelined_processor.
Moving label "_00594_" from metal1 to via1 in cell pipelined_processor.
Moving label "_00615_" from metal1 to via1 in cell pipelined_processor.
Moving label "_00619_" from metal1 to via1 in cell pipelined_processor.
Moving label "_00621_" from metal1 to via1 in cell pipelined_processor.
Moving label "_00645_" from metal1 to via1 in cell pipelined_processor.
Moving label "_00647_" from metal1 to via1 in cell pipelined_processor.
Moving label "_00648_" from metal1 to via1 in cell pipelined_processor.
Moving label "_00649_" from metal1 to viali in cell pipelined_processor.
Moving label "_00657_" from metal1 to via1 in cell pipelined_processor.
Moving label "_00658_" from metal1 to via1 in cell pipelined_processor.
Moving label "_00723_" from metal1 to viali in cell pipelined_processor.
Moving label "_00756_" from metal1 to via1 in cell pipelined_processor.
Moving label "_00757_" from metal1 to via1 in cell pipelined_processor.
Moving label "_00778_" from metal1 to via1 in cell pipelined_processor.
Moving label "_00791_" from metal1 to viali in cell pipelined_processor.
Moving label "_00823_" from metal1 to via1 in cell pipelined_processor.
Moving label "_00825_" from metal1 to via1 in cell pipelined_processor.
Moving label "_00826_" from metal1 to via1 in cell pipelined_processor.
Moving label "_00837_" from metal1 to via1 in cell pipelined_processor.
Moving label "_00843_" from metal1 to viali in cell pipelined_processor.
Moving label "_00857_" from metal1 to via1 in cell pipelined_processor.
Moving label "_00862_" from metal1 to via1 in cell pipelined_processor.
Moving label "_00871_" from metal1 to via1 in cell pipelined_processor.
Moving label "_00883_" from metal1 to via1 in cell pipelined_processor.
Moving label "_00895_" from metal1 to via1 in cell pipelined_processor.
Moving label "_00915_" from metal1 to via1 in cell pipelined_processor.
Moving label "_00924_" from metal1 to via1 in cell pipelined_processor.
Moving label "_00928_" from metal1 to via1 in cell pipelined_processor.
Moving label "_00934_" from metal1 to via1 in cell pipelined_processor.
Moving label "_00940_" from metal1 to via1 in cell pipelined_processor.
Moving label "_00943_" from metal1 to via1 in cell pipelined_processor.
Moving label "_00948_" from metal1 to via1 in cell pipelined_processor.
Moving label "_00952_" from metal1 to via1 in cell pipelined_processor.
Moving label "_00979_" from metal1 to via1 in cell pipelined_processor.
Moving label "_00991_" from metal1 to via1 in cell pipelined_processor.
Moving label "_01001_" from metal1 to viali in cell pipelined_processor.
Moving label "_01004_" from metal1 to via1 in cell pipelined_processor.
Moving label "_01009_" from metal1 to via1 in cell pipelined_processor.
Moving label "_01021_" from metal1 to via1 in cell pipelined_processor.
Moving label "_01062_" from metal1 to via1 in cell pipelined_processor.
Moving label "_01077_" from metal1 to via1 in cell pipelined_processor.
Moving label "_01107_" from metal1 to via1 in cell pipelined_processor.
Moving label "_01109_" from metal1 to via1 in cell pipelined_processor.
Moving label "_01168_" from metal1 to via1 in cell pipelined_processor.
Moving label "_01174_" from metal1 to viali in cell pipelined_processor.
Moving label "_01179_" from metal1 to via1 in cell pipelined_processor.
Moving label "_01187_" from metal1 to via1 in cell pipelined_processor.
Moving label "_01207_" from metal1 to via1 in cell pipelined_processor.
Moving label "_01212_" from metal1 to via1 in cell pipelined_processor.
Moving label "_01214_" from metal1 to via1 in cell pipelined_processor.
Moving label "_01243_" from metal1 to via1 in cell pipelined_processor.
Moving label "_01251_" from metal1 to via1 in cell pipelined_processor.
Moving label "_01254_" from metal1 to viali in cell pipelined_processor.
Moving label "_01277_" from metal1 to via1 in cell pipelined_processor.
Moving label "_01278_" from metal1 to viali in cell pipelined_processor.
Moving label "_01283_" from metal1 to via1 in cell pipelined_processor.
Moving label "_01302_" from metal1 to via1 in cell pipelined_processor.
Moving label "_01318_" from metal1 to viali in cell pipelined_processor.
Moving label "_01319_" from metal1 to via1 in cell pipelined_processor.
Moving label "_01340_" from metal1 to via1 in cell pipelined_processor.
Moving label "_01344_" from metal1 to via1 in cell pipelined_processor.
Moving label "_01346_" from metal1 to via1 in cell pipelined_processor.
Moving label "_01353_" from metal1 to via1 in cell pipelined_processor.
Moving label "_01360_" from metal1 to via1 in cell pipelined_processor.
Moving label "_01361_" from metal1 to via1 in cell pipelined_processor.
Moving label "_01363_" from metal1 to via1 in cell pipelined_processor.
Moving label "_01372_" from metal1 to via1 in cell pipelined_processor.
Moving label "_01374_" from metal1 to via1 in cell pipelined_processor.
Moving label "_01387_" from metal1 to via1 in cell pipelined_processor.
Moving label "_01389_" from metal1 to via1 in cell pipelined_processor.
Moving label "_01395_" from metal1 to via1 in cell pipelined_processor.
Moving label "_01406_" from metal1 to via1 in cell pipelined_processor.
Moving label "_01413_" from metal1 to via1 in cell pipelined_processor.
Moving label "_01419_" from metal1 to via1 in cell pipelined_processor.
Moving label "_01428_" from metal1 to via1 in cell pipelined_processor.
Moving label "_01430_" from metal1 to via1 in cell pipelined_processor.
Moving label "_01434_" from metal1 to via1 in cell pipelined_processor.
Moving label "_01440_" from metal1 to via1 in cell pipelined_processor.
Moving label "_01466_" from metal1 to via1 in cell pipelined_processor.
Moving label "_01475_" from metal1 to via1 in cell pipelined_processor.
Moving label "_01479_" from metal1 to via1 in cell pipelined_processor.
Moving label "_01498_" from metal1 to via1 in cell pipelined_processor.
Moving label "_01534_" from metal1 to via1 in cell pipelined_processor.
Moving label "_01540_" from metal1 to viali in cell pipelined_processor.
Moving label "_01545_" from metal1 to via1 in cell pipelined_processor.
Moving label "_01561_" from metal1 to via1 in cell pipelined_processor.
Moving label "_01571_" from metal1 to via1 in cell pipelined_processor.
Moving label "_01581_" from metal1 to via1 in cell pipelined_processor.
Moving label "_01595_" from metal1 to via1 in cell pipelined_processor.
Moving label "_01596_" from metal1 to via1 in cell pipelined_processor.
Moving label "_01597_" from metal1 to via1 in cell pipelined_processor.
Moving label "_01602_" from metal1 to via1 in cell pipelined_processor.
Moving label "_01610_" from metal1 to via1 in cell pipelined_processor.
Moving label "_01614_" from metal1 to via1 in cell pipelined_processor.
Moving label "_01618_" from metal1 to via1 in cell pipelined_processor.
Moving label "_01620_" from metal1 to via1 in cell pipelined_processor.
Moving label "_01634_" from metal1 to via1 in cell pipelined_processor.
Moving label "_01640_" from metal1 to via1 in cell pipelined_processor.
Moving label "_01641_" from metal1 to via1 in cell pipelined_processor.
Moving label "_01646_" from metal1 to via1 in cell pipelined_processor.
Moving label "_01650_" from metal1 to via1 in cell pipelined_processor.
Moving label "_01653_" from metal1 to via1 in cell pipelined_processor.
Moving label "_01665_" from metal1 to via1 in cell pipelined_processor.
Moving label "_01667_" from metal1 to via1 in cell pipelined_processor.
Moving label "_01674_" from metal1 to via1 in cell pipelined_processor.
Moving label "_01710_" from metal1 to via1 in cell pipelined_processor.
Moving label "_01742_" from metal1 to via1 in cell pipelined_processor.
Moving label "_01747_" from metal1 to via1 in cell pipelined_processor.
Moving label "_01764_" from metal1 to viali in cell pipelined_processor.
Moving label "_01770_" from metal1 to via1 in cell pipelined_processor.
Moving label "_01782_" from metal1 to via1 in cell pipelined_processor.
Moving label "_01796_" from metal1 to viali in cell pipelined_processor.
Moving label "_01824_" from metal1 to via1 in cell pipelined_processor.
Moving label "_01844_" from metal1 to via1 in cell pipelined_processor.
Moving label "_01848_" from metal2 to via1 in cell pipelined_processor.
Moving label "_01862_" from metal1 to via1 in cell pipelined_processor.
Moving label "_01881_" from metal1 to via1 in cell pipelined_processor.
Moving label "_01882_" from metal1 to viali in cell pipelined_processor.
Moving label "_01898_" from metal1 to via1 in cell pipelined_processor.
Moving label "_01908_" from metal1 to via1 in cell pipelined_processor.
Moving label "_01939_" from metal1 to via1 in cell pipelined_processor.
Moving label "_01942_" from metal1 to via1 in cell pipelined_processor.
Moving label "_01943_" from metal1 to via1 in cell pipelined_processor.
Moving label "_01965_" from metal1 to via1 in cell pipelined_processor.
Moving label "_01972_" from metal1 to via1 in cell pipelined_processor.
Moving label "_01996_" from metal1 to via1 in cell pipelined_processor.
Moving label "_02005_" from metal1 to viali in cell pipelined_processor.
Moving label "_02016_" from metal1 to via1 in cell pipelined_processor.
Moving label "_02022_" from metal1 to viali in cell pipelined_processor.
Moving label "_02026_" from metal1 to via1 in cell pipelined_processor.
Moving label "_02042_" from metal1 to via1 in cell pipelined_processor.
Moving label "_02046_" from metal1 to via1 in cell pipelined_processor.
Moving label "_02055_" from metal1 to via1 in cell pipelined_processor.
Moving label "_02064_" from metal1 to via1 in cell pipelined_processor.
Moving label "_02065_" from metal1 to via1 in cell pipelined_processor.
Moving label "_02066_" from metal1 to via1 in cell pipelined_processor.
Moving label "_02072_" from metal1 to via1 in cell pipelined_processor.
Moving label "_02073_" from metal1 to via1 in cell pipelined_processor.
Moving label "_02086_" from metal1 to via1 in cell pipelined_processor.
Moving label "_02092_" from metal1 to via1 in cell pipelined_processor.
Moving label "_02093_" from metal1 to via1 in cell pipelined_processor.
Moving label "_02104_" from metal1 to via1 in cell pipelined_processor.
Moving label "_02114_" from metal1 to viali in cell pipelined_processor.
Moving label "_02121_" from metal1 to via1 in cell pipelined_processor.
Moving label "_02126_" from metal1 to via1 in cell pipelined_processor.
Moving label "_02134_" from metal1 to via1 in cell pipelined_processor.
Moving label "_02143_" from metal1 to via1 in cell pipelined_processor.
Moving label "_02270_" from metal1 to via1 in cell pipelined_processor.
Moving label "_02386_" from metal1 to via1 in cell pipelined_processor.
Moving label "_02510_" from metal2 to via2 in cell pipelined_processor.
Moving label "_02537_" from metal1 to via1 in cell pipelined_processor.
Moving label "_02551_" from metal1 to via1 in cell pipelined_processor.
Moving label "_02564_" from metal1 to viali in cell pipelined_processor.
Moving label "_02582_" from metal1 to viali in cell pipelined_processor.
Moving label "_02594_" from metal2 to via1 in cell pipelined_processor.
Moving label "_02599_" from metal1 to via1 in cell pipelined_processor.
Moving label "_02602_" from metal1 to via1 in cell pipelined_processor.
Moving label "_02642_" from metal1 to viali in cell pipelined_processor.
Moving label "_02645_" from metal1 to viali in cell pipelined_processor.
Moving label "_02819_" from metal1 to viali in cell pipelined_processor.
Moving label "_02827_" from metal1 to via1 in cell pipelined_processor.
Moving label "_02914_" from metal1 to viali in cell pipelined_processor.
Moving label "_02924_" from metal2 to via2 in cell pipelined_processor.
Moving label "_02971_" from metal1 to via1 in cell pipelined_processor.
Moving label "_03139_" from metal1 to viali in cell pipelined_processor.
Moving label "_03172_" from metal1 to via1 in cell pipelined_processor.
Moving label "_03178_" from metal1 to viali in cell pipelined_processor.
Moving label "_03213_" from metal2 to via2 in cell pipelined_processor.
Moving label "_03220_" from metal2 to via2 in cell pipelined_processor.
Moving label "_03226_" from metal1 to viali in cell pipelined_processor.
Moving label "_03240_" from metal2 to via2 in cell pipelined_processor.
Moving label "_03271_" from metal1 to viali in cell pipelined_processor.
Moving label "_03277_" from metal2 to via2 in cell pipelined_processor.
Moving label "_03282_" from metal2 to via2 in cell pipelined_processor.
Moving label "_03311_" from metal1 to via1 in cell pipelined_processor.
Moving label "_03338_" from metal1 to via1 in cell pipelined_processor.
Moving label "_03346_" from metal2 to via1 in cell pipelined_processor.
Moving label "_03348_" from metal1 to via1 in cell pipelined_processor.
Moving label "_03378_" from metal2 to via1 in cell pipelined_processor.
Moving label "_03404_" from metal2 to via2 in cell pipelined_processor.
Moving label "_03408_" from metal2 to via2 in cell pipelined_processor.
Moving label "_03556_" from metal1 to viali in cell pipelined_processor.
Moving label "_03655_" from metal1 to viali in cell pipelined_processor.
Moving label "_03682_" from metal1 to via1 in cell pipelined_processor.
Moving label "_03723_" from metal1 to viali in cell pipelined_processor.
Moving label "_03819_" from metal1 to viali in cell pipelined_processor.
Moving label "_03874_" from metal2 to via2 in cell pipelined_processor.
Moving label "_03918_" from metal1 to viali in cell pipelined_processor.
Moving label "_03934_" from metal1 to viali in cell pipelined_processor.
Moving label "_03966_" from metal1 to via1 in cell pipelined_processor.
Moving label "_04050_" from metal1 to viali in cell pipelined_processor.
Moving label "_04079_" from metal1 to viali in cell pipelined_processor.
Moving label "_04086_" from metal1 to viali in cell pipelined_processor.
Moving label "_04106_" from metal1 to viali in cell pipelined_processor.
Moving label "_04116_" from metal1 to viali in cell pipelined_processor.
Moving label "_04122_" from metal2 to via1 in cell pipelined_processor.
Moving label "_04147_" from metal2 to via2 in cell pipelined_processor.
Moving label "_04186_" from metal2 to via1 in cell pipelined_processor.
Moving label "_04225_" from metal1 to viali in cell pipelined_processor.
Moving label "_04301_" from metal2 to via2 in cell pipelined_processor.
Moving label "_04379_" from metal1 to via1 in cell pipelined_processor.
Moving label "_04382_" from metal2 to via2 in cell pipelined_processor.
Moving label "_04401_" from metal1 to viali in cell pipelined_processor.
Moving label "_04426_" from metal3 to via3 in cell pipelined_processor.
Moving label "_04523_" from metal2 to via2 in cell pipelined_processor.
Moving label "_04536_" from metal2 to via1 in cell pipelined_processor.
Moving label "_04563_" from metal1 to via1 in cell pipelined_processor.
Moving label "_04576_" from metal2 to via2 in cell pipelined_processor.
Moving label "_04603_" from metal1 to viali in cell pipelined_processor.
Moving label "_04613_" from metal1 to viali in cell pipelined_processor.
Moving label "_04628_" from metal2 to via2 in cell pipelined_processor.
Moving label "_04685_" from metal3 to via3 in cell pipelined_processor.
Moving label "_04764_" from metal3 to via3 in cell pipelined_processor.
Moving label "_04826_" from metal2 to via2 in cell pipelined_processor.
Moving label "_04890_" from metal3 to via3 in cell pipelined_processor.
Moving label "_04962_" from metal3 to via3 in cell pipelined_processor.
Moving label "_04988_" from metal1 to viali in cell pipelined_processor.
Moving label "_04998_" from metal1 to viali in cell pipelined_processor.
Moving label "_05002_" from metal1 to via1 in cell pipelined_processor.
Moving label "_05071_" from metal2 to via2 in cell pipelined_processor.
Moving label "_05078_" from metal1 to viali in cell pipelined_processor.
Moving label "_05080_" from metal1 to viali in cell pipelined_processor.
Moving label "_05120_" from metal1 to viali in cell pipelined_processor.
Moving label "_05159_" from metal2 to via2 in cell pipelined_processor.
Moving label "_05164_" from metal1 to viali in cell pipelined_processor.
Moving label "_05191_" from metal2 to via1 in cell pipelined_processor.
Moving label "_05258_" from metal1 to viali in cell pipelined_processor.
Moving label "_05259_" from metal2 to via1 in cell pipelined_processor.
Moving label "_05298_" from metal2 to via2 in cell pipelined_processor.
Moving label "_05388_" from metal2 to via2 in cell pipelined_processor.
Moving label "_05408_" from metal2 to via2 in cell pipelined_processor.
Moving label "_05452_" from metal3 to via3 in cell pipelined_processor.
Moving label "_05497_" from metal3 to via3 in cell pipelined_processor.
Moving label "_05564_" from metal1 to via1 in cell pipelined_processor.
Moving label "_05573_" from metal2 to via2 in cell pipelined_processor.
Moving label "_05591_" from metal1 to viali in cell pipelined_processor.
Moving label "_05596_" from metal2 to via2 in cell pipelined_processor.
Moving label "_05599_" from metal2 to via2 in cell pipelined_processor.
Moving label "_05663_" from metal2 to via2 in cell pipelined_processor.
Moving label "_05690_" from metal1 to via1 in cell pipelined_processor.
Moving label "_05770_" from metal1 to via1 in cell pipelined_processor.
Moving label "_05785_" from metal2 to via2 in cell pipelined_processor.
Moving label "_05849_" from metal2 to via2 in cell pipelined_processor.
Moving label "_05890_" from metal3 to via3 in cell pipelined_processor.
Moving label "_05912_" from metal2 to via2 in cell pipelined_processor.
Moving label "_05980_" from metal1 to viali in cell pipelined_processor.
Moving label "_06002_" from metal2 to via2 in cell pipelined_processor.
Moving label "_06034_" from metal2 to via2 in cell pipelined_processor.
Moving label "_06051_" from metal2 to via2 in cell pipelined_processor.
Moving label "_06054_" from metal3 to via3 in cell pipelined_processor.
Moving label "_06069_" from metal2 to via1 in cell pipelined_processor.
Moving label "_06102_" from metal3 to via3 in cell pipelined_processor.
Moving label "_06154_" from metal1 to via1 in cell pipelined_processor.
Moving label "_06155_" from metal3 to via3 in cell pipelined_processor.
Moving label "_06165_" from metal3 to via3 in cell pipelined_processor.
Moving label "_06173_" from metal2 to via2 in cell pipelined_processor.
Moving label "_06178_" from metal1 to via1 in cell pipelined_processor.
Moving label "_06189_" from metal2 to via2 in cell pipelined_processor.
Moving label "_06190_" from metal3 to via3 in cell pipelined_processor.
Moving label "_06216_" from metal3 to via3 in cell pipelined_processor.
Moving label "_06246_" from metal1 to via1 in cell pipelined_processor.
Moving label "_06329_" from metal2 to via2 in cell pipelined_processor.
Moving label "_06421_" from metal2 to via2 in cell pipelined_processor.
Moving label "_06439_" from metal2 to via2 in cell pipelined_processor.
Moving label "_06448_" from metal3 to via3 in cell pipelined_processor.
Moving label "_06716_" from metal1 to viali in cell pipelined_processor.
Moving label "_06747_" from metal1 to viali in cell pipelined_processor.
Moving label "_06818_" from metal1 to via1 in cell pipelined_processor.
Moving label "_06822_" from metal3 to via3 in cell pipelined_processor.
Moving label "_06877_" from metal1 to viali in cell pipelined_processor.
Moving label "_06900_" from metal1 to via1 in cell pipelined_processor.
Moving label "_07013_" from metal1 to viali in cell pipelined_processor.
Moving label "_07061_" from metal2 to via2 in cell pipelined_processor.
Moving label "_07153_" from metal2 to via2 in cell pipelined_processor.
Moving label "_07160_" from metal2 to via2 in cell pipelined_processor.
Moving label "_07173_" from metal1 to viali in cell pipelined_processor.
Moving label "_07188_" from metal2 to via1 in cell pipelined_processor.
Moving label "_07248_" from metal1 to viali in cell pipelined_processor.
Moving label "_07256_" from metal1 to viali in cell pipelined_processor.
Moving label "_07320_" from metal1 to viali in cell pipelined_processor.
Moving label "_07356_" from metal1 to viali in cell pipelined_processor.
Moving label "_07366_" from metal1 to viali in cell pipelined_processor.
Moving label "_07369_" from metal2 to via2 in cell pipelined_processor.
Moving label "_07412_" from metal1 to viali in cell pipelined_processor.
Moving label "_07426_" from metal1 to viali in cell pipelined_processor.
Moving label "_07464_" from metal2 to via2 in cell pipelined_processor.
Moving label "_07499_" from metal1 to viali in cell pipelined_processor.
Moving label "_07537_" from metal1 to via1 in cell pipelined_processor.
Moving label "_07558_" from metal2 to via2 in cell pipelined_processor.
Moving label "_07602_" from metal1 to via1 in cell pipelined_processor.
Moving label "_07628_" from metal2 to via2 in cell pipelined_processor.
Moving label "_07680_" from metal1 to viali in cell pipelined_processor.
Moving label "_07684_" from metal1 to viali in cell pipelined_processor.
Moving label "_07692_" from metal1 to via1 in cell pipelined_processor.
Moving label "_07841_" from metal1 to viali in cell pipelined_processor.
Moving label "_07848_" from metal1 to viali in cell pipelined_processor.
Moving label "_07879_" from metal1 to viali in cell pipelined_processor.
Moving label "_08010_" from metal2 to via2 in cell pipelined_processor.
Moving label "_08052_" from metal1 to viali in cell pipelined_processor.
Moving label "_08122_" from metal1 to viali in cell pipelined_processor.
Moving label "_08130_" from metal1 to via1 in cell pipelined_processor.
Moving label "_08171_" from metal2 to via2 in cell pipelined_processor.
Moving label "_08195_" from metal1 to viali in cell pipelined_processor.
Moving label "_08199_" from metal2 to via1 in cell pipelined_processor.
Moving label "_08226_" from metal2 to via2 in cell pipelined_processor.
Moving label "_08332_" from metal2 to via2 in cell pipelined_processor.
Moving label "_08414_" from metal2 to via2 in cell pipelined_processor.
Moving label "_08417_" from metal2 to via2 in cell pipelined_processor.
Moving label "bht_lut.branchHistoryTable\[0\]\[29\]" from metal1 to via1 in cell pipelined_processor.
Moving label "bht_lut.branchHistoryTable\[1\]\[13\]" from metal2 to via1 in cell pipelined_processor.
Moving label "bht_lut.branchHistoryTable\[1\]\[17\]" from metal1 to via1 in cell pipelined_processor.
Moving label "bht_lut.branchHistoryTable\[1\]\[27\]" from metal1 to via1 in cell pipelined_processor.
Moving label "bht_lut.branchHistoryTable\[6\]\[16\]" from metal1 to via1 in cell pipelined_processor.
Moving label "bht_lut.pc_from_ex\[15\]" from metal1 to viali in cell pipelined_processor.
Moving label "clknet_0_clk" from metal2 to via2 in cell pipelined_processor.
Moving label "clknet_2_2_0_clk" from metal2 to via2 in cell pipelined_processor.
Moving label "clknet_2_3_0_clk" from metal2 to via2 in cell pipelined_processor.
Moving label "clknet_5_13__leaf_clk" from metal2 to via2 in cell pipelined_processor.
Moving label "clknet_5_15__leaf_clk" from metal2 to via2 in cell pipelined_processor.
Moving label "clknet_5_18__leaf_clk" from metal3 to via3 in cell pipelined_processor.
Moving label "clknet_5_1__leaf_clk" from metal3 to via3 in cell pipelined_processor.
Moving label "clknet_5_20__leaf_clk" from metal2 to via2 in cell pipelined_processor.
Moving label "clknet_5_22__leaf_clk" from metal2 to via2 in cell pipelined_processor.
Moving label "clknet_5_25__leaf_clk" from metal2 to via2 in cell pipelined_processor.
Moving label "clknet_5_27__leaf_clk" from metal2 to via2 in cell pipelined_processor.
Moving label "clknet_5_28__leaf_clk" from metal2 to via2 in cell pipelined_processor.
Moving label "clknet_leaf_126_clk" from metal1 to via1 in cell pipelined_processor.
Moving label "clknet_leaf_201_clk" from metal2 to via2 in cell pipelined_processor.
Moving label "clknet_leaf_88_clk" from metal1 to via1 in cell pipelined_processor.
Moving label "dmem.ram\[10\]\[10\]" from metal1 to via1 in cell pipelined_processor.
Moving label "dmem.ram\[10\]\[12\]" from metal1 to via1 in cell pipelined_processor.
Moving label "dmem.ram\[10\]\[14\]" from metal1 to via1 in cell pipelined_processor.
Moving label "dmem.ram\[10\]\[2\]" from metal1 to via1 in cell pipelined_processor.
Moving label "dmem.ram\[10\]\[8\]" from metal1 to via1 in cell pipelined_processor.
Moving label "dmem.ram\[12\]\[11\]" from metal1 to viali in cell pipelined_processor.
Moving label "dmem.ram\[14\]\[11\]" from metal1 to via1 in cell pipelined_processor.
Moving label "dmem.ram\[14\]\[1\]" from metal1 to via1 in cell pipelined_processor.
Moving label "dmem.ram\[14\]\[8\]" from metal1 to via1 in cell pipelined_processor.
Moving label "dmem.ram\[15\]\[2\]" from metal2 to via1 in cell pipelined_processor.
Moving label "dmem.ram\[15\]\[9\]" from metal1 to via1 in cell pipelined_processor.
Moving label "dmem.ram\[18\]\[0\]" from metal1 to via1 in cell pipelined_processor.
Moving label "dmem.ram\[18\]\[12\]" from metal1 to via1 in cell pipelined_processor.
Moving label "dmem.ram\[18\]\[7\]" from metal1 to via1 in cell pipelined_processor.
Moving label "dmem.ram\[19\]\[5\]" from metal2 to via2 in cell pipelined_processor.
Moving label "dmem.ram\[21\]\[9\]" from metal2 to via2 in cell pipelined_processor.
Moving label "dmem.ram\[22\]\[0\]" from metal1 to via1 in cell pipelined_processor.
Moving label "dmem.ram\[22\]\[1\]" from metal1 to via1 in cell pipelined_processor.
Moving label "dmem.ram\[22\]\[2\]" from metal1 to via1 in cell pipelined_processor.
Moving label "dmem.ram\[22\]\[7\]" from metal1 to via1 in cell pipelined_processor.
Moving label "dmem.ram\[22\]\[8\]" from metal1 to viali in cell pipelined_processor.
Moving label "dmem.ram\[23\]\[14\]" from metal2 to via1 in cell pipelined_processor.
Moving label "dmem.ram\[24\]\[10\]" from metal2 to via1 in cell pipelined_processor.
Moving label "dmem.ram\[24\]\[13\]" from metal1 to viali in cell pipelined_processor.
Moving label "dmem.ram\[26\]\[11\]" from metal1 to via1 in cell pipelined_processor.
Moving label "dmem.ram\[26\]\[4\]" from metal1 to via1 in cell pipelined_processor.
Moving label "dmem.ram\[2\]\[4\]" from metal1 to via1 in cell pipelined_processor.
Moving label "dmem.ram\[2\]\[5\]" from metal1 to via1 in cell pipelined_processor.
Moving label "dmem.ram\[2\]\[7\]" from metal1 to via1 in cell pipelined_processor.
Moving label "dmem.ram\[30\]\[12\]" from metal1 to via1 in cell pipelined_processor.
Moving label "dmem.ram\[30\]\[15\]" from metal1 to via1 in cell pipelined_processor.
Moving label "dmem.ram\[30\]\[2\]" from metal1 to via1 in cell pipelined_processor.
Moving label "dmem.ram\[30\]\[6\]" from metal1 to via1 in cell pipelined_processor.
Moving label "dmem.ram\[31\]\[10\]" from metal2 to via1 in cell pipelined_processor.
Moving label "dmem.ram\[34\]\[13\]" from metal2 to via1 in cell pipelined_processor.
Moving label "dmem.ram\[35\]\[7\]" from metal2 to via1 in cell pipelined_processor.
Moving label "dmem.ram\[38\]\[10\]" from metal1 to via1 in cell pipelined_processor.
Moving label "dmem.ram\[38\]\[5\]" from metal1 to via1 in cell pipelined_processor.
Moving label "dmem.ram\[3\]\[12\]" from metal2 to via1 in cell pipelined_processor.
Moving label "dmem.ram\[3\]\[15\]" from metal1 to via1 in cell pipelined_processor.
Moving label "dmem.ram\[3\]\[9\]" from metal2 to via1 in cell pipelined_processor.
Moving label "dmem.ram\[46\]\[10\]" from metal1 to via1 in cell pipelined_processor.
Moving label "dmem.ram\[46\]\[4\]" from metal1 to via1 in cell pipelined_processor.
Moving label "dmem.ram\[46\]\[5\]" from metal1 to via1 in cell pipelined_processor.
Moving label "dmem.ram\[46\]\[7\]" from metal1 to via1 in cell pipelined_processor.
Moving label "dmem.ram\[46\]\[8\]" from metal1 to via1 in cell pipelined_processor.
Moving label "dmem.ram\[47\]\[15\]" from metal2 to via1 in cell pipelined_processor.
Moving label "dmem.ram\[54\]\[1\]" from metal1 to via1 in cell pipelined_processor.
Moving label "dmem.ram\[54\]\[3\]" from metal1 to via1 in cell pipelined_processor.
Moving label "dmem.ram\[62\]\[12\]" from metal1 to via1 in cell pipelined_processor.
Moving label "dmem.ram\[62\]\[2\]" from metal1 to via1 in cell pipelined_processor.
Moving label "dmem.ram\[62\]\[5\]" from metal1 to via1 in cell pipelined_processor.
Moving label "dmem.ram\[63\]\[13\]" from metal1 to via1 in cell pipelined_processor.
Moving label "dmem.ram\[63\]\[3\]" from metal2 to via1 in cell pipelined_processor.
Moving label "dmem.ram\[6\]\[14\]" from metal1 to via1 in cell pipelined_processor.
Moving label "dmem.ram\[6\]\[7\]" from metal1 to via1 in cell pipelined_processor.
Moving label "dmem.ram\[6\]\[8\]" from metal1 to via1 in cell pipelined_processor.
Moving label "dmem.ram\[7\]\[3\]" from metal2 to via1 in cell pipelined_processor.
Moving label "dmem.ram\[7\]\[7\]" from metal2 to via1 in cell pipelined_processor.
Moving label "instr_mem1.rom\[10\]\[10\]" from metal1 to via1 in cell pipelined_processor.
Moving label "instr_mem1.rom\[14\]\[10\]" from metal1 to via1 in cell pipelined_processor.
Moving label "instr_mem1.rom\[2\]\[12\]" from metal1 to via1 in cell pipelined_processor.
Moving label "instr_mem1.rom\[2\]\[14\]" from metal1 to via1 in cell pipelined_processor.
Moving label "instr_mem1.rom\[2\]\[15\]" from metal1 to via1 in cell pipelined_processor.
Moving label "instr_mem1.rom\[2\]\[3\]" from metal1 to via1 in cell pipelined_processor.
Moving label "instr_mem1.rom\[6\]\[3\]" from metal1 to via1 in cell pipelined_processor.
Moving label "instr_mem1.rom\[6\]\[6\]" from metal1 to via1 in cell pipelined_processor.
Moving label "ir_port[0]" from metal2 to via2 in cell pipelined_processor.
Moving label "la_sa_lm_sm_block.reg_data_form_id_128\[17\]" from metal1 to viali in cell pipelined_processor.
Moving label "la_sa_lm_sm_block.reg_data_form_id_128\[18\]" from metal1 to viali in cell pipelined_processor.
Moving label "la_sa_lm_sm_block.reg_data_form_id_128\[19\]" from metal1 to viali in cell pipelined_processor.
Moving label "la_sa_lm_sm_block.reg_data_form_id_128\[20\]" from metal1 to viali in cell pipelined_processor.
Moving label "la_sa_lm_sm_block.reg_data_form_id_128\[21\]" from metal1 to viali in cell pipelined_processor.
Moving label "la_sa_lm_sm_block.reg_data_form_id_128\[24\]" from metal1 to viali in cell pipelined_processor.
Moving label "la_sa_lm_sm_block.reg_data_form_id_128\[25\]" from metal1 to via1 in cell pipelined_processor.
Moving label "la_sa_lm_sm_block.reg_data_form_id_128\[28\]" from metal1 to via1 in cell pipelined_processor.
Moving label "la_sa_lm_sm_block.reg_data_form_id_128\[29\]" from metal1 to viali in cell pipelined_processor.
Moving label "la_sa_lm_sm_block.reg_data_form_id_128\[30\]" from metal1 to viali in cell pipelined_processor.
Moving label "la_sa_lm_sm_block.reg_data_form_id_128\[31\]" from metal1 to viali in cell pipelined_processor.
Moving label "la_sa_lm_sm_block.reg_data_form_id_128\[67\]" from metal1 to viali in cell pipelined_processor.
Moving label "la_sa_lm_sm_block.reg_data_form_id_128\[77\]" from metal2 to via2 in cell pipelined_processor.
Moving label "net106" from metal2 to via2 in cell pipelined_processor.
Moving label "net119" from metal1 to via1 in cell pipelined_processor.
Moving label "net1617" from metal1 to viali in cell pipelined_processor.
Moving label "net2" from metal2 to via2 in cell pipelined_processor.
Moving label "net230" from metal1 to viali in cell pipelined_processor.
Moving label "net251" from metal2 to via2 in cell pipelined_processor.
Moving label "net3" from metal2 to via2 in cell pipelined_processor.
Moving label "net31" from metal2 to via2 in cell pipelined_processor.
Moving label "net372" from metal1 to via1 in cell pipelined_processor.
Moving label "net582" from metal2 to via1 in cell pipelined_processor.
Moving label "net634" from metal2 to via1 in cell pipelined_processor.
Moving label "net676" from metal1 to viali in cell pipelined_processor.
Moving label "net68" from metal2 to via2 in cell pipelined_processor.
Moving label "net698" from metal1 to viali in cell pipelined_processor.
Moving label "net7" from metal2 to via2 in cell pipelined_processor.
Moving label "net774" from metal1 to via1 in cell pipelined_processor.
Moving label "net837" from metal1 to viali in cell pipelined_processor.
Moving label "net861" from metal1 to viali in cell pipelined_processor.
Moving label "net911" from metal1 to viali in cell pipelined_processor.
Moving label "net94" from metal2 to via2 in cell pipelined_processor.
Moving label "pc_out_port[14]" from metal2 to via2 in cell pipelined_processor.
Moving label "pc_out_port[3]" from metal2 to via2 in cell pipelined_processor.
Moving label "register_file.registerFile\[0\]\[6\]" from metal2 to via2 in cell pipelined_processor.
Moving label "register_file.registerFile\[0\]\[8\]" from metal1 to viali in cell pipelined_processor.
Moving label "register_file.registerFile\[1\]\[0\]" from metal2 to via2 in cell pipelined_processor.
Moving label "register_file.registerFile\[2\]\[15\]" from metal1 to via1 in cell pipelined_processor.
Moving label "register_file.registerFile\[2\]\[7\]" from metal1 to via1 in cell pipelined_processor.
Moving label "register_file.registerFile\[2\]\[9\]" from metal1 to via1 in cell pipelined_processor.
Moving label "register_file.registerFile\[3\]\[1\]" from metal2 to via1 in cell pipelined_processor.
Moving label "register_file.registerFile\[6\]\[10\]" from metal1 to via1 in cell pipelined_processor.
Moving label "register_file.registerFile\[6\]\[11\]" from metal1 to via1 in cell pipelined_processor.
Moving label "register_file.registerFile\[6\]\[14\]" from metal1 to via1 in cell pipelined_processor.
Moving label "register_file.registerFile\[7\]\[8\]" from metal2 to via2 in cell pipelined_processor.
Moving label "rr_ex_pipe_reg.RF_D1_Out\[13\]" from metal3 to via3 in cell pipelined_processor.
Moving label "rr_ex_pipe_reg.RF_D2_Out\[1\]" from metal1 to via1 in cell pipelined_processor.
Moving label "rr_ex_pipe_reg.RF_D2_Out\[8\]" from metal3 to via3 in cell pipelined_processor.
Moving label "zero_flag_port" from metal2 to via2 in cell pipelined_processor.
[INFO]: Writing abstract LEF
Generating LEF output /openlane/designs/my_processor/runs/RUN_CLEAN/results/signoff/pipelined_processor.lef for cell pipelined_processor:
Diagnostic:  Write LEF header for cell pipelined_processor
Diagnostic:  Writing LEF output for cell pipelined_processor
Diagnostic:  Scale value is 0.005000
[INFO]: LEF Write Complete
