OpenROAD 41a51eaf4ca2171c92ff38afb91eb37bbd3f36da 
This program is licensed under the BSD-3 license. See the LICENSE file for details.
Components of this program may be licensed under more restrictive licenses which must be honored.
[INFO ODB-0222] Reading LEF file: /openlane/designs/my_processor/runs/RUN_CLEAN/tmp/merged.nom.lef
[INFO ODB-0223]     Created 14 technology layers
[INFO ODB-0224]     Created 25 technology vias
[INFO ODB-0225]     Created 441 library cells
[INFO ODB-0226] Finished LEF file:  /openlane/designs/my_processor/runs/RUN_CLEAN/tmp/merged.nom.lef
[INFO ODB-0127] Reading DEF file: /openlane/designs/my_processor/runs/RUN_CLEAN/results/routing/pipelined_processor.def
[INFO ODB-0128] Design: pipelined_processor
[INFO ODB-0130]     Created 101 pins.
[INFO ODB-0131]     Created 33113 components and 167677 component-terminals.
[INFO ODB-0132]     Created 2 special nets and 125004 connections.
[INFO ODB-0133]     Created 12977 nets and 42673 connections.
[INFO ODB-0134] Finished DEF file: /openlane/designs/my_processor/runs/RUN_CLEAN/results/routing/pipelined_processor.def
Top-level design name: pipelined_processor
Found default power net 'VPWR'
Found default ground net 'VGND'
Found 1 power ports.
Found 1 ground ports.
Modified power connections of 33113/33113 cells.
