OpenROAD 41a51eaf4ca2171c92ff38afb91eb37bbd3f36da 
This program is licensed under the BSD-3 license. See the LICENSE file for details.
Components of this program may be licensed under more restrictive licenses which must be honored.
[INFO]: Reading ODB at '/openlane/designs/my_processor/runs/RUN_2026.03.25_07.41.25/tmp/placement/7-global.odb'…
define_corners Slowest Typical Fastest
read_liberty -corner Slowest /home/kushagra/.ciel/sky130A/libs.ref/sky130_fd_sc_hd/lib/sky130_fd_sc_hd__ss_100C_1v60.lib
read_liberty -corner Typical /home/kushagra/.ciel/sky130A/libs.ref/sky130_fd_sc_hd/lib/sky130_fd_sc_hd__tt_025C_1v80.lib
read_liberty -corner Fastest /home/kushagra/.ciel/sky130A/libs.ref/sky130_fd_sc_hd/lib/sky130_fd_sc_hd__ff_n40C_1v95.lib
Using 1e-12 for capacitance...
Using 1e+03 for resistance...
Using 1e-09 for time...
Using 1e+00 for voltage...
Using 1e-03 for current...
Using 1e-09 for power...
Using 1e-06 for distance...
Reading design constraints file at '/openlane/designs/my_processor/runs/RUN_2026.03.25_07.41.25/tmp/floorplan/3-initial_fp.sdc'…
[INFO]: Setting RC values...
[INFO RSZ-0027] Inserted 31 input buffers.
[INFO RSZ-0028] Inserted 67 output buffers.
[INFO RSZ-0058] Using max wire length 4508um.
[INFO RSZ-0034] Found 3 slew violations.
[INFO RSZ-0038] Inserted 3 buffers in 3 nets.
[INFO RSZ-0039] Resized 9031 instances.
Placement Analysis
---------------------------------
total displacement      23179.8 u
average displacement        1.8 u
max displacement            9.9 u
original HPWL          348922.3 u
legalized HPWL         370049.8 u
delta HPWL                    6 %

[INFO DPL-0020] Mirrored 3213 instances
[INFO DPL-0021] HPWL before          370049.8 u
[INFO DPL-0022] HPWL after           362201.6 u
[INFO DPL-0023] HPWL delta               -2.1 %
Setting global connections for newly added cells…
Writing OpenROAD database to '/openlane/designs/my_processor/runs/RUN_2026.03.25_07.41.25/tmp/placement/9-resizer.odb'…
Writing netlist to '/openlane/designs/my_processor/runs/RUN_2026.03.25_07.41.25/tmp/placement/9-resizer.nl.v'…
Writing powered netlist to '/openlane/designs/my_processor/runs/RUN_2026.03.25_07.41.25/tmp/placement/9-resizer.pnl.v'…
Writing layout to '/openlane/designs/my_processor/runs/RUN_2026.03.25_07.41.25/tmp/placement/9-resizer.def'…
Writing timing constraints to '/openlane/designs/my_processor/runs/RUN_2026.03.25_07.41.25/tmp/placement/9-resizer.sdc'…
area_report

===========================================================================
report_design_area
============================================================================
Design area 107225 u^2 47% utilization.
area_report_end
