
===========================================================================
report_checks -unconstrained
===========================================================================
======================= Fastest Corner ===================================

Startpoint: debug_mem_addr[0] (input port clocked by clk)
Endpoint: debug_mem_data[4] (output port clocked by clk)
Path Group: clk
Path Type: max
Corner: Fastest

Fanout     Cap    Slew   Delay    Time   Description
-----------------------------------------------------------------------------
                          0.00    0.00   clock clk (rise edge)
                          0.00    0.00   clock network delay (propagated)
                          8.00    8.00 ^ input external delay
                  0.02    0.01    8.01 ^ debug_mem_addr[0] (in)
     1    0.00                           debug_mem_addr[0] (net)
                  0.02    0.00    8.01 ^ input1/A (sky130_fd_sc_hd__clkbuf_2)
                  0.16    0.16    8.16 ^ input1/X (sky130_fd_sc_hd__clkbuf_2)
     2    0.04                           net1 (net)
                  0.16    0.00    8.17 ^ _07430_/A (sky130_fd_sc_hd__buf_2)
                  0.14    0.18    8.34 ^ _07430_/X (sky130_fd_sc_hd__buf_2)
     8    0.04                           _02559_ (net)
                  0.14    0.00    8.34 ^ _07482_/A (sky130_fd_sc_hd__buf_4)
                  0.21    0.23    8.58 ^ _07482_/X (sky130_fd_sc_hd__buf_4)
     8    0.10                           _02611_ (net)
                  0.21    0.00    8.58 ^ _07504_/A (sky130_fd_sc_hd__buf_2)
                  0.15    0.19    8.77 ^ _07504_/X (sky130_fd_sc_hd__buf_2)
     8    0.04                           _02633_ (net)
                  0.15    0.00    8.77 ^ _07757_/S1 (sky130_fd_sc_hd__mux4_1)
                  0.07    0.14    8.92 ^ _07757_/X (sky130_fd_sc_hd__mux4_1)
     1    0.01                           _02882_ (net)
                  0.07    0.00    8.92 ^ _07758_/B (sky130_fd_sc_hd__nor2_1)
                  0.04    0.04    8.95 v _07758_/Y (sky130_fd_sc_hd__nor2_1)
     1    0.01                           _02883_ (net)
                  0.04    0.00    8.95 v _07765_/A2 (sky130_fd_sc_hd__o32a_1)
                  0.09    0.26    9.22 v _07765_/X (sky130_fd_sc_hd__o32a_1)
     1    0.02                           _02890_ (net)
                  0.09    0.00    9.22 v _07775_/A0 (sky130_fd_sc_hd__mux2_1)
                  0.04    0.17    9.39 v _07775_/X (sky130_fd_sc_hd__mux2_1)
     1    0.00                           _02900_ (net)
                  0.04    0.00    9.39 v _07776_/B (sky130_fd_sc_hd__nor2_1)
                  0.31    0.26    9.65 ^ _07776_/Y (sky130_fd_sc_hd__nor2_1)
     1    0.02                           _02901_ (net)
                  0.31    0.00    9.65 ^ _07777_/B1 (sky130_fd_sc_hd__a21o_2)
                  0.20    0.20    9.85 ^ _07777_/X (sky130_fd_sc_hd__a21o_2)
     2    0.05                           net43 (net)
                  0.20    0.00    9.85 ^ output43/A (sky130_fd_sc_hd__clkbuf_4)
                  0.09    0.17   10.02 ^ output43/X (sky130_fd_sc_hd__clkbuf_4)
     1    0.03                           debug_mem_data[4] (net)
                  0.09    0.00   10.02 ^ debug_mem_data[4] (out)
                                 10.02   data arrival time

                         40.00   40.00   clock clk (rise edge)
                          0.00   40.00   clock network delay (propagated)
                         -0.25   39.75   clock uncertainty
                          0.00   39.75   clock reconvergence pessimism
                         -8.00   31.75   output external delay
                                 31.75   data required time
-----------------------------------------------------------------------------
                                 31.75   data required time
                                -10.02   data arrival time
-----------------------------------------------------------------------------
                                 21.73   slack (MET)



======================= Slowest Corner ===================================

Startpoint: debug_mem_addr[0] (input port clocked by clk)
Endpoint: debug_mem_data[2] (output port clocked by clk)
Path Group: clk
Path Type: max
Corner: Slowest

Fanout     Cap    Slew   Delay    Time   Description
-----------------------------------------------------------------------------
                          0.00    0.00   clock clk (rise edge)
                          0.00    0.00   clock network delay (propagated)
                          8.00    8.00 ^ input external delay
                  0.03    0.02    8.02 ^ debug_mem_addr[0] (in)
     1    0.00                           debug_mem_addr[0] (net)
                  0.03    0.00    8.02 ^ input1/A (sky130_fd_sc_hd__clkbuf_2)
                  0.31    0.37    8.39 ^ input1/X (sky130_fd_sc_hd__clkbuf_2)
     2    0.04                           net1 (net)
                  0.32    0.00    8.39 ^ _07430_/A (sky130_fd_sc_hd__buf_2)
                  0.29    0.48    8.87 ^ _07430_/X (sky130_fd_sc_hd__buf_2)
     8    0.04                           _02559_ (net)
                  0.29    0.00    8.87 ^ _07482_/A (sky130_fd_sc_hd__buf_4)
                  0.44    0.61    9.48 ^ _07482_/X (sky130_fd_sc_hd__buf_4)
     8    0.10                           _02611_ (net)
                  0.44    0.00    9.48 ^ _07504_/A (sky130_fd_sc_hd__buf_2)
                  0.31    0.55   10.03 ^ _07504_/X (sky130_fd_sc_hd__buf_2)
     8    0.04                           _02633_ (net)
                  0.31    0.00   10.03 ^ _07644_/S1 (sky130_fd_sc_hd__mux4_1)
                  0.12    0.40   10.43 ^ _07644_/X (sky130_fd_sc_hd__mux4_1)
     1    0.00                           _02771_ (net)
                  0.12    0.00   10.43 ^ _07645_/B (sky130_fd_sc_hd__nor2_1)
                  0.10    0.14   10.57 v _07645_/Y (sky130_fd_sc_hd__nor2_1)
     1    0.01                           _02772_ (net)
                  0.10    0.00   10.57 v _07654_/A2 (sky130_fd_sc_hd__o32a_1)
                  0.25    0.83   11.40 v _07654_/X (sky130_fd_sc_hd__o32a_1)
     1    0.02                           _02781_ (net)
                  0.25    0.00   11.40 v _07667_/A0 (sky130_fd_sc_hd__mux2_1)
                  0.12    0.76   12.16 v _07667_/X (sky130_fd_sc_hd__mux2_1)
     1    0.00                           _02794_ (net)
                  0.12    0.00   12.16 v _07668_/B (sky130_fd_sc_hd__nor2_1)
                  0.79    0.69   12.84 ^ _07668_/Y (sky130_fd_sc_hd__nor2_1)
     1    0.03                           _02795_ (net)
                  0.79    0.00   12.84 ^ _07669_/B1 (sky130_fd_sc_hd__a21o_2)
                  0.40    0.68   13.53 ^ _07669_/X (sky130_fd_sc_hd__a21o_2)
     2    0.05                           net41 (net)
                  0.40    0.00   13.53 ^ output41/A (sky130_fd_sc_hd__buf_2)
                  0.27    0.51   14.04 ^ output41/X (sky130_fd_sc_hd__buf_2)
     1    0.03                           debug_mem_data[2] (net)
                  0.27    0.00   14.04 ^ debug_mem_data[2] (out)
                                 14.04   data arrival time

                         40.00   40.00   clock clk (rise edge)
                          0.00   40.00   clock network delay (propagated)
                         -0.25   39.75   clock uncertainty
                          0.00   39.75   clock reconvergence pessimism
                         -8.00   31.75   output external delay
                                 31.75   data required time
-----------------------------------------------------------------------------
                                 31.75   data required time
                                -14.04   data arrival time
-----------------------------------------------------------------------------
                                 17.71   slack (MET)



======================= Typical Corner ===================================

Startpoint: debug_mem_addr[0] (input port clocked by clk)
Endpoint: debug_mem_data[4] (output port clocked by clk)
Path Group: clk
Path Type: max
Corner: Typical

Fanout     Cap    Slew   Delay    Time   Description
-----------------------------------------------------------------------------
                          0.00    0.00   clock clk (rise edge)
                          0.00    0.00   clock network delay (propagated)
                          8.00    8.00 ^ input external delay
                  0.02    0.01    8.01 ^ debug_mem_addr[0] (in)
     1    0.00                           debug_mem_addr[0] (net)
                  0.02    0.00    8.01 ^ input1/A (sky130_fd_sc_hd__clkbuf_2)
                  0.20    0.22    8.23 ^ input1/X (sky130_fd_sc_hd__clkbuf_2)
     2    0.04                           net1 (net)
                  0.20    0.00    8.23 ^ _07430_/A (sky130_fd_sc_hd__buf_2)
                  0.18    0.27    8.50 ^ _07430_/X (sky130_fd_sc_hd__buf_2)
     8    0.04                           _02559_ (net)
                  0.18    0.00    8.50 ^ _07482_/A (sky130_fd_sc_hd__buf_4)
                  0.28    0.34    8.84 ^ _07482_/X (sky130_fd_sc_hd__buf_4)
     8    0.10                           _02611_ (net)
                  0.28    0.00    8.84 ^ _07504_/A (sky130_fd_sc_hd__buf_2)
                  0.20    0.30    9.14 ^ _07504_/X (sky130_fd_sc_hd__buf_2)
     8    0.04                           _02633_ (net)
                  0.20    0.00    9.14 ^ _07757_/S1 (sky130_fd_sc_hd__mux4_1)
                  0.10    0.23    9.37 ^ _07757_/X (sky130_fd_sc_hd__mux4_1)
     1    0.01                           _02882_ (net)
                  0.10    0.00    9.37 ^ _07758_/B (sky130_fd_sc_hd__nor2_1)
                  0.05    0.07    9.44 v _07758_/Y (sky130_fd_sc_hd__nor2_1)
     1    0.01                           _02883_ (net)
                  0.05    0.00    9.44 v _07765_/A2 (sky130_fd_sc_hd__o32a_1)
                  0.14    0.44    9.88 v _07765_/X (sky130_fd_sc_hd__o32a_1)
     1    0.02                           _02890_ (net)
                  0.14    0.00    9.88 v _07775_/A0 (sky130_fd_sc_hd__mux2_1)
                  0.06    0.33   10.21 v _07775_/X (sky130_fd_sc_hd__mux2_1)
     1    0.00                           _02900_ (net)
                  0.06    0.00   10.21 v _07776_/B (sky130_fd_sc_hd__nor2_1)
                  0.43    0.37   10.57 ^ _07776_/Y (sky130_fd_sc_hd__nor2_1)
     1    0.02                           _02901_ (net)
                  0.43    0.00   10.57 ^ _07777_/B1 (sky130_fd_sc_hd__a21o_2)
                  0.27    0.34   10.92 ^ _07777_/X (sky130_fd_sc_hd__a21o_2)
     2    0.05                           net43 (net)
                  0.27    0.00   10.92 ^ output43/A (sky130_fd_sc_hd__clkbuf_4)
                  0.11    0.28   11.19 ^ output43/X (sky130_fd_sc_hd__clkbuf_4)
     1    0.03                           debug_mem_data[4] (net)
                  0.11    0.00   11.19 ^ debug_mem_data[4] (out)
                                 11.19   data arrival time

                         40.00   40.00   clock clk (rise edge)
                          0.00   40.00   clock network delay (propagated)
                         -0.25   39.75   clock uncertainty
                          0.00   39.75   clock reconvergence pessimism
                         -8.00   31.75   output external delay
                                 31.75   data required time
-----------------------------------------------------------------------------
                                 31.75   data required time
                                -11.19   data arrival time
-----------------------------------------------------------------------------
                                 20.56   slack (MET)




===========================================================================
report_checks --slack_max -0.01
============================================================================
======================= Fastest Corner ===================================

No paths found.

======================= Slowest Corner ===================================

No paths found.

======================= Typical Corner ===================================

No paths found.


===========================================================================
 report_check_types -max_slew -max_cap -max_fanout -violators
============================================================================
======================= Fastest Corner ===================================

max fanout

Pin                                   Limit Fanout  Slack
---------------------------------------------------------
clkbuf_4_0_0_clk/X                        8     19    -11 (VIOLATED)
clkbuf_leaf_147_clk/X                     8     18    -10 (VIOLATED)
clkbuf_leaf_140_clk/X                     8     17     -9 (VIOLATED)
clkbuf_leaf_152_clk/X                     8     17     -9 (VIOLATED)
clkbuf_leaf_199_clk/X                     8     17     -9 (VIOLATED)
_07507_/X                                 8     16     -8 (VIOLATED)
clkbuf_0_clk/X                            8     16     -8 (VIOLATED)
clkbuf_leaf_16_clk/X                      8     16     -8 (VIOLATED)
_08451_/X                                 8     15     -7 (VIOLATED)
clkbuf_4_11_0_clk/X                       8     15     -7 (VIOLATED)
clkbuf_4_7_0_clk/X                        8     15     -7 (VIOLATED)
clkbuf_leaf_148_clk/X                     8     15     -7 (VIOLATED)
clkbuf_leaf_151_clk/X                     8     15     -7 (VIOLATED)
clkbuf_leaf_49_clk/X                      8     15     -7 (VIOLATED)
_08590_/X                                 8     14     -6 (VIOLATED)
clkbuf_4_13_0_clk/X                       8     14     -6 (VIOLATED)
clkbuf_4_2_0_clk/X                        8     14     -6 (VIOLATED)
clkbuf_leaf_133_clk/X                     8     14     -6 (VIOLATED)
clkbuf_leaf_187_clk/X                     8     14     -6 (VIOLATED)
clkbuf_leaf_193_clk/X                     8     14     -6 (VIOLATED)
clkbuf_leaf_19_clk/X                      8     14     -6 (VIOLATED)
clkbuf_leaf_22_clk/X                      8     14     -6 (VIOLATED)
clkbuf_leaf_23_clk/X                      8     14     -6 (VIOLATED)
clkbuf_leaf_2_clk/X                       8     14     -6 (VIOLATED)
clkbuf_leaf_33_clk/X                      8     14     -6 (VIOLATED)
clkbuf_leaf_81_clk/X                      8     14     -6 (VIOLATED)
clkbuf_4_10_0_clk/X                       8     13     -5 (VIOLATED)
clkbuf_4_5_0_clk/X                        8     13     -5 (VIOLATED)
clkbuf_4_8_0_clk/X                        8     13     -5 (VIOLATED)
clkbuf_leaf_0_clk/X                       8     13     -5 (VIOLATED)
clkbuf_leaf_105_clk/X                     8     13     -5 (VIOLATED)
clkbuf_leaf_158_clk/X                     8     13     -5 (VIOLATED)
clkbuf_leaf_162_clk/X                     8     13     -5 (VIOLATED)
clkbuf_leaf_191_clk/X                     8     13     -5 (VIOLATED)
clkbuf_leaf_95_clk/X                      8     13     -5 (VIOLATED)
clkbuf_4_12_0_clk/X                       8     12     -4 (VIOLATED)
clkbuf_4_1_0_clk/X                        8     12     -4 (VIOLATED)
clkbuf_4_3_0_clk/X                        8     12     -4 (VIOLATED)
clkbuf_leaf_108_clk/X                     8     12     -4 (VIOLATED)
clkbuf_leaf_124_clk/X                     8     12     -4 (VIOLATED)
clkbuf_leaf_139_clk/X                     8     12     -4 (VIOLATED)
clkbuf_leaf_143_clk/X                     8     12     -4 (VIOLATED)
clkbuf_leaf_149_clk/X                     8     12     -4 (VIOLATED)
clkbuf_leaf_157_clk/X                     8     12     -4 (VIOLATED)
clkbuf_leaf_163_clk/X                     8     12     -4 (VIOLATED)
clkbuf_leaf_173_clk/X                     8     12     -4 (VIOLATED)
clkbuf_leaf_17_clk/X                      8     12     -4 (VIOLATED)
clkbuf_leaf_20_clk/X                      8     12     -4 (VIOLATED)
clkbuf_leaf_26_clk/X                      8     12     -4 (VIOLATED)
clkbuf_leaf_42_clk/X                      8     12     -4 (VIOLATED)
clkbuf_leaf_44_clk/X                      8     12     -4 (VIOLATED)
clkbuf_leaf_53_clk/X                      8     12     -4 (VIOLATED)
clkbuf_leaf_54_clk/X                      8     12     -4 (VIOLATED)
clkbuf_leaf_56_clk/X                      8     12     -4 (VIOLATED)
clkbuf_leaf_5_clk/X                       8     12     -4 (VIOLATED)
clkbuf_leaf_66_clk/X                      8     12     -4 (VIOLATED)
_07410_/Y                                 8     11     -3 (VIOLATED)
_07457_/X                                 8     11     -3 (VIOLATED)
_09836_/X                                 8     11     -3 (VIOLATED)
_16406_/Q                                 8     11     -3 (VIOLATED)
clkbuf_4_14_0_clk/X                       8     11     -3 (VIOLATED)
clkbuf_4_15_0_clk/X                       8     11     -3 (VIOLATED)
clkbuf_4_6_0_clk/X                        8     11     -3 (VIOLATED)
clkbuf_leaf_106_clk/X                     8     11     -3 (VIOLATED)
clkbuf_leaf_10_clk/X                      8     11     -3 (VIOLATED)
clkbuf_leaf_113_clk/X                     8     11     -3 (VIOLATED)
clkbuf_leaf_119_clk/X                     8     11     -3 (VIOLATED)
clkbuf_leaf_12_clk/X                      8     11     -3 (VIOLATED)
clkbuf_leaf_135_clk/X                     8     11     -3 (VIOLATED)
clkbuf_leaf_136_clk/X                     8     11     -3 (VIOLATED)
clkbuf_leaf_144_clk/X                     8     11     -3 (VIOLATED)
clkbuf_leaf_164_clk/X                     8     11     -3 (VIOLATED)
clkbuf_leaf_179_clk/X                     8     11     -3 (VIOLATED)
clkbuf_leaf_201_clk/X                     8     11     -3 (VIOLATED)
clkbuf_leaf_24_clk/X                      8     11     -3 (VIOLATED)
clkbuf_leaf_27_clk/X                      8     11     -3 (VIOLATED)
clkbuf_leaf_34_clk/X                      8     11     -3 (VIOLATED)
clkbuf_leaf_50_clk/X                      8     11     -3 (VIOLATED)
clkbuf_leaf_59_clk/X                      8     11     -3 (VIOLATED)
clkbuf_leaf_74_clk/X                      8     11     -3 (VIOLATED)
clkbuf_leaf_84_clk/X                      8     11     -3 (VIOLATED)
clkbuf_leaf_8_clk/X                       8     11     -3 (VIOLATED)
_07439_/X                                 8     10     -2 (VIOLATED)
_08807_/X                                 8     10     -2 (VIOLATED)
_09152_/X                                 8     10     -2 (VIOLATED)
_09963_/X                                 8     10     -2 (VIOLATED)
_10014_/X                                 8     10     -2 (VIOLATED)
_10017_/X                                 8     10     -2 (VIOLATED)
_13341_/X                                 8     10     -2 (VIOLATED)
_13677_/X                                 8     10     -2 (VIOLATED)
clkbuf_4_4_0_clk/X                        8     10     -2 (VIOLATED)
clkbuf_leaf_100_clk/X                     8     10     -2 (VIOLATED)
clkbuf_leaf_117_clk/X                     8     10     -2 (VIOLATED)
clkbuf_leaf_123_clk/X                     8     10     -2 (VIOLATED)
clkbuf_leaf_126_clk/X                     8     10     -2 (VIOLATED)
clkbuf_leaf_137_clk/X                     8     10     -2 (VIOLATED)
clkbuf_leaf_154_clk/X                     8     10     -2 (VIOLATED)
clkbuf_leaf_165_clk/X                     8     10     -2 (VIOLATED)
clkbuf_leaf_174_clk/X                     8     10     -2 (VIOLATED)
clkbuf_leaf_194_clk/X                     8     10     -2 (VIOLATED)
clkbuf_leaf_197_clk/X                     8     10     -2 (VIOLATED)
clkbuf_leaf_1_clk/X                       8     10     -2 (VIOLATED)
clkbuf_leaf_202_clk/X                     8     10     -2 (VIOLATED)
clkbuf_leaf_203_clk/X                     8     10     -2 (VIOLATED)
clkbuf_leaf_25_clk/X                      8     10     -2 (VIOLATED)
clkbuf_leaf_41_clk/X                      8     10     -2 (VIOLATED)
clkbuf_leaf_43_clk/X                      8     10     -2 (VIOLATED)
clkbuf_leaf_48_clk/X                      8     10     -2 (VIOLATED)
clkbuf_leaf_62_clk/X                      8     10     -2 (VIOLATED)
clkbuf_leaf_63_clk/X                      8     10     -2 (VIOLATED)
clkbuf_leaf_79_clk/X                      8     10     -2 (VIOLATED)
clkbuf_leaf_7_clk/X                       8     10     -2 (VIOLATED)
clkbuf_leaf_80_clk/X                      8     10     -2 (VIOLATED)
clkbuf_leaf_83_clk/X                      8     10     -2 (VIOLATED)
clkbuf_leaf_85_clk/X                      8     10     -2 (VIOLATED)
clkbuf_leaf_90_clk/X                      8     10     -2 (VIOLATED)
clkbuf_leaf_99_clk/X                      8     10     -2 (VIOLATED)
_08700_/X                                 8      9        (VIOLATED)
_08717_/X                                 8      9        (VIOLATED)
_09841_/X                                 8      9        (VIOLATED)
_09995_/X                                 8      9        (VIOLATED)
_10154_/X                                 8      9        (VIOLATED)
_10203_/X                                 8      9        (VIOLATED)
_10341_/X                                 8      9        (VIOLATED)
_14544_/X                                 8      9        (VIOLATED)
_14547_/X                                 8      9        (VIOLATED)
_16398_/Q                                 8      9        (VIOLATED)
_16401_/Q                                 8      9        (VIOLATED)
clkbuf_4_9_0_clk/X                        8      9        (VIOLATED)
clkbuf_leaf_101_clk/X                     8      9        (VIOLATED)
clkbuf_leaf_103_clk/X                     8      9        (VIOLATED)
clkbuf_leaf_104_clk/X                     8      9        (VIOLATED)
clkbuf_leaf_107_clk/X                     8      9        (VIOLATED)
clkbuf_leaf_111_clk/X                     8      9        (VIOLATED)
clkbuf_leaf_115_clk/X                     8      9        (VIOLATED)
clkbuf_leaf_131_clk/X                     8      9        (VIOLATED)
clkbuf_leaf_142_clk/X                     8      9        (VIOLATED)
clkbuf_leaf_145_clk/X                     8      9        (VIOLATED)
clkbuf_leaf_156_clk/X                     8      9        (VIOLATED)
clkbuf_leaf_167_clk/X                     8      9        (VIOLATED)
clkbuf_leaf_176_clk/X                     8      9        (VIOLATED)
clkbuf_leaf_180_clk/X                     8      9        (VIOLATED)
clkbuf_leaf_185_clk/X                     8      9        (VIOLATED)
clkbuf_leaf_200_clk/X                     8      9        (VIOLATED)
clkbuf_leaf_31_clk/X                      8      9        (VIOLATED)
clkbuf_leaf_36_clk/X                      8      9        (VIOLATED)
clkbuf_leaf_40_clk/X                      8      9        (VIOLATED)
clkbuf_leaf_70_clk/X                      8      9        (VIOLATED)
clkbuf_leaf_76_clk/X                      8      9        (VIOLATED)
clkbuf_leaf_77_clk/X                      8      9        (VIOLATED)
clkbuf_leaf_89_clk/X                      8      9        (VIOLATED)
clkbuf_leaf_93_clk/X                      8      9        (VIOLATED)
clkbuf_leaf_96_clk/X                      8      9        (VIOLATED)
clkbuf_leaf_98_clk/X                      8      9        (VIOLATED)


======================= Slowest Corner ===================================

max slew

Pin                                    Limit    Slew   Slack
------------------------------------------------------------
_10738_/Y                               0.75    1.08   -0.33 (VIOLATED)
_10780_/A1                              0.75    1.08   -0.33 (VIOLATED)
_13724_/A                               0.75    1.01   -0.26 (VIOLATED)
_13723_/Y                               0.75    1.01   -0.26 (VIOLATED)
_13741_/A                               0.75    1.01   -0.26 (VIOLATED)
_13674_/A                               0.75    1.00   -0.25 (VIOLATED)
_13673_/Y                               0.75    1.00   -0.25 (VIOLATED)
_13699_/A                               0.75    1.00   -0.25 (VIOLATED)
_10780_/B2                              0.75    1.00   -0.25 (VIOLATED)
_10779_/Y                               0.75    1.00   -0.25 (VIOLATED)
ANTENNA_60/DIODE                        0.75    0.98   -0.23 (VIOLATED)
_10909_/B1_N                            0.75    0.98   -0.23 (VIOLATED)
_10908_/Y                               0.75    0.98   -0.23 (VIOLATED)
_08770_/Y                               0.75    0.95   -0.20 (VIOLATED)
_08771_/A                               0.75    0.95   -0.20 (VIOLATED)
_08788_/A                               0.75    0.95   -0.20 (VIOLATED)
_13829_/A                               0.75    0.92   -0.17 (VIOLATED)
_13828_/Y                               0.75    0.92   -0.17 (VIOLATED)
_13846_/A                               0.75    0.92   -0.17 (VIOLATED)
_10331_/B2                              0.75    0.91   -0.16 (VIOLATED)
_10330_/Y                               0.75    0.91   -0.16 (VIOLATED)
_10819_/S1                              0.75    0.87   -0.12 (VIOLATED)
_08592_/A                               0.75    0.87   -0.12 (VIOLATED)
_10818_/S1                              0.75    0.87   -0.12 (VIOLATED)
_09958_/A                               0.75    0.87   -0.12 (VIOLATED)
_09231_/A                               0.75    0.87   -0.12 (VIOLATED)
_09966_/A                               0.75    0.87   -0.12 (VIOLATED)
_08591_/X                               0.75    0.87   -0.12 (VIOLATED)
_14498_/Y                               0.75    0.85   -0.10 (VIOLATED)
_14499_/A                               0.75    0.85   -0.10 (VIOLATED)
_14516_/A                               0.75    0.85   -0.10 (VIOLATED)
_10059_/Y                               0.75    0.85   -0.10 (VIOLATED)
_10118_/A1                              0.75    0.85   -0.10 (VIOLATED)
_08590_/A                               0.75    0.83   -0.08 (VIOLATED)
_08762_/A                               0.75    0.83   -0.08 (VIOLATED)
_09961_/A                               0.75    0.83   -0.08 (VIOLATED)
_10290_/A                               0.75    0.83   -0.08 (VIOLATED)
_10826_/C1                              0.75    0.83   -0.08 (VIOLATED)
_09841_/A                               0.75    0.83   -0.08 (VIOLATED)
_10798_/A                               0.75    0.83   -0.08 (VIOLATED)
_08589_/Y                               0.75    0.83   -0.08 (VIOLATED)
_14535_/A                               0.75    0.83   -0.08 (VIOLATED)
_14534_/Y                               0.75    0.83   -0.08 (VIOLATED)
_14560_/A                               0.75    0.83   -0.08 (VIOLATED)
_08947_/Y                               0.75    0.82   -0.07 (VIOLATED)
_08948_/A                               0.75    0.82   -0.07 (VIOLATED)
_08965_/A                               0.75    0.82   -0.07 (VIOLATED)
_14641_/Y                               0.75    0.80   -0.05 (VIOLATED)
_14642_/A                               0.75    0.80   -0.05 (VIOLATED)
_14659_/A                               0.75    0.80   -0.05 (VIOLATED)
_10825_/B1                              0.75    0.80   -0.05 (VIOLATED)
_10324_/A                               0.75    0.80   -0.05 (VIOLATED)
_08764_/A                               0.75    0.80   -0.05 (VIOLATED)
_10242_/A                               0.75    0.80   -0.05 (VIOLATED)
_09952_/A                               0.75    0.80   -0.05 (VIOLATED)
_08889_/A                               0.75    0.80   -0.05 (VIOLATED)
_10564_/A                               0.75    0.80   -0.05 (VIOLATED)
_10558_/A                               0.75    0.80   -0.05 (VIOLATED)
_08763_/Y                               0.75    0.80   -0.05 (VIOLATED)
_07668_/Y                               0.75    0.79   -0.04 (VIOLATED)
_07669_/B1                              0.75    0.79   -0.04 (VIOLATED)
_08519_/Y                               0.75    0.77   -0.02 (VIOLATED)
_08520_/A                               0.75    0.77   -0.02 (VIOLATED)
_08674_/A                               0.75    0.77   -0.02 (VIOLATED)
_13926_/B2                              0.75    0.77   -0.02 (VIOLATED)
_13897_/A                               0.75    0.77   -0.02 (VIOLATED)
_13928_/B2                              0.75    0.77   -0.02 (VIOLATED)
_13911_/A                               0.75    0.77   -0.02 (VIOLATED)
_13929_/B2                              0.75    0.77   -0.02 (VIOLATED)
_13899_/A                               0.75    0.77   -0.02 (VIOLATED)
_14297_/B1                              0.75    0.77   -0.02 (VIOLATED)
_14022_/A                               0.75    0.77   -0.02 (VIOLATED)
_13896_/Y                               0.75    0.77   -0.02 (VIOLATED)
_09107_/Y                               0.75    0.77   -0.02 (VIOLATED)
_09108_/A                               0.75    0.77   -0.02 (VIOLATED)
_09125_/A                               0.75    0.77   -0.02 (VIOLATED)
_14676_/Y                               0.75    0.76   -0.01 (VIOLATED)
_14677_/A                               0.75    0.76   -0.01 (VIOLATED)
_14694_/A                               0.75    0.76   -0.01 (VIOLATED)
_08599_/A                               0.75    0.76   -0.01 (VIOLATED)
_08598_/Y                               0.75    0.76   -0.01 (VIOLATED)
_08682_/A                               0.75    0.76   -0.01 (VIOLATED)

max fanout

Pin                                   Limit Fanout  Slack
---------------------------------------------------------
clkbuf_4_0_0_clk/X                        8     19    -11 (VIOLATED)
clkbuf_leaf_147_clk/X                     8     18    -10 (VIOLATED)
clkbuf_leaf_140_clk/X                     8     17     -9 (VIOLATED)
clkbuf_leaf_152_clk/X                     8     17     -9 (VIOLATED)
clkbuf_leaf_199_clk/X                     8     17     -9 (VIOLATED)
_07507_/X                                 8     16     -8 (VIOLATED)
clkbuf_0_clk/X                            8     16     -8 (VIOLATED)
clkbuf_leaf_16_clk/X                      8     16     -8 (VIOLATED)
_08451_/X                                 8     15     -7 (VIOLATED)
clkbuf_4_11_0_clk/X                       8     15     -7 (VIOLATED)
clkbuf_4_7_0_clk/X                        8     15     -7 (VIOLATED)
clkbuf_leaf_148_clk/X                     8     15     -7 (VIOLATED)
clkbuf_leaf_151_clk/X                     8     15     -7 (VIOLATED)
clkbuf_leaf_49_clk/X                      8     15     -7 (VIOLATED)
_08590_/X                                 8     14     -6 (VIOLATED)
clkbuf_4_13_0_clk/X                       8     14     -6 (VIOLATED)
clkbuf_4_2_0_clk/X                        8     14     -6 (VIOLATED)
clkbuf_leaf_133_clk/X                     8     14     -6 (VIOLATED)
clkbuf_leaf_187_clk/X                     8     14     -6 (VIOLATED)
clkbuf_leaf_193_clk/X                     8     14     -6 (VIOLATED)
clkbuf_leaf_19_clk/X                      8     14     -6 (VIOLATED)
clkbuf_leaf_22_clk/X                      8     14     -6 (VIOLATED)
clkbuf_leaf_23_clk/X                      8     14     -6 (VIOLATED)
clkbuf_leaf_2_clk/X                       8     14     -6 (VIOLATED)
clkbuf_leaf_33_clk/X                      8     14     -6 (VIOLATED)
clkbuf_leaf_81_clk/X                      8     14     -6 (VIOLATED)
clkbuf_4_10_0_clk/X                       8     13     -5 (VIOLATED)
clkbuf_4_5_0_clk/X                        8     13     -5 (VIOLATED)
clkbuf_4_8_0_clk/X                        8     13     -5 (VIOLATED)
clkbuf_leaf_0_clk/X                       8     13     -5 (VIOLATED)
clkbuf_leaf_105_clk/X                     8     13     -5 (VIOLATED)
clkbuf_leaf_158_clk/X                     8     13     -5 (VIOLATED)
clkbuf_leaf_162_clk/X                     8     13     -5 (VIOLATED)
clkbuf_leaf_191_clk/X                     8     13     -5 (VIOLATED)
clkbuf_leaf_95_clk/X                      8     13     -5 (VIOLATED)
clkbuf_4_12_0_clk/X                       8     12     -4 (VIOLATED)
clkbuf_4_1_0_clk/X                        8     12     -4 (VIOLATED)
clkbuf_4_3_0_clk/X                        8     12     -4 (VIOLATED)
clkbuf_leaf_108_clk/X                     8     12     -4 (VIOLATED)
clkbuf_leaf_124_clk/X                     8     12     -4 (VIOLATED)
clkbuf_leaf_139_clk/X                     8     12     -4 (VIOLATED)
clkbuf_leaf_143_clk/X                     8     12     -4 (VIOLATED)
clkbuf_leaf_149_clk/X                     8     12     -4 (VIOLATED)
clkbuf_leaf_157_clk/X                     8     12     -4 (VIOLATED)
clkbuf_leaf_163_clk/X                     8     12     -4 (VIOLATED)
clkbuf_leaf_173_clk/X                     8     12     -4 (VIOLATED)
clkbuf_leaf_17_clk/X                      8     12     -4 (VIOLATED)
clkbuf_leaf_20_clk/X                      8     12     -4 (VIOLATED)
clkbuf_leaf_26_clk/X                      8     12     -4 (VIOLATED)
clkbuf_leaf_42_clk/X                      8     12     -4 (VIOLATED)
clkbuf_leaf_44_clk/X                      8     12     -4 (VIOLATED)
clkbuf_leaf_53_clk/X                      8     12     -4 (VIOLATED)
clkbuf_leaf_54_clk/X                      8     12     -4 (VIOLATED)
clkbuf_leaf_56_clk/X                      8     12     -4 (VIOLATED)
clkbuf_leaf_5_clk/X                       8     12     -4 (VIOLATED)
clkbuf_leaf_66_clk/X                      8     12     -4 (VIOLATED)
_07410_/Y                                 8     11     -3 (VIOLATED)
_07457_/X                                 8     11     -3 (VIOLATED)
_09836_/X                                 8     11     -3 (VIOLATED)
_16406_/Q                                 8     11     -3 (VIOLATED)
clkbuf_4_14_0_clk/X                       8     11     -3 (VIOLATED)
clkbuf_4_15_0_clk/X                       8     11     -3 (VIOLATED)
clkbuf_4_6_0_clk/X                        8     11     -3 (VIOLATED)
clkbuf_leaf_106_clk/X                     8     11     -3 (VIOLATED)
clkbuf_leaf_10_clk/X                      8     11     -3 (VIOLATED)
clkbuf_leaf_113_clk/X                     8     11     -3 (VIOLATED)
clkbuf_leaf_119_clk/X                     8     11     -3 (VIOLATED)
clkbuf_leaf_12_clk/X                      8     11     -3 (VIOLATED)
clkbuf_leaf_135_clk/X                     8     11     -3 (VIOLATED)
clkbuf_leaf_136_clk/X                     8     11     -3 (VIOLATED)
clkbuf_leaf_144_clk/X                     8     11     -3 (VIOLATED)
clkbuf_leaf_164_clk/X                     8     11     -3 (VIOLATED)
clkbuf_leaf_179_clk/X                     8     11     -3 (VIOLATED)
clkbuf_leaf_201_clk/X                     8     11     -3 (VIOLATED)
clkbuf_leaf_24_clk/X                      8     11     -3 (VIOLATED)
clkbuf_leaf_27_clk/X                      8     11     -3 (VIOLATED)
clkbuf_leaf_34_clk/X                      8     11     -3 (VIOLATED)
clkbuf_leaf_50_clk/X                      8     11     -3 (VIOLATED)
clkbuf_leaf_59_clk/X                      8     11     -3 (VIOLATED)
clkbuf_leaf_74_clk/X                      8     11     -3 (VIOLATED)
clkbuf_leaf_84_clk/X                      8     11     -3 (VIOLATED)
clkbuf_leaf_8_clk/X                       8     11     -3 (VIOLATED)
_07439_/X                                 8     10     -2 (VIOLATED)
_08807_/X                                 8     10     -2 (VIOLATED)
_09152_/X                                 8     10     -2 (VIOLATED)
_09963_/X                                 8     10     -2 (VIOLATED)
_10014_/X                                 8     10     -2 (VIOLATED)
_10017_/X                                 8     10     -2 (VIOLATED)
_13341_/X                                 8     10     -2 (VIOLATED)
_13677_/X                                 8     10     -2 (VIOLATED)
clkbuf_4_4_0_clk/X                        8     10     -2 (VIOLATED)
clkbuf_leaf_100_clk/X                     8     10     -2 (VIOLATED)
clkbuf_leaf_117_clk/X                     8     10     -2 (VIOLATED)
clkbuf_leaf_123_clk/X                     8     10     -2 (VIOLATED)
clkbuf_leaf_126_clk/X                     8     10     -2 (VIOLATED)
clkbuf_leaf_137_clk/X                     8     10     -2 (VIOLATED)
clkbuf_leaf_154_clk/X                     8     10     -2 (VIOLATED)
clkbuf_leaf_165_clk/X                     8     10     -2 (VIOLATED)
clkbuf_leaf_174_clk/X                     8     10     -2 (VIOLATED)
clkbuf_leaf_194_clk/X                     8     10     -2 (VIOLATED)
clkbuf_leaf_197_clk/X                     8     10     -2 (VIOLATED)
clkbuf_leaf_1_clk/X                       8     10     -2 (VIOLATED)
clkbuf_leaf_202_clk/X                     8     10     -2 (VIOLATED)
clkbuf_leaf_203_clk/X                     8     10     -2 (VIOLATED)
clkbuf_leaf_25_clk/X                      8     10     -2 (VIOLATED)
clkbuf_leaf_41_clk/X                      8     10     -2 (VIOLATED)
clkbuf_leaf_43_clk/X                      8     10     -2 (VIOLATED)
clkbuf_leaf_48_clk/X                      8     10     -2 (VIOLATED)
clkbuf_leaf_62_clk/X                      8     10     -2 (VIOLATED)
clkbuf_leaf_63_clk/X                      8     10     -2 (VIOLATED)
clkbuf_leaf_79_clk/X                      8     10     -2 (VIOLATED)
clkbuf_leaf_7_clk/X                       8     10     -2 (VIOLATED)
clkbuf_leaf_80_clk/X                      8     10     -2 (VIOLATED)
clkbuf_leaf_83_clk/X                      8     10     -2 (VIOLATED)
clkbuf_leaf_85_clk/X                      8     10     -2 (VIOLATED)
clkbuf_leaf_90_clk/X                      8     10     -2 (VIOLATED)
clkbuf_leaf_99_clk/X                      8     10     -2 (VIOLATED)
_08700_/X                                 8      9        (VIOLATED)
_08717_/X                                 8      9        (VIOLATED)
_09841_/X                                 8      9        (VIOLATED)
_09995_/X                                 8      9        (VIOLATED)
_10154_/X                                 8      9        (VIOLATED)
_10203_/X                                 8      9        (VIOLATED)
_10341_/X                                 8      9        (VIOLATED)
_14544_/X                                 8      9        (VIOLATED)
_14547_/X                                 8      9        (VIOLATED)
_16398_/Q                                 8      9        (VIOLATED)
_16401_/Q                                 8      9        (VIOLATED)
clkbuf_4_9_0_clk/X                        8      9        (VIOLATED)
clkbuf_leaf_101_clk/X                     8      9        (VIOLATED)
clkbuf_leaf_103_clk/X                     8      9        (VIOLATED)
clkbuf_leaf_104_clk/X                     8      9        (VIOLATED)
clkbuf_leaf_107_clk/X                     8      9        (VIOLATED)
clkbuf_leaf_111_clk/X                     8      9        (VIOLATED)
clkbuf_leaf_115_clk/X                     8      9        (VIOLATED)
clkbuf_leaf_131_clk/X                     8      9        (VIOLATED)
clkbuf_leaf_142_clk/X                     8      9        (VIOLATED)
clkbuf_leaf_145_clk/X                     8      9        (VIOLATED)
clkbuf_leaf_156_clk/X                     8      9        (VIOLATED)
clkbuf_leaf_167_clk/X                     8      9        (VIOLATED)
clkbuf_leaf_176_clk/X                     8      9        (VIOLATED)
clkbuf_leaf_180_clk/X                     8      9        (VIOLATED)
clkbuf_leaf_185_clk/X                     8      9        (VIOLATED)
clkbuf_leaf_200_clk/X                     8      9        (VIOLATED)
clkbuf_leaf_31_clk/X                      8      9        (VIOLATED)
clkbuf_leaf_36_clk/X                      8      9        (VIOLATED)
clkbuf_leaf_40_clk/X                      8      9        (VIOLATED)
clkbuf_leaf_70_clk/X                      8      9        (VIOLATED)
clkbuf_leaf_76_clk/X                      8      9        (VIOLATED)
clkbuf_leaf_77_clk/X                      8      9        (VIOLATED)
clkbuf_leaf_89_clk/X                      8      9        (VIOLATED)
clkbuf_leaf_93_clk/X                      8      9        (VIOLATED)
clkbuf_leaf_96_clk/X                      8      9        (VIOLATED)
clkbuf_leaf_98_clk/X                      8      9        (VIOLATED)


======================= Typical Corner ===================================

max fanout

Pin                                   Limit Fanout  Slack
---------------------------------------------------------
clkbuf_4_0_0_clk/X                        8     19    -11 (VIOLATED)
clkbuf_leaf_147_clk/X                     8     18    -10 (VIOLATED)
clkbuf_leaf_140_clk/X                     8     17     -9 (VIOLATED)
clkbuf_leaf_152_clk/X                     8     17     -9 (VIOLATED)
clkbuf_leaf_199_clk/X                     8     17     -9 (VIOLATED)
_07507_/X                                 8     16     -8 (VIOLATED)
clkbuf_0_clk/X                            8     16     -8 (VIOLATED)
clkbuf_leaf_16_clk/X                      8     16     -8 (VIOLATED)
_08451_/X                                 8     15     -7 (VIOLATED)
clkbuf_4_11_0_clk/X                       8     15     -7 (VIOLATED)
clkbuf_4_7_0_clk/X                        8     15     -7 (VIOLATED)
clkbuf_leaf_148_clk/X                     8     15     -7 (VIOLATED)
clkbuf_leaf_151_clk/X                     8     15     -7 (VIOLATED)
clkbuf_leaf_49_clk/X                      8     15     -7 (VIOLATED)
_08590_/X                                 8     14     -6 (VIOLATED)
clkbuf_4_13_0_clk/X                       8     14     -6 (VIOLATED)
clkbuf_4_2_0_clk/X                        8     14     -6 (VIOLATED)
clkbuf_leaf_133_clk/X                     8     14     -6 (VIOLATED)
clkbuf_leaf_187_clk/X                     8     14     -6 (VIOLATED)
clkbuf_leaf_193_clk/X                     8     14     -6 (VIOLATED)
clkbuf_leaf_19_clk/X                      8     14     -6 (VIOLATED)
clkbuf_leaf_22_clk/X                      8     14     -6 (VIOLATED)
clkbuf_leaf_23_clk/X                      8     14     -6 (VIOLATED)
clkbuf_leaf_2_clk/X                       8     14     -6 (VIOLATED)
clkbuf_leaf_33_clk/X                      8     14     -6 (VIOLATED)
clkbuf_leaf_81_clk/X                      8     14     -6 (VIOLATED)
clkbuf_4_10_0_clk/X                       8     13     -5 (VIOLATED)
clkbuf_4_5_0_clk/X                        8     13     -5 (VIOLATED)
clkbuf_4_8_0_clk/X                        8     13     -5 (VIOLATED)
clkbuf_leaf_0_clk/X                       8     13     -5 (VIOLATED)
clkbuf_leaf_105_clk/X                     8     13     -5 (VIOLATED)
clkbuf_leaf_158_clk/X                     8     13     -5 (VIOLATED)
clkbuf_leaf_162_clk/X                     8     13     -5 (VIOLATED)
clkbuf_leaf_191_clk/X                     8     13     -5 (VIOLATED)
clkbuf_leaf_95_clk/X                      8     13     -5 (VIOLATED)
clkbuf_4_12_0_clk/X                       8     12     -4 (VIOLATED)
clkbuf_4_1_0_clk/X                        8     12     -4 (VIOLATED)
clkbuf_4_3_0_clk/X                        8     12     -4 (VIOLATED)
clkbuf_leaf_108_clk/X                     8     12     -4 (VIOLATED)
clkbuf_leaf_124_clk/X                     8     12     -4 (VIOLATED)
clkbuf_leaf_139_clk/X                     8     12     -4 (VIOLATED)
clkbuf_leaf_143_clk/X                     8     12     -4 (VIOLATED)
clkbuf_leaf_149_clk/X                     8     12     -4 (VIOLATED)
clkbuf_leaf_157_clk/X                     8     12     -4 (VIOLATED)
clkbuf_leaf_163_clk/X                     8     12     -4 (VIOLATED)
clkbuf_leaf_173_clk/X                     8     12     -4 (VIOLATED)
clkbuf_leaf_17_clk/X                      8     12     -4 (VIOLATED)
clkbuf_leaf_20_clk/X                      8     12     -4 (VIOLATED)
clkbuf_leaf_26_clk/X                      8     12     -4 (VIOLATED)
clkbuf_leaf_42_clk/X                      8     12     -4 (VIOLATED)
clkbuf_leaf_44_clk/X                      8     12     -4 (VIOLATED)
clkbuf_leaf_53_clk/X                      8     12     -4 (VIOLATED)
clkbuf_leaf_54_clk/X                      8     12     -4 (VIOLATED)
clkbuf_leaf_56_clk/X                      8     12     -4 (VIOLATED)
clkbuf_leaf_5_clk/X                       8     12     -4 (VIOLATED)
clkbuf_leaf_66_clk/X                      8     12     -4 (VIOLATED)
_07410_/Y                                 8     11     -3 (VIOLATED)
_07457_/X                                 8     11     -3 (VIOLATED)
_09836_/X                                 8     11     -3 (VIOLATED)
_16406_/Q                                 8     11     -3 (VIOLATED)
clkbuf_4_14_0_clk/X                       8     11     -3 (VIOLATED)
clkbuf_4_15_0_clk/X                       8     11     -3 (VIOLATED)
clkbuf_4_6_0_clk/X                        8     11     -3 (VIOLATED)
clkbuf_leaf_106_clk/X                     8     11     -3 (VIOLATED)
clkbuf_leaf_10_clk/X                      8     11     -3 (VIOLATED)
clkbuf_leaf_113_clk/X                     8     11     -3 (VIOLATED)
clkbuf_leaf_119_clk/X                     8     11     -3 (VIOLATED)
clkbuf_leaf_12_clk/X                      8     11     -3 (VIOLATED)
clkbuf_leaf_135_clk/X                     8     11     -3 (VIOLATED)
clkbuf_leaf_136_clk/X                     8     11     -3 (VIOLATED)
clkbuf_leaf_144_clk/X                     8     11     -3 (VIOLATED)
clkbuf_leaf_164_clk/X                     8     11     -3 (VIOLATED)
clkbuf_leaf_179_clk/X                     8     11     -3 (VIOLATED)
clkbuf_leaf_201_clk/X                     8     11     -3 (VIOLATED)
clkbuf_leaf_24_clk/X                      8     11     -3 (VIOLATED)
clkbuf_leaf_27_clk/X                      8     11     -3 (VIOLATED)
clkbuf_leaf_34_clk/X                      8     11     -3 (VIOLATED)
clkbuf_leaf_50_clk/X                      8     11     -3 (VIOLATED)
clkbuf_leaf_59_clk/X                      8     11     -3 (VIOLATED)
clkbuf_leaf_74_clk/X                      8     11     -3 (VIOLATED)
clkbuf_leaf_84_clk/X                      8     11     -3 (VIOLATED)
clkbuf_leaf_8_clk/X                       8     11     -3 (VIOLATED)
_07439_/X                                 8     10     -2 (VIOLATED)
_08807_/X                                 8     10     -2 (VIOLATED)
_09152_/X                                 8     10     -2 (VIOLATED)
_09963_/X                                 8     10     -2 (VIOLATED)
_10014_/X                                 8     10     -2 (VIOLATED)
_10017_/X                                 8     10     -2 (VIOLATED)
_13341_/X                                 8     10     -2 (VIOLATED)
_13677_/X                                 8     10     -2 (VIOLATED)
clkbuf_4_4_0_clk/X                        8     10     -2 (VIOLATED)
clkbuf_leaf_100_clk/X                     8     10     -2 (VIOLATED)
clkbuf_leaf_117_clk/X                     8     10     -2 (VIOLATED)
clkbuf_leaf_123_clk/X                     8     10     -2 (VIOLATED)
clkbuf_leaf_126_clk/X                     8     10     -2 (VIOLATED)
clkbuf_leaf_137_clk/X                     8     10     -2 (VIOLATED)
clkbuf_leaf_154_clk/X                     8     10     -2 (VIOLATED)
clkbuf_leaf_165_clk/X                     8     10     -2 (VIOLATED)
clkbuf_leaf_174_clk/X                     8     10     -2 (VIOLATED)
clkbuf_leaf_194_clk/X                     8     10     -2 (VIOLATED)
clkbuf_leaf_197_clk/X                     8     10     -2 (VIOLATED)
clkbuf_leaf_1_clk/X                       8     10     -2 (VIOLATED)
clkbuf_leaf_202_clk/X                     8     10     -2 (VIOLATED)
clkbuf_leaf_203_clk/X                     8     10     -2 (VIOLATED)
clkbuf_leaf_25_clk/X                      8     10     -2 (VIOLATED)
clkbuf_leaf_41_clk/X                      8     10     -2 (VIOLATED)
clkbuf_leaf_43_clk/X                      8     10     -2 (VIOLATED)
clkbuf_leaf_48_clk/X                      8     10     -2 (VIOLATED)
clkbuf_leaf_62_clk/X                      8     10     -2 (VIOLATED)
clkbuf_leaf_63_clk/X                      8     10     -2 (VIOLATED)
clkbuf_leaf_79_clk/X                      8     10     -2 (VIOLATED)
clkbuf_leaf_7_clk/X                       8     10     -2 (VIOLATED)
clkbuf_leaf_80_clk/X                      8     10     -2 (VIOLATED)
clkbuf_leaf_83_clk/X                      8     10     -2 (VIOLATED)
clkbuf_leaf_85_clk/X                      8     10     -2 (VIOLATED)
clkbuf_leaf_90_clk/X                      8     10     -2 (VIOLATED)
clkbuf_leaf_99_clk/X                      8     10     -2 (VIOLATED)
_08700_/X                                 8      9        (VIOLATED)
_08717_/X                                 8      9        (VIOLATED)
_09841_/X                                 8      9        (VIOLATED)
_09995_/X                                 8      9        (VIOLATED)
_10154_/X                                 8      9        (VIOLATED)
_10203_/X                                 8      9        (VIOLATED)
_10341_/X                                 8      9        (VIOLATED)
_14544_/X                                 8      9        (VIOLATED)
_14547_/X                                 8      9        (VIOLATED)
_16398_/Q                                 8      9        (VIOLATED)
_16401_/Q                                 8      9        (VIOLATED)
clkbuf_4_9_0_clk/X                        8      9        (VIOLATED)
clkbuf_leaf_101_clk/X                     8      9        (VIOLATED)
clkbuf_leaf_103_clk/X                     8      9        (VIOLATED)
clkbuf_leaf_104_clk/X                     8      9        (VIOLATED)
clkbuf_leaf_107_clk/X                     8      9        (VIOLATED)
clkbuf_leaf_111_clk/X                     8      9        (VIOLATED)
clkbuf_leaf_115_clk/X                     8      9        (VIOLATED)
clkbuf_leaf_131_clk/X                     8      9        (VIOLATED)
clkbuf_leaf_142_clk/X                     8      9        (VIOLATED)
clkbuf_leaf_145_clk/X                     8      9        (VIOLATED)
clkbuf_leaf_156_clk/X                     8      9        (VIOLATED)
clkbuf_leaf_167_clk/X                     8      9        (VIOLATED)
clkbuf_leaf_176_clk/X                     8      9        (VIOLATED)
clkbuf_leaf_180_clk/X                     8      9        (VIOLATED)
clkbuf_leaf_185_clk/X                     8      9        (VIOLATED)
clkbuf_leaf_200_clk/X                     8      9        (VIOLATED)
clkbuf_leaf_31_clk/X                      8      9        (VIOLATED)
clkbuf_leaf_36_clk/X                      8      9        (VIOLATED)
clkbuf_leaf_40_clk/X                      8      9        (VIOLATED)
clkbuf_leaf_70_clk/X                      8      9        (VIOLATED)
clkbuf_leaf_76_clk/X                      8      9        (VIOLATED)
clkbuf_leaf_77_clk/X                      8      9        (VIOLATED)
clkbuf_leaf_89_clk/X                      8      9        (VIOLATED)
clkbuf_leaf_93_clk/X                      8      9        (VIOLATED)
clkbuf_leaf_96_clk/X                      8      9        (VIOLATED)
clkbuf_leaf_98_clk/X                      8      9        (VIOLATED)



===========================================================================
report_parasitic_annotation -report_unannotated
============================================================================
Found 0 unannotated drivers.
Found 0 partially unannotated drivers.

===========================================================================
max slew violation count 82
max fanout violation count 154
max cap violation count 0
============================================================================

===========================================================================
check_setup -verbose -unconstrained_endpoints -multiple_clock -no_clock -no_input_delay -loops -generated_clocks
===========================================================================
