
===========================================================================
 report_power
============================================================================
======================= Fastest Corner ===================================

Group                  Internal  Switching    Leakage      Total
                          Power      Power      Power      Power (Watts)
----------------------------------------------------------------
Sequential             2.37e-03   2.44e-04   2.68e-08   2.62e-03  32.7%
Combinational          2.59e-03   2.79e-03   1.15e-07   5.38e-03  67.3%
Macro                  0.00e+00   0.00e+00   0.00e+00   0.00e+00   0.0%
Pad                    0.00e+00   0.00e+00   0.00e+00   0.00e+00   0.0%
----------------------------------------------------------------
Total                  4.96e-03   3.04e-03   1.41e-07   8.00e-03 100.0%
                          62.0%      38.0%       0.0%

======================= Slowest Corner ===================================

Group                  Internal  Switching    Leakage      Total
                          Power      Power      Power      Power (Watts)
----------------------------------------------------------------
Sequential             1.60e-03   1.58e-04   2.67e-05   1.78e-03  32.3%
Combinational          1.85e-03   1.83e-03   5.78e-05   3.73e-03  67.7%
Macro                  0.00e+00   0.00e+00   0.00e+00   0.00e+00   0.0%
Pad                    0.00e+00   0.00e+00   0.00e+00   0.00e+00   0.0%
----------------------------------------------------------------
Total                  3.44e-03   1.99e-03   8.45e-05   5.52e-03 100.0%
                          62.4%      36.1%       1.5%

======================= Typical Corner ===================================

Group                  Internal  Switching    Leakage      Total
                          Power      Power      Power      Power (Watts)
----------------------------------------------------------------
Sequential             2.05e-03   2.04e-04   1.54e-08   2.25e-03  32.7%
Combinational          2.29e-03   2.35e-03   5.88e-08   4.64e-03  67.3%
Macro                  0.00e+00   0.00e+00   0.00e+00   0.00e+00   0.0%
Pad                    0.00e+00   0.00e+00   0.00e+00   0.00e+00   0.0%
----------------------------------------------------------------
Total                  4.33e-03   2.56e-03   7.42e-08   6.89e-03 100.0%
                          62.9%      37.1%       0.0%

