OpenROAD 41a51eaf4ca2171c92ff38afb91eb37bbd3f36da 
This program is licensed under the BSD-3 license. See the LICENSE file for details.
Components of this program may be licensed under more restrictive licenses which must be honored.
[INFO]: Reading ODB at '/openlane/designs/my_processor/runs/RUN_2026.05.08_08.28.37/results/cts/pipelined_processor.odb'…
define_corners Slowest Typical Fastest
read_liberty -corner Slowest /home/kushagra/.ciel/sky130A/libs.ref/sky130_fd_sc_hd/lib/sky130_fd_sc_hd__ss_100C_1v60.lib
read_liberty -corner Typical /home/kushagra/.ciel/sky130A/libs.ref/sky130_fd_sc_hd/lib/sky130_fd_sc_hd__tt_025C_1v80.lib
read_liberty -corner Fastest /home/kushagra/.ciel/sky130A/libs.ref/sky130_fd_sc_hd/lib/sky130_fd_sc_hd__ff_n40C_1v95.lib
Using 1e-12 for capacitance...
Using 1e+03 for resistance...
Using 1e-09 for time...
Using 1e+00 for voltage...
Using 1e-03 for current...
Using 1e-09 for power...
Using 1e-06 for distance...
Reading design constraints file at '/openlane/designs/my_processor/runs/RUN_2026.05.08_08.28.37/results/cts/pipelined_processor.sdc'…
[INFO]: Setting RC values...
[INFO RSZ-0040] Inserted 27 buffers.
[INFO RSZ-0041] Resized 228 instances.
[WARNING RSZ-0062] Unable to repair all setup violations.
[INFO RSZ-0046] Found 1285 endpoints with hold violations.
[INFO RSZ-0032] Inserted 1293 hold buffers.
Placement Analysis
---------------------------------
total displacement      13076.6 u
average displacement        1.0 u
max displacement           28.9 u
original HPWL          320076.9 u
legalized HPWL         339530.3 u
delta HPWL                    6 %

[INFO DPL-0020] Mirrored 4555 instances
[INFO DPL-0021] HPWL before          339530.3 u
[INFO DPL-0022] HPWL after           329308.0 u
[INFO DPL-0023] HPWL delta               -3.0 %
Setting global connections for newly added cells…
Writing OpenROAD database to '/openlane/designs/my_processor/runs/RUN_2026.05.08_08.28.37/tmp/cts/14-pipelined_processor.resized.odb'…
Writing netlist to '/openlane/designs/my_processor/runs/RUN_2026.05.08_08.28.37/tmp/cts/14-pipelined_processor.resized.nl.v'…
Writing powered netlist to '/openlane/designs/my_processor/runs/RUN_2026.05.08_08.28.37/tmp/cts/14-pipelined_processor.resized.pnl.v'…
Writing layout to '/openlane/designs/my_processor/runs/RUN_2026.05.08_08.28.37/tmp/cts/14-pipelined_processor.resized.def'…
Writing timing constraints to '/openlane/designs/my_processor/runs/RUN_2026.05.08_08.28.37/tmp/cts/14-pipelined_processor.resized.sdc'…
area_report

===========================================================================
report_design_area
============================================================================
Design area 116758 u^2 73% utilization.
area_report_end
