OpenROAD 41a51eaf4ca2171c92ff38afb91eb37bbd3f36da 
This program is licensed under the BSD-3 license. See the LICENSE file for details.
Components of this program may be licensed under more restrictive licenses which must be honored.
[INFO]: Reading ODB at '/openlane/designs/my_processor/runs/RUN_2026.05.08_07.54.42/tmp/routing/22-fill.odb'…
define_corners Typical
read_liberty -corner Typical /home/kushagra/.ciel/sky130A/libs.ref/sky130_fd_sc_hd/lib/sky130_fd_sc_hd__tt_025C_1v80.lib
Using 1e-12 for capacitance...
Using 1e+03 for resistance...
Using 1e-09 for time...
Using 1e+00 for voltage...
Using 1e-03 for current...
Using 1e-09 for power...
Using 1e-06 for distance...
Reading design constraints file at '/openlane/designs/my_processor/runs/RUN_2026.05.08_07.54.42/tmp/17-pipelined_processor.sdc'…
[INFO ORD-0030] Using 2 thread(s).
[INFO DRT-0149] Reading tech and libs.

Units:                1000
Number of layers:     13
Number of macros:     441
Number of vias:       25
Number of viarulegen: 25

[INFO DRT-0150] Reading design.

Design:                   pipelined_processor
Die area:                 ( 0 0 ) ( 500000 500000 )
Number of track patterns: 12
Number of DEF vias:       0
Number of components:     28002
Number of terminals:      84
Number of snets:          2
Number of nets:           10177

[INFO DRT-0167] List of default vias:
  Layer mcon
    default via: L1M1_PR
  Layer via
    default via: M1M2_PR
  Layer via2
    default via: M2M3_PR
  Layer via3
    default via: M3M4_PR
  Layer via4
    default via: M4M5_PR
[INFO DRT-0162] Library cell analysis.
[INFO DRT-0163] Instance analysis.
  Complete 10000 instances.
  Complete 20000 instances.
[INFO DRT-0164] Number of unique instances = 244.
[INFO DRT-0168] Init region query.
[INFO DRT-0018]   Complete 10000 insts.
[INFO DRT-0018]   Complete 20000 insts.
[INFO DRT-0024]   Complete FR_MASTERSLICE.
[INFO DRT-0024]   Complete licon.
[INFO DRT-0024]   Complete li1.
[INFO DRT-0024]   Complete mcon.
[INFO DRT-0024]   Complete met1.
[INFO DRT-0024]   Complete via.
[INFO DRT-0024]   Complete met2.
[INFO DRT-0024]   Complete via2.
[INFO DRT-0024]   Complete met3.
[INFO DRT-0024]   Complete via3.
[INFO DRT-0024]   Complete met4.
[INFO DRT-0024]   Complete via4.
[INFO DRT-0024]   Complete met5.
[INFO DRT-0033] FR_MASTERSLICE shape region query size = 0.
[INFO DRT-0033] licon shape region query size = 0.
[INFO DRT-0033] li1 shape region query size = 417562.
[INFO DRT-0033] mcon shape region query size = 118848.
[INFO DRT-0033] met1 shape region query size = 89834.
[INFO DRT-0033] via shape region query size = 3520.
[INFO DRT-0033] met2 shape region query size = 2156.
[INFO DRT-0033] via2 shape region query size = 2816.
[INFO DRT-0033] met3 shape region query size = 2150.
[INFO DRT-0033] via3 shape region query size = 2816.
[INFO DRT-0033] met4 shape region query size = 744.
[INFO DRT-0033] via4 shape region query size = 24.
[INFO DRT-0033] met5 shape region query size = 36.
[INFO DRT-0165] Start pin access.
[INFO DRT-0076]   Complete 100 pins.
[INFO DRT-0076]   Complete 200 pins.
[INFO DRT-0076]   Complete 300 pins.
[INFO DRT-0076]   Complete 400 pins.
[INFO DRT-0076]   Complete 500 pins.
[INFO DRT-0076]   Complete 600 pins.
[INFO DRT-0076]   Complete 700 pins.
[INFO DRT-0076]   Complete 800 pins.
[INFO DRT-0078]   Complete 881 pins.
[INFO DRT-0079]   Complete 100 unique inst patterns.
[INFO DRT-0079]   Complete 200 unique inst patterns.
[INFO DRT-0081]   Complete 226 unique inst patterns.
[INFO DRT-0082]   Complete 1000 groups.
[INFO DRT-0082]   Complete 2000 groups.
[INFO DRT-0082]   Complete 3000 groups.
[INFO DRT-0082]   Complete 4000 groups.
[INFO DRT-0082]   Complete 5000 groups.
[INFO DRT-0084]   Complete 5831 groups.
#scanned instances     = 28002
#unique  instances     = 244
#stdCellGenAp          = 6533
#stdCellValidPlanarAp  = 61
#stdCellValidViaAp     = 5046
#stdCellPinNoAp        = 0
#stdCellPinCnt         = 32653
#instTermValidViaApCnt = 0
#macroGenAp            = 0
#macroValidPlanarAp    = 0
#macroValidViaAp       = 0
#macroNoAp             = 0
[INFO DRT-0166] Complete pin access.
[INFO DRT-0267] cpu time = 00:02:01, elapsed time = 00:01:00, memory = 242.50 (MB), peak = 249.89 (MB)

Number of guides:     82180

[INFO DRT-0169] Post process guides.
[INFO DRT-0176] GCELLGRID X 0 DO 72 STEP 6900 ;
[INFO DRT-0177] GCELLGRID Y 0 DO 72 STEP 6900 ;
[INFO DRT-0026]   Complete 10000 origin guides.
[INFO DRT-0026]   Complete 20000 origin guides.
[INFO DRT-0026]   Complete 30000 origin guides.
[INFO DRT-0026]   Complete 40000 origin guides.
[INFO DRT-0026]   Complete 50000 origin guides.
[INFO DRT-0026]   Complete 60000 origin guides.
[INFO DRT-0026]   Complete 70000 origin guides.
[INFO DRT-0026]   Complete 80000 origin guides.
[INFO DRT-0028]   Complete FR_MASTERSLICE.
[INFO DRT-0028]   Complete licon.
[INFO DRT-0028]   Complete li1.
[INFO DRT-0028]   Complete mcon.
[INFO DRT-0028]   Complete met1.
[INFO DRT-0028]   Complete via.
[INFO DRT-0028]   Complete met2.
[INFO DRT-0028]   Complete via2.
[INFO DRT-0028]   Complete met3.
[INFO DRT-0028]   Complete via3.
[INFO DRT-0028]   Complete met4.
[INFO DRT-0028]   Complete via4.
[INFO DRT-0028]   Complete met5.
  complete 10000 nets.
[INFO DRT-0178] Init guide query.
[INFO DRT-0029]   Complete 10000 nets (guide).
[INFO DRT-0035]   Complete FR_MASTERSLICE (guide).
[INFO DRT-0035]   Complete licon (guide).
[INFO DRT-0035]   Complete li1 (guide).
[INFO DRT-0035]   Complete mcon (guide).
[INFO DRT-0035]   Complete met1 (guide).
[INFO DRT-0035]   Complete via (guide).
[INFO DRT-0035]   Complete met2 (guide).
[INFO DRT-0035]   Complete via2 (guide).
[INFO DRT-0035]   Complete met3 (guide).
[INFO DRT-0035]   Complete via3 (guide).
[INFO DRT-0035]   Complete met4 (guide).
[INFO DRT-0035]   Complete via4 (guide).
[INFO DRT-0035]   Complete met5 (guide).
[INFO DRT-0036] FR_MASTERSLICE guide region query size = 0.
[INFO DRT-0036] licon guide region query size = 0.
[INFO DRT-0036] li1 guide region query size = 27844.
[INFO DRT-0036] mcon guide region query size = 0.
[INFO DRT-0036] met1 guide region query size = 22437.
[INFO DRT-0036] via guide region query size = 0.
[INFO DRT-0036] met2 guide region query size = 12327.
[INFO DRT-0036] via2 guide region query size = 0.
[INFO DRT-0036] met3 guide region query size = 1933.
[INFO DRT-0036] via3 guide region query size = 0.
[INFO DRT-0036] met4 guide region query size = 625.
[INFO DRT-0036] via4 guide region query size = 0.
[INFO DRT-0036] met5 guide region query size = 12.
[INFO DRT-0179] Init gr pin query.
[INFO DRT-0245] skipped writing guide updates to database.
[INFO DRT-0185] Post process initialize RPin region query.
[INFO DRT-0181] Start track assignment.
[INFO DRT-0184] Done with 40796 vertical wires in 2 frboxes and 24382 horizontal wires in 2 frboxes.
[INFO DRT-0186] Done with 4502 vertical wires in 2 frboxes and 8745 horizontal wires in 2 frboxes.
[INFO DRT-0182] Complete track assignment.
[INFO DRT-0267] cpu time = 00:00:05, elapsed time = 00:00:04, memory = 360.01 (MB), peak = 384.88 (MB)
[INFO DRT-0187] Start routing data preparation.
[INFO DRT-0267] cpu time = 00:00:00, elapsed time = 00:00:00, memory = 360.01 (MB), peak = 384.88 (MB)
[INFO DRT-0194] Start detail routing.
[INFO DRT-0195] Start 0th optimization iteration.
    Completing 10% with 0 violations.
    elapsed time = 00:00:05, memory = 543.38 (MB).
    Completing 20% with 0 violations.
    elapsed time = 00:00:28, memory = 851.86 (MB).
    Completing 30% with 1508 violations.
    elapsed time = 00:00:33, memory = 823.57 (MB).
    Completing 40% with 1508 violations.
    elapsed time = 00:00:45, memory = 833.07 (MB).
    Completing 50% with 1508 violations.
    elapsed time = 00:00:59, memory = 990.57 (MB).
    Completing 60% with 3107 violations.
    elapsed time = 00:01:05, memory = 951.10 (MB).
    Completing 70% with 3107 violations.
    elapsed time = 00:01:24, memory = 951.10 (MB).
    Completing 80% with 4588 violations.
    elapsed time = 00:01:36, memory = 976.22 (MB).
    Completing 90% with 4588 violations.
    elapsed time = 00:01:58, memory = 976.22 (MB).
    Completing 100% with 6199 violations.
    elapsed time = 00:02:16, memory = 644.48 (MB).
[INFO DRT-0199]   Number of violations = 8520.
Viol/Layer         li1   mcon   met1   met2   met3   met4
Cut Spacing          0      4      0      0      0      0
Metal Spacing       80      0    958    234     14      3
Min Hole             0      0      4      0      0      0
NS Metal             4      0      1      0      0      0
Recheck              0      0   1331    789    158     43
Short                0      0   4274    583     40      0
[INFO DRT-0267] cpu time = 00:04:26, elapsed time = 00:02:17, memory = 713.86 (MB), peak = 1020.47 (MB)
Total wire length = 400337 um.
Total wire length on LAYER li1 = 0 um.
Total wire length on LAYER met1 = 164864 um.
Total wire length on LAYER met2 = 153157 um.
Total wire length on LAYER met3 = 53681 um.
Total wire length on LAYER met4 = 27629 um.
Total wire length on LAYER met5 = 1005 um.
Total number of vias = 74710.
Up-via summary (total 74710):.

------------------------
 FR_MASTERSLICE        0
            li1    32707
           met1    37696
           met2     3256
           met3     1030
           met4       21
------------------------
                   74710


[INFO DRT-0195] Start 1st optimization iteration.
    Completing 10% with 8520 violations.
    elapsed time = 00:00:03, memory = 822.36 (MB).
    Completing 20% with 8520 violations.
    elapsed time = 00:00:21, memory = 930.84 (MB).
    Completing 30% with 7699 violations.
    elapsed time = 00:00:28, memory = 707.98 (MB).
    Completing 40% with 7699 violations.
    elapsed time = 00:00:40, memory = 892.86 (MB).
    Completing 50% with 7699 violations.
    elapsed time = 00:01:00, memory = 1024.50 (MB).
    Completing 60% with 6552 violations.
    elapsed time = 00:01:05, memory = 788.13 (MB).
    Completing 70% with 6552 violations.
    elapsed time = 00:01:22, memory = 918.10 (MB).
    Completing 80% with 5566 violations.
    elapsed time = 00:01:35, memory = 714.43 (MB).
    Completing 90% with 5566 violations.
    elapsed time = 00:01:55, memory = 917.62 (MB).
    Completing 100% with 4430 violations.
    elapsed time = 00:02:16, memory = 711.89 (MB).
[INFO DRT-0199]   Number of violations = 4692.
Viol/Layer        mcon   met1    via   met2   met3   met4
Cut Spacing          2      0      1      0      0      0
Metal Spacing        0    592      0    145      7      2
Recheck              0      6      0      4    252      0
Short                0   3392      0    279     10      0
[INFO DRT-0267] cpu time = 00:04:27, elapsed time = 00:02:17, memory = 740.02 (MB), peak = 1078.37 (MB)
Total wire length = 397471 um.
Total wire length on LAYER li1 = 0 um.
Total wire length on LAYER met1 = 163403 um.
Total wire length on LAYER met2 = 151899 um.
Total wire length on LAYER met3 = 53758 um.
Total wire length on LAYER met4 = 27448 um.
Total wire length on LAYER met5 = 961 um.
Total number of vias = 74327.
Up-via summary (total 74327):.

------------------------
 FR_MASTERSLICE        0
            li1    32700
           met1    37177
           met2     3407
           met3     1023
           met4       20
------------------------
                   74327


[INFO DRT-0195] Start 2nd optimization iteration.
    Completing 10% with 4692 violations.
    elapsed time = 00:00:01, memory = 759.89 (MB).
    Completing 20% with 4692 violations.
    elapsed time = 00:00:22, memory = 900.91 (MB).
    Completing 30% with 4637 violations.
    elapsed time = 00:00:33, memory = 711.99 (MB).
    Completing 40% with 4637 violations.
    elapsed time = 00:00:43, memory = 833.91 (MB).
    Completing 50% with 4637 violations.
    elapsed time = 00:01:02, memory = 1035.25 (MB).
    Completing 60% with 4451 violations.
    elapsed time = 00:01:09, memory = 759.54 (MB).
    Completing 70% with 4451 violations.
    elapsed time = 00:01:25, memory = 896.91 (MB).
    Completing 80% with 4402 violations.
    elapsed time = 00:01:38, memory = 712.12 (MB).
    Completing 90% with 4402 violations.
    elapsed time = 00:01:52, memory = 910.38 (MB).
    Completing 100% with 4142 violations.
    elapsed time = 00:02:17, memory = 715.33 (MB).
[INFO DRT-0199]   Number of violations = 7007.
Viol/Layer        mcon   met1    via   met2   met3   met4
Cut Spacing          1      0      1      0      0      0
Metal Spacing        0    528      0    124      2      1
Recheck              0     54      0      0   2811      0
Short                0   3116      1    360      6      2
[INFO DRT-0267] cpu time = 00:04:26, elapsed time = 00:02:18, memory = 743.46 (MB), peak = 1078.37 (MB)
Total wire length = 396470 um.
Total wire length on LAYER li1 = 0 um.
Total wire length on LAYER met1 = 162842 um.
Total wire length on LAYER met2 = 151777 um.
Total wire length on LAYER met3 = 53648 um.
Total wire length on LAYER met4 = 27240 um.
Total wire length on LAYER met5 = 961 um.
Total number of vias = 74110.
Up-via summary (total 74110):.

------------------------
 FR_MASTERSLICE        0
            li1    32700
           met1    37026
           met2     3372
           met3      992
           met4       20
------------------------
                   74110


[INFO DRT-0195] Start 3rd optimization iteration.
    Completing 10% with 7007 violations.
    elapsed time = 00:00:04, memory = 834.96 (MB).
    Completing 20% with 7007 violations.
    elapsed time = 00:00:30, memory = 987.33 (MB).
    Completing 30% with 5061 violations.
    elapsed time = 00:00:33, memory = 715.43 (MB).
    Completing 40% with 5061 violations.
    elapsed time = 00:00:43, memory = 830.55 (MB).
    Completing 50% with 5061 violations.
    elapsed time = 00:00:52, memory = 1005.43 (MB).
    Completing 60% with 3017 violations.
    elapsed time = 00:00:55, memory = 776.46 (MB).
    Completing 70% with 3017 violations.
    elapsed time = 00:01:09, memory = 890.74 (MB).
    Completing 80% with 1483 violations.
    elapsed time = 00:01:18, memory = 722.05 (MB).
    Completing 90% with 1483 violations.
    elapsed time = 00:01:48, memory = 912.47 (MB).
    Completing 100% with 451 violations.
    elapsed time = 00:01:59, memory = 702.26 (MB).
[INFO DRT-0199]   Number of violations = 451.
Viol/Layer        mcon   met1    via   met2
Cut Spacing          1      0      1      0
Metal Spacing        0    136      0     47
Short                0    241      0     25
[INFO DRT-0267] cpu time = 00:03:53, elapsed time = 00:01:59, memory = 737.01 (MB), peak = 1078.37 (MB)
Total wire length = 396162 um.
Total wire length on LAYER li1 = 0 um.
Total wire length on LAYER met1 = 151669 um.
Total wire length on LAYER met2 = 151462 um.
Total wire length on LAYER met3 = 64181 um.
Total wire length on LAYER met4 = 27896 um.
Total wire length on LAYER met5 = 952 um.
Total number of vias = 75839.
Up-via summary (total 75839):.

------------------------
 FR_MASTERSLICE        0
            li1    32700
           met1    37483
           met2     4577
           met3     1059
           met4       20
------------------------
                   75839


[INFO DRT-0195] Start 4th optimization iteration.
    Completing 10% with 451 violations.
    elapsed time = 00:00:00, memory = 737.01 (MB).
    Completing 20% with 451 violations.
    elapsed time = 00:00:03, memory = 847.26 (MB).
    Completing 30% with 389 violations.
    elapsed time = 00:00:06, memory = 686.30 (MB).
    Completing 40% with 389 violations.
    elapsed time = 00:00:07, memory = 782.92 (MB).
    Completing 50% with 389 violations.
    elapsed time = 00:00:10, memory = 823.80 (MB).
    Completing 60% with 328 violations.
    elapsed time = 00:00:10, memory = 702.82 (MB).
    Completing 70% with 328 violations.
    elapsed time = 00:00:12, memory = 844.07 (MB).
    Completing 80% with 193 violations.
    elapsed time = 00:00:15, memory = 705.27 (MB).
    Completing 90% with 193 violations.
    elapsed time = 00:00:19, memory = 871.65 (MB).
    Completing 100% with 53 violations.
    elapsed time = 00:00:21, memory = 687.84 (MB).
[INFO DRT-0199]   Number of violations = 53.
Viol/Layer        met1   met2
Metal Spacing       18      1
Short               34      0
[INFO DRT-0267] cpu time = 00:00:39, elapsed time = 00:00:21, memory = 726.71 (MB), peak = 1078.37 (MB)
Total wire length = 396077 um.
Total wire length on LAYER li1 = 0 um.
Total wire length on LAYER met1 = 151453 um.
Total wire length on LAYER met2 = 151419 um.
Total wire length on LAYER met3 = 64311 um.
Total wire length on LAYER met4 = 27942 um.
Total wire length on LAYER met5 = 952 um.
Total number of vias = 75857.
Up-via summary (total 75857):.

------------------------
 FR_MASTERSLICE        0
            li1    32700
           met1    37481
           met2     4593
           met3     1063
           met4       20
------------------------
                   75857


[INFO DRT-0195] Start 5th optimization iteration.
    Completing 10% with 53 violations.
    elapsed time = 00:00:00, memory = 726.71 (MB).
    Completing 20% with 53 violations.
    elapsed time = 00:00:00, memory = 726.71 (MB).
    Completing 30% with 52 violations.
    elapsed time = 00:00:00, memory = 774.71 (MB).
    Completing 40% with 52 violations.
    elapsed time = 00:00:00, memory = 774.71 (MB).
    Completing 50% with 52 violations.
    elapsed time = 00:00:00, memory = 775.46 (MB).
    Completing 60% with 45 violations.
    elapsed time = 00:00:01, memory = 775.46 (MB).
    Completing 70% with 45 violations.
    elapsed time = 00:00:01, memory = 779.96 (MB).
    Completing 80% with 1 violations.
    elapsed time = 00:00:02, memory = 780.09 (MB).
    Completing 90% with 1 violations.
    elapsed time = 00:00:02, memory = 780.09 (MB).
    Completing 100% with 0 violations.
    elapsed time = 00:00:03, memory = 780.09 (MB).
[INFO DRT-0199]   Number of violations = 0.
[INFO DRT-0267] cpu time = 00:00:04, elapsed time = 00:00:03, memory = 780.09 (MB), peak = 1078.37 (MB)
Total wire length = 396059 um.
Total wire length on LAYER li1 = 0 um.
Total wire length on LAYER met1 = 151415 um.
Total wire length on LAYER met2 = 151413 um.
Total wire length on LAYER met3 = 64335 um.
Total wire length on LAYER met4 = 27942 um.
Total wire length on LAYER met5 = 952 um.
Total number of vias = 75851.
Up-via summary (total 75851):.

------------------------
 FR_MASTERSLICE        0
            li1    32700
           met1    37477
           met2     4591
           met3     1063
           met4       20
------------------------
                   75851


[INFO DRT-0198] Complete detail routing.
Total wire length = 396059 um.
Total wire length on LAYER li1 = 0 um.
Total wire length on LAYER met1 = 151415 um.
Total wire length on LAYER met2 = 151413 um.
Total wire length on LAYER met3 = 64335 um.
Total wire length on LAYER met4 = 27942 um.
Total wire length on LAYER met5 = 952 um.
Total number of vias = 75851.
Up-via summary (total 75851):.

------------------------
 FR_MASTERSLICE        0
            li1    32700
           met1    37477
           met2     4591
           met3     1063
           met4       20
------------------------
                   75851


[INFO DRT-0267] cpu time = 00:17:58, elapsed time = 00:09:17, memory = 780.09 (MB), peak = 1078.37 (MB)

[INFO DRT-0180] Post processing.
Setting global connections for newly added cells…
Writing OpenROAD database to '/openlane/designs/my_processor/runs/RUN_2026.05.08_07.54.42/results/routing/pipelined_processor.odb'…
Writing netlist to '/openlane/designs/my_processor/runs/RUN_2026.05.08_07.54.42/results/routing/pipelined_processor.nl.v'…
Writing powered netlist to '/openlane/designs/my_processor/runs/RUN_2026.05.08_07.54.42/results/routing/pipelined_processor.pnl.v'…
Writing layout to '/openlane/designs/my_processor/runs/RUN_2026.05.08_07.54.42/results/routing/pipelined_processor.def'…
