
===========================================================================
report_checks -unconstrained
===========================================================================
======================= Typical Corner ===================================

Startpoint: debug_mem_addr[2] (input port clocked by clk)
Endpoint: debug_mem_data[7] (output port clocked by clk)
Path Group: clk
Path Type: max

Fanout     Cap    Slew   Delay    Time   Description
-----------------------------------------------------------------------------
                          0.00    0.00   clock clk (rise edge)
                          0.00    0.00   clock network delay (propagated)
                          8.00    8.00 ^ input external delay
                  0.02    0.01    8.01 ^ debug_mem_addr[2] (in)
     1    0.00                           debug_mem_addr[2] (net)
                  0.02    0.00    8.01 ^ input3/A (sky130_fd_sc_hd__buf_2)
                  0.23    0.23    8.24 ^ input3/X (sky130_fd_sc_hd__buf_2)
     3    0.05                           net3 (net)
                  0.23    0.01    8.25 ^ _07434_/A (sky130_fd_sc_hd__buf_4)
                  0.29    0.35    8.61 ^ _07434_/X (sky130_fd_sc_hd__buf_4)
     8    0.10                           _02563_ (net)
                  0.29    0.00    8.61 ^ _07435_/A (sky130_fd_sc_hd__buf_2)
                  0.20    0.31    8.92 ^ _07435_/X (sky130_fd_sc_hd__buf_2)
     8    0.04                           _02564_ (net)
                  0.20    0.00    8.92 ^ _07436_/A (sky130_fd_sc_hd__buf_4)
                  0.30    0.36    9.27 ^ _07436_/X (sky130_fd_sc_hd__buf_4)
     8    0.11                           _02565_ (net)
                  0.30    0.01    9.29 ^ _07537_/A (sky130_fd_sc_hd__buf_2)
                  0.16    0.28    9.57 ^ _07537_/X (sky130_fd_sc_hd__buf_2)
     8    0.03                           _02666_ (net)
                  0.16    0.00    9.57 ^ _07935_/A (sky130_fd_sc_hd__nor2_1)
                  0.05    0.08    9.65 v _07935_/Y (sky130_fd_sc_hd__nor2_1)
     1    0.00                           _03057_ (net)
                  0.05    0.00    9.65 v _07938_/B1 (sky130_fd_sc_hd__o32a_1)
                  0.16    0.30    9.95 v _07938_/X (sky130_fd_sc_hd__o32a_1)
     1    0.03                           _03060_ (net)
                  0.16    0.00    9.95 v _07939_/A1 (sky130_fd_sc_hd__mux2_1)
                  0.06    0.36   10.31 v _07939_/X (sky130_fd_sc_hd__mux2_1)
     1    0.00                           _03061_ (net)
                  0.06    0.00   10.31 v _07940_/B (sky130_fd_sc_hd__nor2_1)
                  0.47    0.39   10.70 ^ _07940_/Y (sky130_fd_sc_hd__nor2_1)
     1    0.03                           _03062_ (net)
                  0.47    0.00   10.70 ^ _07941_/B1 (sky130_fd_sc_hd__a21o_2)
                  0.31    0.38   11.08 ^ _07941_/X (sky130_fd_sc_hd__a21o_2)
     1    0.06                           net46 (net)
                  0.31    0.00   11.08 ^ output46/A (sky130_fd_sc_hd__clkbuf_4)
                  0.11    0.29   11.37 ^ output46/X (sky130_fd_sc_hd__clkbuf_4)
     1    0.03                           debug_mem_data[7] (net)
                  0.11    0.00   11.37 ^ debug_mem_data[7] (out)
                                 11.37   data arrival time

                         40.00   40.00   clock clk (rise edge)
                          0.00   40.00   clock network delay (propagated)
                         -0.25   39.75   clock uncertainty
                          0.00   39.75   clock reconvergence pessimism
                         -8.00   31.75   output external delay
                                 31.75   data required time
-----------------------------------------------------------------------------
                                 31.75   data required time
                                -11.37   data arrival time
-----------------------------------------------------------------------------
                                 20.38   slack (MET)




===========================================================================
report_checks --slack_max -0.01
============================================================================
======================= Typical Corner ===================================

No paths found.


===========================================================================
 report_check_types -max_slew -max_cap -max_fanout -violators
============================================================================
======================= Typical Corner ===================================

max fanout

Pin                                   Limit Fanout  Slack
---------------------------------------------------------
clkbuf_4_0_0_clk/X                        8     19    -11 (VIOLATED)
clkbuf_leaf_147_clk/X                     8     18    -10 (VIOLATED)
clkbuf_leaf_140_clk/X                     8     17     -9 (VIOLATED)
clkbuf_leaf_152_clk/X                     8     17     -9 (VIOLATED)
clkbuf_leaf_199_clk/X                     8     17     -9 (VIOLATED)
_07507_/X                                 8     16     -8 (VIOLATED)
clkbuf_0_clk/X                            8     16     -8 (VIOLATED)
clkbuf_leaf_16_clk/X                      8     16     -8 (VIOLATED)
_08451_/X                                 8     15     -7 (VIOLATED)
clkbuf_4_11_0_clk/X                       8     15     -7 (VIOLATED)
clkbuf_4_7_0_clk/X                        8     15     -7 (VIOLATED)
clkbuf_leaf_148_clk/X                     8     15     -7 (VIOLATED)
clkbuf_leaf_151_clk/X                     8     15     -7 (VIOLATED)
clkbuf_leaf_49_clk/X                      8     15     -7 (VIOLATED)
_08590_/X                                 8     14     -6 (VIOLATED)
clkbuf_4_13_0_clk/X                       8     14     -6 (VIOLATED)
clkbuf_4_2_0_clk/X                        8     14     -6 (VIOLATED)
clkbuf_leaf_133_clk/X                     8     14     -6 (VIOLATED)
clkbuf_leaf_187_clk/X                     8     14     -6 (VIOLATED)
clkbuf_leaf_193_clk/X                     8     14     -6 (VIOLATED)
clkbuf_leaf_19_clk/X                      8     14     -6 (VIOLATED)
clkbuf_leaf_22_clk/X                      8     14     -6 (VIOLATED)
clkbuf_leaf_23_clk/X                      8     14     -6 (VIOLATED)
clkbuf_leaf_2_clk/X                       8     14     -6 (VIOLATED)
clkbuf_leaf_33_clk/X                      8     14     -6 (VIOLATED)
clkbuf_leaf_81_clk/X                      8     14     -6 (VIOLATED)
clkbuf_4_10_0_clk/X                       8     13     -5 (VIOLATED)
clkbuf_4_5_0_clk/X                        8     13     -5 (VIOLATED)
clkbuf_4_8_0_clk/X                        8     13     -5 (VIOLATED)
clkbuf_leaf_0_clk/X                       8     13     -5 (VIOLATED)
clkbuf_leaf_105_clk/X                     8     13     -5 (VIOLATED)
clkbuf_leaf_158_clk/X                     8     13     -5 (VIOLATED)
clkbuf_leaf_162_clk/X                     8     13     -5 (VIOLATED)
clkbuf_leaf_191_clk/X                     8     13     -5 (VIOLATED)
clkbuf_leaf_95_clk/X                      8     13     -5 (VIOLATED)
clkbuf_4_12_0_clk/X                       8     12     -4 (VIOLATED)
clkbuf_4_1_0_clk/X                        8     12     -4 (VIOLATED)
clkbuf_4_3_0_clk/X                        8     12     -4 (VIOLATED)
clkbuf_leaf_108_clk/X                     8     12     -4 (VIOLATED)
clkbuf_leaf_124_clk/X                     8     12     -4 (VIOLATED)
clkbuf_leaf_139_clk/X                     8     12     -4 (VIOLATED)
clkbuf_leaf_143_clk/X                     8     12     -4 (VIOLATED)
clkbuf_leaf_149_clk/X                     8     12     -4 (VIOLATED)
clkbuf_leaf_157_clk/X                     8     12     -4 (VIOLATED)
clkbuf_leaf_163_clk/X                     8     12     -4 (VIOLATED)
clkbuf_leaf_173_clk/X                     8     12     -4 (VIOLATED)
clkbuf_leaf_17_clk/X                      8     12     -4 (VIOLATED)
clkbuf_leaf_20_clk/X                      8     12     -4 (VIOLATED)
clkbuf_leaf_26_clk/X                      8     12     -4 (VIOLATED)
clkbuf_leaf_42_clk/X                      8     12     -4 (VIOLATED)
clkbuf_leaf_44_clk/X                      8     12     -4 (VIOLATED)
clkbuf_leaf_53_clk/X                      8     12     -4 (VIOLATED)
clkbuf_leaf_54_clk/X                      8     12     -4 (VIOLATED)
clkbuf_leaf_56_clk/X                      8     12     -4 (VIOLATED)
clkbuf_leaf_5_clk/X                       8     12     -4 (VIOLATED)
clkbuf_leaf_66_clk/X                      8     12     -4 (VIOLATED)
_07410_/Y                                 8     11     -3 (VIOLATED)
_07457_/X                                 8     11     -3 (VIOLATED)
_09836_/X                                 8     11     -3 (VIOLATED)
_16406_/Q                                 8     11     -3 (VIOLATED)
clkbuf_4_14_0_clk/X                       8     11     -3 (VIOLATED)
clkbuf_4_15_0_clk/X                       8     11     -3 (VIOLATED)
clkbuf_4_6_0_clk/X                        8     11     -3 (VIOLATED)
clkbuf_leaf_106_clk/X                     8     11     -3 (VIOLATED)
clkbuf_leaf_10_clk/X                      8     11     -3 (VIOLATED)
clkbuf_leaf_113_clk/X                     8     11     -3 (VIOLATED)
clkbuf_leaf_119_clk/X                     8     11     -3 (VIOLATED)
clkbuf_leaf_12_clk/X                      8     11     -3 (VIOLATED)
clkbuf_leaf_135_clk/X                     8     11     -3 (VIOLATED)
clkbuf_leaf_136_clk/X                     8     11     -3 (VIOLATED)
clkbuf_leaf_144_clk/X                     8     11     -3 (VIOLATED)
clkbuf_leaf_164_clk/X                     8     11     -3 (VIOLATED)
clkbuf_leaf_179_clk/X                     8     11     -3 (VIOLATED)
clkbuf_leaf_201_clk/X                     8     11     -3 (VIOLATED)
clkbuf_leaf_24_clk/X                      8     11     -3 (VIOLATED)
clkbuf_leaf_27_clk/X                      8     11     -3 (VIOLATED)
clkbuf_leaf_34_clk/X                      8     11     -3 (VIOLATED)
clkbuf_leaf_50_clk/X                      8     11     -3 (VIOLATED)
clkbuf_leaf_59_clk/X                      8     11     -3 (VIOLATED)
clkbuf_leaf_74_clk/X                      8     11     -3 (VIOLATED)
clkbuf_leaf_84_clk/X                      8     11     -3 (VIOLATED)
clkbuf_leaf_8_clk/X                       8     11     -3 (VIOLATED)
_07439_/X                                 8     10     -2 (VIOLATED)
_08807_/X                                 8     10     -2 (VIOLATED)
_09152_/X                                 8     10     -2 (VIOLATED)
_09963_/X                                 8     10     -2 (VIOLATED)
_10014_/X                                 8     10     -2 (VIOLATED)
_10017_/X                                 8     10     -2 (VIOLATED)
_13341_/X                                 8     10     -2 (VIOLATED)
_13677_/X                                 8     10     -2 (VIOLATED)
clkbuf_4_4_0_clk/X                        8     10     -2 (VIOLATED)
clkbuf_leaf_100_clk/X                     8     10     -2 (VIOLATED)
clkbuf_leaf_117_clk/X                     8     10     -2 (VIOLATED)
clkbuf_leaf_123_clk/X                     8     10     -2 (VIOLATED)
clkbuf_leaf_126_clk/X                     8     10     -2 (VIOLATED)
clkbuf_leaf_137_clk/X                     8     10     -2 (VIOLATED)
clkbuf_leaf_154_clk/X                     8     10     -2 (VIOLATED)
clkbuf_leaf_165_clk/X                     8     10     -2 (VIOLATED)
clkbuf_leaf_174_clk/X                     8     10     -2 (VIOLATED)
clkbuf_leaf_194_clk/X                     8     10     -2 (VIOLATED)
clkbuf_leaf_197_clk/X                     8     10     -2 (VIOLATED)
clkbuf_leaf_1_clk/X                       8     10     -2 (VIOLATED)
clkbuf_leaf_202_clk/X                     8     10     -2 (VIOLATED)
clkbuf_leaf_203_clk/X                     8     10     -2 (VIOLATED)
clkbuf_leaf_25_clk/X                      8     10     -2 (VIOLATED)
clkbuf_leaf_41_clk/X                      8     10     -2 (VIOLATED)
clkbuf_leaf_43_clk/X                      8     10     -2 (VIOLATED)
clkbuf_leaf_48_clk/X                      8     10     -2 (VIOLATED)
clkbuf_leaf_62_clk/X                      8     10     -2 (VIOLATED)
clkbuf_leaf_63_clk/X                      8     10     -2 (VIOLATED)
clkbuf_leaf_79_clk/X                      8     10     -2 (VIOLATED)
clkbuf_leaf_7_clk/X                       8     10     -2 (VIOLATED)
clkbuf_leaf_80_clk/X                      8     10     -2 (VIOLATED)
clkbuf_leaf_83_clk/X                      8     10     -2 (VIOLATED)
clkbuf_leaf_85_clk/X                      8     10     -2 (VIOLATED)
clkbuf_leaf_90_clk/X                      8     10     -2 (VIOLATED)
clkbuf_leaf_99_clk/X                      8     10     -2 (VIOLATED)
_08700_/X                                 8      9        (VIOLATED)
_08717_/X                                 8      9        (VIOLATED)
_09841_/X                                 8      9        (VIOLATED)
_09995_/X                                 8      9        (VIOLATED)
_10154_/X                                 8      9        (VIOLATED)
_10203_/X                                 8      9        (VIOLATED)
_10341_/X                                 8      9        (VIOLATED)
_14544_/X                                 8      9        (VIOLATED)
_14547_/X                                 8      9        (VIOLATED)
_16398_/Q                                 8      9        (VIOLATED)
_16401_/Q                                 8      9        (VIOLATED)
clkbuf_4_9_0_clk/X                        8      9        (VIOLATED)
clkbuf_leaf_101_clk/X                     8      9        (VIOLATED)
clkbuf_leaf_103_clk/X                     8      9        (VIOLATED)
clkbuf_leaf_104_clk/X                     8      9        (VIOLATED)
clkbuf_leaf_107_clk/X                     8      9        (VIOLATED)
clkbuf_leaf_111_clk/X                     8      9        (VIOLATED)
clkbuf_leaf_115_clk/X                     8      9        (VIOLATED)
clkbuf_leaf_131_clk/X                     8      9        (VIOLATED)
clkbuf_leaf_142_clk/X                     8      9        (VIOLATED)
clkbuf_leaf_145_clk/X                     8      9        (VIOLATED)
clkbuf_leaf_156_clk/X                     8      9        (VIOLATED)
clkbuf_leaf_167_clk/X                     8      9        (VIOLATED)
clkbuf_leaf_176_clk/X                     8      9        (VIOLATED)
clkbuf_leaf_180_clk/X                     8      9        (VIOLATED)
clkbuf_leaf_185_clk/X                     8      9        (VIOLATED)
clkbuf_leaf_200_clk/X                     8      9        (VIOLATED)
clkbuf_leaf_31_clk/X                      8      9        (VIOLATED)
clkbuf_leaf_36_clk/X                      8      9        (VIOLATED)
clkbuf_leaf_40_clk/X                      8      9        (VIOLATED)
clkbuf_leaf_70_clk/X                      8      9        (VIOLATED)
clkbuf_leaf_76_clk/X                      8      9        (VIOLATED)
clkbuf_leaf_77_clk/X                      8      9        (VIOLATED)
clkbuf_leaf_89_clk/X                      8      9        (VIOLATED)
clkbuf_leaf_93_clk/X                      8      9        (VIOLATED)
clkbuf_leaf_96_clk/X                      8      9        (VIOLATED)
clkbuf_leaf_98_clk/X                      8      9        (VIOLATED)



===========================================================================
report_parasitic_annotation -report_unannotated
============================================================================
Found 0 unannotated drivers.
Found 0 partially unannotated drivers.

===========================================================================
max slew violation count 0
max fanout violation count 154
max cap violation count 0
============================================================================

===========================================================================
check_setup -verbose -unconstrained_endpoints -multiple_clock -no_clock -no_input_delay -loops -generated_clocks
===========================================================================
