Partial/Required:  1.85, Required:    400.0, Partial:   740.56, Net: dmem.ram\[17\]\[6\], Pin: _12295_/A0, Layer: met1
Partial/Required:  1.46, Required:    400.0, Partial:   582.74, Net: net73, Pin: output73/A, Layer: met1
Partial/Required:  1.43, Required:    400.0, Partial:   572.42, Net: net67, Pin: output67/A, Layer: met1
Partial/Required:  1.38, Required:    400.0, Partial:   551.56, Net: _04924_, Pin: _10608_/C1, Layer: met3
Partial/Required:  1.33, Required:    400.0, Partial:   530.33, Net: _07395_, Pin: _14349_/A1, Layer: met1
Partial/Required:  1.25, Required:    400.0, Partial:   500.44, Net: net96, Pin: hold263/A, Layer: met1
Partial/Required:  1.25, Required:    400.0, Partial:   499.78, Net: dmem.ram\[26\]\[12\], Pin: _11501_/A0, Layer: met1
Partial/Required:  1.24, Required:    400.0, Partial:   496.32, Net: _05934_, Pin: _11287_/A, Layer: met3
Partial/Required:  1.24, Required:    400.0, Partial:   496.32, Net: _05934_, Pin: _11325_/A, Layer: met3
Partial/Required:  1.16, Required:    400.0, Partial:   463.22, Net: register_file.registerFile\[7\]\[13\], Pin: hold1408/A, Layer: met1
Partial/Required:  1.16, Required:    400.0, Partial:   462.11, Net: _02374_, Pin: _14616_/A1, Layer: met1
Partial/Required:  1.16, Required:    400.0, Partial:   462.07, Net: net32, Pin: output32/A, Layer: met1
Partial/Required:  1.15, Required:    400.0, Partial:    459.8, Net: net67, Pin: output67/A, Layer: met2
Partial/Required:  1.12, Required:    400.0, Partial:   448.67, Net: _07391_, Pin: _13729_/A1, Layer: met1
Partial/Required:  1.10, Required:    400.0, Partial:   439.89, Net: _04293_, Pin: _11558_/A1, Layer: met1
Partial/Required:  1.03, Required:    400.0, Partial:   412.44, Net: net75, Pin: _11629_/A, Layer: met3
Partial/Required:  1.03, Required:    400.0, Partial:   412.22, Net: register_file.registerFile\[0\]\[0\], Pin: _12830_/A0, Layer: met1
Partial/Required:  1.02, Required:    400.0, Partial:   409.06, Net: _03785_, Pin: _12307_/A, Layer: met2
Partial/Required:  1.02, Required:    400.0, Partial:   409.06, Net: _03785_, Pin: _13374_/A, Layer: met2
Partial/Required:  1.02, Required:    400.0, Partial:   409.06, Net: _03785_, Pin: _13705_/A, Layer: met2
