
Magic 8.3 revision 413 - Compiled on Wed Jul 12 10:04:40 UTC 2023.
Starting magic under Tcl interpreter
Using the terminal as the console.
Using NULL graphics device.
Processing system .magicrc file
Sourcing design .magicrc for technology sky130A ...
2 Magic internal units = 1 Lambda
Input style sky130(): scaleFactor=2, multiplier=2
The following types are not handled by extraction and will be treated as non-electrical types:
    ubm 
Scaled tech values by 2 / 1 to match internal grid scaling
Loading sky130A Device Generator Menu ...
Using technology "sky130A", version 1.0.493-0-g0fe599b
Reading LEF data from file /home/kushagra/.ciel/sky130A/libs.ref/sky130_fd_sc_hd/techlef/sky130_fd_sc_hd__nom.tlef.
This action cannot be undone.
LEF read, Line 82 (Message): Unknown keyword "ANTENNAMODEL" in LEF file; ignoring.
LEF read, Line 83 (Message): Unknown keyword "ANTENNADIFFSIDEAREARATIO" in LEF file; ignoring.
LEF read, Line 116 (Message): Unknown keyword "MINENCLOSEDAREA" in LEF file; ignoring.
LEF read, Line 118 (Message): Unknown keyword "ANTENNAMODEL" in LEF file; ignoring.
LEF read, Line 119 (Message): Unknown keyword "ANTENNADIFFSIDEAREARATIO" in LEF file; ignoring.
LEF read, Line 125 (Message): Unknown keyword "MAXIMUMDENSITY" in LEF file; ignoring.
LEF read, Line 126 (Message): Unknown keyword "DENSITYCHECKWINDOW" in LEF file; ignoring.
LEF read, Line 127 (Message): Unknown keyword "DENSITYCHECKSTEP" in LEF file; ignoring.
LEF read, Line 160 (Message): Unknown keyword "MINENCLOSEDAREA" in LEF file; ignoring.
LEF read, Line 168 (Message): Unknown keyword "ANTENNAMODEL" in LEF file; ignoring.
LEF read, Line 169 (Message): Unknown keyword "ANTENNADIFFSIDEAREARATIO" in LEF file; ignoring.
LEF read, Line 171 (Message): Unknown keyword "MAXIMUMDENSITY" in LEF file; ignoring.
LEF read, Line 172 (Message): Unknown keyword "DENSITYCHECKWINDOW" in LEF file; ignoring.
LEF read, Line 173 (Message): Unknown keyword "DENSITYCHECKSTEP" in LEF file; ignoring.
LEF read, Line 210 (Message): Unknown keyword "ANTENNAMODEL" in LEF file; ignoring.
LEF read, Line 211 (Message): Unknown keyword "ANTENNADIFFSIDEAREARATIO" in LEF file; ignoring.
LEF read, Line 213 (Message): Unknown keyword "MAXIMUMDENSITY" in LEF file; ignoring.
LEF read, Line 214 (Message): Unknown keyword "DENSITYCHECKWINDOW" in LEF file; ignoring.
LEF read, Line 215 (Message): Unknown keyword "DENSITYCHECKSTEP" in LEF file; ignoring.
LEF read, Line 252 (Message): Unknown keyword "ANTENNAMODEL" in LEF file; ignoring.
LEF read, Line 253 (Message): Unknown keyword "ANTENNADIFFSIDEAREARATIO" in LEF file; ignoring.
LEF read, Line 255 (Message): Unknown keyword "MAXIMUMDENSITY" in LEF file; ignoring.
LEF read, Line 256 (Message): Unknown keyword "DENSITYCHECKWINDOW" in LEF file; ignoring.
LEF read, Line 257 (Message): Unknown keyword "DENSITYCHECKSTEP" in LEF file; ignoring.
LEF read, Line 294 (Message): Unknown keyword "ANTENNAMODEL" in LEF file; ignoring.
LEF read, Line 295 (Message): Unknown keyword "ANTENNADIFFSIDEAREARATIO" in LEF file; ignoring.
LEF read: Processed 801 lines.
Reading DEF data from file /openlane/designs/my_processor/runs/RUN_2026.05.08_09.09.10/results/routing/pipelined_processor.def.
This action cannot be undone.
  Processed 4 vias total.
Cell sky130_fd_sc_hd__diode_2 read from path /home/kushagra/.ciel/sky130A/libs.ref/sky130_fd_sc_hd/mag
Cell sky130_fd_sc_hd__decap_6 read from path /home/kushagra/.ciel/sky130A/libs.ref/sky130_fd_sc_hd/mag
Cell sky130_fd_sc_hd__fill_1 read from path /home/kushagra/.ciel/sky130A/libs.ref/sky130_fd_sc_hd/mag
Cell sky130_ef_sc_hd__decap_12 read from path /home/kushagra/.ciel/sky130A/libs.ref/sky130_fd_sc_hd/mag
Cell sky130_fd_sc_hd__decap_3 read from path /home/kushagra/.ciel/sky130A/libs.ref/sky130_fd_sc_hd/mag
Cell sky130_fd_sc_hd__decap_8 read from path /home/kushagra/.ciel/sky130A/libs.ref/sky130_fd_sc_hd/mag
Cell sky130_fd_sc_hd__fill_2 read from path /home/kushagra/.ciel/sky130A/libs.ref/sky130_fd_sc_hd/mag
Cell sky130_fd_sc_hd__decap_4 read from path /home/kushagra/.ciel/sky130A/libs.ref/sky130_fd_sc_hd/mag
Cell sky130_fd_sc_hd__tapvpwrvgnd_1 read from path /home/kushagra/.ciel/sky130A/libs.ref/sky130_fd_sc_hd/mag
Cell sky130_fd_sc_hd__clkbuf_2 read from path /home/kushagra/.ciel/sky130A/libs.ref/sky130_fd_sc_hd/mag
Cell sky130_fd_sc_hd__buf_2 read from path /home/kushagra/.ciel/sky130A/libs.ref/sky130_fd_sc_hd/mag
Cell sky130_fd_sc_hd__mux2_1 read from path /home/kushagra/.ciel/sky130A/libs.ref/sky130_fd_sc_hd/mag
Cell sky130_fd_sc_hd__buf_1 read from path /home/kushagra/.ciel/sky130A/libs.ref/sky130_fd_sc_hd/mag
Cell sky130_fd_sc_hd__and2b_1 read from path /home/kushagra/.ciel/sky130A/libs.ref/sky130_fd_sc_hd/mag
Cell sky130_fd_sc_hd__a22o_1 read from path /home/kushagra/.ciel/sky130A/libs.ref/sky130_fd_sc_hd/mag
Cell sky130_fd_sc_hd__dlymetal6s2s_1 read from path /home/kushagra/.ciel/sky130A/libs.ref/sky130_fd_sc_hd/mag
Cell sky130_fd_sc_hd__mux4_1 read from path /home/kushagra/.ciel/sky130A/libs.ref/sky130_fd_sc_hd/mag
Cell sky130_fd_sc_hd__clkbuf_4 read from path /home/kushagra/.ciel/sky130A/libs.ref/sky130_fd_sc_hd/mag
Cell sky130_fd_sc_hd__mux2_8 read from path /home/kushagra/.ciel/sky130A/libs.ref/sky130_fd_sc_hd/mag
Cell sky130_fd_sc_hd__clkbuf_1 read from path /home/kushagra/.ciel/sky130A/libs.ref/sky130_fd_sc_hd/mag
Cell sky130_fd_sc_hd__mux2_2 read from path /home/kushagra/.ciel/sky130A/libs.ref/sky130_fd_sc_hd/mag
Cell sky130_fd_sc_hd__mux2_4 read from path /home/kushagra/.ciel/sky130A/libs.ref/sky130_fd_sc_hd/mag
Cell sky130_fd_sc_hd__inv_2 read from path /home/kushagra/.ciel/sky130A/libs.ref/sky130_fd_sc_hd/mag
Cell sky130_fd_sc_hd__buf_4 read from path /home/kushagra/.ciel/sky130A/libs.ref/sky130_fd_sc_hd/mag
Cell sky130_fd_sc_hd__clkbuf_8 read from path /home/kushagra/.ciel/sky130A/libs.ref/sky130_fd_sc_hd/mag
Cell sky130_fd_sc_hd__or2_1 read from path /home/kushagra/.ciel/sky130A/libs.ref/sky130_fd_sc_hd/mag
Cell sky130_fd_sc_hd__a21o_1 read from path /home/kushagra/.ciel/sky130A/libs.ref/sky130_fd_sc_hd/mag
Cell sky130_fd_sc_hd__and2_1 read from path /home/kushagra/.ciel/sky130A/libs.ref/sky130_fd_sc_hd/mag
Cell sky130_fd_sc_hd__o221a_1 read from path /home/kushagra/.ciel/sky130A/libs.ref/sky130_fd_sc_hd/mag
Cell sky130_fd_sc_hd__a31o_1 read from path /home/kushagra/.ciel/sky130A/libs.ref/sky130_fd_sc_hd/mag
Cell sky130_fd_sc_hd__mux4_2 read from path /home/kushagra/.ciel/sky130A/libs.ref/sky130_fd_sc_hd/mag
Cell sky130_fd_sc_hd__o211a_1 read from path /home/kushagra/.ciel/sky130A/libs.ref/sky130_fd_sc_hd/mag
Cell sky130_fd_sc_hd__nor2_1 read from path /home/kushagra/.ciel/sky130A/libs.ref/sky130_fd_sc_hd/mag
Cell sky130_fd_sc_hd__o21ai_1 read from path /home/kushagra/.ciel/sky130A/libs.ref/sky130_fd_sc_hd/mag
Cell sky130_fd_sc_hd__o32a_1 read from path /home/kushagra/.ciel/sky130A/libs.ref/sky130_fd_sc_hd/mag
Cell sky130_fd_sc_hd__a21o_2 read from path /home/kushagra/.ciel/sky130A/libs.ref/sky130_fd_sc_hd/mag
Cell sky130_fd_sc_hd__a21o_4 read from path /home/kushagra/.ciel/sky130A/libs.ref/sky130_fd_sc_hd/mag
Cell sky130_fd_sc_hd__and3b_1 read from path /home/kushagra/.ciel/sky130A/libs.ref/sky130_fd_sc_hd/mag
Cell sky130_fd_sc_hd__nor2b_2 read from path /home/kushagra/.ciel/sky130A/libs.ref/sky130_fd_sc_hd/mag
Cell sky130_fd_sc_hd__nand2_1 read from path /home/kushagra/.ciel/sky130A/libs.ref/sky130_fd_sc_hd/mag
Cell sky130_fd_sc_hd__or3_1 read from path /home/kushagra/.ciel/sky130A/libs.ref/sky130_fd_sc_hd/mag
Cell sky130_fd_sc_hd__and3_2 read from path /home/kushagra/.ciel/sky130A/libs.ref/sky130_fd_sc_hd/mag
Cell sky130_fd_sc_hd__or3b_2 read from path /home/kushagra/.ciel/sky130A/libs.ref/sky130_fd_sc_hd/mag
Cell sky130_fd_sc_hd__and4_1 read from path /home/kushagra/.ciel/sky130A/libs.ref/sky130_fd_sc_hd/mag
Cell sky130_fd_sc_hd__or3b_1 read from path /home/kushagra/.ciel/sky130A/libs.ref/sky130_fd_sc_hd/mag
Cell sky130_fd_sc_hd__a21bo_1 read from path /home/kushagra/.ciel/sky130A/libs.ref/sky130_fd_sc_hd/mag
Cell sky130_fd_sc_hd__a21oi_1 read from path /home/kushagra/.ciel/sky130A/libs.ref/sky130_fd_sc_hd/mag
Cell sky130_fd_sc_hd__or3_2 read from path /home/kushagra/.ciel/sky130A/libs.ref/sky130_fd_sc_hd/mag
Cell sky130_fd_sc_hd__or4_2 read from path /home/kushagra/.ciel/sky130A/libs.ref/sky130_fd_sc_hd/mag
Cell sky130_fd_sc_hd__or2b_1 read from path /home/kushagra/.ciel/sky130A/libs.ref/sky130_fd_sc_hd/mag
Cell sky130_fd_sc_hd__nand2_2 read from path /home/kushagra/.ciel/sky130A/libs.ref/sky130_fd_sc_hd/mag
Cell sky130_fd_sc_hd__nor2_4 read from path /home/kushagra/.ciel/sky130A/libs.ref/sky130_fd_sc_hd/mag
Cell sky130_fd_sc_hd__nor2b_1 read from path /home/kushagra/.ciel/sky130A/libs.ref/sky130_fd_sc_hd/mag
Cell sky130_fd_sc_hd__o21ai_2 read from path /home/kushagra/.ciel/sky130A/libs.ref/sky130_fd_sc_hd/mag
Cell sky130_fd_sc_hd__xor2_1 read from path /home/kushagra/.ciel/sky130A/libs.ref/sky130_fd_sc_hd/mag
Cell sky130_fd_sc_hd__xnor2_1 read from path /home/kushagra/.ciel/sky130A/libs.ref/sky130_fd_sc_hd/mag
Cell sky130_fd_sc_hd__a32o_2 read from path /home/kushagra/.ciel/sky130A/libs.ref/sky130_fd_sc_hd/mag
Cell sky130_fd_sc_hd__a211o_1 read from path /home/kushagra/.ciel/sky130A/libs.ref/sky130_fd_sc_hd/mag
Cell sky130_fd_sc_hd__o31a_1 read from path /home/kushagra/.ciel/sky130A/libs.ref/sky130_fd_sc_hd/mag
Cell sky130_fd_sc_hd__and4bb_1 read from path /home/kushagra/.ciel/sky130A/libs.ref/sky130_fd_sc_hd/mag
Cell sky130_fd_sc_hd__nor2_2 read from path /home/kushagra/.ciel/sky130A/libs.ref/sky130_fd_sc_hd/mag
Cell sky130_fd_sc_hd__o21a_1 read from path /home/kushagra/.ciel/sky130A/libs.ref/sky130_fd_sc_hd/mag
Cell sky130_fd_sc_hd__and3_1 read from path /home/kushagra/.ciel/sky130A/libs.ref/sky130_fd_sc_hd/mag
Cell sky130_fd_sc_hd__or2b_2 read from path /home/kushagra/.ciel/sky130A/libs.ref/sky130_fd_sc_hd/mag
Cell sky130_fd_sc_hd__o22a_1 read from path /home/kushagra/.ciel/sky130A/libs.ref/sky130_fd_sc_hd/mag
Cell sky130_fd_sc_hd__or2_2 read from path /home/kushagra/.ciel/sky130A/libs.ref/sky130_fd_sc_hd/mag
Cell sky130_fd_sc_hd__a2bb2o_1 read from path /home/kushagra/.ciel/sky130A/libs.ref/sky130_fd_sc_hd/mag
Cell sky130_fd_sc_hd__a221o_1 read from path /home/kushagra/.ciel/sky130A/libs.ref/sky130_fd_sc_hd/mag
Cell sky130_fd_sc_hd__o31ai_2 read from path /home/kushagra/.ciel/sky130A/libs.ref/sky130_fd_sc_hd/mag
Cell sky130_fd_sc_hd__or3_4 read from path /home/kushagra/.ciel/sky130A/libs.ref/sky130_fd_sc_hd/mag
Cell sky130_fd_sc_hd__nor3b_1 read from path /home/kushagra/.ciel/sky130A/libs.ref/sky130_fd_sc_hd/mag
Cell sky130_fd_sc_hd__or4b_1 read from path /home/kushagra/.ciel/sky130A/libs.ref/sky130_fd_sc_hd/mag
Cell sky130_fd_sc_hd__o32a_2 read from path /home/kushagra/.ciel/sky130A/libs.ref/sky130_fd_sc_hd/mag
Cell sky130_fd_sc_hd__nand3_2 read from path /home/kushagra/.ciel/sky130A/libs.ref/sky130_fd_sc_hd/mag
Cell sky130_fd_sc_hd__a21oi_2 read from path /home/kushagra/.ciel/sky130A/libs.ref/sky130_fd_sc_hd/mag
Cell sky130_fd_sc_hd__nor4_1 read from path /home/kushagra/.ciel/sky130A/libs.ref/sky130_fd_sc_hd/mag
Cell sky130_fd_sc_hd__or2b_4 read from path /home/kushagra/.ciel/sky130A/libs.ref/sky130_fd_sc_hd/mag
Cell sky130_fd_sc_hd__o21ba_1 read from path /home/kushagra/.ciel/sky130A/libs.ref/sky130_fd_sc_hd/mag
Cell sky130_fd_sc_hd__o311ai_4 read from path /home/kushagra/.ciel/sky130A/libs.ref/sky130_fd_sc_hd/mag
Cell sky130_fd_sc_hd__a211oi_1 read from path /home/kushagra/.ciel/sky130A/libs.ref/sky130_fd_sc_hd/mag
Cell sky130_fd_sc_hd__o22ai_1 read from path /home/kushagra/.ciel/sky130A/libs.ref/sky130_fd_sc_hd/mag
Cell sky130_fd_sc_hd__a2111o_1 read from path /home/kushagra/.ciel/sky130A/libs.ref/sky130_fd_sc_hd/mag
Cell sky130_fd_sc_hd__o211ai_2 read from path /home/kushagra/.ciel/sky130A/libs.ref/sky130_fd_sc_hd/mag
Cell sky130_fd_sc_hd__a32oi_4 read from path /home/kushagra/.ciel/sky130A/libs.ref/sky130_fd_sc_hd/mag
Cell sky130_fd_sc_hd__a21bo_2 read from path /home/kushagra/.ciel/sky130A/libs.ref/sky130_fd_sc_hd/mag
Cell sky130_fd_sc_hd__a31o_2 read from path /home/kushagra/.ciel/sky130A/libs.ref/sky130_fd_sc_hd/mag
Cell sky130_fd_sc_hd__a31oi_4 read from path /home/kushagra/.ciel/sky130A/libs.ref/sky130_fd_sc_hd/mag
Cell sky130_fd_sc_hd__a22oi_1 read from path /home/kushagra/.ciel/sky130A/libs.ref/sky130_fd_sc_hd/mag
Cell sky130_fd_sc_hd__o2bb2a_1 read from path /home/kushagra/.ciel/sky130A/libs.ref/sky130_fd_sc_hd/mag
Cell sky130_fd_sc_hd__or4bb_2 read from path /home/kushagra/.ciel/sky130A/libs.ref/sky130_fd_sc_hd/mag
Cell sky130_fd_sc_hd__a311o_1 read from path /home/kushagra/.ciel/sky130A/libs.ref/sky130_fd_sc_hd/mag
Cell sky130_fd_sc_hd__a32o_1 read from path /home/kushagra/.ciel/sky130A/libs.ref/sky130_fd_sc_hd/mag
Cell sky130_fd_sc_hd__nand3_1 read from path /home/kushagra/.ciel/sky130A/libs.ref/sky130_fd_sc_hd/mag
Cell sky130_fd_sc_hd__nand4b_1 read from path /home/kushagra/.ciel/sky130A/libs.ref/sky130_fd_sc_hd/mag
Cell sky130_fd_sc_hd__a2111oi_1 read from path /home/kushagra/.ciel/sky130A/libs.ref/sky130_fd_sc_hd/mag
Cell sky130_fd_sc_hd__o41a_1 read from path /home/kushagra/.ciel/sky130A/libs.ref/sky130_fd_sc_hd/mag
Cell sky130_fd_sc_hd__or4_1 read from path /home/kushagra/.ciel/sky130A/libs.ref/sky130_fd_sc_hd/mag
Cell sky130_fd_sc_hd__xnor2_2 read from path /home/kushagra/.ciel/sky130A/libs.ref/sky130_fd_sc_hd/mag
Cell sky130_fd_sc_hd__xor2_2 read from path /home/kushagra/.ciel/sky130A/libs.ref/sky130_fd_sc_hd/mag
Cell sky130_fd_sc_hd__nor3_1 read from path /home/kushagra/.ciel/sky130A/libs.ref/sky130_fd_sc_hd/mag
Cell sky130_fd_sc_hd__buf_6 read from path /home/kushagra/.ciel/sky130A/libs.ref/sky130_fd_sc_hd/mag
Cell sky130_fd_sc_hd__nor2_8 read from path /home/kushagra/.ciel/sky130A/libs.ref/sky130_fd_sc_hd/mag
Cell sky130_fd_sc_hd__or3b_4 read from path /home/kushagra/.ciel/sky130A/libs.ref/sky130_fd_sc_hd/mag
Cell sky130_fd_sc_hd__nand2_8 read from path /home/kushagra/.ciel/sky130A/libs.ref/sky130_fd_sc_hd/mag
Cell sky130_fd_sc_hd__nor3_2 read from path /home/kushagra/.ciel/sky130A/libs.ref/sky130_fd_sc_hd/mag
Cell sky130_fd_sc_hd__nand3_4 read from path /home/kushagra/.ciel/sky130A/libs.ref/sky130_fd_sc_hd/mag
Cell sky130_fd_sc_hd__nand2_4 read from path /home/kushagra/.ciel/sky130A/libs.ref/sky130_fd_sc_hd/mag
Cell sky130_fd_sc_hd__o22ai_2 read from path /home/kushagra/.ciel/sky130A/libs.ref/sky130_fd_sc_hd/mag
Cell sky130_fd_sc_hd__o22a_2 read from path /home/kushagra/.ciel/sky130A/libs.ref/sky130_fd_sc_hd/mag
Cell sky130_fd_sc_hd__a22oi_2 read from path /home/kushagra/.ciel/sky130A/libs.ref/sky130_fd_sc_hd/mag
Cell sky130_fd_sc_hd__o22ai_4 read from path /home/kushagra/.ciel/sky130A/libs.ref/sky130_fd_sc_hd/mag
Cell sky130_fd_sc_hd__and4b_1 read from path /home/kushagra/.ciel/sky130A/libs.ref/sky130_fd_sc_hd/mag
Cell sky130_fd_sc_hd__or4b_2 read from path /home/kushagra/.ciel/sky130A/libs.ref/sky130_fd_sc_hd/mag
Cell sky130_fd_sc_hd__o311a_1 read from path /home/kushagra/.ciel/sky130A/libs.ref/sky130_fd_sc_hd/mag
Cell sky130_fd_sc_hd__dfxtp_1 read from path /home/kushagra/.ciel/sky130A/libs.ref/sky130_fd_sc_hd/mag
Cell sky130_fd_sc_hd__dfxtp_2 read from path /home/kushagra/.ciel/sky130A/libs.ref/sky130_fd_sc_hd/mag
Cell sky130_fd_sc_hd__dfxtp_4 read from path /home/kushagra/.ciel/sky130A/libs.ref/sky130_fd_sc_hd/mag
Cell sky130_fd_sc_hd__clkbuf_16 read from path /home/kushagra/.ciel/sky130A/libs.ref/sky130_fd_sc_hd/mag
Cell sky130_fd_sc_hd__dlygate4sd3_1 read from path /home/kushagra/.ciel/sky130A/libs.ref/sky130_fd_sc_hd/mag
Cell sky130_fd_sc_hd__clkdlybuf4s25_1 read from path /home/kushagra/.ciel/sky130A/libs.ref/sky130_fd_sc_hd/mag
  Processed 47365 subcell instances total.
  Processed 84 pins total.
  Processed 2 special nets total.
  Processed 11504 nets total.
DEF read: Processed 230260 lines.
Moving label "_00009_" from metal1 to via1 in cell pipelined_processor.
Moving label "_00028_" from metal1 to via1 in cell pipelined_processor.
Moving label "_00053_" from metal1 to via1 in cell pipelined_processor.
Moving label "_00071_" from metal1 to via1 in cell pipelined_processor.
Moving label "_00111_" from metal1 to via1 in cell pipelined_processor.
Moving label "_00124_" from metal1 to via1 in cell pipelined_processor.
Moving label "_00128_" from metal1 to via1 in cell pipelined_processor.
Moving label "_00129_" from metal1 to via1 in cell pipelined_processor.
Moving label "_00144_" from metal1 to via1 in cell pipelined_processor.
Moving label "_00172_" from metal1 to via1 in cell pipelined_processor.
Moving label "_00194_" from metal1 to viali in cell pipelined_processor.
Moving label "_00201_" from metal1 to via1 in cell pipelined_processor.
Moving label "_00216_" from metal1 to via1 in cell pipelined_processor.
Moving label "_00224_" from metal1 to via1 in cell pipelined_processor.
Moving label "_00226_" from metal1 to via1 in cell pipelined_processor.
Moving label "_00227_" from metal1 to via1 in cell pipelined_processor.
Moving label "_00229_" from metal1 to via1 in cell pipelined_processor.
Moving label "_00233_" from metal1 to via1 in cell pipelined_processor.
Moving label "_00235_" from metal1 to via1 in cell pipelined_processor.
Moving label "_00250_" from metal1 to viali in cell pipelined_processor.
Moving label "_00252_" from metal1 to via1 in cell pipelined_processor.
Moving label "_00254_" from metal1 to via1 in cell pipelined_processor.
Moving label "_00258_" from metal1 to via1 in cell pipelined_processor.
Moving label "_00259_" from metal1 to via1 in cell pipelined_processor.
Moving label "_00266_" from metal1 to via1 in cell pipelined_processor.
Moving label "_00273_" from metal1 to via1 in cell pipelined_processor.
Moving label "_00275_" from metal1 to via1 in cell pipelined_processor.
Moving label "_00279_" from metal1 to via1 in cell pipelined_processor.
Moving label "_00299_" from metal1 to via1 in cell pipelined_processor.
Moving label "_00301_" from metal1 to via1 in cell pipelined_processor.
Moving label "_00305_" from metal1 to via1 in cell pipelined_processor.
Moving label "_00313_" from metal1 to via1 in cell pipelined_processor.
Moving label "_00344_" from metal1 to via1 in cell pipelined_processor.
Moving label "_00353_" from metal1 to via1 in cell pipelined_processor.
Moving label "_00359_" from metal1 to via1 in cell pipelined_processor.
Moving label "_00373_" from metal1 to via1 in cell pipelined_processor.
Moving label "_00392_" from metal1 to via1 in cell pipelined_processor.
Moving label "_00399_" from metal1 to via1 in cell pipelined_processor.
Moving label "_00401_" from metal1 to via1 in cell pipelined_processor.
Moving label "_00418_" from metal1 to via1 in cell pipelined_processor.
Moving label "_00432_" from metal1 to via1 in cell pipelined_processor.
Moving label "_00443_" from metal1 to via1 in cell pipelined_processor.
Moving label "_00447_" from metal1 to via1 in cell pipelined_processor.
Moving label "_00458_" from metal1 to via1 in cell pipelined_processor.
Moving label "_00480_" from metal1 to via1 in cell pipelined_processor.
Moving label "_00481_" from metal1 to via1 in cell pipelined_processor.
Moving label "_00506_" from metal1 to viali in cell pipelined_processor.
Moving label "_00508_" from metal1 to via1 in cell pipelined_processor.
Moving label "_00526_" from metal1 to via1 in cell pipelined_processor.
Moving label "_00528_" from metal1 to viali in cell pipelined_processor.
Moving label "_00533_" from metal1 to via1 in cell pipelined_processor.
Moving label "_00536_" from metal1 to via1 in cell pipelined_processor.
Moving label "_00547_" from metal1 to via1 in cell pipelined_processor.
Moving label "_00554_" from metal1 to via1 in cell pipelined_processor.
Moving label "_00565_" from metal1 to via1 in cell pipelined_processor.
Moving label "_00586_" from metal1 to via1 in cell pipelined_processor.
Moving label "_00592_" from metal1 to via1 in cell pipelined_processor.
Moving label "_00595_" from metal1 to via1 in cell pipelined_processor.
Moving label "_00610_" from metal1 to via1 in cell pipelined_processor.
Moving label "_00611_" from metal1 to via1 in cell pipelined_processor.
Moving label "_00613_" from metal1 to via1 in cell pipelined_processor.
Moving label "_00619_" from metal1 to via1 in cell pipelined_processor.
Moving label "_00620_" from metal1 to via1 in cell pipelined_processor.
Moving label "_00625_" from metal1 to via1 in cell pipelined_processor.
Moving label "_00638_" from metal1 to via1 in cell pipelined_processor.
Moving label "_00654_" from metal1 to via1 in cell pipelined_processor.
Moving label "_00659_" from metal1 to via1 in cell pipelined_processor.
Moving label "_00669_" from metal1 to via1 in cell pipelined_processor.
Moving label "_00670_" from metal1 to via1 in cell pipelined_processor.
Moving label "_00673_" from metal1 to via1 in cell pipelined_processor.
Moving label "_00707_" from metal1 to via1 in cell pipelined_processor.
Moving label "_00710_" from metal1 to via1 in cell pipelined_processor.
Moving label "_00721_" from metal1 to via1 in cell pipelined_processor.
Moving label "_00726_" from metal1 to via1 in cell pipelined_processor.
Moving label "_00734_" from metal1 to via1 in cell pipelined_processor.
Moving label "_00737_" from metal1 to via1 in cell pipelined_processor.
Moving label "_00740_" from metal1 to via1 in cell pipelined_processor.
Moving label "_00742_" from metal1 to via1 in cell pipelined_processor.
Moving label "_00751_" from metal1 to via1 in cell pipelined_processor.
Moving label "_00757_" from metal1 to via1 in cell pipelined_processor.
Moving label "_00778_" from metal1 to via1 in cell pipelined_processor.
Moving label "_00782_" from metal1 to via1 in cell pipelined_processor.
Moving label "_00787_" from metal1 to via1 in cell pipelined_processor.
Moving label "_00796_" from metal1 to via1 in cell pipelined_processor.
Moving label "_00817_" from metal1 to via1 in cell pipelined_processor.
Moving label "_00823_" from metal1 to via1 in cell pipelined_processor.
Moving label "_00826_" from metal1 to via1 in cell pipelined_processor.
Moving label "_00846_" from metal1 to via1 in cell pipelined_processor.
Moving label "_00848_" from metal1 to via1 in cell pipelined_processor.
Moving label "_00851_" from metal1 to via1 in cell pipelined_processor.
Moving label "_00884_" from metal1 to via1 in cell pipelined_processor.
Moving label "_00903_" from metal1 to via1 in cell pipelined_processor.
Moving label "_00906_" from metal1 to via1 in cell pipelined_processor.
Moving label "_00909_" from metal1 to via1 in cell pipelined_processor.
Moving label "_00918_" from metal1 to via1 in cell pipelined_processor.
Moving label "_00922_" from metal1 to via1 in cell pipelined_processor.
Moving label "_00925_" from metal1 to via1 in cell pipelined_processor.
Moving label "_00937_" from metal1 to viali in cell pipelined_processor.
Moving label "_00950_" from metal1 to via1 in cell pipelined_processor.
Moving label "_00960_" from metal1 to via1 in cell pipelined_processor.
Moving label "_00962_" from metal1 to via1 in cell pipelined_processor.
Moving label "_00970_" from metal1 to via1 in cell pipelined_processor.
Moving label "_00977_" from metal1 to via1 in cell pipelined_processor.
Moving label "_00988_" from metal1 to via1 in cell pipelined_processor.
Moving label "_00995_" from metal1 to via1 in cell pipelined_processor.
Moving label "_00998_" from metal1 to via1 in cell pipelined_processor.
Moving label "_01001_" from metal1 to via1 in cell pipelined_processor.
Moving label "_01002_" from metal1 to via1 in cell pipelined_processor.
Moving label "_01003_" from metal1 to via1 in cell pipelined_processor.
Moving label "_01008_" from metal1 to via1 in cell pipelined_processor.
Moving label "_01013_" from metal1 to via1 in cell pipelined_processor.
Moving label "_01015_" from metal1 to via1 in cell pipelined_processor.
Moving label "_01059_" from metal1 to via1 in cell pipelined_processor.
Moving label "_01065_" from metal1 to via1 in cell pipelined_processor.
Moving label "_01084_" from metal1 to via1 in cell pipelined_processor.
Moving label "_01086_" from metal1 to via1 in cell pipelined_processor.
Moving label "_01096_" from metal1 to via1 in cell pipelined_processor.
Moving label "_01097_" from metal1 to via1 in cell pipelined_processor.
Moving label "_01112_" from metal1 to via1 in cell pipelined_processor.
Moving label "_01113_" from metal1 to via1 in cell pipelined_processor.
Moving label "_01115_" from metal1 to via1 in cell pipelined_processor.
Moving label "_01116_" from metal1 to via1 in cell pipelined_processor.
Moving label "_01122_" from metal2 to via2 in cell pipelined_processor.
Moving label "_01125_" from metal1 to via1 in cell pipelined_processor.
Moving label "_01135_" from metal1 to viali in cell pipelined_processor.
Moving label "_01143_" from metal1 to viali in cell pipelined_processor.
Moving label "_01149_" from metal1 to via1 in cell pipelined_processor.
Moving label "_01150_" from metal1 to via1 in cell pipelined_processor.
Moving label "_01165_" from metal1 to via1 in cell pipelined_processor.
Moving label "_01178_" from metal1 to via1 in cell pipelined_processor.
Moving label "_01195_" from metal1 to via1 in cell pipelined_processor.
Moving label "_01197_" from metal1 to via1 in cell pipelined_processor.
Moving label "_01214_" from metal1 to via1 in cell pipelined_processor.
Moving label "_01215_" from metal1 to via1 in cell pipelined_processor.
Moving label "_01217_" from metal1 to via1 in cell pipelined_processor.
Moving label "_01231_" from metal1 to via1 in cell pipelined_processor.
Moving label "_01232_" from metal1 to via1 in cell pipelined_processor.
Moving label "_01240_" from metal1 to viali in cell pipelined_processor.
Moving label "_01242_" from metal1 to via1 in cell pipelined_processor.
Moving label "_01248_" from metal1 to via1 in cell pipelined_processor.
Moving label "_01249_" from metal1 to via1 in cell pipelined_processor.
Moving label "_01250_" from metal1 to via1 in cell pipelined_processor.
Moving label "_01251_" from metal1 to via1 in cell pipelined_processor.
Moving label "_01258_" from metal1 to via1 in cell pipelined_processor.
Moving label "_01271_" from metal1 to viali in cell pipelined_processor.
Moving label "_01275_" from metal1 to via1 in cell pipelined_processor.
Moving label "_01284_" from metal1 to via1 in cell pipelined_processor.
Moving label "_01293_" from metal1 to via1 in cell pipelined_processor.
Moving label "_01310_" from metal1 to via1 in cell pipelined_processor.
Moving label "_01313_" from metal1 to via1 in cell pipelined_processor.
Moving label "_01319_" from metal1 to via1 in cell pipelined_processor.
Moving label "_01321_" from metal1 to via1 in cell pipelined_processor.
Moving label "_01329_" from metal2 to via2 in cell pipelined_processor.
Moving label "_01363_" from metal1 to via1 in cell pipelined_processor.
Moving label "_01364_" from metal1 to via1 in cell pipelined_processor.
Moving label "_01365_" from metal1 to via1 in cell pipelined_processor.
Moving label "_01368_" from metal1 to via1 in cell pipelined_processor.
Moving label "_01390_" from metal1 to via1 in cell pipelined_processor.
Moving label "_01392_" from metal1 to via1 in cell pipelined_processor.
Moving label "_01411_" from metal1 to via1 in cell pipelined_processor.
Moving label "_01419_" from metal1 to viali in cell pipelined_processor.
Moving label "_01424_" from metal1 to via1 in cell pipelined_processor.
Moving label "_01436_" from metal1 to via1 in cell pipelined_processor.
Moving label "_01444_" from metal1 to via1 in cell pipelined_processor.
Moving label "_01454_" from metal1 to via1 in cell pipelined_processor.
Moving label "_01458_" from metal1 to via1 in cell pipelined_processor.
Moving label "_01465_" from metal1 to via1 in cell pipelined_processor.
Moving label "_01467_" from metal1 to via1 in cell pipelined_processor.
Moving label "_01471_" from metal1 to via1 in cell pipelined_processor.
Moving label "_01480_" from metal1 to via1 in cell pipelined_processor.
Moving label "_01497_" from metal1 to via1 in cell pipelined_processor.
Moving label "_01500_" from metal1 to via1 in cell pipelined_processor.
Moving label "_01502_" from metal1 to via1 in cell pipelined_processor.
Moving label "_01510_" from metal1 to via1 in cell pipelined_processor.
Moving label "_01511_" from metal1 to via1 in cell pipelined_processor.
Moving label "_01519_" from metal1 to via1 in cell pipelined_processor.
Moving label "_01521_" from metal1 to via1 in cell pipelined_processor.
Moving label "_01526_" from metal1 to via1 in cell pipelined_processor.
Moving label "_01529_" from metal1 to via1 in cell pipelined_processor.
Moving label "_01537_" from metal1 to via1 in cell pipelined_processor.
Moving label "_01538_" from metal1 to via1 in cell pipelined_processor.
Moving label "_01541_" from metal1 to via1 in cell pipelined_processor.
Moving label "_01557_" from metal1 to via1 in cell pipelined_processor.
Moving label "_01560_" from metal1 to via1 in cell pipelined_processor.
Moving label "_01563_" from metal1 to via1 in cell pipelined_processor.
Moving label "_01568_" from metal1 to via1 in cell pipelined_processor.
Moving label "_01571_" from metal1 to via1 in cell pipelined_processor.
Moving label "_01573_" from metal1 to via1 in cell pipelined_processor.
Moving label "_01581_" from metal1 to via1 in cell pipelined_processor.
Moving label "_01582_" from metal1 to via1 in cell pipelined_processor.
Moving label "_01586_" from metal1 to via1 in cell pipelined_processor.
Moving label "_01587_" from metal1 to via1 in cell pipelined_processor.
Moving label "_01606_" from metal1 to via1 in cell pipelined_processor.
Moving label "_01608_" from metal1 to via1 in cell pipelined_processor.
Moving label "_01619_" from metal1 to via1 in cell pipelined_processor.
Moving label "_01622_" from metal1 to via1 in cell pipelined_processor.
Moving label "_01627_" from metal1 to via1 in cell pipelined_processor.
Moving label "_01634_" from metal1 to via1 in cell pipelined_processor.
Moving label "_01677_" from metal1 to viali in cell pipelined_processor.
Moving label "_01784_" from metal1 to viali in cell pipelined_processor.
Moving label "_01790_" from metal1 to viali in cell pipelined_processor.
Moving label "_01952_" from metal1 to viali in cell pipelined_processor.
Moving label "_02023_" from metal2 to via2 in cell pipelined_processor.
Moving label "_02300_" from metal1 to via1 in cell pipelined_processor.
Moving label "_02453_" from metal3 to via3 in cell pipelined_processor.
Moving label "_02492_" from metal2 to via2 in cell pipelined_processor.
Moving label "_02521_" from metal3 to via3 in cell pipelined_processor.
Moving label "_02605_" from metal1 to via1 in cell pipelined_processor.
Moving label "_02612_" from metal2 to via1 in cell pipelined_processor.
Moving label "_02696_" from metal2 to via2 in cell pipelined_processor.
Moving label "_02789_" from metal3 to via3 in cell pipelined_processor.
Moving label "_02817_" from metal1 to via1 in cell pipelined_processor.
Moving label "_02840_" from metal1 to via1 in cell pipelined_processor.
Moving label "_02861_" from metal3 to via3 in cell pipelined_processor.
Moving label "_02868_" from metal3 to via2 in cell pipelined_processor.
Moving label "_02873_" from metal1 to viali in cell pipelined_processor.
Moving label "_02897_" from metal2 to via2 in cell pipelined_processor.
Moving label "_02922_" from metal2 to via1 in cell pipelined_processor.
Moving label "_02938_" from metal1 to viali in cell pipelined_processor.
Moving label "_02940_" from metal3 to via2 in cell pipelined_processor.
Moving label "_02941_" from metal1 to via1 in cell pipelined_processor.
Moving label "_02966_" from metal2 to via1 in cell pipelined_processor.
Moving label "_02971_" from metal1 to via1 in cell pipelined_processor.
Moving label "_02972_" from metal3 to via3 in cell pipelined_processor.
Moving label "_03036_" from metal2 to via2 in cell pipelined_processor.
Moving label "_03043_" from metal1 to via1 in cell pipelined_processor.
Moving label "_03044_" from metal1 to viali in cell pipelined_processor.
Moving label "_03075_" from metal1 to via1 in cell pipelined_processor.
Moving label "_03077_" from metal1 to viali in cell pipelined_processor.
Moving label "_03165_" from metal1 to via1 in cell pipelined_processor.
Moving label "_03177_" from metal2 to via1 in cell pipelined_processor.
Moving label "_03294_" from metal2 to via2 in cell pipelined_processor.
Moving label "_03384_" from metal2 to via2 in cell pipelined_processor.
Moving label "_03457_" from metal2 to via2 in cell pipelined_processor.
Moving label "_03497_" from metal1 to via1 in cell pipelined_processor.
Moving label "_03582_" from metal1 to viali in cell pipelined_processor.
Moving label "_03605_" from metal1 to viali in cell pipelined_processor.
Moving label "_03687_" from metal1 to viali in cell pipelined_processor.
Moving label "_03713_" from metal2 to via1 in cell pipelined_processor.
Moving label "_03723_" from metal1 to via1 in cell pipelined_processor.
Moving label "_03743_" from metal1 to viali in cell pipelined_processor.
Moving label "_03801_" from metal1 to via1 in cell pipelined_processor.
Moving label "_03891_" from metal1 to viali in cell pipelined_processor.
Moving label "_03908_" from metal2 to via2 in cell pipelined_processor.
Moving label "_03935_" from metal1 to viali in cell pipelined_processor.
Moving label "_04047_" from metal2 to via1 in cell pipelined_processor.
Moving label "_04095_" from metal1 to via1 in cell pipelined_processor.
Moving label "_04097_" from metal1 to via1 in cell pipelined_processor.
Moving label "_04229_" from metal2 to via2 in cell pipelined_processor.
Moving label "_04363_" from metal2 to via2 in cell pipelined_processor.
Moving label "_04382_" from metal1 to via1 in cell pipelined_processor.
Moving label "_04419_" from metal1 to via1 in cell pipelined_processor.
Moving label "_04519_" from metal1 to via1 in cell pipelined_processor.
Moving label "_04562_" from metal2 to via1 in cell pipelined_processor.
Moving label "_04653_" from metal3 to via3 in cell pipelined_processor.
Moving label "_04657_" from metal2 to via1 in cell pipelined_processor.
Moving label "_04678_" from metal2 to via2 in cell pipelined_processor.
Moving label "_04705_" from metal2 to via2 in cell pipelined_processor.
Moving label "_04782_" from metal2 to via2 in cell pipelined_processor.
Moving label "_04851_" from metal2 to via2 in cell pipelined_processor.
Moving label "_04854_" from metal2 to via1 in cell pipelined_processor.
Moving label "_04880_" from metal2 to via1 in cell pipelined_processor.
Moving label "_04903_" from metal2 to via2 in cell pipelined_processor.
Moving label "_04931_" from metal2 to via2 in cell pipelined_processor.
Moving label "_05052_" from metal2 to via1 in cell pipelined_processor.
Moving label "_05076_" from metal2 to via2 in cell pipelined_processor.
Moving label "_05209_" from metal2 to via2 in cell pipelined_processor.
Moving label "_05351_" from metal3 to via3 in cell pipelined_processor.
Moving label "_05447_" from metal2 to via2 in cell pipelined_processor.
Moving label "_05544_" from metal2 to via2 in cell pipelined_processor.
Moving label "_05572_" from metal2 to via1 in cell pipelined_processor.
Moving label "_05615_" from metal2 to via1 in cell pipelined_processor.
Moving label "_05657_" from metal1 to via1 in cell pipelined_processor.
Moving label "_05678_" from metal2 to via1 in cell pipelined_processor.
Moving label "_05685_" from metal2 to via2 in cell pipelined_processor.
Moving label "_05697_" from metal1 to viali in cell pipelined_processor.
Moving label "_05830_" from metal1 to via1 in cell pipelined_processor.
Moving label "_05869_" from metal2 to via2 in cell pipelined_processor.
Moving label "_05933_" from metal1 to viali in cell pipelined_processor.
Moving label "_05976_" from metal1 to viali in cell pipelined_processor.
Moving label "_06017_" from metal1 to viali in cell pipelined_processor.
Moving label "_06059_" from metal1 to via1 in cell pipelined_processor.
Moving label "_06072_" from metal1 to via1 in cell pipelined_processor.
Moving label "_06103_" from metal2 to via2 in cell pipelined_processor.
Moving label "_06239_" from metal2 to via1 in cell pipelined_processor.
Moving label "_06413_" from metal1 to via1 in cell pipelined_processor.
Moving label "_06497_" from metal1 to viali in cell pipelined_processor.
Moving label "_06840_" from metal2 to via2 in cell pipelined_processor.
Moving label "_06868_" from metal3 to via3 in cell pipelined_processor.
Moving label "_06903_" from metal2 to via2 in cell pipelined_processor.
Moving label "_06919_" from metal1 to via1 in cell pipelined_processor.
Moving label "_06929_" from metal2 to via1 in cell pipelined_processor.
Moving label "_06961_" from metal1 to via1 in cell pipelined_processor.
Moving label "_06968_" from metal1 to via1 in cell pipelined_processor.
Moving label "_07057_" from metal2 to via2 in cell pipelined_processor.
Moving label "_07110_" from metal1 to via1 in cell pipelined_processor.
Moving label "_07149_" from metal1 to via1 in cell pipelined_processor.
Moving label "_07155_" from metal1 to viali in cell pipelined_processor.
Moving label "_07193_" from metal1 to via1 in cell pipelined_processor.
Moving label "_07244_" from metal2 to via1 in cell pipelined_processor.
Moving label "_07334_" from metal3 to via2 in cell pipelined_processor.
Moving label "_07344_" from metal1 to via1 in cell pipelined_processor.
Moving label "_07389_" from metal1 to viali in cell pipelined_processor.
Moving label "_07489_" from metal2 to via1 in cell pipelined_processor.
Moving label "_07529_" from metal1 to viali in cell pipelined_processor.
Moving label "_07617_" from metal1 to viali in cell pipelined_processor.
Moving label "_07638_" from metal2 to via2 in cell pipelined_processor.
Moving label "_07681_" from metal1 to via1 in cell pipelined_processor.
Moving label "_07853_" from metal1 to viali in cell pipelined_processor.
Moving label "_07888_" from metal1 to viali in cell pipelined_processor.
Moving label "_07933_" from metal2 to via2 in cell pipelined_processor.
Moving label "_08026_" from metal3 to via3 in cell pipelined_processor.
Moving label "_08056_" from metal2 to via1 in cell pipelined_processor.
Moving label "_08074_" from metal2 to via2 in cell pipelined_processor.
Moving label "_08082_" from metal3 to via3 in cell pipelined_processor.
Moving label "_08103_" from metal2 to via2 in cell pipelined_processor.
Moving label "_08155_" from metal2 to via2 in cell pipelined_processor.
Moving label "_08231_" from metal1 to viali in cell pipelined_processor.
Moving label "clknet_2_3_0_clk" from metal2 to via2 in cell pipelined_processor.
Moving label "clknet_5_0__leaf_clk" from metal2 to via2 in cell pipelined_processor.
Moving label "clknet_5_10__leaf_clk" from metal3 to via3 in cell pipelined_processor.
Moving label "clknet_5_13__leaf_clk" from metal2 to via2 in cell pipelined_processor.
Moving label "clknet_5_14__leaf_clk" from metal2 to via2 in cell pipelined_processor.
Moving label "clknet_5_17__leaf_clk" from metal2 to via2 in cell pipelined_processor.
Moving label "clknet_5_18__leaf_clk" from metal2 to via2 in cell pipelined_processor.
Moving label "clknet_5_1__leaf_clk" from metal3 to via3 in cell pipelined_processor.
Moving label "clknet_5_20__leaf_clk" from metal2 to via2 in cell pipelined_processor.
Moving label "clknet_5_21__leaf_clk" from metal3 to via3 in cell pipelined_processor.
Moving label "clknet_5_23__leaf_clk" from metal2 to via2 in cell pipelined_processor.
Moving label "clknet_5_26__leaf_clk" from metal2 to via2 in cell pipelined_processor.
Moving label "clknet_5_4__leaf_clk" from metal3 to via3 in cell pipelined_processor.
Moving label "clknet_leaf_202_clk" from metal1 to via1 in cell pipelined_processor.
Moving label "clknet_leaf_208_clk" from metal2 to via1 in cell pipelined_processor.
Moving label "debug_reg_data[3]" from metal2 to via2 in cell pipelined_processor.
Moving label "dmem.ram\[10\]\[12\]" from metal1 to via1 in cell pipelined_processor.
Moving label "dmem.ram\[10\]\[14\]" from metal1 to via1 in cell pipelined_processor.
Moving label "dmem.ram\[12\]\[8\]" from metal1 to via1 in cell pipelined_processor.
Moving label "dmem.ram\[13\]\[14\]" from metal2 to via1 in cell pipelined_processor.
Moving label "dmem.ram\[13\]\[5\]" from metal1 to via1 in cell pipelined_processor.
Moving label "dmem.ram\[14\]\[0\]" from metal1 to via1 in cell pipelined_processor.
Moving label "dmem.ram\[14\]\[11\]" from metal1 to via1 in cell pipelined_processor.
Moving label "dmem.ram\[14\]\[3\]" from metal1 to via1 in cell pipelined_processor.
Moving label "dmem.ram\[14\]\[8\]" from metal2 to via1 in cell pipelined_processor.
Moving label "dmem.ram\[18\]\[3\]" from metal1 to via1 in cell pipelined_processor.
Moving label "dmem.ram\[18\]\[7\]" from metal1 to via1 in cell pipelined_processor.
Moving label "dmem.ram\[20\]\[3\]" from metal1 to via1 in cell pipelined_processor.
Moving label "dmem.ram\[20\]\[4\]" from metal1 to via1 in cell pipelined_processor.
Moving label "dmem.ram\[20\]\[6\]" from metal1 to via1 in cell pipelined_processor.
Moving label "dmem.ram\[21\]\[12\]" from metal2 to via2 in cell pipelined_processor.
Moving label "dmem.ram\[22\]\[12\]" from metal1 to via1 in cell pipelined_processor.
Moving label "dmem.ram\[22\]\[2\]" from metal1 to via1 in cell pipelined_processor.
Moving label "dmem.ram\[22\]\[3\]" from metal1 to via1 in cell pipelined_processor.
Moving label "dmem.ram\[26\]\[0\]" from metal1 to via1 in cell pipelined_processor.
Moving label "dmem.ram\[26\]\[12\]" from metal1 to via1 in cell pipelined_processor.
Moving label "dmem.ram\[26\]\[1\]" from metal1 to via1 in cell pipelined_processor.
Moving label "dmem.ram\[26\]\[2\]" from metal1 to via1 in cell pipelined_processor.
Moving label "dmem.ram\[26\]\[4\]" from metal1 to via1 in cell pipelined_processor.
Moving label "dmem.ram\[26\]\[6\]" from metal2 to via1 in cell pipelined_processor.
Moving label "dmem.ram\[26\]\[8\]" from metal1 to via1 in cell pipelined_processor.
Moving label "dmem.ram\[28\]\[5\]" from metal1 to via1 in cell pipelined_processor.
Moving label "dmem.ram\[28\]\[6\]" from metal1 to via1 in cell pipelined_processor.
Moving label "dmem.ram\[29\]\[7\]" from metal1 to via1 in cell pipelined_processor.
Moving label "dmem.ram\[30\]\[0\]" from metal1 to viali in cell pipelined_processor.
Moving label "dmem.ram\[30\]\[10\]" from metal1 to via1 in cell pipelined_processor.
Moving label "dmem.ram\[30\]\[12\]" from metal1 to via1 in cell pipelined_processor.
Moving label "dmem.ram\[30\]\[13\]" from metal1 to via1 in cell pipelined_processor.
Moving label "dmem.ram\[30\]\[2\]" from metal1 to via1 in cell pipelined_processor.
Moving label "dmem.ram\[35\]\[1\]" from metal2 to via2 in cell pipelined_processor.
Moving label "dmem.ram\[36\]\[5\]" from metal1 to via1 in cell pipelined_processor.
Moving label "dmem.ram\[38\]\[0\]" from metal1 to via1 in cell pipelined_processor.
Moving label "dmem.ram\[38\]\[6\]" from metal1 to via1 in cell pipelined_processor.
Moving label "dmem.ram\[38\]\[7\]" from metal1 to via1 in cell pipelined_processor.
Moving label "dmem.ram\[45\]\[0\]" from metal2 to via1 in cell pipelined_processor.
Moving label "dmem.ram\[45\]\[3\]" from metal2 to via2 in cell pipelined_processor.
Moving label "dmem.ram\[4\]\[6\]" from metal1 to via1 in cell pipelined_processor.
Moving label "dmem.ram\[4\]\[9\]" from metal1 to via1 in cell pipelined_processor.
Moving label "dmem.ram\[52\]\[6\]" from metal1 to via1 in cell pipelined_processor.
Moving label "dmem.ram\[53\]\[15\]" from metal1 to via1 in cell pipelined_processor.
Moving label "dmem.ram\[53\]\[2\]" from metal1 to via1 in cell pipelined_processor.
Moving label "dmem.ram\[53\]\[3\]" from metal1 to via1 in cell pipelined_processor.
Moving label "dmem.ram\[53\]\[7\]" from metal1 to via1 in cell pipelined_processor.
Moving label "dmem.ram\[57\]\[8\]" from metal2 to via2 in cell pipelined_processor.
Moving label "dmem.ram\[5\]\[6\]" from metal1 to via1 in cell pipelined_processor.
Moving label "dmem.ram\[5\]\[9\]" from metal1 to via1 in cell pipelined_processor.
Moving label "dmem.ram\[62\]\[0\]" from metal1 to via1 in cell pipelined_processor.
Moving label "dmem.ram\[6\]\[0\]" from metal1 to via1 in cell pipelined_processor.
Moving label "dmem.ram\[6\]\[13\]" from metal1 to via1 in cell pipelined_processor.
Moving label "dmem.ram\[6\]\[14\]" from metal1 to via1 in cell pipelined_processor.
Moving label "dmem.ram\[7\]\[10\]" from metal1 to via1 in cell pipelined_processor.
Moving label "dmem.ram\[7\]\[14\]" from metal2 to via2 in cell pipelined_processor.
Moving label "dmem.ram\[7\]\[6\]" from metal2 to via2 in cell pipelined_processor.
Moving label "dmem.ram\[8\]\[13\]" from metal1 to viali in cell pipelined_processor.
Moving label "dmem.ram\[9\]\[4\]" from metal2 to via2 in cell pipelined_processor.
Moving label "imem.rom\[15\]\[14\]" from metal1 to via1 in cell pipelined_processor.
Moving label "net120" from metal1 to via1 in cell pipelined_processor.
Moving label "net124" from metal2 to via1 in cell pipelined_processor.
Moving label "net125" from metal1 to via1 in cell pipelined_processor.
Moving label "net130" from metal1 to via1 in cell pipelined_processor.
Moving label "net289" from metal1 to viali in cell pipelined_processor.
Moving label "net36" from metal3 to via3 in cell pipelined_processor.
Moving label "net387" from metal1 to viali in cell pipelined_processor.
Moving label "net412" from metal1 to viali in cell pipelined_processor.
Moving label "net862" from metal2 to via2 in cell pipelined_processor.
Moving label "pc_out_port[13]" from metal2 to via2 in cell pipelined_processor.
Moving label "regfile.registerFile\[2\]\[2\]" from metal1 to via1 in cell pipelined_processor.
Moving label "regfile.registerFile\[2\]\[5\]" from metal1 to via1 in cell pipelined_processor.
Moving label "regfile.registerFile\[2\]\[7\]" from metal1 to via1 in cell pipelined_processor.
Moving label "regfile.registerFile\[3\]\[15\]" from metal2 to via1 in cell pipelined_processor.
Moving label "regfile.registerFile\[3\]\[4\]" from metal2 to via1 in cell pipelined_processor.
Moving label "regfile.registerFile\[6\]\[0\]" from metal1 to via1 in cell pipelined_processor.
Moving label "regfile.registerFile\[6\]\[10\]" from metal1 to via1 in cell pipelined_processor.
Moving label "regfile.registerFile\[6\]\[12\]" from metal2 to via1 in cell pipelined_processor.
Moving label "regfile.registerFile\[6\]\[3\]" from metal1 to via1 in cell pipelined_processor.
Moving label "regfile.registerFile\[6\]\[6\]" from metal1 to via1 in cell pipelined_processor.
Root cell box:
           width x height  (   llx,  lly  ), (   urx,  ury  )  area (units^2)

microns:  643.540 x 654.260  ( 0.000,  0.000), ( 643.540,  654.260)  421042.469
lambda:   64354.00 x 65426.00  (  0.00,  0.00 ), ( 64354.00,  65426.00)  4210424832.00
internal: 128708 x 130852  (     0,  0    ), ( 128708,  130852)  16841699216
   Generating output for cell sky130_fd_sc_hd__decap_6
   Generating output for cell sky130_ef_sc_hd__decap_12
   Generating output for cell sky130_fd_sc_hd__decap_3
   Generating output for cell sky130_fd_sc_hd__clkbuf_4
   Generating output for cell sky130_fd_sc_hd__fill_1
   Generating output for cell sky130_fd_sc_hd__tapvpwrvgnd_1
   Generating output for cell sky130_fd_sc_hd__decap_4
   Generating output for cell sky130_fd_sc_hd__decap_8
   Generating output for cell sky130_fd_sc_hd__clkbuf_1
   Generating output for cell sky130_fd_sc_hd__fill_2
   Generating output for cell sky130_fd_sc_hd__buf_4
   Generating output for cell sky130_fd_sc_hd__diode_2
   Generating output for cell sky130_fd_sc_hd__buf_2
   Generating output for cell sky130_fd_sc_hd__clkbuf_8
   Generating output for cell sky130_fd_sc_hd__clkbuf_2
   Generating output for cell sky130_fd_sc_hd__dlymetal6s2s_1
   Generating output for cell sky130_fd_sc_hd__buf_6
   Generating output for cell sky130_fd_sc_hd__mux2_1
   Generating output for cell sky130_fd_sc_hd__dfxtp_1
   Generating output for cell sky130_fd_sc_hd__clkbuf_16
   Generating output for cell sky130_fd_sc_hd__buf_1
   Generating output for cell sky130_fd_sc_hd__dlygate4sd3_1
   Generating output for cell sky130_fd_sc_hd__o221a_1
   Generating output for cell sky130_fd_sc_hd__mux4_1
   Generating output for cell sky130_fd_sc_hd__o22a_1
   Generating output for cell sky130_fd_sc_hd__a21o_1
   Generating output for cell sky130_fd_sc_hd__and2_1
   Generating output for cell sky130_fd_sc_hd__or2_1
   Generating output for cell sky130_fd_sc_hd__nor2_1
   Generating output for cell sky130_fd_sc_hd__a31o_1
   Generating output for cell sky130_fd_sc_hd__o211a_1
   Generating output for cell sky130_fd_sc_hd__o32a_1
   Generating output for cell sky130_fd_sc_hd__o21ai_1
   Generating output for cell sky130_fd_sc_hd__a21o_4
   Generating output for cell sky130_fd_sc_hd__a21o_2
   Generating output for cell sky130_fd_sc_hd__mux2_2
   Generating output for cell sky130_fd_sc_hd__inv_2
   Generating output for cell sky130_fd_sc_hd__nand2_2
   Generating output for cell sky130_fd_sc_hd__or2b_1
   Generating output for cell sky130_fd_sc_hd__or2b_2
   Generating output for cell sky130_fd_sc_hd__nand2_1
   Generating output for cell sky130_fd_sc_hd__or3_4
   Generating output for cell sky130_fd_sc_hd__o21a_1
   Generating output for cell sky130_fd_sc_hd__and3_1
   Generating output for cell sky130_fd_sc_hd__and3_2
   Generating output for cell sky130_fd_sc_hd__or2_2
   Generating output for cell sky130_fd_sc_hd__mux4_2
   Generating output for cell sky130_fd_sc_hd__nor2_4
   Generating output for cell sky130_fd_sc_hd__nor2_8
   Generating output for cell sky130_fd_sc_hd__nand2_8
   Generating output for cell sky130_fd_sc_hd__nand2_4
   Generating output for cell sky130_fd_sc_hd__or3_2
   Generating output for cell sky130_fd_sc_hd__or3_1
   Generating output for cell sky130_fd_sc_hd__o21ba_1
   Generating output for cell sky130_fd_sc_hd__and2b_1
   Generating output for cell sky130_fd_sc_hd__o21ai_2
   Generating output for cell sky130_fd_sc_hd__nor2_2
   Generating output for cell sky130_fd_sc_hd__a211o_1
   Generating output for cell sky130_fd_sc_hd__nand3_1
   Generating output for cell sky130_fd_sc_hd__or3b_1
   Generating output for cell sky130_fd_sc_hd__o32a_2
   Generating output for cell sky130_fd_sc_hd__or2b_4
   Generating output for cell sky130_fd_sc_hd__o311ai_4
   Generating output for cell sky130_fd_sc_hd__a32oi_4
   Generating output for cell sky130_fd_sc_hd__a21oi_1
   Generating output for cell sky130_fd_sc_hd__nand3_2
   Generating output for cell sky130_fd_sc_hd__o211ai_2
   Generating output for cell sky130_fd_sc_hd__dfxtp_2
   Generating output for cell sky130_fd_sc_hd__xnor2_1
   Generating output for cell sky130_fd_sc_hd__xor2_1
   Generating output for cell sky130_fd_sc_hd__or4_1
   Generating output for cell sky130_fd_sc_hd__a21bo_1
   Generating output for cell sky130_fd_sc_hd__a311o_1
   Generating output for cell sky130_fd_sc_hd__or3b_4
   Generating output for cell sky130_fd_sc_hd__xor2_2
   Generating output for cell sky130_fd_sc_hd__or4b_1
   Generating output for cell sky130_fd_sc_hd__o41a_1
   Generating output for cell sky130_fd_sc_hd__a21oi_2
   Generating output for cell sky130_fd_sc_hd__xnor2_2
   Generating output for cell sky130_fd_sc_hd__a32o_1
   Generating output for cell sky130_fd_sc_hd__a22o_1
   Generating output for cell sky130_fd_sc_hd__a2111oi_1
   Generating output for cell sky130_fd_sc_hd__o31ai_2
   Generating output for cell sky130_fd_sc_hd__and3b_1
   Generating output for cell sky130_fd_sc_hd__o31a_1
   Generating output for cell sky130_fd_sc_hd__dfxtp_4
   Generating output for cell sky130_fd_sc_hd__a221o_1
   Generating output for cell sky130_fd_sc_hd__nor3_1
   Generating output for cell sky130_fd_sc_hd__and4bb_1
   Generating output for cell sky130_fd_sc_hd__and4_1
   Generating output for cell sky130_fd_sc_hd__o2bb2a_1
   Generating output for cell sky130_fd_sc_hd__o311a_1
   Generating output for cell sky130_fd_sc_hd__a21bo_2
   Generating output for cell sky130_fd_sc_hd__a2bb2o_1
   Generating output for cell sky130_fd_sc_hd__a211oi_1
   Generating output for cell sky130_fd_sc_hd__nand4b_1
   Generating output for cell sky130_fd_sc_hd__or4_2
   Generating output for cell sky130_fd_sc_hd__o22ai_2
   Generating output for cell sky130_fd_sc_hd__o22ai_4
   Generating output for cell sky130_fd_sc_hd__o22a_2
   Generating output for cell sky130_fd_sc_hd__and4b_1
   Generating output for cell sky130_fd_sc_hd__o22ai_1
   Generating output for cell sky130_fd_sc_hd__a2111o_1
   Generating output for cell sky130_fd_sc_hd__a22oi_2
   Generating output for cell sky130_fd_sc_hd__a31oi_4
   Generating output for cell sky130_fd_sc_hd__nor4_1
   Generating output for cell sky130_fd_sc_hd__mux2_4
   Generating output for cell sky130_fd_sc_hd__a22oi_1
   Generating output for cell sky130_fd_sc_hd__or4b_2
   Generating output for cell sky130_fd_sc_hd__a31o_2
   Generating output for cell sky130_fd_sc_hd__or3b_2
   Generating output for cell sky130_fd_sc_hd__nand3_4
   Generating output for cell sky130_fd_sc_hd__nor3_2
   Generating output for cell sky130_fd_sc_hd__clkdlybuf4s25_1
   Generating output for cell sky130_fd_sc_hd__nor2b_1
   Generating output for cell sky130_fd_sc_hd__nor2b_2
   Generating output for cell sky130_fd_sc_hd__nor3b_1
   Generating output for cell sky130_fd_sc_hd__a32o_2
   Generating output for cell sky130_fd_sc_hd__or4bb_2
   Generating output for cell sky130_fd_sc_hd__mux2_8
   Generating output for cell pipelined_processor
[INFO]: GDS Write Complete
