
77. Printing statistics.

=== pipelined_processor ===

   Number of wires:               9179
   Number of wire bits:           9264
   Number of public wires:        1799
   Number of public wire bits:    1884
   Number of memories:               0
   Number of memory bits:            0
   Number of processes:              0
   Number of cells:               9232
     sky130_fd_sc_hd__a2111o_2       1
     sky130_fd_sc_hd__a2111oi_2      1
     sky130_fd_sc_hd__a211o_2      102
     sky130_fd_sc_hd__a211oi_2      10
     sky130_fd_sc_hd__a21bo_2        3
     sky130_fd_sc_hd__a21boi_2       1
     sky130_fd_sc_hd__a21o_2       227
     sky130_fd_sc_hd__a21oi_2       56
     sky130_fd_sc_hd__a221o_2       35
     sky130_fd_sc_hd__a221oi_2       4
     sky130_fd_sc_hd__a22o_2       398
     sky130_fd_sc_hd__a22oi_2        3
     sky130_fd_sc_hd__a2bb2o_2      13
     sky130_fd_sc_hd__a311o_2        7
     sky130_fd_sc_hd__a31o_2        70
     sky130_fd_sc_hd__a31oi_2        1
     sky130_fd_sc_hd__a32o_2         3
     sky130_fd_sc_hd__a41o_2         1
     sky130_fd_sc_hd__and2_2       174
     sky130_fd_sc_hd__and2b_2       19
     sky130_fd_sc_hd__and3_2        53
     sky130_fd_sc_hd__and3b_2       16
     sky130_fd_sc_hd__and4_2        12
     sky130_fd_sc_hd__and4b_2        3
     sky130_fd_sc_hd__and4bb_2       1
     sky130_fd_sc_hd__buf_1       2174
     sky130_fd_sc_hd__dfxtp_2     1819
     sky130_fd_sc_hd__inv_2         90
     sky130_fd_sc_hd__mux2_2      1578
     sky130_fd_sc_hd__mux4_2       464
     sky130_fd_sc_hd__nand2_2      182
     sky130_fd_sc_hd__nand2b_2       1
     sky130_fd_sc_hd__nand3_2        8
     sky130_fd_sc_hd__nand4b_2       1
     sky130_fd_sc_hd__nor2_2       289
     sky130_fd_sc_hd__nor2b_2        1
     sky130_fd_sc_hd__nor3_2         4
     sky130_fd_sc_hd__nor3b_2        1
     sky130_fd_sc_hd__o2111a_2       2
     sky130_fd_sc_hd__o2111ai_2      4
     sky130_fd_sc_hd__o211a_2      395
     sky130_fd_sc_hd__o211ai_2       6
     sky130_fd_sc_hd__o21a_2        29
     sky130_fd_sc_hd__o21ai_2       98
     sky130_fd_sc_hd__o21ba_2        4
     sky130_fd_sc_hd__o21bai_2      18
     sky130_fd_sc_hd__o221a_2      128
     sky130_fd_sc_hd__o221ai_2       2
     sky130_fd_sc_hd__o22a_2       111
     sky130_fd_sc_hd__o22ai_2        6
     sky130_fd_sc_hd__o2bb2a_2      13
     sky130_fd_sc_hd__o2bb2ai_2      1
     sky130_fd_sc_hd__o311a_2        5
     sky130_fd_sc_hd__o311ai_2       4
     sky130_fd_sc_hd__o31a_2        17
     sky130_fd_sc_hd__o31ai_2        6
     sky130_fd_sc_hd__o32a_2        34
     sky130_fd_sc_hd__o32ai_2        1
     sky130_fd_sc_hd__o41a_2         1
     sky130_fd_sc_hd__or2_2        360
     sky130_fd_sc_hd__or2b_2        23
     sky130_fd_sc_hd__or3_2         31
     sky130_fd_sc_hd__or3b_2        15
     sky130_fd_sc_hd__or4_2         13
     sky130_fd_sc_hd__or4b_2         5
     sky130_fd_sc_hd__or4bb_2        1
     sky130_fd_sc_hd__xnor2_2       54
     sky130_fd_sc_hd__xor2_2        19

   Chip area for module '\pipelined_processor': 103030.064000

