
33. Executing CHECK pass (checking for obvious problems).
Checking module $paramod$301fb870b2cfc3f89548532f53ffd32e0441395a\mux_41...
Checking module $paramod$478555db74d47255e0a5d15b1b9dc8a214d2638a\mux_41...
Checking module $paramod$478555db74d47255e0a5d15b1b9dc8a214d2638a\mux_21...
Checking module $paramod$301fb870b2cfc3f89548532f53ffd32e0441395a\mux_21...
Checking module alu...
Checking module branch_jump_controller...
Checking module EX2MEM_Pipline_Reg...
Checking module forwarding_control_unit...
Checking module pipelined_processor...
Checking module MEM2WB_Pipline_Reg...
Checking module IF2ID_Pipline_Reg...
Checking module alu_ctrl...
Checking module register_bank...
Checking module register_n...
Checking module load_store_multi_block...
Checking module branch_history_table...
Checking module data_memory...
Checking module instr_mem...
Checking module ID2RR_Pipline_Reg...
Checking module RR2EX_Pipline_Reg...
Checking module control_decoder...
Checking module $paramod$a7e851d390747afa34632ac2555d14b132b466de\mux_21...
Checking module $paramod\register_n\N=s32'00000000000000000000000000000001...
Found and reported 0 problems.
