OpenROAD 41a51eaf4ca2171c92ff38afb91eb37bbd3f36da 
This program is licensed under the BSD-3 license. See the LICENSE file for details.
Components of this program may be licensed under more restrictive licenses which must be honored.
[INFO]: Reading ODB at '/openlane/designs/my_processor/runs/RUN_2026.03.13_15.26.25/tmp/17-pipelined_processor.odb'…
define_corners Typical
read_liberty -corner Typical /home/kushagra/.ciel/sky130A/libs.ref/sky130_fd_sc_hd/lib/sky130_fd_sc_hd__tt_025C_1v80.lib
Using 1e-12 for capacitance...
Using 1e+03 for resistance...
Using 1e-09 for time...
Using 1e+00 for voltage...
Using 1e-03 for current...
Using 1e-09 for power...
Using 1e-06 for distance...
Reading design constraints file at '/openlane/designs/my_processor/runs/RUN_2026.03.13_15.26.25/tmp/17-pipelined_processor.sdc'…
[INFO]: Setting signal min routing layer to: met1 and clock min routing layer to met3. 
[INFO]: Setting signal max routing layer to: met5 and clock max routing layer to met5. 
-congestion_iterations 50 -verbose -congestion_report_file /openlane/designs/my_processor/runs/RUN_2026.03.13_15.26.25/tmp/routing/groute-congestion.rpt
[INFO GRT-0020] Min routing layer: met1
[INFO GRT-0021] Max routing layer: met5
[INFO GRT-0022] Global adjustment: 30%
[INFO GRT-0023] Grid origin: (0, 0)
[INFO GRT-0043] No OR_DEFAULT vias defined.
[INFO GRT-0088] Layer li1     Track-Pitch = 0.4600  line-2-Via Pitch: 0.3400
[INFO GRT-0088] Layer met1    Track-Pitch = 0.3400  line-2-Via Pitch: 0.3400
[INFO GRT-0088] Layer met2    Track-Pitch = 0.4600  line-2-Via Pitch: 0.3500
[INFO GRT-0088] Layer met3    Track-Pitch = 0.6800  line-2-Via Pitch: 0.6150
[INFO GRT-0088] Layer met4    Track-Pitch = 0.9200  line-2-Via Pitch: 1.0400
[INFO GRT-0088] Layer met5    Track-Pitch = 3.4000  line-2-Via Pitch: 3.1100
[INFO GRT-0019] Found 221 clock nets.
[INFO GRT-0001] Minimum degree: 2
[INFO GRT-0002] Maximum degree: 20
[INFO GRT-0003] Macros: 0
[INFO GRT-0004] Blockages: 35683

[INFO GRT-0053] Routing resources analysis:
          Routing      Original      Derated      Resource
Layer     Direction    Resources     Resources    Reduction (%)
---------------------------------------------------------------
li1        Vertical            0             0          0.00%
met1       Horizontal     102240         49565          51.52%
met2       Vertical        76680         50631          33.97%
met3       Horizontal      51120         35634          30.29%
met4       Vertical        30672         19411          36.71%
met5       Horizontal      10224          4970          51.39%
---------------------------------------------------------------

[INFO GRT-0101] Running extra iterations to remove overflow.
[INFO GRT-0197] Via related to pin nodes: 47712
[INFO GRT-0198] Via related Steiner nodes: 2037
[INFO GRT-0199] Via filling finished.
[INFO GRT-0111] Final number of vias: 55406
[INFO GRT-0112] Final usage 3D: 230285

[INFO GRT-0096] Final congestion report:
Layer         Resource        Demand        Usage (%)    Max H / Max V / Total Overflow
---------------------------------------------------------------------------------------
li1                  0             0            0.00%             0 /  0 /  0
met1             49565         25872           52.20%             0 /  0 /  0
met2             50631         26348           52.04%             0 /  0 /  0
met3             35634          7160           20.09%             0 /  0 /  0
met4             19411          4564           23.51%             0 /  0 /  0
met5              4970           123            2.47%             0 /  0 /  0
---------------------------------------------------------------------------------------
Total           160211         64067           39.99%             0 /  0 /  0

[INFO GRT-0018] Total wirelength: 632592 um
[INFO GRT-0014] Routed nets: 11200
[INFO GRT-0006] Repairing antennas, iteration 1.
[INFO GRT-0043] No OR_DEFAULT vias defined.
[INFO GRT-0012] Found 47 antenna violations.
[INFO GRT-0015] Inserted 93 diodes.
[INFO GRT-0009] rerouting 8639 nets.
[INFO GRT-0001] Minimum degree: 2
[INFO GRT-0002] Maximum degree: 20
[INFO GRT-0006] Repairing antennas, iteration 2.
[INFO GRT-0043] No OR_DEFAULT vias defined.
[INFO GRT-0012] Found 16 antenna violations.
[INFO GRT-0015] Inserted 27 diodes.
[INFO GRT-0009] rerouting 155 nets.
[INFO GRT-0001] Minimum degree: 2
[INFO GRT-0002] Maximum degree: 16
[INFO GRT-0006] Repairing antennas, iteration 3.
[INFO GRT-0043] No OR_DEFAULT vias defined.
[INFO GRT-0012] Found 2 antenna violations.
[INFO GRT-0015] Inserted 2 diodes.
[INFO GRT-0009] rerouting 6 nets.
[INFO GRT-0001] Minimum degree: 5
[INFO GRT-0002] Maximum degree: 11
[INFO GRT-0006] Repairing antennas, iteration 4.
[INFO GRT-0043] No OR_DEFAULT vias defined.
[INFO GRT-0012] Found 0 antenna violations.
Setting global connections for newly added cells…
Writing OpenROAD database to '/openlane/designs/my_processor/runs/RUN_2026.03.13_15.26.25/tmp/routing/19-global.odb'…
Writing layout to '/openlane/designs/my_processor/runs/RUN_2026.03.13_15.26.25/tmp/routing/19-global.def'…
Writing routing guides to '/openlane/designs/my_processor/runs/RUN_2026.03.13_15.26.25/tmp/routing/19-global.guide'…
