
===========================================================================
report_checks -unconstrained
===========================================================================
======================= Fastest Corner ===================================

Startpoint: debug_mem_addr[0] (input port clocked by clk)
Endpoint: debug_mem_data[2] (output port clocked by clk)
Path Group: clk
Path Type: max
Corner: Fastest

Fanout     Cap    Slew   Delay    Time   Description
-----------------------------------------------------------------------------
                          0.00    0.00   clock clk (rise edge)
                          0.00    0.00   clock network delay (propagated)
                          1.00    1.00 ^ input external delay
                  0.01    0.01    1.01 ^ debug_mem_addr[0] (in)
     1    0.00                           debug_mem_addr[0] (net)
                  0.01    0.00    1.01 ^ input1/A (sky130_fd_sc_hd__buf_2)
                  0.22    0.20    1.21 ^ input1/X (sky130_fd_sc_hd__buf_2)
     2    0.06                           net1 (net)
                  0.22    0.01    1.22 ^ _07414_/A (sky130_fd_sc_hd__buf_2)
                  0.15    0.19    1.41 ^ _07414_/X (sky130_fd_sc_hd__buf_2)
     6    0.04                           _02116_ (net)
                  0.15    0.00    1.41 ^ _07434_/A (sky130_fd_sc_hd__clkbuf_2)
                  0.09    0.14    1.55 ^ _07434_/X (sky130_fd_sc_hd__clkbuf_2)
     6    0.02                           _02136_ (net)
                  0.09    0.00    1.55 ^ _07479_/A (sky130_fd_sc_hd__buf_2)
                  0.20    0.21    1.76 ^ _07479_/X (sky130_fd_sc_hd__buf_2)
     6    0.05                           _02181_ (net)
                  0.20    0.00    1.77 ^ _07645_/A (sky130_fd_sc_hd__buf_4)
                  0.21    0.24    2.00 ^ _07645_/X (sky130_fd_sc_hd__buf_4)
     6    0.10                           _02345_ (net)
                  0.21    0.00    2.01 ^ _07646_/S0 (sky130_fd_sc_hd__mux4_1)
                  0.09    0.34    2.35 v _07646_/X (sky130_fd_sc_hd__mux4_1)
     1    0.01                           _02346_ (net)
                  0.09    0.00    2.35 v _07652_/A2 (sky130_fd_sc_hd__o211a_1)
                  0.05    0.18    2.53 v _07652_/X (sky130_fd_sc_hd__o211a_1)
     1    0.01                           _02352_ (net)
                  0.05    0.00    2.53 v _07653_/B1 (sky130_fd_sc_hd__a31o_1)
                  0.04    0.09    2.62 v _07653_/X (sky130_fd_sc_hd__a31o_1)
     1    0.01                           _02353_ (net)
                  0.04    0.00    2.62 v _07654_/A1 (sky130_fd_sc_hd__mux2_1)
                  0.11    0.24    2.86 v _07654_/X (sky130_fd_sc_hd__mux2_1)
     1    0.02                           _02354_ (net)
                  0.11    0.00    2.86 v _07687_/A2 (sky130_fd_sc_hd__a21o_2)
                  0.10    0.25    3.11 v _07687_/X (sky130_fd_sc_hd__a21o_2)
     1    0.05                           net41 (net)
                  0.10    0.00    3.11 v output41/A (sky130_fd_sc_hd__clkbuf_4)
                  0.06    0.16    3.27 v output41/X (sky130_fd_sc_hd__clkbuf_4)
     1    0.03                           debug_mem_data[2] (net)
                  0.06    0.00    3.27 v debug_mem_data[2] (out)
                                  3.27   data arrival time

                          5.00    5.00   clock clk (rise edge)
                          0.00    5.00   clock network delay (propagated)
                         -0.25    4.75   clock uncertainty
                          0.00    4.75   clock reconvergence pessimism
                         -1.00    3.75   output external delay
                                  3.75   data required time
-----------------------------------------------------------------------------
                                  3.75   data required time
                                 -3.27   data arrival time
-----------------------------------------------------------------------------
                                  0.48   slack (MET)



======================= Slowest Corner ===================================

Startpoint: _15714_ (rising edge-triggered flip-flop clocked by clk)
Endpoint: _14812_ (rising edge-triggered flip-flop clocked by clk)
Path Group: clk
Path Type: max
Corner: Slowest

Fanout     Cap    Slew   Delay    Time   Description
-----------------------------------------------------------------------------
                          0.00    0.00   clock clk (rise edge)
                          0.00    0.00   clock source latency
                  0.55    0.41    0.41 ^ clk (in)
     2    0.08                           clk (net)
                  0.55    0.00    0.41 ^ clkbuf_0_clk/A (sky130_fd_sc_hd__clkbuf_16)
                  0.43    0.73    1.14 ^ clkbuf_0_clk/X (sky130_fd_sc_hd__clkbuf_16)
    16    0.27                           clknet_0_clk (net)
                  0.43    0.02    1.16 ^ clkbuf_4_14_0_clk/A (sky130_fd_sc_hd__clkbuf_8)
                  0.33    0.61    1.77 ^ clkbuf_4_14_0_clk/X (sky130_fd_sc_hd__clkbuf_8)
     9    0.12                           clknet_4_14_0_clk (net)
                  0.33    0.01    1.77 ^ clkbuf_leaf_86_clk/A (sky130_fd_sc_hd__clkbuf_16)
                  0.10    0.39    2.16 ^ clkbuf_leaf_86_clk/X (sky130_fd_sc_hd__clkbuf_16)
    15    0.04                           clknet_leaf_86_clk (net)
                  0.10    0.00    2.16 ^ _15714_/CLK (sky130_fd_sc_hd__dfxtp_4)
                  0.22    0.88    3.03 ^ _15714_/Q (sky130_fd_sc_hd__dfxtp_4)
     6    0.05                           ex_mm_reg.ALU_Result_Out[0] (net)
                  0.22    0.01    3.04 ^ _09157_/A (sky130_fd_sc_hd__clkbuf_2)
                  0.25    0.41    3.45 ^ _09157_/X (sky130_fd_sc_hd__clkbuf_2)
     6    0.03                           _03667_ (net)
                  0.25    0.00    3.45 ^ _09172_/A (sky130_fd_sc_hd__buf_4)
                  0.49    0.62    4.07 ^ _09172_/X (sky130_fd_sc_hd__buf_4)
     8    0.11                           _03682_ (net)
                  0.49    0.00    4.07 ^ _09626_/A (sky130_fd_sc_hd__buf_4)
                  0.50    0.73    4.81 ^ _09626_/X (sky130_fd_sc_hd__buf_4)
     6    0.12                           _04136_ (net)
                  0.50    0.00    4.81 ^ _10088_/S0 (sky130_fd_sc_hd__mux4_1)
                  0.25    1.57    6.39 v _10088_/X (sky130_fd_sc_hd__mux4_1)
     1    0.01                           _04598_ (net)
                  0.25    0.00    6.39 v _10091_/A2 (sky130_fd_sc_hd__o21ai_1)
                  0.36    0.44    6.83 ^ _10091_/Y (sky130_fd_sc_hd__o21ai_1)
     1    0.01                           _04601_ (net)
                  0.36    0.00    6.83 ^ _10097_/B1 (sky130_fd_sc_hd__a32oi_4)
                  0.39    0.33    7.15 v _10097_/Y (sky130_fd_sc_hd__a32oi_4)
     2    0.04                           _04607_ (net)
                  0.39    0.00    7.15 v _10098_/A2 (sky130_fd_sc_hd__a21bo_4)
                  0.12    0.62    7.77 v _10098_/X (sky130_fd_sc_hd__a21bo_4)
     4    0.03                           _04608_ (net)
                  0.12    0.00    7.77 v _10198_/A3 (sky130_fd_sc_hd__a31o_1)
                  0.20    0.57    8.34 v _10198_/X (sky130_fd_sc_hd__a31o_1)
     2    0.02                           _04707_ (net)
                  0.20    0.00    8.34 v _10199_/B (sky130_fd_sc_hd__xnor2_1)
                  0.15    0.32    8.66 v _10199_/Y (sky130_fd_sc_hd__xnor2_1)
     2    0.01                           _04708_ (net)
                  0.15    0.00    8.66 v _10201_/B (sky130_fd_sc_hd__or2_4)
                  0.11    0.54    9.20 v _10201_/X (sky130_fd_sc_hd__or2_4)
     4    0.02                           _04710_ (net)
                  0.11    0.00    9.20 v _10253_/A2 (sky130_fd_sc_hd__a31o_4)
                  0.09    0.49    9.69 v _10253_/X (sky130_fd_sc_hd__a31o_4)
     3    0.02                           _04760_ (net)
                  0.09    0.00    9.69 v _10380_/A1 (sky130_fd_sc_hd__a2111oi_2)
                  0.41    0.52   10.21 ^ _10380_/Y (sky130_fd_sc_hd__a2111oi_2)
     1    0.00                           _04882_ (net)
                  0.41    0.00   10.21 ^ wire84/A (sky130_fd_sc_hd__clkbuf_1)
                  0.15    0.34   10.55 ^ wire84/X (sky130_fd_sc_hd__clkbuf_1)
     2    0.01                           net84 (net)
                  0.15    0.00   10.55 ^ max_cap83/A (sky130_fd_sc_hd__clkbuf_1)
                  0.09    0.20   10.75 ^ max_cap83/X (sky130_fd_sc_hd__clkbuf_1)
     1    0.00                           net83 (net)
                  0.09    0.00   10.75 ^ _10385_/A4 (sky130_fd_sc_hd__o41a_1)
                  0.23    0.36   11.11 ^ _10385_/X (sky130_fd_sc_hd__o41a_1)
     3    0.01                           _04887_ (net)
                  0.23    0.00   11.11 ^ _10484_/A1 (sky130_fd_sc_hd__a21o_1)
                  0.14    0.34   11.45 ^ _10484_/X (sky130_fd_sc_hd__a21o_1)
     2    0.01                           _04982_ (net)
                  0.14    0.00   11.45 ^ _10493_/A1 (sky130_fd_sc_hd__a21o_1)
                  0.14    0.30   11.75 ^ _10493_/X (sky130_fd_sc_hd__a21o_1)
     3    0.01                           _04990_ (net)
                  0.14    0.00   11.75 ^ _10514_/B (sky130_fd_sc_hd__nand2_1)
                  0.15    0.20   11.96 v _10514_/Y (sky130_fd_sc_hd__nand2_1)
     2    0.01                           _05010_ (net)
                  0.15    0.00   11.96 v _10517_/A2 (sky130_fd_sc_hd__a21oi_2)
                  0.19    0.31   12.27 ^ _10517_/Y (sky130_fd_sc_hd__a21oi_2)
     2    0.01                           _05013_ (net)
                  0.19    0.00   12.27 ^ _10524_/A3 (sky130_fd_sc_hd__o31ai_1)
                  0.22    0.27   12.53 v _10524_/Y (sky130_fd_sc_hd__o31ai_1)
     1    0.01                           _05020_ (net)
                  0.22    0.00   12.53 v _10531_/A2 (sky130_fd_sc_hd__a22o_1)
                  0.07    0.50   13.03 v _10531_/X (sky130_fd_sc_hd__a22o_1)
     1    0.00                           _05027_ (net)
                  0.07    0.00   13.03 v _10532_/A1 (sky130_fd_sc_hd__mux2_1)
                  0.11    0.69   13.72 v _10532_/X (sky130_fd_sc_hd__mux2_1)
     1    0.00                           _05028_ (net)
                  0.11    0.00   13.72 v _10533_/B2 (sky130_fd_sc_hd__o221a_1)
                  0.09    0.43   14.15 v _10533_/X (sky130_fd_sc_hd__o221a_1)
     1    0.00                           _00194_ (net)
                  0.09    0.00   14.15 v _14812_/D (sky130_fd_sc_hd__dfxtp_4)
                                 14.15   data arrival time

                          5.00    5.00   clock clk (rise edge)
                          0.00    5.00   clock source latency
                  0.55    0.37    5.37 ^ clk (in)
     2    0.08                           clk (net)
                  0.55    0.00    5.37 ^ clkbuf_0_clk/A (sky130_fd_sc_hd__clkbuf_16)
                  0.43    0.66    6.03 ^ clkbuf_0_clk/X (sky130_fd_sc_hd__clkbuf_16)
    16    0.27                           clknet_0_clk (net)
                  0.43    0.02    6.05 ^ clkbuf_4_6_0_clk/A (sky130_fd_sc_hd__clkbuf_8)
                  0.32    0.55    6.60 ^ clkbuf_4_6_0_clk/X (sky130_fd_sc_hd__clkbuf_8)
     9    0.12                           clknet_4_6_0_clk (net)
                  0.32    0.00    6.60 ^ clkbuf_leaf_49_clk/A (sky130_fd_sc_hd__clkbuf_16)
                  0.09    0.33    6.93 ^ clkbuf_leaf_49_clk/X (sky130_fd_sc_hd__clkbuf_16)
    11    0.03                           clknet_leaf_49_clk (net)
                  0.09    0.00    6.93 ^ _14812_/CLK (sky130_fd_sc_hd__dfxtp_4)
                         -0.25    6.68   clock uncertainty
                          0.11    6.79   clock reconvergence pessimism
                         -0.28    6.51   library setup time
                                  6.51   data required time
-----------------------------------------------------------------------------
                                  6.51   data required time
                                -14.15   data arrival time
-----------------------------------------------------------------------------
                                 -7.63   slack (VIOLATED)



======================= Typical Corner ===================================

Startpoint: _15716_ (rising edge-triggered flip-flop clocked by clk)
Endpoint: _15681_ (rising edge-triggered flip-flop clocked by clk)
Path Group: clk
Path Type: max
Corner: Typical

Fanout     Cap    Slew   Delay    Time   Description
-----------------------------------------------------------------------------
                          0.00    0.00   clock clk (rise edge)
                          0.00    0.00   clock source latency
                  0.35    0.26    0.26 ^ clk (in)
     2    0.08                           clk (net)
                  0.35    0.00    0.26 ^ clkbuf_0_clk/A (sky130_fd_sc_hd__clkbuf_16)
                  0.28    0.40    0.66 ^ clkbuf_0_clk/X (sky130_fd_sc_hd__clkbuf_16)
    16    0.27                           clknet_0_clk (net)
                  0.29    0.02    0.68 ^ clkbuf_4_3_0_clk/A (sky130_fd_sc_hd__clkbuf_8)
                  0.21    0.34    1.02 ^ clkbuf_4_3_0_clk/X (sky130_fd_sc_hd__clkbuf_8)
     8    0.12                           clknet_4_3_0_clk (net)
                  0.21    0.01    1.03 ^ clkbuf_leaf_132_clk/A (sky130_fd_sc_hd__clkbuf_16)
                  0.07    0.21    1.24 ^ clkbuf_leaf_132_clk/X (sky130_fd_sc_hd__clkbuf_16)
    13    0.04                           clknet_leaf_132_clk (net)
                  0.07    0.00    1.24 ^ _15716_/CLK (sky130_fd_sc_hd__dfxtp_1)
                  0.14    0.40    1.64 ^ _15716_/Q (sky130_fd_sc_hd__dfxtp_1)
     5    0.01                           ex_mm_reg.ALU_Result_Out[2] (net)
                  0.14    0.00    1.64 ^ _09139_/A (sky130_fd_sc_hd__buf_4)
                  0.11    0.20    1.84 ^ _09139_/X (sky130_fd_sc_hd__buf_4)
     6    0.04                           _03649_ (net)
                  0.11    0.00    1.84 ^ _09473_/A (sky130_fd_sc_hd__clkbuf_4)
                  0.19    0.28    2.12 ^ _09473_/X (sky130_fd_sc_hd__clkbuf_4)
     6    0.06                           _03983_ (net)
                  0.19    0.01    2.13 ^ _09500_/A (sky130_fd_sc_hd__buf_4)
                  0.31    0.37    2.50 ^ _09500_/X (sky130_fd_sc_hd__buf_4)
     6    0.11                           _04010_ (net)
                  0.31    0.00    2.50 ^ _09501_/S1 (sky130_fd_sc_hd__mux4_2)
                  0.08    0.37    2.87 v _09501_/X (sky130_fd_sc_hd__mux4_2)
     1    0.00                           _04011_ (net)
                  0.08    0.00    2.87 v _09504_/A0 (sky130_fd_sc_hd__mux2_4)
                  0.07    0.33    3.20 v _09504_/X (sky130_fd_sc_hd__mux2_4)
     1    0.02                           _04014_ (net)
                  0.07    0.00    3.20 v _09508_/A2 (sky130_fd_sc_hd__o22a_1)
                  0.04    0.21    3.41 v _09508_/X (sky130_fd_sc_hd__o22a_1)
     1    0.00                           _04018_ (net)
                  0.04    0.00    3.41 v _09519_/B (sky130_fd_sc_hd__and2_4)
                  0.06    0.20    3.61 v _09519_/X (sky130_fd_sc_hd__and2_4)
     1    0.03                           _04029_ (net)
                  0.06    0.00    3.61 v _09520_/C (sky130_fd_sc_hd__and3_1)
                  0.10    0.25    3.86 v _09520_/X (sky130_fd_sc_hd__and3_1)
     2    0.02                           _04030_ (net)
                  0.10    0.00    3.87 v _09521_/A1 (sky130_fd_sc_hd__mux2_4)
                  0.06    0.30    4.17 v _09521_/X (sky130_fd_sc_hd__mux2_4)
     3    0.01                           _04031_ (net)
                  0.06    0.00    4.17 v _09525_/A0 (sky130_fd_sc_hd__mux2_4)
                  0.07    0.32    4.49 v _09525_/X (sky130_fd_sc_hd__mux2_4)
     3    0.02                           _04035_ (net)
                  0.07    0.00    4.49 v _13070_/A1 (sky130_fd_sc_hd__o22a_4)
                  0.06    0.29    4.78 v _13070_/X (sky130_fd_sc_hd__o22a_4)
     4    0.02                           _06698_ (net)
                  0.06    0.00    4.78 v _13071_/B (sky130_fd_sc_hd__xor2_1)
                  0.17    0.18    4.96 ^ _13071_/X (sky130_fd_sc_hd__xor2_1)
     2    0.01                           _06699_ (net)
                  0.17    0.00    4.96 ^ _13074_/B (sky130_fd_sc_hd__nand2_1)
                  0.07    0.10    5.06 v _13074_/Y (sky130_fd_sc_hd__nand2_1)
     2    0.01                           _06702_ (net)
                  0.07    0.00    5.06 v _13105_/B1 (sky130_fd_sc_hd__o221a_1)
                  0.08    0.29    5.35 v _13105_/X (sky130_fd_sc_hd__o221a_1)
     2    0.01                           _06733_ (net)
                  0.08    0.00    5.35 v _13114_/A2 (sky130_fd_sc_hd__a21o_1)
                  0.07    0.23    5.58 v _13114_/X (sky130_fd_sc_hd__a21o_1)
     3    0.01                           _06742_ (net)
                  0.07    0.00    5.58 v _13131_/A1 (sky130_fd_sc_hd__a211o_4)
                  0.07    0.37    5.95 v _13131_/X (sky130_fd_sc_hd__a211o_4)
     3    0.02                           _06759_ (net)
                  0.07    0.00    5.95 v _13140_/A1 (sky130_fd_sc_hd__a2111oi_4)
                  0.29    0.35    6.30 ^ _13140_/Y (sky130_fd_sc_hd__a2111oi_4)
     2    0.01                           _06768_ (net)
                  0.29    0.00    6.30 ^ _13145_/A2 (sky130_fd_sc_hd__o31ai_2)
                  0.10    0.14    6.44 v _13145_/Y (sky130_fd_sc_hd__o31ai_2)
     4    0.01                           _06773_ (net)
                  0.10    0.00    6.44 v _13198_/B (sky130_fd_sc_hd__and3_1)
                  0.05    0.21    6.64 v _13198_/X (sky130_fd_sc_hd__and3_1)
     2    0.01                           _06825_ (net)
                  0.05    0.00    6.64 v _13199_/A (sky130_fd_sc_hd__or2_4)
                  0.05    0.26    6.91 v _13199_/X (sky130_fd_sc_hd__or2_4)
     1    0.01                           _06826_ (net)
                  0.05    0.00    6.91 v _13200_/D_N (sky130_fd_sc_hd__nor4bb_2)
                  0.04    0.17    7.08 v _13200_/Y (sky130_fd_sc_hd__nor4bb_2)
     1    0.00                           _06827_ (net)
                  0.04    0.00    7.08 v _13221_/A1 (sky130_fd_sc_hd__o311a_1)
                  0.05    0.35    7.43 v _13221_/X (sky130_fd_sc_hd__o311a_1)
     1    0.00                           _01063_ (net)
                  0.05    0.00    7.43 v _15681_/D (sky130_fd_sc_hd__dfxtp_2)
                                  7.43   data arrival time

                          5.00    5.00   clock clk (rise edge)
                          0.00    5.00   clock source latency
                  0.35    0.23    5.23 ^ clk (in)
     2    0.08                           clk (net)
                  0.35    0.00    5.23 ^ clkbuf_0_clk/A (sky130_fd_sc_hd__clkbuf_16)
                  0.28    0.36    5.60 ^ clkbuf_0_clk/X (sky130_fd_sc_hd__clkbuf_16)
    16    0.27                           clknet_0_clk (net)
                  0.29    0.02    5.61 ^ clkbuf_4_6_0_clk/A (sky130_fd_sc_hd__clkbuf_8)
                  0.21    0.31    5.93 ^ clkbuf_4_6_0_clk/X (sky130_fd_sc_hd__clkbuf_8)
     9    0.12                           clknet_4_6_0_clk (net)
                  0.21    0.00    5.93 ^ clkbuf_leaf_51_clk/A (sky130_fd_sc_hd__clkbuf_16)
                  0.05    0.17    6.10 ^ clkbuf_leaf_51_clk/X (sky130_fd_sc_hd__clkbuf_16)
     6    0.02                           clknet_leaf_51_clk (net)
                  0.05    0.00    6.10 ^ _15681_/CLK (sky130_fd_sc_hd__dfxtp_2)
                         -0.25    5.85   clock uncertainty
                          0.06    5.92   clock reconvergence pessimism
                         -0.11    5.80   library setup time
                                  5.80   data required time
-----------------------------------------------------------------------------
                                  5.80   data required time
                                 -7.43   data arrival time
-----------------------------------------------------------------------------
                                 -1.63   slack (VIOLATED)




===========================================================================
report_checks --slack_max -0.01
============================================================================
======================= Fastest Corner ===================================

No paths found.

======================= Slowest Corner ===================================

Startpoint: _15714_ (rising edge-triggered flip-flop clocked by clk)
Endpoint: _14812_ (rising edge-triggered flip-flop clocked by clk)
Path Group: clk
Path Type: max
Corner: Slowest

Fanout     Cap    Slew   Delay    Time   Description
-----------------------------------------------------------------------------
                          0.00    0.00   clock clk (rise edge)
                          0.00    0.00   clock source latency
                  0.55    0.41    0.41 ^ clk (in)
     2    0.08                           clk (net)
                  0.55    0.00    0.41 ^ clkbuf_0_clk/A (sky130_fd_sc_hd__clkbuf_16)
                  0.43    0.73    1.14 ^ clkbuf_0_clk/X (sky130_fd_sc_hd__clkbuf_16)
    16    0.27                           clknet_0_clk (net)
                  0.43    0.02    1.16 ^ clkbuf_4_14_0_clk/A (sky130_fd_sc_hd__clkbuf_8)
                  0.33    0.61    1.77 ^ clkbuf_4_14_0_clk/X (sky130_fd_sc_hd__clkbuf_8)
     9    0.12                           clknet_4_14_0_clk (net)
                  0.33    0.01    1.77 ^ clkbuf_leaf_86_clk/A (sky130_fd_sc_hd__clkbuf_16)
                  0.10    0.39    2.16 ^ clkbuf_leaf_86_clk/X (sky130_fd_sc_hd__clkbuf_16)
    15    0.04                           clknet_leaf_86_clk (net)
                  0.10    0.00    2.16 ^ _15714_/CLK (sky130_fd_sc_hd__dfxtp_4)
                  0.22    0.88    3.03 ^ _15714_/Q (sky130_fd_sc_hd__dfxtp_4)
     6    0.05                           ex_mm_reg.ALU_Result_Out[0] (net)
                  0.22    0.01    3.04 ^ _09157_/A (sky130_fd_sc_hd__clkbuf_2)
                  0.25    0.41    3.45 ^ _09157_/X (sky130_fd_sc_hd__clkbuf_2)
     6    0.03                           _03667_ (net)
                  0.25    0.00    3.45 ^ _09172_/A (sky130_fd_sc_hd__buf_4)
                  0.49    0.62    4.07 ^ _09172_/X (sky130_fd_sc_hd__buf_4)
     8    0.11                           _03682_ (net)
                  0.49    0.00    4.07 ^ _09626_/A (sky130_fd_sc_hd__buf_4)
                  0.50    0.73    4.81 ^ _09626_/X (sky130_fd_sc_hd__buf_4)
     6    0.12                           _04136_ (net)
                  0.50    0.00    4.81 ^ _10088_/S0 (sky130_fd_sc_hd__mux4_1)
                  0.25    1.57    6.39 v _10088_/X (sky130_fd_sc_hd__mux4_1)
     1    0.01                           _04598_ (net)
                  0.25    0.00    6.39 v _10091_/A2 (sky130_fd_sc_hd__o21ai_1)
                  0.36    0.44    6.83 ^ _10091_/Y (sky130_fd_sc_hd__o21ai_1)
     1    0.01                           _04601_ (net)
                  0.36    0.00    6.83 ^ _10097_/B1 (sky130_fd_sc_hd__a32oi_4)
                  0.39    0.33    7.15 v _10097_/Y (sky130_fd_sc_hd__a32oi_4)
     2    0.04                           _04607_ (net)
                  0.39    0.00    7.15 v _10098_/A2 (sky130_fd_sc_hd__a21bo_4)
                  0.12    0.62    7.77 v _10098_/X (sky130_fd_sc_hd__a21bo_4)
     4    0.03                           _04608_ (net)
                  0.12    0.00    7.77 v _10198_/A3 (sky130_fd_sc_hd__a31o_1)
                  0.20    0.57    8.34 v _10198_/X (sky130_fd_sc_hd__a31o_1)
     2    0.02                           _04707_ (net)
                  0.20    0.00    8.34 v _10199_/B (sky130_fd_sc_hd__xnor2_1)
                  0.15    0.32    8.66 v _10199_/Y (sky130_fd_sc_hd__xnor2_1)
     2    0.01                           _04708_ (net)
                  0.15    0.00    8.66 v _10201_/B (sky130_fd_sc_hd__or2_4)
                  0.11    0.54    9.20 v _10201_/X (sky130_fd_sc_hd__or2_4)
     4    0.02                           _04710_ (net)
                  0.11    0.00    9.20 v _10253_/A2 (sky130_fd_sc_hd__a31o_4)
                  0.09    0.49    9.69 v _10253_/X (sky130_fd_sc_hd__a31o_4)
     3    0.02                           _04760_ (net)
                  0.09    0.00    9.69 v _10380_/A1 (sky130_fd_sc_hd__a2111oi_2)
                  0.41    0.52   10.21 ^ _10380_/Y (sky130_fd_sc_hd__a2111oi_2)
     1    0.00                           _04882_ (net)
                  0.41    0.00   10.21 ^ wire84/A (sky130_fd_sc_hd__clkbuf_1)
                  0.15    0.34   10.55 ^ wire84/X (sky130_fd_sc_hd__clkbuf_1)
     2    0.01                           net84 (net)
                  0.15    0.00   10.55 ^ max_cap83/A (sky130_fd_sc_hd__clkbuf_1)
                  0.09    0.20   10.75 ^ max_cap83/X (sky130_fd_sc_hd__clkbuf_1)
     1    0.00                           net83 (net)
                  0.09    0.00   10.75 ^ _10385_/A4 (sky130_fd_sc_hd__o41a_1)
                  0.23    0.36   11.11 ^ _10385_/X (sky130_fd_sc_hd__o41a_1)
     3    0.01                           _04887_ (net)
                  0.23    0.00   11.11 ^ _10484_/A1 (sky130_fd_sc_hd__a21o_1)
                  0.14    0.34   11.45 ^ _10484_/X (sky130_fd_sc_hd__a21o_1)
     2    0.01                           _04982_ (net)
                  0.14    0.00   11.45 ^ _10493_/A1 (sky130_fd_sc_hd__a21o_1)
                  0.14    0.30   11.75 ^ _10493_/X (sky130_fd_sc_hd__a21o_1)
     3    0.01                           _04990_ (net)
                  0.14    0.00   11.75 ^ _10514_/B (sky130_fd_sc_hd__nand2_1)
                  0.15    0.20   11.96 v _10514_/Y (sky130_fd_sc_hd__nand2_1)
     2    0.01                           _05010_ (net)
                  0.15    0.00   11.96 v _10517_/A2 (sky130_fd_sc_hd__a21oi_2)
                  0.19    0.31   12.27 ^ _10517_/Y (sky130_fd_sc_hd__a21oi_2)
     2    0.01                           _05013_ (net)
                  0.19    0.00   12.27 ^ _10524_/A3 (sky130_fd_sc_hd__o31ai_1)
                  0.22    0.27   12.53 v _10524_/Y (sky130_fd_sc_hd__o31ai_1)
     1    0.01                           _05020_ (net)
                  0.22    0.00   12.53 v _10531_/A2 (sky130_fd_sc_hd__a22o_1)
                  0.07    0.50   13.03 v _10531_/X (sky130_fd_sc_hd__a22o_1)
     1    0.00                           _05027_ (net)
                  0.07    0.00   13.03 v _10532_/A1 (sky130_fd_sc_hd__mux2_1)
                  0.11    0.69   13.72 v _10532_/X (sky130_fd_sc_hd__mux2_1)
     1    0.00                           _05028_ (net)
                  0.11    0.00   13.72 v _10533_/B2 (sky130_fd_sc_hd__o221a_1)
                  0.09    0.43   14.15 v _10533_/X (sky130_fd_sc_hd__o221a_1)
     1    0.00                           _00194_ (net)
                  0.09    0.00   14.15 v _14812_/D (sky130_fd_sc_hd__dfxtp_4)
                                 14.15   data arrival time

                          5.00    5.00   clock clk (rise edge)
                          0.00    5.00   clock source latency
                  0.55    0.37    5.37 ^ clk (in)
     2    0.08                           clk (net)
                  0.55    0.00    5.37 ^ clkbuf_0_clk/A (sky130_fd_sc_hd__clkbuf_16)
                  0.43    0.66    6.03 ^ clkbuf_0_clk/X (sky130_fd_sc_hd__clkbuf_16)
    16    0.27                           clknet_0_clk (net)
                  0.43    0.02    6.05 ^ clkbuf_4_6_0_clk/A (sky130_fd_sc_hd__clkbuf_8)
                  0.32    0.55    6.60 ^ clkbuf_4_6_0_clk/X (sky130_fd_sc_hd__clkbuf_8)
     9    0.12                           clknet_4_6_0_clk (net)
                  0.32    0.00    6.60 ^ clkbuf_leaf_49_clk/A (sky130_fd_sc_hd__clkbuf_16)
                  0.09    0.33    6.93 ^ clkbuf_leaf_49_clk/X (sky130_fd_sc_hd__clkbuf_16)
    11    0.03                           clknet_leaf_49_clk (net)
                  0.09    0.00    6.93 ^ _14812_/CLK (sky130_fd_sc_hd__dfxtp_4)
                         -0.25    6.68   clock uncertainty
                          0.11    6.79   clock reconvergence pessimism
                         -0.28    6.51   library setup time
                                  6.51   data required time
-----------------------------------------------------------------------------
                                  6.51   data required time
                                -14.15   data arrival time
-----------------------------------------------------------------------------
                                 -7.63   slack (VIOLATED)



======================= Typical Corner ===================================

Startpoint: _15716_ (rising edge-triggered flip-flop clocked by clk)
Endpoint: _15681_ (rising edge-triggered flip-flop clocked by clk)
Path Group: clk
Path Type: max
Corner: Typical

Fanout     Cap    Slew   Delay    Time   Description
-----------------------------------------------------------------------------
                          0.00    0.00   clock clk (rise edge)
                          0.00    0.00   clock source latency
                  0.35    0.26    0.26 ^ clk (in)
     2    0.08                           clk (net)
                  0.35    0.00    0.26 ^ clkbuf_0_clk/A (sky130_fd_sc_hd__clkbuf_16)
                  0.28    0.40    0.66 ^ clkbuf_0_clk/X (sky130_fd_sc_hd__clkbuf_16)
    16    0.27                           clknet_0_clk (net)
                  0.29    0.02    0.68 ^ clkbuf_4_3_0_clk/A (sky130_fd_sc_hd__clkbuf_8)
                  0.21    0.34    1.02 ^ clkbuf_4_3_0_clk/X (sky130_fd_sc_hd__clkbuf_8)
     8    0.12                           clknet_4_3_0_clk (net)
                  0.21    0.01    1.03 ^ clkbuf_leaf_132_clk/A (sky130_fd_sc_hd__clkbuf_16)
                  0.07    0.21    1.24 ^ clkbuf_leaf_132_clk/X (sky130_fd_sc_hd__clkbuf_16)
    13    0.04                           clknet_leaf_132_clk (net)
                  0.07    0.00    1.24 ^ _15716_/CLK (sky130_fd_sc_hd__dfxtp_1)
                  0.14    0.40    1.64 ^ _15716_/Q (sky130_fd_sc_hd__dfxtp_1)
     5    0.01                           ex_mm_reg.ALU_Result_Out[2] (net)
                  0.14    0.00    1.64 ^ _09139_/A (sky130_fd_sc_hd__buf_4)
                  0.11    0.20    1.84 ^ _09139_/X (sky130_fd_sc_hd__buf_4)
     6    0.04                           _03649_ (net)
                  0.11    0.00    1.84 ^ _09473_/A (sky130_fd_sc_hd__clkbuf_4)
                  0.19    0.28    2.12 ^ _09473_/X (sky130_fd_sc_hd__clkbuf_4)
     6    0.06                           _03983_ (net)
                  0.19    0.01    2.13 ^ _09500_/A (sky130_fd_sc_hd__buf_4)
                  0.31    0.37    2.50 ^ _09500_/X (sky130_fd_sc_hd__buf_4)
     6    0.11                           _04010_ (net)
                  0.31    0.00    2.50 ^ _09501_/S1 (sky130_fd_sc_hd__mux4_2)
                  0.08    0.37    2.87 v _09501_/X (sky130_fd_sc_hd__mux4_2)
     1    0.00                           _04011_ (net)
                  0.08    0.00    2.87 v _09504_/A0 (sky130_fd_sc_hd__mux2_4)
                  0.07    0.33    3.20 v _09504_/X (sky130_fd_sc_hd__mux2_4)
     1    0.02                           _04014_ (net)
                  0.07    0.00    3.20 v _09508_/A2 (sky130_fd_sc_hd__o22a_1)
                  0.04    0.21    3.41 v _09508_/X (sky130_fd_sc_hd__o22a_1)
     1    0.00                           _04018_ (net)
                  0.04    0.00    3.41 v _09519_/B (sky130_fd_sc_hd__and2_4)
                  0.06    0.20    3.61 v _09519_/X (sky130_fd_sc_hd__and2_4)
     1    0.03                           _04029_ (net)
                  0.06    0.00    3.61 v _09520_/C (sky130_fd_sc_hd__and3_1)
                  0.10    0.25    3.86 v _09520_/X (sky130_fd_sc_hd__and3_1)
     2    0.02                           _04030_ (net)
                  0.10    0.00    3.87 v _09521_/A1 (sky130_fd_sc_hd__mux2_4)
                  0.06    0.30    4.17 v _09521_/X (sky130_fd_sc_hd__mux2_4)
     3    0.01                           _04031_ (net)
                  0.06    0.00    4.17 v _09525_/A0 (sky130_fd_sc_hd__mux2_4)
                  0.07    0.32    4.49 v _09525_/X (sky130_fd_sc_hd__mux2_4)
     3    0.02                           _04035_ (net)
                  0.07    0.00    4.49 v _13070_/A1 (sky130_fd_sc_hd__o22a_4)
                  0.06    0.29    4.78 v _13070_/X (sky130_fd_sc_hd__o22a_4)
     4    0.02                           _06698_ (net)
                  0.06    0.00    4.78 v _13071_/B (sky130_fd_sc_hd__xor2_1)
                  0.17    0.18    4.96 ^ _13071_/X (sky130_fd_sc_hd__xor2_1)
     2    0.01                           _06699_ (net)
                  0.17    0.00    4.96 ^ _13074_/B (sky130_fd_sc_hd__nand2_1)
                  0.07    0.10    5.06 v _13074_/Y (sky130_fd_sc_hd__nand2_1)
     2    0.01                           _06702_ (net)
                  0.07    0.00    5.06 v _13105_/B1 (sky130_fd_sc_hd__o221a_1)
                  0.08    0.29    5.35 v _13105_/X (sky130_fd_sc_hd__o221a_1)
     2    0.01                           _06733_ (net)
                  0.08    0.00    5.35 v _13114_/A2 (sky130_fd_sc_hd__a21o_1)
                  0.07    0.23    5.58 v _13114_/X (sky130_fd_sc_hd__a21o_1)
     3    0.01                           _06742_ (net)
                  0.07    0.00    5.58 v _13131_/A1 (sky130_fd_sc_hd__a211o_4)
                  0.07    0.37    5.95 v _13131_/X (sky130_fd_sc_hd__a211o_4)
     3    0.02                           _06759_ (net)
                  0.07    0.00    5.95 v _13140_/A1 (sky130_fd_sc_hd__a2111oi_4)
                  0.29    0.35    6.30 ^ _13140_/Y (sky130_fd_sc_hd__a2111oi_4)
     2    0.01                           _06768_ (net)
                  0.29    0.00    6.30 ^ _13145_/A2 (sky130_fd_sc_hd__o31ai_2)
                  0.10    0.14    6.44 v _13145_/Y (sky130_fd_sc_hd__o31ai_2)
     4    0.01                           _06773_ (net)
                  0.10    0.00    6.44 v _13198_/B (sky130_fd_sc_hd__and3_1)
                  0.05    0.21    6.64 v _13198_/X (sky130_fd_sc_hd__and3_1)
     2    0.01                           _06825_ (net)
                  0.05    0.00    6.64 v _13199_/A (sky130_fd_sc_hd__or2_4)
                  0.05    0.26    6.91 v _13199_/X (sky130_fd_sc_hd__or2_4)
     1    0.01                           _06826_ (net)
                  0.05    0.00    6.91 v _13200_/D_N (sky130_fd_sc_hd__nor4bb_2)
                  0.04    0.17    7.08 v _13200_/Y (sky130_fd_sc_hd__nor4bb_2)
     1    0.00                           _06827_ (net)
                  0.04    0.00    7.08 v _13221_/A1 (sky130_fd_sc_hd__o311a_1)
                  0.05    0.35    7.43 v _13221_/X (sky130_fd_sc_hd__o311a_1)
     1    0.00                           _01063_ (net)
                  0.05    0.00    7.43 v _15681_/D (sky130_fd_sc_hd__dfxtp_2)
                                  7.43   data arrival time

                          5.00    5.00   clock clk (rise edge)
                          0.00    5.00   clock source latency
                  0.35    0.23    5.23 ^ clk (in)
     2    0.08                           clk (net)
                  0.35    0.00    5.23 ^ clkbuf_0_clk/A (sky130_fd_sc_hd__clkbuf_16)
                  0.28    0.36    5.60 ^ clkbuf_0_clk/X (sky130_fd_sc_hd__clkbuf_16)
    16    0.27                           clknet_0_clk (net)
                  0.29    0.02    5.61 ^ clkbuf_4_6_0_clk/A (sky130_fd_sc_hd__clkbuf_8)
                  0.21    0.31    5.93 ^ clkbuf_4_6_0_clk/X (sky130_fd_sc_hd__clkbuf_8)
     9    0.12                           clknet_4_6_0_clk (net)
                  0.21    0.00    5.93 ^ clkbuf_leaf_51_clk/A (sky130_fd_sc_hd__clkbuf_16)
                  0.05    0.17    6.10 ^ clkbuf_leaf_51_clk/X (sky130_fd_sc_hd__clkbuf_16)
     6    0.02                           clknet_leaf_51_clk (net)
                  0.05    0.00    6.10 ^ _15681_/CLK (sky130_fd_sc_hd__dfxtp_2)
                         -0.25    5.85   clock uncertainty
                          0.06    5.92   clock reconvergence pessimism
                         -0.11    5.80   library setup time
                                  5.80   data required time
-----------------------------------------------------------------------------
                                  5.80   data required time
                                 -7.43   data arrival time
-----------------------------------------------------------------------------
                                 -1.63   slack (VIOLATED)




===========================================================================
 report_check_types -max_slew -max_cap -max_fanout -violators
============================================================================
======================= Fastest Corner ===================================

max fanout

Pin                                   Limit Fanout  Slack
---------------------------------------------------------
clkbuf_leaf_119_clk/X                     6     22    -16 (VIOLATED)
clkbuf_leaf_55_clk/X                      6     22    -16 (VIOLATED)
clkbuf_leaf_148_clk/X                     6     21    -15 (VIOLATED)
clkbuf_leaf_22_clk/X                      6     21    -15 (VIOLATED)
clkbuf_leaf_10_clk/X                      6     19    -13 (VIOLATED)
clkbuf_leaf_8_clk/X                       6     19    -13 (VIOLATED)
clkbuf_leaf_3_clk/X                       6     18    -12 (VIOLATED)
clkbuf_leaf_101_clk/X                     6     17    -11 (VIOLATED)
clkbuf_leaf_34_clk/X                      6     17    -11 (VIOLATED)
clkbuf_leaf_35_clk/X                      6     17    -11 (VIOLATED)
clkbuf_leaf_58_clk/X                      6     17    -11 (VIOLATED)
clkbuf_leaf_87_clk/X                      6     17    -11 (VIOLATED)
clkbuf_leaf_95_clk/X                      6     17    -11 (VIOLATED)
clkbuf_0_clk/X                            6     16    -10 (VIOLATED)
clkbuf_leaf_2_clk/X                       6     16    -10 (VIOLATED)
clkbuf_leaf_32_clk/X                      6     16    -10 (VIOLATED)
clkbuf_leaf_88_clk/X                      6     16    -10 (VIOLATED)
clkbuf_leaf_111_clk/X                     6     15     -9 (VIOLATED)
clkbuf_leaf_127_clk/X                     6     15     -9 (VIOLATED)
clkbuf_leaf_16_clk/X                      6     15     -9 (VIOLATED)
clkbuf_leaf_21_clk/X                      6     15     -9 (VIOLATED)
clkbuf_leaf_29_clk/X                      6     15     -9 (VIOLATED)
clkbuf_leaf_36_clk/X                      6     15     -9 (VIOLATED)
clkbuf_leaf_42_clk/X                      6     15     -9 (VIOLATED)
clkbuf_leaf_4_clk/X                       6     15     -9 (VIOLATED)
clkbuf_leaf_57_clk/X                      6     15     -9 (VIOLATED)
clkbuf_leaf_72_clk/X                      6     15     -9 (VIOLATED)
clkbuf_leaf_86_clk/X                      6     15     -9 (VIOLATED)
clkbuf_leaf_94_clk/X                      6     15     -9 (VIOLATED)
clkbuf_leaf_120_clk/X                     6     14     -8 (VIOLATED)
clkbuf_leaf_137_clk/X                     6     14     -8 (VIOLATED)
clkbuf_leaf_141_clk/X                     6     14     -8 (VIOLATED)
clkbuf_leaf_149_clk/X                     6     14     -8 (VIOLATED)
clkbuf_leaf_18_clk/X                      6     14     -8 (VIOLATED)
clkbuf_leaf_24_clk/X                      6     14     -8 (VIOLATED)
clkbuf_leaf_25_clk/X                      6     14     -8 (VIOLATED)
clkbuf_leaf_30_clk/X                      6     14     -8 (VIOLATED)
clkbuf_leaf_6_clk/X                       6     14     -8 (VIOLATED)
clkbuf_leaf_96_clk/X                      6     14     -8 (VIOLATED)
clkbuf_leaf_9_clk/X                       6     14     -8 (VIOLATED)
clkbuf_leaf_104_clk/X                     6     13     -7 (VIOLATED)
clkbuf_leaf_117_clk/X                     6     13     -7 (VIOLATED)
clkbuf_leaf_131_clk/X                     6     13     -7 (VIOLATED)
clkbuf_leaf_132_clk/X                     6     13     -7 (VIOLATED)
clkbuf_leaf_144_clk/X                     6     13     -7 (VIOLATED)
clkbuf_leaf_17_clk/X                      6     13     -7 (VIOLATED)
clkbuf_leaf_1_clk/X                       6     13     -7 (VIOLATED)
clkbuf_leaf_33_clk/X                      6     13     -7 (VIOLATED)
clkbuf_leaf_43_clk/X                      6     13     -7 (VIOLATED)
clkbuf_leaf_50_clk/X                      6     13     -7 (VIOLATED)
clkbuf_leaf_62_clk/X                      6     13     -7 (VIOLATED)
clkbuf_leaf_78_clk/X                      6     13     -7 (VIOLATED)
clkbuf_leaf_107_clk/X                     6     12     -6 (VIOLATED)
clkbuf_leaf_109_clk/X                     6     12     -6 (VIOLATED)
clkbuf_leaf_113_clk/X                     6     12     -6 (VIOLATED)
clkbuf_leaf_28_clk/X                      6     12     -6 (VIOLATED)
clkbuf_leaf_31_clk/X                      6     12     -6 (VIOLATED)
clkbuf_leaf_44_clk/X                      6     12     -6 (VIOLATED)
clkbuf_leaf_54_clk/X                      6     12     -6 (VIOLATED)
clkbuf_leaf_92_clk/X                      6     12     -6 (VIOLATED)
clkbuf_leaf_97_clk/X                      6     12     -6 (VIOLATED)
input14/X                                 6     12     -6 (VIOLATED)
clkbuf_4_11_0_clk/X                       6     11     -5 (VIOLATED)
clkbuf_4_1_0_clk/X                        6     11     -5 (VIOLATED)
clkbuf_4_8_0_clk/X                        6     11     -5 (VIOLATED)
clkbuf_leaf_124_clk/X                     6     11     -5 (VIOLATED)
clkbuf_leaf_126_clk/X                     6     11     -5 (VIOLATED)
clkbuf_leaf_133_clk/X                     6     11     -5 (VIOLATED)
clkbuf_leaf_49_clk/X                      6     11     -5 (VIOLATED)
clkbuf_leaf_59_clk/X                      6     11     -5 (VIOLATED)
clkbuf_leaf_98_clk/X                      6     11     -5 (VIOLATED)
clkbuf_4_13_0_clk/X                       6     10     -4 (VIOLATED)
clkbuf_4_2_0_clk/X                        6     10     -4 (VIOLATED)
clkbuf_4_4_0_clk/X                        6     10     -4 (VIOLATED)
clkbuf_leaf_103_clk/X                     6     10     -4 (VIOLATED)
clkbuf_leaf_114_clk/X                     6     10     -4 (VIOLATED)
clkbuf_leaf_116_clk/X                     6     10     -4 (VIOLATED)
clkbuf_leaf_118_clk/X                     6     10     -4 (VIOLATED)
clkbuf_leaf_11_clk/X                      6     10     -4 (VIOLATED)
clkbuf_leaf_13_clk/X                      6     10     -4 (VIOLATED)
clkbuf_leaf_140_clk/X                     6     10     -4 (VIOLATED)
clkbuf_leaf_142_clk/X                     6     10     -4 (VIOLATED)
clkbuf_leaf_143_clk/X                     6     10     -4 (VIOLATED)
clkbuf_leaf_14_clk/X                      6     10     -4 (VIOLATED)
clkbuf_leaf_38_clk/X                      6     10     -4 (VIOLATED)
clkbuf_leaf_39_clk/X                      6     10     -4 (VIOLATED)
clkbuf_leaf_52_clk/X                      6     10     -4 (VIOLATED)
clkbuf_leaf_63_clk/X                      6     10     -4 (VIOLATED)
clkbuf_leaf_74_clk/X                      6     10     -4 (VIOLATED)
clkbuf_leaf_7_clk/X                       6     10     -4 (VIOLATED)
clkbuf_leaf_81_clk/X                      6     10     -4 (VIOLATED)
clkbuf_leaf_85_clk/X                      6     10     -4 (VIOLATED)
clkbuf_leaf_89_clk/X                      6     10     -4 (VIOLATED)
_08579_/X                                 6      9     -3 (VIOLATED)
_08915_/X                                 6      9     -3 (VIOLATED)
clkbuf_4_10_0_clk/X                       6      9     -3 (VIOLATED)
clkbuf_4_12_0_clk/X                       6      9     -3 (VIOLATED)
clkbuf_4_14_0_clk/X                       6      9     -3 (VIOLATED)
clkbuf_4_15_0_clk/X                       6      9     -3 (VIOLATED)
clkbuf_4_5_0_clk/X                        6      9     -3 (VIOLATED)
clkbuf_4_6_0_clk/X                        6      9     -3 (VIOLATED)
clkbuf_4_7_0_clk/X                        6      9     -3 (VIOLATED)
clkbuf_4_9_0_clk/X                        6      9     -3 (VIOLATED)
clkbuf_leaf_0_clk/X                       6      9     -3 (VIOLATED)
clkbuf_leaf_100_clk/X                     6      9     -3 (VIOLATED)
clkbuf_leaf_105_clk/X                     6      9     -3 (VIOLATED)
clkbuf_leaf_108_clk/X                     6      9     -3 (VIOLATED)
clkbuf_leaf_122_clk/X                     6      9     -3 (VIOLATED)
clkbuf_leaf_125_clk/X                     6      9     -3 (VIOLATED)
clkbuf_leaf_12_clk/X                      6      9     -3 (VIOLATED)
clkbuf_leaf_146_clk/X                     6      9     -3 (VIOLATED)
clkbuf_leaf_15_clk/X                      6      9     -3 (VIOLATED)
clkbuf_leaf_20_clk/X                      6      9     -3 (VIOLATED)
clkbuf_leaf_40_clk/X                      6      9     -3 (VIOLATED)
clkbuf_leaf_45_clk/X                      6      9     -3 (VIOLATED)
clkbuf_leaf_46_clk/X                      6      9     -3 (VIOLATED)
clkbuf_leaf_5_clk/X                       6      9     -3 (VIOLATED)
clkbuf_leaf_61_clk/X                      6      9     -3 (VIOLATED)
clkbuf_leaf_64_clk/X                      6      9     -3 (VIOLATED)
clkbuf_leaf_67_clk/X                      6      9     -3 (VIOLATED)
clkbuf_leaf_69_clk/X                      6      9     -3 (VIOLATED)
clkbuf_leaf_73_clk/X                      6      9     -3 (VIOLATED)
clkbuf_leaf_84_clk/X                      6      9     -3 (VIOLATED)
clkbuf_leaf_90_clk/X                      6      9     -3 (VIOLATED)
_09140_/X                                 6      8     -2 (VIOLATED)
_09146_/X                                 6      8     -2 (VIOLATED)
_09172_/X                                 6      8     -2 (VIOLATED)
_09225_/X                                 6      8     -2 (VIOLATED)
_09339_/X                                 6      8     -2 (VIOLATED)
_09345_/X                                 6      8     -2 (VIOLATED)
_09389_/X                                 6      8     -2 (VIOLATED)
_09567_/X                                 6      8     -2 (VIOLATED)
clkbuf_4_0_0_clk/X                        6      8     -2 (VIOLATED)
clkbuf_4_3_0_clk/X                        6      8     -2 (VIOLATED)
clkbuf_leaf_110_clk/X                     6      8     -2 (VIOLATED)
clkbuf_leaf_115_clk/X                     6      8     -2 (VIOLATED)
clkbuf_leaf_121_clk/X                     6      8     -2 (VIOLATED)
clkbuf_leaf_128_clk/X                     6      8     -2 (VIOLATED)
clkbuf_leaf_129_clk/X                     6      8     -2 (VIOLATED)
clkbuf_leaf_134_clk/X                     6      8     -2 (VIOLATED)
clkbuf_leaf_136_clk/X                     6      8     -2 (VIOLATED)
clkbuf_leaf_138_clk/X                     6      8     -2 (VIOLATED)
clkbuf_leaf_139_clk/X                     6      8     -2 (VIOLATED)
clkbuf_leaf_150_clk/X                     6      8     -2 (VIOLATED)
clkbuf_leaf_19_clk/X                      6      8     -2 (VIOLATED)
clkbuf_leaf_26_clk/X                      6      8     -2 (VIOLATED)
clkbuf_leaf_37_clk/X                      6      8     -2 (VIOLATED)
clkbuf_leaf_41_clk/X                      6      8     -2 (VIOLATED)
clkbuf_leaf_65_clk/X                      6      8     -2 (VIOLATED)
clkbuf_leaf_66_clk/X                      6      8     -2 (VIOLATED)
clkbuf_leaf_77_clk/X                      6      8     -2 (VIOLATED)
clkbuf_leaf_80_clk/X                      6      8     -2 (VIOLATED)
clkbuf_leaf_93_clk/X                      6      8     -2 (VIOLATED)
clkbuf_leaf_99_clk/X                      6      8     -2 (VIOLATED)
_07397_/X                                 6      7        (VIOLATED)
_07403_/X                                 6      7        (VIOLATED)
_07449_/X                                 6      7        (VIOLATED)
_07526_/X                                 6      7        (VIOLATED)
_07535_/X                                 6      7        (VIOLATED)
_07633_/X                                 6      7        (VIOLATED)
_07637_/X                                 6      7        (VIOLATED)
_07773_/X                                 6      7        (VIOLATED)
_08135_/X                                 6      7        (VIOLATED)
_09158_/X                                 6      7        (VIOLATED)
_09198_/X                                 6      7        (VIOLATED)
_09202_/X                                 6      7        (VIOLATED)
_09248_/X                                 6      7        (VIOLATED)
_09414_/X                                 6      7        (VIOLATED)
_09415_/X                                 6      7        (VIOLATED)
_09426_/X                                 6      7        (VIOLATED)
_09979_/X                                 6      7        (VIOLATED)
_10033_/X                                 6      7        (VIOLATED)
_11252_/Y                                 6      7        (VIOLATED)
_12256_/Y                                 6      7        (VIOLATED)
_14799_/Q                                 6      7        (VIOLATED)
_14802_/Q                                 6      7        (VIOLATED)
clkbuf_leaf_112_clk/X                     6      7        (VIOLATED)
clkbuf_leaf_135_clk/X                     6      7        (VIOLATED)
clkbuf_leaf_145_clk/X                     6      7        (VIOLATED)
clkbuf_leaf_27_clk/X                      6      7        (VIOLATED)
clkbuf_leaf_68_clk/X                      6      7        (VIOLATED)
clkbuf_leaf_70_clk/X                      6      7        (VIOLATED)
clkbuf_leaf_75_clk/X                      6      7        (VIOLATED)
clkbuf_leaf_76_clk/X                      6      7        (VIOLATED)
clkbuf_leaf_79_clk/X                      6      7        (VIOLATED)
clkbuf_leaf_82_clk/X                      6      7        (VIOLATED)
clkbuf_leaf_83_clk/X                      6      7        (VIOLATED)
clkbuf_leaf_91_clk/X                      6      7        (VIOLATED)


======================= Slowest Corner ===================================

max slew

Pin                                    Limit    Slew   Slack
------------------------------------------------------------
_15715_/D                               0.75    0.91   -0.16 (VIOLATED)
_13303_/Y                               0.75    0.91   -0.16 (VIOLATED)
_13753_/A                               0.75    0.88   -0.13 (VIOLATED)
_13771_/S                               0.75    0.88   -0.13 (VIOLATED)
_13766_/S                               0.75    0.88   -0.13 (VIOLATED)
_13773_/S                               0.75    0.88   -0.13 (VIOLATED)
_13739_/A                               0.75    0.88   -0.13 (VIOLATED)
_13738_/Y                               0.75    0.88   -0.13 (VIOLATED)
_13769_/S                               0.75    0.88   -0.13 (VIOLATED)
_11747_/S                               0.75    0.88   -0.13 (VIOLATED)
_11745_/S                               0.75    0.88   -0.13 (VIOLATED)
_11749_/S                               0.75    0.88   -0.13 (VIOLATED)
_11730_/A                               0.75    0.88   -0.13 (VIOLATED)
_11743_/S                               0.75    0.88   -0.13 (VIOLATED)
_11717_/A                               0.75    0.88   -0.13 (VIOLATED)
_11716_/Y                               0.75    0.88   -0.13 (VIOLATED)
_11276_/A                               0.75    0.79   -0.04 (VIOLATED)
_11307_/S                               0.75    0.79   -0.04 (VIOLATED)
_11303_/S                               0.75    0.79   -0.04 (VIOLATED)
ANTENNA_58/DIODE                        0.75    0.79   -0.04 (VIOLATED)
_11301_/S                               0.75    0.79   -0.04 (VIOLATED)
_11311_/S                               0.75    0.79   -0.04 (VIOLATED)
_11253_/A                               0.75    0.79   -0.04 (VIOLATED)
_11252_/Y                               0.75    0.79   -0.04 (VIOLATED)
_08416_/B1                              0.75    0.78   -0.03 (VIOLATED)
_08415_/Y                               0.75    0.78   -0.03 (VIOLATED)
_13829_/A                               0.75    0.78   -0.03 (VIOLATED)
_13853_/S                               0.75    0.78   -0.03 (VIOLATED)
_13848_/S                               0.75    0.78   -0.03 (VIOLATED)
_13856_/S                               0.75    0.78   -0.03 (VIOLATED)
_13810_/Y                               0.75    0.78   -0.03 (VIOLATED)
_13811_/A                               0.75    0.78   -0.03 (VIOLATED)
_13850_/S                               0.75    0.78   -0.03 (VIOLATED)
_11160_/S                               0.75    0.77   -0.02 (VIOLATED)
_11143_/A                               0.75    0.77   -0.02 (VIOLATED)
_11156_/S                               0.75    0.77   -0.02 (VIOLATED)
_11162_/S                               0.75    0.77   -0.02 (VIOLATED)
_11158_/S                               0.75    0.77   -0.02 (VIOLATED)
_11129_/Y                               0.75    0.77   -0.02 (VIOLATED)
_11130_/A                               0.75    0.77   -0.02 (VIOLATED)
_14222_/S                               0.75    0.76   -0.01 (VIOLATED)
_14218_/S                               0.75    0.76   -0.01 (VIOLATED)
_14205_/A                               0.75    0.76   -0.01 (VIOLATED)
_14224_/S                               0.75    0.76   -0.01 (VIOLATED)
_14220_/S                               0.75    0.76   -0.01 (VIOLATED)
_14192_/A                               0.75    0.76   -0.01 (VIOLATED)
_14191_/Y                               0.75    0.76   -0.01 (VIOLATED)
_11363_/A                               0.75    0.75   -0.00 (VIOLATED)
_11380_/S                               0.75    0.75   -0.00 (VIOLATED)
_11376_/S                               0.75    0.75   -0.00 (VIOLATED)
_11382_/S                               0.75    0.75   -0.00 (VIOLATED)
_11378_/S                               0.75    0.75   -0.00 (VIOLATED)
_11350_/A                               0.75    0.75   -0.00 (VIOLATED)
_11349_/Y                               0.75    0.75   -0.00 (VIOLATED)
_13978_/A                               0.75    0.75   -0.00 (VIOLATED)
_13995_/S                               0.75    0.75   -0.00 (VIOLATED)
_13991_/S                               0.75    0.75   -0.00 (VIOLATED)
_13997_/S                               0.75    0.75   -0.00 (VIOLATED)
_13993_/S                               0.75    0.75   -0.00 (VIOLATED)
_13964_/Y                               0.75    0.75   -0.00 (VIOLATED)
_13965_/A                               0.75    0.75   -0.00 (VIOLATED)

max fanout

Pin                                   Limit Fanout  Slack
---------------------------------------------------------
clkbuf_leaf_119_clk/X                     6     22    -16 (VIOLATED)
clkbuf_leaf_55_clk/X                      6     22    -16 (VIOLATED)
clkbuf_leaf_148_clk/X                     6     21    -15 (VIOLATED)
clkbuf_leaf_22_clk/X                      6     21    -15 (VIOLATED)
clkbuf_leaf_10_clk/X                      6     19    -13 (VIOLATED)
clkbuf_leaf_8_clk/X                       6     19    -13 (VIOLATED)
clkbuf_leaf_3_clk/X                       6     18    -12 (VIOLATED)
clkbuf_leaf_101_clk/X                     6     17    -11 (VIOLATED)
clkbuf_leaf_34_clk/X                      6     17    -11 (VIOLATED)
clkbuf_leaf_35_clk/X                      6     17    -11 (VIOLATED)
clkbuf_leaf_58_clk/X                      6     17    -11 (VIOLATED)
clkbuf_leaf_87_clk/X                      6     17    -11 (VIOLATED)
clkbuf_leaf_95_clk/X                      6     17    -11 (VIOLATED)
clkbuf_0_clk/X                            6     16    -10 (VIOLATED)
clkbuf_leaf_2_clk/X                       6     16    -10 (VIOLATED)
clkbuf_leaf_32_clk/X                      6     16    -10 (VIOLATED)
clkbuf_leaf_88_clk/X                      6     16    -10 (VIOLATED)
clkbuf_leaf_111_clk/X                     6     15     -9 (VIOLATED)
clkbuf_leaf_127_clk/X                     6     15     -9 (VIOLATED)
clkbuf_leaf_16_clk/X                      6     15     -9 (VIOLATED)
clkbuf_leaf_21_clk/X                      6     15     -9 (VIOLATED)
clkbuf_leaf_29_clk/X                      6     15     -9 (VIOLATED)
clkbuf_leaf_36_clk/X                      6     15     -9 (VIOLATED)
clkbuf_leaf_42_clk/X                      6     15     -9 (VIOLATED)
clkbuf_leaf_4_clk/X                       6     15     -9 (VIOLATED)
clkbuf_leaf_57_clk/X                      6     15     -9 (VIOLATED)
clkbuf_leaf_72_clk/X                      6     15     -9 (VIOLATED)
clkbuf_leaf_86_clk/X                      6     15     -9 (VIOLATED)
clkbuf_leaf_94_clk/X                      6     15     -9 (VIOLATED)
clkbuf_leaf_120_clk/X                     6     14     -8 (VIOLATED)
clkbuf_leaf_137_clk/X                     6     14     -8 (VIOLATED)
clkbuf_leaf_141_clk/X                     6     14     -8 (VIOLATED)
clkbuf_leaf_149_clk/X                     6     14     -8 (VIOLATED)
clkbuf_leaf_18_clk/X                      6     14     -8 (VIOLATED)
clkbuf_leaf_24_clk/X                      6     14     -8 (VIOLATED)
clkbuf_leaf_25_clk/X                      6     14     -8 (VIOLATED)
clkbuf_leaf_30_clk/X                      6     14     -8 (VIOLATED)
clkbuf_leaf_6_clk/X                       6     14     -8 (VIOLATED)
clkbuf_leaf_96_clk/X                      6     14     -8 (VIOLATED)
clkbuf_leaf_9_clk/X                       6     14     -8 (VIOLATED)
clkbuf_leaf_104_clk/X                     6     13     -7 (VIOLATED)
clkbuf_leaf_117_clk/X                     6     13     -7 (VIOLATED)
clkbuf_leaf_131_clk/X                     6     13     -7 (VIOLATED)
clkbuf_leaf_132_clk/X                     6     13     -7 (VIOLATED)
clkbuf_leaf_144_clk/X                     6     13     -7 (VIOLATED)
clkbuf_leaf_17_clk/X                      6     13     -7 (VIOLATED)
clkbuf_leaf_1_clk/X                       6     13     -7 (VIOLATED)
clkbuf_leaf_33_clk/X                      6     13     -7 (VIOLATED)
clkbuf_leaf_43_clk/X                      6     13     -7 (VIOLATED)
clkbuf_leaf_50_clk/X                      6     13     -7 (VIOLATED)
clkbuf_leaf_62_clk/X                      6     13     -7 (VIOLATED)
clkbuf_leaf_78_clk/X                      6     13     -7 (VIOLATED)
clkbuf_leaf_107_clk/X                     6     12     -6 (VIOLATED)
clkbuf_leaf_109_clk/X                     6     12     -6 (VIOLATED)
clkbuf_leaf_113_clk/X                     6     12     -6 (VIOLATED)
clkbuf_leaf_28_clk/X                      6     12     -6 (VIOLATED)
clkbuf_leaf_31_clk/X                      6     12     -6 (VIOLATED)
clkbuf_leaf_44_clk/X                      6     12     -6 (VIOLATED)
clkbuf_leaf_54_clk/X                      6     12     -6 (VIOLATED)
clkbuf_leaf_92_clk/X                      6     12     -6 (VIOLATED)
clkbuf_leaf_97_clk/X                      6     12     -6 (VIOLATED)
input14/X                                 6     12     -6 (VIOLATED)
clkbuf_4_11_0_clk/X                       6     11     -5 (VIOLATED)
clkbuf_4_1_0_clk/X                        6     11     -5 (VIOLATED)
clkbuf_4_8_0_clk/X                        6     11     -5 (VIOLATED)
clkbuf_leaf_124_clk/X                     6     11     -5 (VIOLATED)
clkbuf_leaf_126_clk/X                     6     11     -5 (VIOLATED)
clkbuf_leaf_133_clk/X                     6     11     -5 (VIOLATED)
clkbuf_leaf_49_clk/X                      6     11     -5 (VIOLATED)
clkbuf_leaf_59_clk/X                      6     11     -5 (VIOLATED)
clkbuf_leaf_98_clk/X                      6     11     -5 (VIOLATED)
clkbuf_4_13_0_clk/X                       6     10     -4 (VIOLATED)
clkbuf_4_2_0_clk/X                        6     10     -4 (VIOLATED)
clkbuf_4_4_0_clk/X                        6     10     -4 (VIOLATED)
clkbuf_leaf_103_clk/X                     6     10     -4 (VIOLATED)
clkbuf_leaf_114_clk/X                     6     10     -4 (VIOLATED)
clkbuf_leaf_116_clk/X                     6     10     -4 (VIOLATED)
clkbuf_leaf_118_clk/X                     6     10     -4 (VIOLATED)
clkbuf_leaf_11_clk/X                      6     10     -4 (VIOLATED)
clkbuf_leaf_13_clk/X                      6     10     -4 (VIOLATED)
clkbuf_leaf_140_clk/X                     6     10     -4 (VIOLATED)
clkbuf_leaf_142_clk/X                     6     10     -4 (VIOLATED)
clkbuf_leaf_143_clk/X                     6     10     -4 (VIOLATED)
clkbuf_leaf_14_clk/X                      6     10     -4 (VIOLATED)
clkbuf_leaf_38_clk/X                      6     10     -4 (VIOLATED)
clkbuf_leaf_39_clk/X                      6     10     -4 (VIOLATED)
clkbuf_leaf_52_clk/X                      6     10     -4 (VIOLATED)
clkbuf_leaf_63_clk/X                      6     10     -4 (VIOLATED)
clkbuf_leaf_74_clk/X                      6     10     -4 (VIOLATED)
clkbuf_leaf_7_clk/X                       6     10     -4 (VIOLATED)
clkbuf_leaf_81_clk/X                      6     10     -4 (VIOLATED)
clkbuf_leaf_85_clk/X                      6     10     -4 (VIOLATED)
clkbuf_leaf_89_clk/X                      6     10     -4 (VIOLATED)
_08579_/X                                 6      9     -3 (VIOLATED)
_08915_/X                                 6      9     -3 (VIOLATED)
clkbuf_4_10_0_clk/X                       6      9     -3 (VIOLATED)
clkbuf_4_12_0_clk/X                       6      9     -3 (VIOLATED)
clkbuf_4_14_0_clk/X                       6      9     -3 (VIOLATED)
clkbuf_4_15_0_clk/X                       6      9     -3 (VIOLATED)
clkbuf_4_5_0_clk/X                        6      9     -3 (VIOLATED)
clkbuf_4_6_0_clk/X                        6      9     -3 (VIOLATED)
clkbuf_4_7_0_clk/X                        6      9     -3 (VIOLATED)
clkbuf_4_9_0_clk/X                        6      9     -3 (VIOLATED)
clkbuf_leaf_0_clk/X                       6      9     -3 (VIOLATED)
clkbuf_leaf_100_clk/X                     6      9     -3 (VIOLATED)
clkbuf_leaf_105_clk/X                     6      9     -3 (VIOLATED)
clkbuf_leaf_108_clk/X                     6      9     -3 (VIOLATED)
clkbuf_leaf_122_clk/X                     6      9     -3 (VIOLATED)
clkbuf_leaf_125_clk/X                     6      9     -3 (VIOLATED)
clkbuf_leaf_12_clk/X                      6      9     -3 (VIOLATED)
clkbuf_leaf_146_clk/X                     6      9     -3 (VIOLATED)
clkbuf_leaf_15_clk/X                      6      9     -3 (VIOLATED)
clkbuf_leaf_20_clk/X                      6      9     -3 (VIOLATED)
clkbuf_leaf_40_clk/X                      6      9     -3 (VIOLATED)
clkbuf_leaf_45_clk/X                      6      9     -3 (VIOLATED)
clkbuf_leaf_46_clk/X                      6      9     -3 (VIOLATED)
clkbuf_leaf_5_clk/X                       6      9     -3 (VIOLATED)
clkbuf_leaf_61_clk/X                      6      9     -3 (VIOLATED)
clkbuf_leaf_64_clk/X                      6      9     -3 (VIOLATED)
clkbuf_leaf_67_clk/X                      6      9     -3 (VIOLATED)
clkbuf_leaf_69_clk/X                      6      9     -3 (VIOLATED)
clkbuf_leaf_73_clk/X                      6      9     -3 (VIOLATED)
clkbuf_leaf_84_clk/X                      6      9     -3 (VIOLATED)
clkbuf_leaf_90_clk/X                      6      9     -3 (VIOLATED)
_09140_/X                                 6      8     -2 (VIOLATED)
_09146_/X                                 6      8     -2 (VIOLATED)
_09172_/X                                 6      8     -2 (VIOLATED)
_09225_/X                                 6      8     -2 (VIOLATED)
_09339_/X                                 6      8     -2 (VIOLATED)
_09345_/X                                 6      8     -2 (VIOLATED)
_09389_/X                                 6      8     -2 (VIOLATED)
_09567_/X                                 6      8     -2 (VIOLATED)
clkbuf_4_0_0_clk/X                        6      8     -2 (VIOLATED)
clkbuf_4_3_0_clk/X                        6      8     -2 (VIOLATED)
clkbuf_leaf_110_clk/X                     6      8     -2 (VIOLATED)
clkbuf_leaf_115_clk/X                     6      8     -2 (VIOLATED)
clkbuf_leaf_121_clk/X                     6      8     -2 (VIOLATED)
clkbuf_leaf_128_clk/X                     6      8     -2 (VIOLATED)
clkbuf_leaf_129_clk/X                     6      8     -2 (VIOLATED)
clkbuf_leaf_134_clk/X                     6      8     -2 (VIOLATED)
clkbuf_leaf_136_clk/X                     6      8     -2 (VIOLATED)
clkbuf_leaf_138_clk/X                     6      8     -2 (VIOLATED)
clkbuf_leaf_139_clk/X                     6      8     -2 (VIOLATED)
clkbuf_leaf_150_clk/X                     6      8     -2 (VIOLATED)
clkbuf_leaf_19_clk/X                      6      8     -2 (VIOLATED)
clkbuf_leaf_26_clk/X                      6      8     -2 (VIOLATED)
clkbuf_leaf_37_clk/X                      6      8     -2 (VIOLATED)
clkbuf_leaf_41_clk/X                      6      8     -2 (VIOLATED)
clkbuf_leaf_65_clk/X                      6      8     -2 (VIOLATED)
clkbuf_leaf_66_clk/X                      6      8     -2 (VIOLATED)
clkbuf_leaf_77_clk/X                      6      8     -2 (VIOLATED)
clkbuf_leaf_80_clk/X                      6      8     -2 (VIOLATED)
clkbuf_leaf_93_clk/X                      6      8     -2 (VIOLATED)
clkbuf_leaf_99_clk/X                      6      8     -2 (VIOLATED)
_07397_/X                                 6      7        (VIOLATED)
_07403_/X                                 6      7        (VIOLATED)
_07449_/X                                 6      7        (VIOLATED)
_07526_/X                                 6      7        (VIOLATED)
_07535_/X                                 6      7        (VIOLATED)
_07633_/X                                 6      7        (VIOLATED)
_07637_/X                                 6      7        (VIOLATED)
_07773_/X                                 6      7        (VIOLATED)
_08135_/X                                 6      7        (VIOLATED)
_09158_/X                                 6      7        (VIOLATED)
_09198_/X                                 6      7        (VIOLATED)
_09202_/X                                 6      7        (VIOLATED)
_09248_/X                                 6      7        (VIOLATED)
_09414_/X                                 6      7        (VIOLATED)
_09415_/X                                 6      7        (VIOLATED)
_09426_/X                                 6      7        (VIOLATED)
_09979_/X                                 6      7        (VIOLATED)
_10033_/X                                 6      7        (VIOLATED)
_11252_/Y                                 6      7        (VIOLATED)
_12256_/Y                                 6      7        (VIOLATED)
_14799_/Q                                 6      7        (VIOLATED)
_14802_/Q                                 6      7        (VIOLATED)
clkbuf_leaf_112_clk/X                     6      7        (VIOLATED)
clkbuf_leaf_135_clk/X                     6      7        (VIOLATED)
clkbuf_leaf_145_clk/X                     6      7        (VIOLATED)
clkbuf_leaf_27_clk/X                      6      7        (VIOLATED)
clkbuf_leaf_68_clk/X                      6      7        (VIOLATED)
clkbuf_leaf_70_clk/X                      6      7        (VIOLATED)
clkbuf_leaf_75_clk/X                      6      7        (VIOLATED)
clkbuf_leaf_76_clk/X                      6      7        (VIOLATED)
clkbuf_leaf_79_clk/X                      6      7        (VIOLATED)
clkbuf_leaf_82_clk/X                      6      7        (VIOLATED)
clkbuf_leaf_83_clk/X                      6      7        (VIOLATED)
clkbuf_leaf_91_clk/X                      6      7        (VIOLATED)


======================= Typical Corner ===================================

max fanout

Pin                                   Limit Fanout  Slack
---------------------------------------------------------
clkbuf_leaf_119_clk/X                     6     22    -16 (VIOLATED)
clkbuf_leaf_55_clk/X                      6     22    -16 (VIOLATED)
clkbuf_leaf_148_clk/X                     6     21    -15 (VIOLATED)
clkbuf_leaf_22_clk/X                      6     21    -15 (VIOLATED)
clkbuf_leaf_10_clk/X                      6     19    -13 (VIOLATED)
clkbuf_leaf_8_clk/X                       6     19    -13 (VIOLATED)
clkbuf_leaf_3_clk/X                       6     18    -12 (VIOLATED)
clkbuf_leaf_101_clk/X                     6     17    -11 (VIOLATED)
clkbuf_leaf_34_clk/X                      6     17    -11 (VIOLATED)
clkbuf_leaf_35_clk/X                      6     17    -11 (VIOLATED)
clkbuf_leaf_58_clk/X                      6     17    -11 (VIOLATED)
clkbuf_leaf_87_clk/X                      6     17    -11 (VIOLATED)
clkbuf_leaf_95_clk/X                      6     17    -11 (VIOLATED)
clkbuf_0_clk/X                            6     16    -10 (VIOLATED)
clkbuf_leaf_2_clk/X                       6     16    -10 (VIOLATED)
clkbuf_leaf_32_clk/X                      6     16    -10 (VIOLATED)
clkbuf_leaf_88_clk/X                      6     16    -10 (VIOLATED)
clkbuf_leaf_111_clk/X                     6     15     -9 (VIOLATED)
clkbuf_leaf_127_clk/X                     6     15     -9 (VIOLATED)
clkbuf_leaf_16_clk/X                      6     15     -9 (VIOLATED)
clkbuf_leaf_21_clk/X                      6     15     -9 (VIOLATED)
clkbuf_leaf_29_clk/X                      6     15     -9 (VIOLATED)
clkbuf_leaf_36_clk/X                      6     15     -9 (VIOLATED)
clkbuf_leaf_42_clk/X                      6     15     -9 (VIOLATED)
clkbuf_leaf_4_clk/X                       6     15     -9 (VIOLATED)
clkbuf_leaf_57_clk/X                      6     15     -9 (VIOLATED)
clkbuf_leaf_72_clk/X                      6     15     -9 (VIOLATED)
clkbuf_leaf_86_clk/X                      6     15     -9 (VIOLATED)
clkbuf_leaf_94_clk/X                      6     15     -9 (VIOLATED)
clkbuf_leaf_120_clk/X                     6     14     -8 (VIOLATED)
clkbuf_leaf_137_clk/X                     6     14     -8 (VIOLATED)
clkbuf_leaf_141_clk/X                     6     14     -8 (VIOLATED)
clkbuf_leaf_149_clk/X                     6     14     -8 (VIOLATED)
clkbuf_leaf_18_clk/X                      6     14     -8 (VIOLATED)
clkbuf_leaf_24_clk/X                      6     14     -8 (VIOLATED)
clkbuf_leaf_25_clk/X                      6     14     -8 (VIOLATED)
clkbuf_leaf_30_clk/X                      6     14     -8 (VIOLATED)
clkbuf_leaf_6_clk/X                       6     14     -8 (VIOLATED)
clkbuf_leaf_96_clk/X                      6     14     -8 (VIOLATED)
clkbuf_leaf_9_clk/X                       6     14     -8 (VIOLATED)
clkbuf_leaf_104_clk/X                     6     13     -7 (VIOLATED)
clkbuf_leaf_117_clk/X                     6     13     -7 (VIOLATED)
clkbuf_leaf_131_clk/X                     6     13     -7 (VIOLATED)
clkbuf_leaf_132_clk/X                     6     13     -7 (VIOLATED)
clkbuf_leaf_144_clk/X                     6     13     -7 (VIOLATED)
clkbuf_leaf_17_clk/X                      6     13     -7 (VIOLATED)
clkbuf_leaf_1_clk/X                       6     13     -7 (VIOLATED)
clkbuf_leaf_33_clk/X                      6     13     -7 (VIOLATED)
clkbuf_leaf_43_clk/X                      6     13     -7 (VIOLATED)
clkbuf_leaf_50_clk/X                      6     13     -7 (VIOLATED)
clkbuf_leaf_62_clk/X                      6     13     -7 (VIOLATED)
clkbuf_leaf_78_clk/X                      6     13     -7 (VIOLATED)
clkbuf_leaf_107_clk/X                     6     12     -6 (VIOLATED)
clkbuf_leaf_109_clk/X                     6     12     -6 (VIOLATED)
clkbuf_leaf_113_clk/X                     6     12     -6 (VIOLATED)
clkbuf_leaf_28_clk/X                      6     12     -6 (VIOLATED)
clkbuf_leaf_31_clk/X                      6     12     -6 (VIOLATED)
clkbuf_leaf_44_clk/X                      6     12     -6 (VIOLATED)
clkbuf_leaf_54_clk/X                      6     12     -6 (VIOLATED)
clkbuf_leaf_92_clk/X                      6     12     -6 (VIOLATED)
clkbuf_leaf_97_clk/X                      6     12     -6 (VIOLATED)
input14/X                                 6     12     -6 (VIOLATED)
clkbuf_4_11_0_clk/X                       6     11     -5 (VIOLATED)
clkbuf_4_1_0_clk/X                        6     11     -5 (VIOLATED)
clkbuf_4_8_0_clk/X                        6     11     -5 (VIOLATED)
clkbuf_leaf_124_clk/X                     6     11     -5 (VIOLATED)
clkbuf_leaf_126_clk/X                     6     11     -5 (VIOLATED)
clkbuf_leaf_133_clk/X                     6     11     -5 (VIOLATED)
clkbuf_leaf_49_clk/X                      6     11     -5 (VIOLATED)
clkbuf_leaf_59_clk/X                      6     11     -5 (VIOLATED)
clkbuf_leaf_98_clk/X                      6     11     -5 (VIOLATED)
clkbuf_4_13_0_clk/X                       6     10     -4 (VIOLATED)
clkbuf_4_2_0_clk/X                        6     10     -4 (VIOLATED)
clkbuf_4_4_0_clk/X                        6     10     -4 (VIOLATED)
clkbuf_leaf_103_clk/X                     6     10     -4 (VIOLATED)
clkbuf_leaf_114_clk/X                     6     10     -4 (VIOLATED)
clkbuf_leaf_116_clk/X                     6     10     -4 (VIOLATED)
clkbuf_leaf_118_clk/X                     6     10     -4 (VIOLATED)
clkbuf_leaf_11_clk/X                      6     10     -4 (VIOLATED)
clkbuf_leaf_13_clk/X                      6     10     -4 (VIOLATED)
clkbuf_leaf_140_clk/X                     6     10     -4 (VIOLATED)
clkbuf_leaf_142_clk/X                     6     10     -4 (VIOLATED)
clkbuf_leaf_143_clk/X                     6     10     -4 (VIOLATED)
clkbuf_leaf_14_clk/X                      6     10     -4 (VIOLATED)
clkbuf_leaf_38_clk/X                      6     10     -4 (VIOLATED)
clkbuf_leaf_39_clk/X                      6     10     -4 (VIOLATED)
clkbuf_leaf_52_clk/X                      6     10     -4 (VIOLATED)
clkbuf_leaf_63_clk/X                      6     10     -4 (VIOLATED)
clkbuf_leaf_74_clk/X                      6     10     -4 (VIOLATED)
clkbuf_leaf_7_clk/X                       6     10     -4 (VIOLATED)
clkbuf_leaf_81_clk/X                      6     10     -4 (VIOLATED)
clkbuf_leaf_85_clk/X                      6     10     -4 (VIOLATED)
clkbuf_leaf_89_clk/X                      6     10     -4 (VIOLATED)
_08579_/X                                 6      9     -3 (VIOLATED)
_08915_/X                                 6      9     -3 (VIOLATED)
clkbuf_4_10_0_clk/X                       6      9     -3 (VIOLATED)
clkbuf_4_12_0_clk/X                       6      9     -3 (VIOLATED)
clkbuf_4_14_0_clk/X                       6      9     -3 (VIOLATED)
clkbuf_4_15_0_clk/X                       6      9     -3 (VIOLATED)
clkbuf_4_5_0_clk/X                        6      9     -3 (VIOLATED)
clkbuf_4_6_0_clk/X                        6      9     -3 (VIOLATED)
clkbuf_4_7_0_clk/X                        6      9     -3 (VIOLATED)
clkbuf_4_9_0_clk/X                        6      9     -3 (VIOLATED)
clkbuf_leaf_0_clk/X                       6      9     -3 (VIOLATED)
clkbuf_leaf_100_clk/X                     6      9     -3 (VIOLATED)
clkbuf_leaf_105_clk/X                     6      9     -3 (VIOLATED)
clkbuf_leaf_108_clk/X                     6      9     -3 (VIOLATED)
clkbuf_leaf_122_clk/X                     6      9     -3 (VIOLATED)
clkbuf_leaf_125_clk/X                     6      9     -3 (VIOLATED)
clkbuf_leaf_12_clk/X                      6      9     -3 (VIOLATED)
clkbuf_leaf_146_clk/X                     6      9     -3 (VIOLATED)
clkbuf_leaf_15_clk/X                      6      9     -3 (VIOLATED)
clkbuf_leaf_20_clk/X                      6      9     -3 (VIOLATED)
clkbuf_leaf_40_clk/X                      6      9     -3 (VIOLATED)
clkbuf_leaf_45_clk/X                      6      9     -3 (VIOLATED)
clkbuf_leaf_46_clk/X                      6      9     -3 (VIOLATED)
clkbuf_leaf_5_clk/X                       6      9     -3 (VIOLATED)
clkbuf_leaf_61_clk/X                      6      9     -3 (VIOLATED)
clkbuf_leaf_64_clk/X                      6      9     -3 (VIOLATED)
clkbuf_leaf_67_clk/X                      6      9     -3 (VIOLATED)
clkbuf_leaf_69_clk/X                      6      9     -3 (VIOLATED)
clkbuf_leaf_73_clk/X                      6      9     -3 (VIOLATED)
clkbuf_leaf_84_clk/X                      6      9     -3 (VIOLATED)
clkbuf_leaf_90_clk/X                      6      9     -3 (VIOLATED)
_09140_/X                                 6      8     -2 (VIOLATED)
_09146_/X                                 6      8     -2 (VIOLATED)
_09172_/X                                 6      8     -2 (VIOLATED)
_09225_/X                                 6      8     -2 (VIOLATED)
_09339_/X                                 6      8     -2 (VIOLATED)
_09345_/X                                 6      8     -2 (VIOLATED)
_09389_/X                                 6      8     -2 (VIOLATED)
_09567_/X                                 6      8     -2 (VIOLATED)
clkbuf_4_0_0_clk/X                        6      8     -2 (VIOLATED)
clkbuf_4_3_0_clk/X                        6      8     -2 (VIOLATED)
clkbuf_leaf_110_clk/X                     6      8     -2 (VIOLATED)
clkbuf_leaf_115_clk/X                     6      8     -2 (VIOLATED)
clkbuf_leaf_121_clk/X                     6      8     -2 (VIOLATED)
clkbuf_leaf_128_clk/X                     6      8     -2 (VIOLATED)
clkbuf_leaf_129_clk/X                     6      8     -2 (VIOLATED)
clkbuf_leaf_134_clk/X                     6      8     -2 (VIOLATED)
clkbuf_leaf_136_clk/X                     6      8     -2 (VIOLATED)
clkbuf_leaf_138_clk/X                     6      8     -2 (VIOLATED)
clkbuf_leaf_139_clk/X                     6      8     -2 (VIOLATED)
clkbuf_leaf_150_clk/X                     6      8     -2 (VIOLATED)
clkbuf_leaf_19_clk/X                      6      8     -2 (VIOLATED)
clkbuf_leaf_26_clk/X                      6      8     -2 (VIOLATED)
clkbuf_leaf_37_clk/X                      6      8     -2 (VIOLATED)
clkbuf_leaf_41_clk/X                      6      8     -2 (VIOLATED)
clkbuf_leaf_65_clk/X                      6      8     -2 (VIOLATED)
clkbuf_leaf_66_clk/X                      6      8     -2 (VIOLATED)
clkbuf_leaf_77_clk/X                      6      8     -2 (VIOLATED)
clkbuf_leaf_80_clk/X                      6      8     -2 (VIOLATED)
clkbuf_leaf_93_clk/X                      6      8     -2 (VIOLATED)
clkbuf_leaf_99_clk/X                      6      8     -2 (VIOLATED)
_07397_/X                                 6      7        (VIOLATED)
_07403_/X                                 6      7        (VIOLATED)
_07449_/X                                 6      7        (VIOLATED)
_07526_/X                                 6      7        (VIOLATED)
_07535_/X                                 6      7        (VIOLATED)
_07633_/X                                 6      7        (VIOLATED)
_07637_/X                                 6      7        (VIOLATED)
_07773_/X                                 6      7        (VIOLATED)
_08135_/X                                 6      7        (VIOLATED)
_09158_/X                                 6      7        (VIOLATED)
_09198_/X                                 6      7        (VIOLATED)
_09202_/X                                 6      7        (VIOLATED)
_09248_/X                                 6      7        (VIOLATED)
_09414_/X                                 6      7        (VIOLATED)
_09415_/X                                 6      7        (VIOLATED)
_09426_/X                                 6      7        (VIOLATED)
_09979_/X                                 6      7        (VIOLATED)
_10033_/X                                 6      7        (VIOLATED)
_11252_/Y                                 6      7        (VIOLATED)
_12256_/Y                                 6      7        (VIOLATED)
_14799_/Q                                 6      7        (VIOLATED)
_14802_/Q                                 6      7        (VIOLATED)
clkbuf_leaf_112_clk/X                     6      7        (VIOLATED)
clkbuf_leaf_135_clk/X                     6      7        (VIOLATED)
clkbuf_leaf_145_clk/X                     6      7        (VIOLATED)
clkbuf_leaf_27_clk/X                      6      7        (VIOLATED)
clkbuf_leaf_68_clk/X                      6      7        (VIOLATED)
clkbuf_leaf_70_clk/X                      6      7        (VIOLATED)
clkbuf_leaf_75_clk/X                      6      7        (VIOLATED)
clkbuf_leaf_76_clk/X                      6      7        (VIOLATED)
clkbuf_leaf_79_clk/X                      6      7        (VIOLATED)
clkbuf_leaf_82_clk/X                      6      7        (VIOLATED)
clkbuf_leaf_83_clk/X                      6      7        (VIOLATED)
clkbuf_leaf_91_clk/X                      6      7        (VIOLATED)



===========================================================================
report_parasitic_annotation -report_unannotated
============================================================================
Found 0 unannotated drivers.
Found 0 partially unannotated drivers.

===========================================================================
max slew violation count 61
max fanout violation count 188
max cap violation count 0
============================================================================

===========================================================================
check_setup -verbose -unconstrained_endpoints -multiple_clock -no_clock -no_input_delay -loops -generated_clocks
===========================================================================
