
===========================================================================
 report_power
============================================================================
======================= Fastest Corner ===================================

Group                  Internal  Switching    Leakage      Total
                          Power      Power      Power      Power (Watts)
----------------------------------------------------------------
Sequential             1.64e-02   1.09e-03   2.40e-08   1.75e-02  43.6%
Combinational          1.14e-02   1.12e-02   9.34e-08   2.27e-02  56.4%
Macro                  0.00e+00   0.00e+00   0.00e+00   0.00e+00   0.0%
Pad                    0.00e+00   0.00e+00   0.00e+00   0.00e+00   0.0%
----------------------------------------------------------------
Total                  2.79e-02   1.23e-02   1.17e-07   4.02e-02 100.0%
                          69.3%      30.7%       0.0%

======================= Slowest Corner ===================================

Group                  Internal  Switching    Leakage      Total
                          Power      Power      Power      Power (Watts)
----------------------------------------------------------------
Sequential             1.10e-02   7.07e-04   2.41e-05   1.18e-02  43.2%
Combinational          8.11e-03   7.30e-03   5.47e-05   1.55e-02  56.8%
Macro                  0.00e+00   0.00e+00   0.00e+00   0.00e+00   0.0%
Pad                    0.00e+00   0.00e+00   0.00e+00   0.00e+00   0.0%
----------------------------------------------------------------
Total                  1.91e-02   8.01e-03   7.88e-05   2.72e-02 100.0%
                          70.3%      29.4%       0.3%

======================= Typical Corner ===================================

Group                  Internal  Switching    Leakage      Total
                          Power      Power      Power      Power (Watts)
----------------------------------------------------------------
Sequential             1.42e-02   9.10e-04   1.38e-08   1.51e-02  43.7%
Combinational          1.00e-02   9.45e-03   4.82e-08   1.95e-02  56.3%
Macro                  0.00e+00   0.00e+00   0.00e+00   0.00e+00   0.0%
Pad                    0.00e+00   0.00e+00   0.00e+00   0.00e+00   0.0%
----------------------------------------------------------------
Total                  2.42e-02   1.04e-02   6.20e-08   3.46e-02 100.0%
                          70.0%      30.0%       0.0%

