%Warning-PINMISSING: /openlane/designs/my_processor/new_src/topModule.v:237:19: Cell has missing pin: 'debug_addr'
  237 |     register_bank regfile (
      |                   ^~~~~~~
                     ... For warning description see https://verilator.org/warn/PINMISSING?v=5.009
                     ... Use "/* verilator lint_off PINMISSING */" and lint_on around source to disable this message.
%Warning-PINMISSING: /openlane/designs/my_processor/new_src/topModule.v:237:19: Cell has missing pin: 'debug_data'
  237 |     register_bank regfile (
      |                   ^~~~~~~
%Warning-UNUSEDSIGNAL: /openlane/designs/my_processor/new_src/topModule.v:35:17: Signal is not used: 'RR_A1_sel'
                                                                               : ... In instance pipelined_processor
   35 |     wire        RR_A1_sel, RR_A2_sel, RR_Wr_En, MEM_Wr_En, pc_data_sel;
      |                 ^~~~~~~~~
%Warning-UNUSEDSIGNAL: /openlane/designs/my_processor/new_src/topModule.v:35:28: Signal is not used: 'RR_A2_sel'
                                                                               : ... In instance pipelined_processor
   35 |     wire        RR_A1_sel, RR_A2_sel, RR_Wr_En, MEM_Wr_En, pc_data_sel;
      |                            ^~~~~~~~~
%Warning-UNUSEDSIGNAL: /openlane/designs/my_processor/new_src/topModule.v:35:60: Signal is not used: 'pc_data_sel'
                                                                               : ... In instance pipelined_processor
   35 |     wire        RR_A1_sel, RR_A2_sel, RR_Wr_En, MEM_Wr_En, pc_data_sel;
      |                                                            ^~~~~~~~~~~
%Warning-UNUSEDSIGNAL: /openlane/designs/my_processor/new_src/topModule.v:41:17: Signal is not used: 'ctrl_from_id_rr'
                                                                               : ... In instance pipelined_processor
   41 |     wire [9:0]  ctrl_from_id_rr;
      |                 ^~~~~~~~~~~~~~~
%Warning-UNUSEDSIGNAL: /openlane/designs/my_processor/new_src/topModule.v:44:35: Signal is not driven, nor used: 'A3_addr'
                                                                               : ... In instance pipelined_processor
   44 |     wire [2:0]  A1_addr, A2_addr, A3_addr;
      |                                   ^~~~~~~
%Warning-UNUSEDSIGNAL: /openlane/designs/my_processor/new_src/topModule.v:48:17: Signal is not used: 'pc_from_rr_ex'
                                                                               : ... In instance pipelined_processor
   48 |     wire [15:0] pc_from_rr_ex, pc_next_from_rr_ex, ir_from_rr_ex;
      |                 ^~~~~~~~~~~~~
%Warning-UNUSEDSIGNAL: /openlane/designs/my_processor/new_src/topModule.v:51:17: Bits of signal are not used: 'ctrl_from_rr_ex'[4:2]
                                                                               : ... In instance pipelined_processor
   51 |     wire [9:0]  ctrl_from_rr_ex;
      |                 ^~~~~~~~~~~~~~~
%Warning-UNUSEDSIGNAL: /openlane/designs/my_processor/new_src/topModule.v:77:32: Signal is not used: 'ir_at_wb'
                                                                               : ... In instance pipelined_processor
   77 |     wire [15:0] rd_data_at_wb, ir_at_wb;
      |                                ^~~~~~~~
%Warning-UNUSEDSIGNAL: /openlane/designs/my_processor/new_src/topModule.v:204:44: Signal is not used: 'pc_data_sel_rr'
                                                                                : ... In instance pipelined_processor
  204 |     wire        RR_Wr_En_rr, MEM_Wr_En_rr, pc_data_sel_rr;
      |                                            ^~~~~~~~~~~~~~
%Warning-UNUSEDSIGNAL: /openlane/designs/my_processor/new_src/aluCtrl.v:6:19: Bits of signal are not used: 'instr'[11:2]
                                                                            : ... In instance pipelined_processor.actl
    6 |     input  [15:0] instr,
      |                   ^~~~~
%Warning-UNUSEDSIGNAL: /openlane/designs/my_processor/new_src/ctrlUnit.v:17:18: Signal is not used: 'ir_lsb_2'
                                                                              : ... In instance pipelined_processor.ctrl_dec_rr
   17 |     input  [1:0] ir_lsb_2,           
      |                  ^~~~~~~~
%Warning-UNUSEDSIGNAL: /openlane/designs/my_processor/new_src/dataMem.v:7:19: Bits of signal are not used: 'mem_access_addr'[15:6]
                                                                            : ... In instance pipelined_processor.dmem
    7 |     input  [15:0] mem_access_addr,
      |                   ^~~~~~~~~~~~~~~
%Warning-UNUSEDSIGNAL: /openlane/designs/my_processor/new_src/InstrMem.v:12:24: Signal is not used: 'reset'
                                                                              : ... In instance pipelined_processor.imem
   12 |     input         clk, reset,
      |                        ^~~~~
