
76. Executing CHECK pass (checking for obvious problems).
Checking module pipelined_processor...
Warning: Wire pipelined_processor.\zero_flag_port is used but has no driver.
Warning: Wire pipelined_processor.\processor_running is used but has no driver.
Warning: Wire pipelined_processor.\pc_out_port [15] is used but has no driver.
Warning: Wire pipelined_processor.\pc_out_port [14] is used but has no driver.
Warning: Wire pipelined_processor.\pc_out_port [13] is used but has no driver.
Warning: Wire pipelined_processor.\pc_out_port [12] is used but has no driver.
Warning: Wire pipelined_processor.\pc_out_port [11] is used but has no driver.
Warning: Wire pipelined_processor.\pc_out_port [10] is used but has no driver.
Warning: Wire pipelined_processor.\pc_out_port [9] is used but has no driver.
Warning: Wire pipelined_processor.\pc_out_port [8] is used but has no driver.
Warning: Wire pipelined_processor.\pc_out_port [7] is used but has no driver.
Warning: Wire pipelined_processor.\pc_out_port [6] is used but has no driver.
Warning: Wire pipelined_processor.\pc_out_port [5] is used but has no driver.
Warning: Wire pipelined_processor.\pc_out_port [4] is used but has no driver.
Warning: Wire pipelined_processor.\pc_out_port [3] is used but has no driver.
Warning: Wire pipelined_processor.\pc_out_port [2] is used but has no driver.
Warning: Wire pipelined_processor.\pc_out_port [1] is used but has no driver.
Warning: Wire pipelined_processor.\pc_out_port [0] is used but has no driver.
Warning: Wire pipelined_processor.\ir_port [15] is used but has no driver.
Warning: Wire pipelined_processor.\ir_port [14] is used but has no driver.
Warning: Wire pipelined_processor.\ir_port [13] is used but has no driver.
Warning: Wire pipelined_processor.\ir_port [12] is used but has no driver.
Warning: Wire pipelined_processor.\ir_port [11] is used but has no driver.
Warning: Wire pipelined_processor.\ir_port [10] is used but has no driver.
Warning: Wire pipelined_processor.\ir_port [9] is used but has no driver.
Warning: Wire pipelined_processor.\ir_port [8] is used but has no driver.
Warning: Wire pipelined_processor.\ir_port [7] is used but has no driver.
Warning: Wire pipelined_processor.\ir_port [6] is used but has no driver.
Warning: Wire pipelined_processor.\ir_port [5] is used but has no driver.
Warning: Wire pipelined_processor.\ir_port [4] is used but has no driver.
Warning: Wire pipelined_processor.\ir_port [3] is used but has no driver.
Warning: Wire pipelined_processor.\ir_port [2] is used but has no driver.
Warning: Wire pipelined_processor.\ir_port [1] is used but has no driver.
Warning: Wire pipelined_processor.\ir_port [0] is used but has no driver.
Warning: Wire pipelined_processor.\debug_reg_data [15] is used but has no driver.
Warning: Wire pipelined_processor.\debug_reg_data [14] is used but has no driver.
Warning: Wire pipelined_processor.\debug_reg_data [13] is used but has no driver.
Warning: Wire pipelined_processor.\debug_reg_data [12] is used but has no driver.
Warning: Wire pipelined_processor.\debug_reg_data [11] is used but has no driver.
Warning: Wire pipelined_processor.\debug_reg_data [10] is used but has no driver.
Warning: Wire pipelined_processor.\debug_reg_data [9] is used but has no driver.
Warning: Wire pipelined_processor.\debug_reg_data [8] is used but has no driver.
Warning: Wire pipelined_processor.\debug_reg_data [7] is used but has no driver.
Warning: Wire pipelined_processor.\debug_reg_data [6] is used but has no driver.
Warning: Wire pipelined_processor.\debug_reg_data [5] is used but has no driver.
Warning: Wire pipelined_processor.\debug_reg_data [4] is used but has no driver.
Warning: Wire pipelined_processor.\debug_reg_data [3] is used but has no driver.
Warning: Wire pipelined_processor.\debug_reg_data [2] is used but has no driver.
Warning: Wire pipelined_processor.\debug_reg_data [1] is used but has no driver.
Warning: Wire pipelined_processor.\debug_reg_data [0] is used but has no driver.
Warning: Wire pipelined_processor.\debug_mem_data [15] is used but has no driver.
Warning: Wire pipelined_processor.\debug_mem_data [14] is used but has no driver.
Warning: Wire pipelined_processor.\debug_mem_data [13] is used but has no driver.
Warning: Wire pipelined_processor.\debug_mem_data [12] is used but has no driver.
Warning: Wire pipelined_processor.\debug_mem_data [11] is used but has no driver.
Warning: Wire pipelined_processor.\debug_mem_data [10] is used but has no driver.
Warning: Wire pipelined_processor.\debug_mem_data [9] is used but has no driver.
Warning: Wire pipelined_processor.\debug_mem_data [8] is used but has no driver.
Warning: Wire pipelined_processor.\debug_mem_data [7] is used but has no driver.
Warning: Wire pipelined_processor.\debug_mem_data [6] is used but has no driver.
Warning: Wire pipelined_processor.\debug_mem_data [5] is used but has no driver.
Warning: Wire pipelined_processor.\debug_mem_data [4] is used but has no driver.
Warning: Wire pipelined_processor.\debug_mem_data [3] is used but has no driver.
Warning: Wire pipelined_processor.\debug_mem_data [2] is used but has no driver.
Warning: Wire pipelined_processor.\debug_mem_data [1] is used but has no driver.
Warning: Wire pipelined_processor.\debug_mem_data [0] is used but has no driver.
Warning: Wire pipelined_processor.\carry_flag_port is used but has no driver.
Found and reported 67 problems.
