Partial/Required:  2.58, Required:    400.0, Partial:  1032.38, Net: _01838_, Pin: _06987_/S, Layer: met3
Partial/Required:  2.31, Required:    400.0, Partial:   925.18, Net: net38, Pin: output38/A, Layer: met1
Partial/Required:  1.18, Required:    400.0, Partial:   473.41, Net: _02107_, Pin: _07500_/A1, Layer: met3
Partial/Required:  1.17, Required:    400.0, Partial:   469.62, Net: net76, Pin: output76/A, Layer: met1
Partial/Required:  1.16, Required:    400.0, Partial:   463.06, Net: net6, Pin: _07798_/A, Layer: met3
Partial/Required:  1.16, Required:    400.0, Partial:   463.06, Net: net6, Pin: _07745_/A, Layer: met3
Partial/Required:  1.16, Required:    400.0, Partial:   463.06, Net: net6, Pin: _07179_/A, Layer: met3
Partial/Required:  1.11, Required:    400.0, Partial:   445.39, Net: _01098_, Pin: _14594_/D, Layer: met2
Partial/Required:  1.10, Required:    400.0, Partial:   438.63, Net: _03243_, Pin: _08961_/A1, Layer: met3
Partial/Required:  1.10, Required:    400.0, Partial:   438.63, Net: _03243_, Pin: _08809_/A1, Layer: met3
Partial/Required:  1.04, Required:    400.0, Partial:   415.67, Net: _01884_, Pin: _07701_/A, Layer: met1
