
===========================================================================
 report_power
============================================================================
======================= Fastest Corner ===================================

Group                  Internal  Switching    Leakage      Total
                          Power      Power      Power      Power (Watts)
----------------------------------------------------------------
Sequential             2.37e-03   2.50e-04   2.68e-08   2.62e-03  31.6%
Combinational          2.63e-03   3.03e-03   1.16e-07   5.66e-03  68.4%
Macro                  0.00e+00   0.00e+00   0.00e+00   0.00e+00   0.0%
Pad                    0.00e+00   0.00e+00   0.00e+00   0.00e+00   0.0%
----------------------------------------------------------------
Total                  5.00e-03   3.28e-03   1.43e-07   8.28e-03 100.0%
                          60.3%      39.7%       0.0%

======================= Slowest Corner ===================================

Group                  Internal  Switching    Leakage      Total
                          Power      Power      Power      Power (Watts)
----------------------------------------------------------------
Sequential             1.59e-03   1.62e-04   2.67e-05   1.78e-03  31.2%
Combinational          1.87e-03   1.99e-03   5.80e-05   3.92e-03  68.8%
Macro                  0.00e+00   0.00e+00   0.00e+00   0.00e+00   0.0%
Pad                    0.00e+00   0.00e+00   0.00e+00   0.00e+00   0.0%
----------------------------------------------------------------
Total                  3.46e-03   2.16e-03   8.47e-05   5.71e-03 100.0%
                          60.7%      37.8%       1.5%

======================= Typical Corner ===================================

Group                  Internal  Switching    Leakage      Total
                          Power      Power      Power      Power (Watts)
----------------------------------------------------------------
Sequential             2.04e-03   2.09e-04   1.54e-08   2.25e-03  31.6%
Combinational          2.32e-03   2.56e-03   5.91e-08   4.88e-03  68.4%
Macro                  0.00e+00   0.00e+00   0.00e+00   0.00e+00   0.0%
Pad                    0.00e+00   0.00e+00   0.00e+00   0.00e+00   0.0%
----------------------------------------------------------------
Total                  4.36e-03   2.77e-03   7.45e-08   7.13e-03 100.0%
                          61.2%      38.8%       0.0%

