OpenROAD 41a51eaf4ca2171c92ff38afb91eb37bbd3f36da 
This program is licensed under the BSD-3 license. See the LICENSE file for details.
Components of this program may be licensed under more restrictive licenses which must be honored.
[INFO]: Reading ODB at '/openlane/designs/my_processor/runs/RUN_2026.05.08_08.36.28/tmp/routing/22-fill.odb'…
define_corners Typical
read_liberty -corner Typical /home/kushagra/.ciel/sky130A/libs.ref/sky130_fd_sc_hd/lib/sky130_fd_sc_hd__tt_025C_1v80.lib
Using 1e-12 for capacitance...
Using 1e+03 for resistance...
Using 1e-09 for time...
Using 1e+00 for voltage...
Using 1e-03 for current...
Using 1e-09 for power...
Using 1e-06 for distance...
Reading design constraints file at '/openlane/designs/my_processor/runs/RUN_2026.05.08_08.36.28/tmp/17-pipelined_processor.sdc'…
[INFO ORD-0030] Using 2 thread(s).
[INFO DRT-0149] Reading tech and libs.

Units:                1000
Number of layers:     13
Number of macros:     441
Number of vias:       25
Number of viarulegen: 25

[INFO DRT-0150] Reading design.

Design:                   pipelined_processor
Die area:                 ( 0 0 ) ( 430210 440930 )
Number of track patterns: 12
Number of DEF vias:       0
Number of components:     22717
Number of terminals:      84
Number of snets:          2
Number of nets:           10562

[INFO DRT-0167] List of default vias:
  Layer mcon
    default via: L1M1_PR
  Layer via
    default via: M1M2_PR
  Layer via2
    default via: M2M3_PR
  Layer via3
    default via: M3M4_PR
  Layer via4
    default via: M4M5_PR
[INFO DRT-0162] Library cell analysis.
[INFO DRT-0163] Instance analysis.
  Complete 10000 instances.
  Complete 20000 instances.
[INFO DRT-0164] Number of unique instances = 247.
[INFO DRT-0168] Init region query.
[INFO DRT-0018]   Complete 10000 insts.
[INFO DRT-0018]   Complete 20000 insts.
[INFO DRT-0024]   Complete FR_MASTERSLICE.
[INFO DRT-0024]   Complete licon.
[INFO DRT-0024]   Complete li1.
[INFO DRT-0024]   Complete mcon.
[INFO DRT-0024]   Complete met1.
[INFO DRT-0024]   Complete via.
[INFO DRT-0024]   Complete met2.
[INFO DRT-0024]   Complete via2.
[INFO DRT-0024]   Complete met3.
[INFO DRT-0024]   Complete via3.
[INFO DRT-0024]   Complete met4.
[INFO DRT-0024]   Complete via4.
[INFO DRT-0024]   Complete met5.
[INFO DRT-0033] FR_MASTERSLICE shape region query size = 0.
[INFO DRT-0033] licon shape region query size = 0.
[INFO DRT-0033] li1 shape region query size = 390912.
[INFO DRT-0033] mcon shape region query size = 43992.
[INFO DRT-0033] met1 shape region query size = 78979.
[INFO DRT-0033] via shape region query size = 2325.
[INFO DRT-0033] met2 shape region query size = 1437.
[INFO DRT-0033] via2 shape region query size = 1860.
[INFO DRT-0033] met3 shape region query size = 1435.
[INFO DRT-0033] via3 shape region query size = 1860.
[INFO DRT-0033] met4 shape region query size = 495.
[INFO DRT-0033] via4 shape region query size = 18.
[INFO DRT-0033] met5 shape region query size = 30.
[INFO DRT-0165] Start pin access.
[INFO DRT-0076]   Complete 100 pins.
[INFO DRT-0076]   Complete 200 pins.
[INFO DRT-0076]   Complete 300 pins.
[INFO DRT-0076]   Complete 400 pins.
[INFO DRT-0076]   Complete 500 pins.
[INFO DRT-0076]   Complete 600 pins.
[INFO DRT-0076]   Complete 700 pins.
[INFO DRT-0076]   Complete 800 pins.
[INFO DRT-0076]   Complete 900 pins.
[INFO DRT-0078]   Complete 916 pins.
[INFO DRT-0079]   Complete 100 unique inst patterns.
[INFO DRT-0079]   Complete 200 unique inst patterns.
[INFO DRT-0081]   Complete 229 unique inst patterns.
[INFO DRT-0082]   Complete 1000 groups.
[INFO DRT-0082]   Complete 2000 groups.
[INFO DRT-0082]   Complete 3000 groups.
[INFO DRT-0082]   Complete 4000 groups.
[INFO DRT-0082]   Complete 5000 groups.
[INFO DRT-0084]   Complete 5783 groups.
#scanned instances     = 22717
#unique  instances     = 247
#stdCellGenAp          = 6620
#stdCellValidPlanarAp  = 61
#stdCellValidViaAp     = 5149
#stdCellPinNoAp        = 0
#stdCellPinCnt         = 33423
#instTermValidViaApCnt = 0
#macroGenAp            = 0
#macroValidPlanarAp    = 0
#macroValidViaAp       = 0
#macroNoAp             = 0
[INFO DRT-0166] Complete pin access.
[INFO DRT-0267] cpu time = 00:02:08, elapsed time = 00:01:04, memory = 230.44 (MB), peak = 237.86 (MB)

Number of guides:     84488

[INFO DRT-0169] Post process guides.
[INFO DRT-0176] GCELLGRID X 0 DO 62 STEP 6900 ;
[INFO DRT-0177] GCELLGRID Y 0 DO 63 STEP 6900 ;
[INFO DRT-0026]   Complete 10000 origin guides.
[INFO DRT-0026]   Complete 20000 origin guides.
[INFO DRT-0026]   Complete 30000 origin guides.
[INFO DRT-0026]   Complete 40000 origin guides.
[INFO DRT-0026]   Complete 50000 origin guides.
[INFO DRT-0026]   Complete 60000 origin guides.
[INFO DRT-0026]   Complete 70000 origin guides.
[INFO DRT-0026]   Complete 80000 origin guides.
[INFO DRT-0028]   Complete FR_MASTERSLICE.
[INFO DRT-0028]   Complete licon.
[INFO DRT-0028]   Complete li1.
[INFO DRT-0028]   Complete mcon.
[INFO DRT-0028]   Complete met1.
[INFO DRT-0028]   Complete via.
[INFO DRT-0028]   Complete met2.
[INFO DRT-0028]   Complete via2.
[INFO DRT-0028]   Complete met3.
[INFO DRT-0028]   Complete via3.
[INFO DRT-0028]   Complete met4.
[INFO DRT-0028]   Complete via4.
[INFO DRT-0028]   Complete met5.
  complete 10000 nets.
[INFO DRT-0178] Init guide query.
[INFO DRT-0029]   Complete 10000 nets (guide).
[INFO DRT-0035]   Complete FR_MASTERSLICE (guide).
[INFO DRT-0035]   Complete licon (guide).
[INFO DRT-0035]   Complete li1 (guide).
[INFO DRT-0035]   Complete mcon (guide).
[INFO DRT-0035]   Complete met1 (guide).
[INFO DRT-0035]   Complete via (guide).
[INFO DRT-0035]   Complete met2 (guide).
[INFO DRT-0035]   Complete via2 (guide).
[INFO DRT-0035]   Complete met3 (guide).
[INFO DRT-0035]   Complete via3 (guide).
[INFO DRT-0035]   Complete met4 (guide).
[INFO DRT-0035]   Complete via4 (guide).
[INFO DRT-0035]   Complete met5 (guide).
[INFO DRT-0036] FR_MASTERSLICE guide region query size = 0.
[INFO DRT-0036] licon guide region query size = 0.
[INFO DRT-0036] li1 guide region query size = 28372.
[INFO DRT-0036] mcon guide region query size = 0.
[INFO DRT-0036] met1 guide region query size = 22695.
[INFO DRT-0036] via guide region query size = 0.
[INFO DRT-0036] met2 guide region query size = 12693.
[INFO DRT-0036] via2 guide region query size = 0.
[INFO DRT-0036] met3 guide region query size = 2300.
[INFO DRT-0036] via3 guide region query size = 0.
[INFO DRT-0036] met4 guide region query size = 846.
[INFO DRT-0036] via4 guide region query size = 0.
[INFO DRT-0036] met5 guide region query size = 40.
[INFO DRT-0179] Init gr pin query.
[INFO DRT-0245] skipped writing guide updates to database.
[INFO DRT-0185] Post process initialize RPin region query.
[INFO DRT-0181] Start track assignment.
[INFO DRT-0184] Done with 41911 vertical wires in 2 frboxes and 25035 horizontal wires in 2 frboxes.
[INFO DRT-0186] Done with 5259 vertical wires in 2 frboxes and 8982 horizontal wires in 2 frboxes.
[INFO DRT-0182] Complete track assignment.
[INFO DRT-0267] cpu time = 00:00:05, elapsed time = 00:00:04, memory = 362.44 (MB), peak = 362.44 (MB)
[INFO DRT-0187] Start routing data preparation.
[INFO DRT-0267] cpu time = 00:00:00, elapsed time = 00:00:00, memory = 362.44 (MB), peak = 362.44 (MB)
[INFO DRT-0194] Start detail routing.
[INFO DRT-0195] Start 0th optimization iteration.
    Completing 10% with 0 violations.
    elapsed time = 00:00:08, memory = 545.82 (MB).
    Completing 20% with 0 violations.
    elapsed time = 00:00:28, memory = 790.55 (MB).
    Completing 30% with 0 violations.
    elapsed time = 00:00:34, memory = 923.03 (MB).
    Completing 40% with 1889 violations.
    elapsed time = 00:00:51, memory = 777.97 (MB).
    Completing 50% with 1889 violations.
    elapsed time = 00:01:07, memory = 877.07 (MB).
    Completing 60% with 3877 violations.
    elapsed time = 00:01:14, memory = 699.36 (MB).
    Completing 70% with 3877 violations.
    elapsed time = 00:01:38, memory = 858.69 (MB).
    Completing 80% with 3877 violations.
    elapsed time = 00:01:55, memory = 920.06 (MB).
    Completing 90% with 5810 violations.
    elapsed time = 00:02:15, memory = 832.36 (MB).
    Completing 100% with 7430 violations.
    elapsed time = 00:02:37, memory = 643.05 (MB).
[INFO DRT-0199]   Number of violations = 9188.
Viol/Layer         li1   mcon   met1    via   met2   met3   met4
Cut Spacing          0      1      0      0      0      0      0
Metal Spacing       66      0   1043      0    301     17      4
Min Hole             0      0      3      0      0      0      0
NS Metal             2      0      0      0      0      0      0
Recheck              0      0    933      0    603    164     58
Short                0      0   5075      2    853     54      9
[INFO DRT-0267] cpu time = 00:05:08, elapsed time = 00:02:38, memory = 707.68 (MB), peak = 938.32 (MB)
Total wire length = 410007 um.
Total wire length on LAYER li1 = 0 um.
Total wire length on LAYER met1 = 158981 um.
Total wire length on LAYER met2 = 156990 um.
Total wire length on LAYER met3 = 58685 um.
Total wire length on LAYER met4 = 32312 um.
Total wire length on LAYER met5 = 3038 um.
Total number of vias = 76986.
Up-via summary (total 76986):.

------------------------
 FR_MASTERSLICE        0
            li1    33489
           met1    38228
           met2     3784
           met3     1419
           met4       66
------------------------
                   76986


[INFO DRT-0195] Start 1st optimization iteration.
    Completing 10% with 9188 violations.
    elapsed time = 00:00:06, memory = 816.80 (MB).
    Completing 20% with 9188 violations.
    elapsed time = 00:00:27, memory = 975.39 (MB).
    Completing 30% with 7994 violations.
    elapsed time = 00:00:38, memory = 771.33 (MB).
    Completing 40% with 7994 violations.
    elapsed time = 00:00:58, memory = 893.58 (MB).
    Completing 50% with 7994 violations.
    elapsed time = 00:01:10, memory = 1039.32 (MB).
    Completing 60% with 7159 violations.
    elapsed time = 00:01:23, memory = 861.76 (MB).
    Completing 70% with 7159 violations.
    elapsed time = 00:01:48, memory = 1028.39 (MB).
    Completing 80% with 6358 violations.
    elapsed time = 00:01:55, memory = 813.70 (MB).
    Completing 90% with 6358 violations.
    elapsed time = 00:02:26, memory = 971.39 (MB).
    Completing 100% with 5277 violations.
    elapsed time = 00:02:34, memory = 1011.52 (MB).
[INFO DRT-0199]   Number of violations = 9375.
Viol/Layer        mcon   met1    via   met2   met3   met4
Cut Spacing          2      0      0      0      0      0
Metal Spacing        0    662      0    174     14      1
Min Hole             0      2      0      0      0      0
Recheck              0      0      0      0   3640    458
Short                0   3953      1    453     14      1
[INFO DRT-0267] cpu time = 00:05:01, elapsed time = 00:02:35, memory = 1011.52 (MB), peak = 1067.07 (MB)
Total wire length = 406744 um.
Total wire length on LAYER li1 = 0 um.
Total wire length on LAYER met1 = 157432 um.
Total wire length on LAYER met2 = 155523 um.
Total wire length on LAYER met3 = 58910 um.
Total wire length on LAYER met4 = 31991 um.
Total wire length on LAYER met5 = 2886 um.
Total number of vias = 76417.
Up-via summary (total 76417):.

------------------------
 FR_MASTERSLICE        0
            li1    33485
           met1    37610
           met2     3894
           met3     1372
           met4       56
------------------------
                   76417


[INFO DRT-0195] Start 2nd optimization iteration.
    Completing 10% with 9375 violations.
    elapsed time = 00:00:03, memory = 768.39 (MB).
    Completing 20% with 9375 violations.
    elapsed time = 00:00:26, memory = 922.42 (MB).
    Completing 30% with 7193 violations.
    elapsed time = 00:00:37, memory = 738.95 (MB).
    Completing 40% with 7193 violations.
    elapsed time = 00:00:55, memory = 897.20 (MB).
    Completing 50% with 7193 violations.
    elapsed time = 00:01:13, memory = 1009.56 (MB).
    Completing 60% with 6901 violations.
    elapsed time = 00:01:25, memory = 817.07 (MB).
    Completing 70% with 6901 violations.
    elapsed time = 00:01:47, memory = 951.32 (MB).
    Completing 80% with 5366 violations.
    elapsed time = 00:01:54, memory = 751.16 (MB).
    Completing 90% with 5366 violations.
    elapsed time = 00:02:20, memory = 901.10 (MB).
    Completing 100% with 4999 violations.
    elapsed time = 00:02:31, memory = 698.91 (MB).
[INFO DRT-0199]   Number of violations = 5898.
Viol/Layer        mcon   met1   met2   met3   met4
Cut Spacing          3      0      0      0      0
Metal Spacing        0    627    154      8      2
Recheck              0    321      0    578      0
Short                0   3790    397     16      2
[INFO DRT-0267] cpu time = 00:04:56, elapsed time = 00:02:32, memory = 728.41 (MB), peak = 1067.07 (MB)
Total wire length = 405556 um.
Total wire length on LAYER li1 = 0 um.
Total wire length on LAYER met1 = 157149 um.
Total wire length on LAYER met2 = 155171 um.
Total wire length on LAYER met3 = 58736 um.
Total wire length on LAYER met4 = 31653 um.
Total wire length on LAYER met5 = 2845 um.
Total number of vias = 76200.
Up-via summary (total 76200):.

------------------------
 FR_MASTERSLICE        0
            li1    33485
           met1    37463
           met2     3869
           met3     1330
           met4       53
------------------------
                   76200


[INFO DRT-0195] Start 3rd optimization iteration.
    Completing 10% with 5898 violations.
    elapsed time = 00:00:10, memory = 830.03 (MB).
    Completing 20% with 5898 violations.
    elapsed time = 00:00:36, memory = 960.61 (MB).
    Completing 30% with 5898 violations.
    elapsed time = 00:00:43, memory = 991.98 (MB).
    Completing 40% with 4898 violations.
    elapsed time = 00:01:03, memory = 901.87 (MB).
    Completing 50% with 4898 violations.
    elapsed time = 00:01:15, memory = 990.91 (MB).
    Completing 60% with 3268 violations.
    elapsed time = 00:01:23, memory = 799.11 (MB).
    Completing 70% with 3268 violations.
    elapsed time = 00:01:41, memory = 877.94 (MB).
    Completing 80% with 3268 violations.
    elapsed time = 00:01:54, memory = 1003.10 (MB).
    Completing 90% with 1878 violations.
    elapsed time = 00:02:05, memory = 885.87 (MB).
    Completing 100% with 988 violations.
    elapsed time = 00:02:26, memory = 715.67 (MB).
[INFO DRT-0199]   Number of violations = 988.
Viol/Layer        mcon   met1    via   met2   met3
Cut Spacing          1      0      2      0      0
Metal Spacing        0    215      0     78      1
Short                0    615      1     75      0
[INFO DRT-0267] cpu time = 00:04:43, elapsed time = 00:02:26, memory = 730.04 (MB), peak = 1067.07 (MB)
Total wire length = 405215 um.
Total wire length on LAYER li1 = 0 um.
Total wire length on LAYER met1 = 146215 um.
Total wire length on LAYER met2 = 154264 um.
Total wire length on LAYER met3 = 68752 um.
Total wire length on LAYER met4 = 33144 um.
Total wire length on LAYER met5 = 2838 um.
Total number of vias = 78363.
Up-via summary (total 78363):.

------------------------
 FR_MASTERSLICE        0
            li1    33485
           met1    38109
           met2     5231
           met3     1485
           met4       53
------------------------
                   78363


[INFO DRT-0195] Start 4th optimization iteration.
    Completing 10% with 988 violations.
    elapsed time = 00:00:03, memory = 773.67 (MB).
    Completing 20% with 988 violations.
    elapsed time = 00:00:08, memory = 886.04 (MB).
    Completing 30% with 812 violations.
    elapsed time = 00:00:10, memory = 715.71 (MB).
    Completing 40% with 812 violations.
    elapsed time = 00:00:12, memory = 791.63 (MB).
    Completing 50% with 812 violations.
    elapsed time = 00:00:16, memory = 911.12 (MB).
    Completing 60% with 620 violations.
    elapsed time = 00:00:16, memory = 715.68 (MB).
    Completing 70% with 620 violations.
    elapsed time = 00:00:23, memory = 903.86 (MB).
    Completing 80% with 371 violations.
    elapsed time = 00:00:29, memory = 715.76 (MB).
    Completing 90% with 371 violations.
    elapsed time = 00:00:34, memory = 868.01 (MB).
    Completing 100% with 99 violations.
    elapsed time = 00:00:38, memory = 715.62 (MB).
[INFO DRT-0199]   Number of violations = 99.
Viol/Layer        met1   met2
Metal Spacing       26     24
Short               34     15
[INFO DRT-0267] cpu time = 00:01:15, elapsed time = 00:00:39, memory = 718.38 (MB), peak = 1067.07 (MB)
Total wire length = 405227 um.
Total wire length on LAYER li1 = 0 um.
Total wire length on LAYER met1 = 145558 um.
Total wire length on LAYER met2 = 154123 um.
Total wire length on LAYER met3 = 69396 um.
Total wire length on LAYER met4 = 33310 um.
Total wire length on LAYER met5 = 2838 um.
Total number of vias = 78478.
Up-via summary (total 78478):.

------------------------
 FR_MASTERSLICE        0
            li1    33485
           met1    38142
           met2     5302
           met3     1496
           met4       53
------------------------
                   78478


[INFO DRT-0195] Start 5th optimization iteration.
    Completing 10% with 99 violations.
    elapsed time = 00:00:00, memory = 718.38 (MB).
    Completing 20% with 99 violations.
    elapsed time = 00:00:00, memory = 768.12 (MB).
    Completing 30% with 94 violations.
    elapsed time = 00:00:01, memory = 715.83 (MB).
    Completing 40% with 94 violations.
    elapsed time = 00:00:02, memory = 771.21 (MB).
    Completing 50% with 94 violations.
    elapsed time = 00:00:02, memory = 771.21 (MB).
    Completing 60% with 86 violations.
    elapsed time = 00:00:03, memory = 776.71 (MB).
    Completing 70% with 86 violations.
    elapsed time = 00:00:05, memory = 867.71 (MB).
    Completing 80% with 63 violations.
    elapsed time = 00:00:05, memory = 716.88 (MB).
    Completing 90% with 63 violations.
    elapsed time = 00:00:06, memory = 770.88 (MB).
    Completing 100% with 24 violations.
    elapsed time = 00:00:10, memory = 716.55 (MB).
[INFO DRT-0199]   Number of violations = 24.
Viol/Layer        met1   met2
Metal Spacing        1      4
Short               19      0
[INFO DRT-0267] cpu time = 00:00:19, elapsed time = 00:00:10, memory = 716.55 (MB), peak = 1067.07 (MB)
Total wire length = 405213 um.
Total wire length on LAYER li1 = 0 um.
Total wire length on LAYER met1 = 145510 um.
Total wire length on LAYER met2 = 153988 um.
Total wire length on LAYER met3 = 69453 um.
Total wire length on LAYER met4 = 33423 um.
Total wire length on LAYER met5 = 2838 um.
Total number of vias = 78484.
Up-via summary (total 78484):.

------------------------
 FR_MASTERSLICE        0
            li1    33485
           met1    38124
           met2     5319
           met3     1503
           met4       53
------------------------
                   78484


[INFO DRT-0195] Start 6th optimization iteration.
    Completing 10% with 24 violations.
    elapsed time = 00:00:00, memory = 716.55 (MB).
    Completing 20% with 24 violations.
    elapsed time = 00:00:00, memory = 716.55 (MB).
    Completing 30% with 24 violations.
    elapsed time = 00:00:00, memory = 716.55 (MB).
    Completing 40% with 24 violations.
    elapsed time = 00:00:00, memory = 716.55 (MB).
    Completing 50% with 24 violations.
    elapsed time = 00:00:00, memory = 716.55 (MB).
    Completing 60% with 24 violations.
    elapsed time = 00:00:00, memory = 716.55 (MB).
    Completing 70% with 24 violations.
    elapsed time = 00:00:00, memory = 716.55 (MB).
    Completing 80% with 24 violations.
    elapsed time = 00:00:00, memory = 716.55 (MB).
    Completing 90% with 24 violations.
    elapsed time = 00:00:00, memory = 716.55 (MB).
    Completing 100% with 1 violations.
    elapsed time = 00:00:02, memory = 716.48 (MB).
[INFO DRT-0199]   Number of violations = 1.
Viol/Layer        met1
Short                1
[INFO DRT-0267] cpu time = 00:00:02, elapsed time = 00:00:02, memory = 716.48 (MB), peak = 1067.07 (MB)
Total wire length = 405216 um.
Total wire length on LAYER li1 = 0 um.
Total wire length on LAYER met1 = 145517 um.
Total wire length on LAYER met2 = 153990 um.
Total wire length on LAYER met3 = 69447 um.
Total wire length on LAYER met4 = 33423 um.
Total wire length on LAYER met5 = 2838 um.
Total number of vias = 78486.
Up-via summary (total 78486):.

------------------------
 FR_MASTERSLICE        0
            li1    33485
           met1    38126
           met2     5319
           met3     1503
           met4       53
------------------------
                   78486


[INFO DRT-0195] Start 7th optimization iteration.
    Completing 10% with 1 violations.
    elapsed time = 00:00:00, memory = 716.48 (MB).
    Completing 20% with 1 violations.
    elapsed time = 00:00:00, memory = 716.48 (MB).
    Completing 30% with 1 violations.
    elapsed time = 00:00:00, memory = 716.48 (MB).
    Completing 40% with 1 violations.
    elapsed time = 00:00:00, memory = 716.48 (MB).
    Completing 50% with 1 violations.
    elapsed time = 00:00:00, memory = 775.86 (MB).
    Completing 60% with 1 violations.
    elapsed time = 00:00:00, memory = 716.75 (MB).
    Completing 70% with 1 violations.
    elapsed time = 00:00:00, memory = 716.75 (MB).
    Completing 80% with 1 violations.
    elapsed time = 00:00:00, memory = 716.75 (MB).
    Completing 90% with 1 violations.
    elapsed time = 00:00:00, memory = 716.75 (MB).
    Completing 100% with 1 violations.
    elapsed time = 00:00:00, memory = 716.75 (MB).
[INFO DRT-0199]   Number of violations = 1.
Viol/Layer        met1
Short                1
[INFO DRT-0267] cpu time = 00:00:00, elapsed time = 00:00:00, memory = 716.75 (MB), peak = 1067.07 (MB)
Total wire length = 405217 um.
Total wire length on LAYER li1 = 0 um.
Total wire length on LAYER met1 = 145519 um.
Total wire length on LAYER met2 = 153989 um.
Total wire length on LAYER met3 = 69447 um.
Total wire length on LAYER met4 = 33423 um.
Total wire length on LAYER met5 = 2838 um.
Total number of vias = 78486.
Up-via summary (total 78486):.

------------------------
 FR_MASTERSLICE        0
            li1    33485
           met1    38126
           met2     5319
           met3     1503
           met4       53
------------------------
                   78486


[INFO DRT-0195] Start 8th optimization iteration.
    Completing 10% with 1 violations.
    elapsed time = 00:00:00, memory = 716.75 (MB).
    Completing 20% with 1 violations.
    elapsed time = 00:00:00, memory = 716.75 (MB).
    Completing 30% with 1 violations.
    elapsed time = 00:00:00, memory = 716.75 (MB).
    Completing 40% with 1 violations.
    elapsed time = 00:00:00, memory = 716.75 (MB).
    Completing 50% with 1 violations.
    elapsed time = 00:00:00, memory = 716.75 (MB).
    Completing 60% with 1 violations.
    elapsed time = 00:00:00, memory = 716.75 (MB).
    Completing 70% with 1 violations.
    elapsed time = 00:00:00, memory = 716.75 (MB).
    Completing 80% with 1 violations.
    elapsed time = 00:00:00, memory = 716.75 (MB).
    Completing 90% with 1 violations.
    elapsed time = 00:00:00, memory = 716.75 (MB).
    Completing 100% with 1 violations.
    elapsed time = 00:00:00, memory = 716.75 (MB).
[INFO DRT-0199]   Number of violations = 1.
Viol/Layer        met1
Short                1
[INFO DRT-0267] cpu time = 00:00:00, elapsed time = 00:00:00, memory = 716.75 (MB), peak = 1067.07 (MB)
Total wire length = 405216 um.
Total wire length on LAYER li1 = 0 um.
Total wire length on LAYER met1 = 145519 um.
Total wire length on LAYER met2 = 153989 um.
Total wire length on LAYER met3 = 69447 um.
Total wire length on LAYER met4 = 33423 um.
Total wire length on LAYER met5 = 2838 um.
Total number of vias = 78486.
Up-via summary (total 78486):.

------------------------
 FR_MASTERSLICE        0
            li1    33485
           met1    38126
           met2     5319
           met3     1503
           met4       53
------------------------
                   78486


[INFO DRT-0195] Start 9th optimization iteration.
    Completing 10% with 1 violations.
    elapsed time = 00:00:00, memory = 716.75 (MB).
    Completing 20% with 1 violations.
    elapsed time = 00:00:00, memory = 716.75 (MB).
    Completing 30% with 1 violations.
    elapsed time = 00:00:00, memory = 716.75 (MB).
    Completing 40% with 1 violations.
    elapsed time = 00:00:00, memory = 716.75 (MB).
    Completing 50% with 1 violations.
    elapsed time = 00:00:00, memory = 772.25 (MB).
    Completing 60% with 1 violations.
    elapsed time = 00:00:00, memory = 716.78 (MB).
    Completing 70% with 1 violations.
    elapsed time = 00:00:00, memory = 716.78 (MB).
    Completing 80% with 1 violations.
    elapsed time = 00:00:00, memory = 716.78 (MB).
    Completing 90% with 1 violations.
    elapsed time = 00:00:00, memory = 716.78 (MB).
    Completing 100% with 1 violations.
    elapsed time = 00:00:00, memory = 716.78 (MB).
[INFO DRT-0199]   Number of violations = 1.
Viol/Layer        met1
Short                1
[INFO DRT-0267] cpu time = 00:00:00, elapsed time = 00:00:00, memory = 716.78 (MB), peak = 1067.07 (MB)
Total wire length = 405221 um.
Total wire length on LAYER li1 = 0 um.
Total wire length on LAYER met1 = 145516 um.
Total wire length on LAYER met2 = 153994 um.
Total wire length on LAYER met3 = 69448 um.
Total wire length on LAYER met4 = 33423 um.
Total wire length on LAYER met5 = 2838 um.
Total number of vias = 78487.
Up-via summary (total 78487):.

------------------------
 FR_MASTERSLICE        0
            li1    33485
           met1    38127
           met2     5319
           met3     1503
           met4       53
------------------------
                   78487


[INFO DRT-0195] Start 10th optimization iteration.
    Completing 10% with 1 violations.
    elapsed time = 00:00:00, memory = 716.78 (MB).
    Completing 20% with 1 violations.
    elapsed time = 00:00:00, memory = 716.78 (MB).
    Completing 30% with 1 violations.
    elapsed time = 00:00:00, memory = 716.78 (MB).
    Completing 40% with 1 violations.
    elapsed time = 00:00:00, memory = 716.78 (MB).
    Completing 50% with 1 violations.
    elapsed time = 00:00:00, memory = 716.78 (MB).
    Completing 60% with 1 violations.
    elapsed time = 00:00:00, memory = 716.78 (MB).
    Completing 70% with 1 violations.
    elapsed time = 00:00:00, memory = 716.78 (MB).
    Completing 80% with 1 violations.
    elapsed time = 00:00:00, memory = 716.78 (MB).
    Completing 90% with 0 violations.
    elapsed time = 00:00:00, memory = 716.78 (MB).
    Completing 100% with 0 violations.
    elapsed time = 00:00:00, memory = 716.78 (MB).
[INFO DRT-0199]   Number of violations = 0.
[INFO DRT-0267] cpu time = 00:00:01, elapsed time = 00:00:00, memory = 716.78 (MB), peak = 1067.07 (MB)
Total wire length = 405221 um.
Total wire length on LAYER li1 = 0 um.
Total wire length on LAYER met1 = 145515 um.
Total wire length on LAYER met2 = 153996 um.
Total wire length on LAYER met3 = 69448 um.
Total wire length on LAYER met4 = 33423 um.
Total wire length on LAYER met5 = 2838 um.
Total number of vias = 78489.
Up-via summary (total 78489):.

------------------------
 FR_MASTERSLICE        0
            li1    33485
           met1    38129
           met2     5319
           met3     1503
           met4       53
------------------------
                   78489


[INFO DRT-0198] Complete detail routing.
Total wire length = 405221 um.
Total wire length on LAYER li1 = 0 um.
Total wire length on LAYER met1 = 145515 um.
Total wire length on LAYER met2 = 153996 um.
Total wire length on LAYER met3 = 69448 um.
Total wire length on LAYER met4 = 33423 um.
Total wire length on LAYER met5 = 2838 um.
Total number of vias = 78489.
Up-via summary (total 78489):.

------------------------
 FR_MASTERSLICE        0
            li1    33485
           met1    38129
           met2     5319
           met3     1503
           met4       53
------------------------
                   78489


[INFO DRT-0267] cpu time = 00:21:32, elapsed time = 00:11:07, memory = 716.78 (MB), peak = 1067.07 (MB)

[INFO DRT-0180] Post processing.
Setting global connections for newly added cells…
Writing OpenROAD database to '/openlane/designs/my_processor/runs/RUN_2026.05.08_08.36.28/results/routing/pipelined_processor.odb'…
Writing netlist to '/openlane/designs/my_processor/runs/RUN_2026.05.08_08.36.28/results/routing/pipelined_processor.nl.v'…
Writing powered netlist to '/openlane/designs/my_processor/runs/RUN_2026.05.08_08.36.28/results/routing/pipelined_processor.pnl.v'…
Writing layout to '/openlane/designs/my_processor/runs/RUN_2026.05.08_08.36.28/results/routing/pipelined_processor.def'…
