
===========================================================================
report_checks -unconstrained
===========================================================================
======================= Typical Corner ===================================

Startpoint: debug_mem_addr[0] (input port clocked by clk)
Endpoint: debug_mem_data[15] (output port clocked by clk)
Path Group: clk
Path Type: max

Fanout     Cap    Slew   Delay    Time   Description
-----------------------------------------------------------------------------
                          0.00    0.00   clock clk (rise edge)
                          0.00    0.00   clock network delay (propagated)
                          4.00    4.00 ^ input external delay
                  0.02    0.01    4.01 ^ debug_mem_addr[0] (in)
     1    0.00                           debug_mem_addr[0] (net)
                  0.02    0.00    4.01 ^ input1/A (sky130_fd_sc_hd__buf_4)
                  0.27    0.27    4.29 ^ input1/X (sky130_fd_sc_hd__buf_4)
     4    0.10                           net1 (net)
                  0.28    0.01    4.30 ^ _08393_/A (sky130_fd_sc_hd__buf_1)
                  0.17    0.22    4.52 ^ _08393_/X (sky130_fd_sc_hd__buf_1)
     4    0.01                           _02812_ (net)
                  0.17    0.00    4.52 ^ _08458_/A (sky130_fd_sc_hd__buf_1)
                  0.13    0.18    4.70 ^ _08458_/X (sky130_fd_sc_hd__buf_1)
     4    0.01                           _02877_ (net)
                  0.13    0.00    4.70 ^ _08459_/A (sky130_fd_sc_hd__buf_4)
                  0.34    0.37    5.07 ^ _08459_/X (sky130_fd_sc_hd__buf_4)
     5    0.12                           _02878_ (net)
                  0.34    0.01    5.08 ^ _09352_/A (sky130_fd_sc_hd__clkbuf_2)
                  0.16    0.28    5.36 ^ _09352_/X (sky130_fd_sc_hd__clkbuf_2)
     4    0.03                           _03759_ (net)
                  0.16    0.00    5.36 ^ _09549_/S0 (sky130_fd_sc_hd__mux4_1)
                  0.09    0.59    5.95 v _09549_/X (sky130_fd_sc_hd__mux4_1)
     1    0.00                           _03953_ (net)
                  0.09    0.00    5.95 v _09554_/A2 (sky130_fd_sc_hd__o211a_1)
                  0.08    0.27    6.22 v _09554_/X (sky130_fd_sc_hd__o211a_1)
     1    0.01                           _03958_ (net)
                  0.08    0.00    6.22 v _09555_/B1 (sky130_fd_sc_hd__a31o_1)
                  0.05    0.22    6.44 v _09555_/X (sky130_fd_sc_hd__a31o_1)
     1    0.01                           _03959_ (net)
                  0.05    0.00    6.44 v _09556_/A1 (sky130_fd_sc_hd__mux2_1)
                  0.14    0.41    6.85 v _09556_/X (sky130_fd_sc_hd__mux2_1)
     1    0.02                           _03960_ (net)
                  0.14    0.00    6.85 v _09577_/A2 (sky130_fd_sc_hd__a21o_2)
                  0.13    0.36    7.21 v _09577_/X (sky130_fd_sc_hd__a21o_2)
     1    0.05                           net39 (net)
                  0.13    0.01    7.21 v output39/A (sky130_fd_sc_hd__clkbuf_4)
                  0.08    0.23    7.45 v output39/X (sky130_fd_sc_hd__clkbuf_4)
     1    0.03                           debug_mem_data[15] (net)
                  0.08    0.00    7.45 v debug_mem_data[15] (out)
                                  7.45   data arrival time

                         20.00   20.00   clock clk (rise edge)
                          0.00   20.00   clock network delay (propagated)
                         -0.25   19.75   clock uncertainty
                          0.00   19.75   clock reconvergence pessimism
                         -4.00   15.75   output external delay
                                 15.75   data required time
-----------------------------------------------------------------------------
                                 15.75   data required time
                                 -7.45   data arrival time
-----------------------------------------------------------------------------
                                  8.30   slack (MET)




===========================================================================
report_checks --slack_max -0.01
============================================================================
======================= Typical Corner ===================================

No paths found.


===========================================================================
 report_check_types -max_slew -max_cap -max_fanout -violators
============================================================================
======================= Typical Corner ===================================

max fanout

Pin                                   Limit Fanout  Slack
---------------------------------------------------------
_08518_/X                                 4     24    -20 (VIOLATED)
clkbuf_leaf_169_clk/X                     4     15    -11 (VIOLATED)
clkbuf_leaf_116_clk/X                     4     14    -10 (VIOLATED)
clkbuf_leaf_139_clk/X                     4     14    -10 (VIOLATED)
clkbuf_leaf_161_clk/X                     4     14    -10 (VIOLATED)
clkbuf_leaf_187_clk/X                     4     13     -9 (VIOLATED)
clkbuf_leaf_213_clk/X                     4     13     -9 (VIOLATED)
clkbuf_leaf_64_clk/X                      4     13     -9 (VIOLATED)
clkbuf_leaf_0_clk/X                       4     12     -8 (VIOLATED)
clkbuf_leaf_122_clk/X                     4     12     -8 (VIOLATED)
clkbuf_leaf_146_clk/X                     4     12     -8 (VIOLATED)
clkbuf_leaf_183_clk/X                     4     12     -8 (VIOLATED)
clkbuf_leaf_231_clk/X                     4     12     -8 (VIOLATED)
clkbuf_leaf_234_clk/X                     4     12     -8 (VIOLATED)
_08293_/X                                 4     11     -7 (VIOLATED)
clkbuf_5_17__f_clk/X                      4     11     -7 (VIOLATED)
clkbuf_5_26__f_clk/X                      4     11     -7 (VIOLATED)
clkbuf_leaf_114_clk/X                     4     11     -7 (VIOLATED)
clkbuf_leaf_131_clk/X                     4     11     -7 (VIOLATED)
clkbuf_leaf_14_clk/X                      4     11     -7 (VIOLATED)
clkbuf_leaf_151_clk/X                     4     11     -7 (VIOLATED)
clkbuf_leaf_172_clk/X                     4     11     -7 (VIOLATED)
clkbuf_leaf_184_clk/X                     4     11     -7 (VIOLATED)
clkbuf_leaf_1_clk/X                       4     11     -7 (VIOLATED)
clkbuf_leaf_21_clk/X                      4     11     -7 (VIOLATED)
clkbuf_leaf_227_clk/X                     4     11     -7 (VIOLATED)
clkbuf_leaf_2_clk/X                       4     11     -7 (VIOLATED)
clkbuf_leaf_37_clk/X                      4     11     -7 (VIOLATED)
clkbuf_leaf_8_clk/X                       4     11     -7 (VIOLATED)
_08262_/X                                 4     10     -6 (VIOLATED)
clkbuf_5_16__f_clk/X                      4     10     -6 (VIOLATED)
clkbuf_5_18__f_clk/X                      4     10     -6 (VIOLATED)
clkbuf_5_22__f_clk/X                      4     10     -6 (VIOLATED)
clkbuf_5_23__f_clk/X                      4     10     -6 (VIOLATED)
clkbuf_5_24__f_clk/X                      4     10     -6 (VIOLATED)
clkbuf_5_9__f_clk/X                       4     10     -6 (VIOLATED)
clkbuf_leaf_118_clk/X                     4     10     -6 (VIOLATED)
clkbuf_leaf_165_clk/X                     4     10     -6 (VIOLATED)
clkbuf_leaf_179_clk/X                     4     10     -6 (VIOLATED)
clkbuf_leaf_181_clk/X                     4     10     -6 (VIOLATED)
clkbuf_leaf_189_clk/X                     4     10     -6 (VIOLATED)
clkbuf_leaf_193_clk/X                     4     10     -6 (VIOLATED)
clkbuf_leaf_210_clk/X                     4     10     -6 (VIOLATED)
clkbuf_leaf_211_clk/X                     4     10     -6 (VIOLATED)
clkbuf_leaf_224_clk/X                     4     10     -6 (VIOLATED)
clkbuf_leaf_228_clk/X                     4     10     -6 (VIOLATED)
clkbuf_leaf_23_clk/X                      4     10     -6 (VIOLATED)
clkbuf_leaf_25_clk/X                      4     10     -6 (VIOLATED)
clkbuf_leaf_33_clk/X                      4     10     -6 (VIOLATED)
clkbuf_leaf_50_clk/X                      4     10     -6 (VIOLATED)
clkbuf_leaf_62_clk/X                      4     10     -6 (VIOLATED)
clkbuf_leaf_67_clk/X                      4     10     -6 (VIOLATED)
clkbuf_leaf_69_clk/X                      4     10     -6 (VIOLATED)
clkbuf_leaf_91_clk/X                      4     10     -6 (VIOLATED)
clkbuf_leaf_92_clk/X                      4     10     -6 (VIOLATED)
_13564_/Y                                 4      9     -5 (VIOLATED)
clkbuf_5_10__f_clk/X                      4      9     -5 (VIOLATED)
clkbuf_5_11__f_clk/X                      4      9     -5 (VIOLATED)
clkbuf_leaf_10_clk/X                      4      9     -5 (VIOLATED)
clkbuf_leaf_110_clk/X                     4      9     -5 (VIOLATED)
clkbuf_leaf_115_clk/X                     4      9     -5 (VIOLATED)
clkbuf_leaf_128_clk/X                     4      9     -5 (VIOLATED)
clkbuf_leaf_136_clk/X                     4      9     -5 (VIOLATED)
clkbuf_leaf_141_clk/X                     4      9     -5 (VIOLATED)
clkbuf_leaf_142_clk/X                     4      9     -5 (VIOLATED)
clkbuf_leaf_162_clk/X                     4      9     -5 (VIOLATED)
clkbuf_leaf_167_clk/X                     4      9     -5 (VIOLATED)
clkbuf_leaf_176_clk/X                     4      9     -5 (VIOLATED)
clkbuf_leaf_178_clk/X                     4      9     -5 (VIOLATED)
clkbuf_leaf_201_clk/X                     4      9     -5 (VIOLATED)
clkbuf_leaf_209_clk/X                     4      9     -5 (VIOLATED)
clkbuf_leaf_215_clk/X                     4      9     -5 (VIOLATED)
clkbuf_leaf_22_clk/X                      4      9     -5 (VIOLATED)
clkbuf_leaf_26_clk/X                      4      9     -5 (VIOLATED)
clkbuf_leaf_29_clk/X                      4      9     -5 (VIOLATED)
clkbuf_leaf_45_clk/X                      4      9     -5 (VIOLATED)
clkbuf_leaf_47_clk/X                      4      9     -5 (VIOLATED)
clkbuf_leaf_53_clk/X                      4      9     -5 (VIOLATED)
clkbuf_leaf_54_clk/X                      4      9     -5 (VIOLATED)
clkbuf_leaf_56_clk/X                      4      9     -5 (VIOLATED)
clkbuf_leaf_66_clk/X                      4      9     -5 (VIOLATED)
clkbuf_leaf_72_clk/X                      4      9     -5 (VIOLATED)
_08370_/X                                 4      8     -4 (VIOLATED)
_08372_/X                                 4      8     -4 (VIOLATED)
_08380_/X                                 4      8     -4 (VIOLATED)
_08418_/X                                 4      8     -4 (VIOLATED)
_08447_/X                                 4      8     -4 (VIOLATED)
_08483_/X                                 4      8     -4 (VIOLATED)
_12959_/Y                                 4      8     -4 (VIOLATED)
_13835_/Y                                 4      8     -4 (VIOLATED)
_14491_/Y                                 4      8     -4 (VIOLATED)
_14671_/Y                                 4      8     -4 (VIOLATED)
_14987_/Y                                 4      8     -4 (VIOLATED)
clkbuf_2_0_0_clk/X                        4      8     -4 (VIOLATED)
clkbuf_2_1_0_clk/X                        4      8     -4 (VIOLATED)
clkbuf_2_2_0_clk/X                        4      8     -4 (VIOLATED)
clkbuf_2_3_0_clk/X                        4      8     -4 (VIOLATED)
clkbuf_5_15__f_clk/X                      4      8     -4 (VIOLATED)
clkbuf_5_19__f_clk/X                      4      8     -4 (VIOLATED)
clkbuf_5_21__f_clk/X                      4      8     -4 (VIOLATED)
clkbuf_5_25__f_clk/X                      4      8     -4 (VIOLATED)
clkbuf_5_29__f_clk/X                      4      8     -4 (VIOLATED)
clkbuf_5_8__f_clk/X                       4      8     -4 (VIOLATED)
clkbuf_leaf_117_clk/X                     4      8     -4 (VIOLATED)
clkbuf_leaf_11_clk/X                      4      8     -4 (VIOLATED)
clkbuf_leaf_120_clk/X                     4      8     -4 (VIOLATED)
clkbuf_leaf_156_clk/X                     4      8     -4 (VIOLATED)
clkbuf_leaf_159_clk/X                     4      8     -4 (VIOLATED)
clkbuf_leaf_168_clk/X                     4      8     -4 (VIOLATED)
clkbuf_leaf_175_clk/X                     4      8     -4 (VIOLATED)
clkbuf_leaf_177_clk/X                     4      8     -4 (VIOLATED)
clkbuf_leaf_182_clk/X                     4      8     -4 (VIOLATED)
clkbuf_leaf_198_clk/X                     4      8     -4 (VIOLATED)
clkbuf_leaf_203_clk/X                     4      8     -4 (VIOLATED)
clkbuf_leaf_204_clk/X                     4      8     -4 (VIOLATED)
clkbuf_leaf_230_clk/X                     4      8     -4 (VIOLATED)
clkbuf_leaf_233_clk/X                     4      8     -4 (VIOLATED)
clkbuf_leaf_28_clk/X                      4      8     -4 (VIOLATED)
clkbuf_leaf_34_clk/X                      4      8     -4 (VIOLATED)
clkbuf_leaf_43_clk/X                      4      8     -4 (VIOLATED)
clkbuf_leaf_49_clk/X                      4      8     -4 (VIOLATED)
clkbuf_leaf_5_clk/X                       4      8     -4 (VIOLATED)
clkbuf_leaf_68_clk/X                      4      8     -4 (VIOLATED)
clkbuf_leaf_78_clk/X                      4      8     -4 (VIOLATED)
clkbuf_leaf_7_clk/X                       4      8     -4 (VIOLATED)
clkbuf_leaf_83_clk/X                      4      8     -4 (VIOLATED)
clkbuf_leaf_88_clk/X                      4      8     -4 (VIOLATED)
_08353_/X                                 4      7     -3 (VIOLATED)
_08365_/X                                 4      7     -3 (VIOLATED)
_08376_/X                                 4      7     -3 (VIOLATED)
_08394_/X                                 4      7     -3 (VIOLATED)
_08398_/X                                 4      7     -3 (VIOLATED)
_08468_/X                                 4      7     -3 (VIOLATED)
_08510_/X                                 4      7     -3 (VIOLATED)
_09844_/X                                 4      7     -3 (VIOLATED)
_10472_/X                                 4      7     -3 (VIOLATED)
_11976_/Y                                 4      7     -3 (VIOLATED)
_13305_/Y                                 4      7     -3 (VIOLATED)
_13344_/Y                                 4      7     -3 (VIOLATED)
_13692_/Y                                 4      7     -3 (VIOLATED)
_13771_/Y                                 4      7     -3 (VIOLATED)
_13872_/Y                                 4      7     -3 (VIOLATED)
_14528_/Y                                 4      7     -3 (VIOLATED)
_16697_/Q                                 4      7     -3 (VIOLATED)
clkbuf_5_20__f_clk/X                      4      7     -3 (VIOLATED)
clkbuf_5_30__f_clk/X                      4      7     -3 (VIOLATED)
clkbuf_5_3__f_clk/X                       4      7     -3 (VIOLATED)
clkbuf_leaf_102_clk/X                     4      7     -3 (VIOLATED)
clkbuf_leaf_103_clk/X                     4      7     -3 (VIOLATED)
clkbuf_leaf_105_clk/X                     4      7     -3 (VIOLATED)
clkbuf_leaf_109_clk/X                     4      7     -3 (VIOLATED)
clkbuf_leaf_111_clk/X                     4      7     -3 (VIOLATED)
clkbuf_leaf_123_clk/X                     4      7     -3 (VIOLATED)
clkbuf_leaf_124_clk/X                     4      7     -3 (VIOLATED)
clkbuf_leaf_133_clk/X                     4      7     -3 (VIOLATED)
clkbuf_leaf_144_clk/X                     4      7     -3 (VIOLATED)
clkbuf_leaf_152_clk/X                     4      7     -3 (VIOLATED)
clkbuf_leaf_155_clk/X                     4      7     -3 (VIOLATED)
clkbuf_leaf_160_clk/X                     4      7     -3 (VIOLATED)
clkbuf_leaf_166_clk/X                     4      7     -3 (VIOLATED)
clkbuf_leaf_16_clk/X                      4      7     -3 (VIOLATED)
clkbuf_leaf_180_clk/X                     4      7     -3 (VIOLATED)
clkbuf_leaf_18_clk/X                      4      7     -3 (VIOLATED)
clkbuf_leaf_190_clk/X                     4      7     -3 (VIOLATED)
clkbuf_leaf_197_clk/X                     4      7     -3 (VIOLATED)
clkbuf_leaf_199_clk/X                     4      7     -3 (VIOLATED)
clkbuf_leaf_200_clk/X                     4      7     -3 (VIOLATED)
clkbuf_leaf_205_clk/X                     4      7     -3 (VIOLATED)
clkbuf_leaf_20_clk/X                      4      7     -3 (VIOLATED)
clkbuf_leaf_216_clk/X                     4      7     -3 (VIOLATED)
clkbuf_leaf_223_clk/X                     4      7     -3 (VIOLATED)
clkbuf_leaf_225_clk/X                     4      7     -3 (VIOLATED)
clkbuf_leaf_232_clk/X                     4      7     -3 (VIOLATED)
clkbuf_leaf_30_clk/X                      4      7     -3 (VIOLATED)
clkbuf_leaf_35_clk/X                      4      7     -3 (VIOLATED)
clkbuf_leaf_44_clk/X                      4      7     -3 (VIOLATED)
clkbuf_leaf_48_clk/X                      4      7     -3 (VIOLATED)
clkbuf_leaf_52_clk/X                      4      7     -3 (VIOLATED)
clkbuf_leaf_58_clk/X                      4      7     -3 (VIOLATED)
clkbuf_leaf_70_clk/X                      4      7     -3 (VIOLATED)
clkbuf_leaf_73_clk/X                      4      7     -3 (VIOLATED)
clkbuf_leaf_77_clk/X                      4      7     -3 (VIOLATED)
clkbuf_leaf_85_clk/X                      4      7     -3 (VIOLATED)
clkbuf_leaf_87_clk/X                      4      7     -3 (VIOLATED)
_08358_/X                                 4      6     -2 (VIOLATED)
_08361_/X                                 4      6     -2 (VIOLATED)
_08408_/X                                 4      6     -2 (VIOLATED)
_08426_/X                                 4      6     -2 (VIOLATED)
_08506_/X                                 4      6     -2 (VIOLATED)
_08514_/X                                 4      6     -2 (VIOLATED)
_10087_/X                                 4      6     -2 (VIOLATED)
_10394_/X                                 4      6     -2 (VIOLATED)
_10747_/X                                 4      6     -2 (VIOLATED)
_12747_/Y                                 4      6     -2 (VIOLATED)
_12837_/Y                                 4      6     -2 (VIOLATED)
_12876_/X                                 4      6     -2 (VIOLATED)
_13266_/Y                                 4      6     -2 (VIOLATED)
_13383_/Y                                 4      6     -2 (VIOLATED)
_13513_/Y                                 4      6     -2 (VIOLATED)
_13731_/Y                                 4      6     -2 (VIOLATED)
_13991_/X                                 4      6     -2 (VIOLATED)
_15656_/Y                                 4      6     -2 (VIOLATED)
_15985_/Y                                 4      6     -2 (VIOLATED)
_16690_/Q                                 4      6     -2 (VIOLATED)
clkbuf_5_13__f_clk/X                      4      6     -2 (VIOLATED)
clkbuf_5_14__f_clk/X                      4      6     -2 (VIOLATED)
clkbuf_5_1__f_clk/X                       4      6     -2 (VIOLATED)
clkbuf_5_27__f_clk/X                      4      6     -2 (VIOLATED)
clkbuf_5_28__f_clk/X                      4      6     -2 (VIOLATED)
clkbuf_5_2__f_clk/X                       4      6     -2 (VIOLATED)
clkbuf_leaf_106_clk/X                     4      6     -2 (VIOLATED)
clkbuf_leaf_108_clk/X                     4      6     -2 (VIOLATED)
clkbuf_leaf_113_clk/X                     4      6     -2 (VIOLATED)
clkbuf_leaf_130_clk/X                     4      6     -2 (VIOLATED)
clkbuf_leaf_134_clk/X                     4      6     -2 (VIOLATED)
clkbuf_leaf_135_clk/X                     4      6     -2 (VIOLATED)
clkbuf_leaf_137_clk/X                     4      6     -2 (VIOLATED)
clkbuf_leaf_143_clk/X                     4      6     -2 (VIOLATED)
clkbuf_leaf_148_clk/X                     4      6     -2 (VIOLATED)
clkbuf_leaf_149_clk/X                     4      6     -2 (VIOLATED)
clkbuf_leaf_171_clk/X                     4      6     -2 (VIOLATED)
clkbuf_leaf_174_clk/X                     4      6     -2 (VIOLATED)
clkbuf_leaf_188_clk/X                     4      6     -2 (VIOLATED)
clkbuf_leaf_194_clk/X                     4      6     -2 (VIOLATED)
clkbuf_leaf_19_clk/X                      4      6     -2 (VIOLATED)
clkbuf_leaf_217_clk/X                     4      6     -2 (VIOLATED)
clkbuf_leaf_218_clk/X                     4      6     -2 (VIOLATED)
clkbuf_leaf_221_clk/X                     4      6     -2 (VIOLATED)
clkbuf_leaf_226_clk/X                     4      6     -2 (VIOLATED)
clkbuf_leaf_229_clk/X                     4      6     -2 (VIOLATED)
clkbuf_leaf_27_clk/X                      4      6     -2 (VIOLATED)
clkbuf_leaf_32_clk/X                      4      6     -2 (VIOLATED)
clkbuf_leaf_36_clk/X                      4      6     -2 (VIOLATED)
clkbuf_leaf_38_clk/X                      4      6     -2 (VIOLATED)
clkbuf_leaf_42_clk/X                      4      6     -2 (VIOLATED)
clkbuf_leaf_4_clk/X                       4      6     -2 (VIOLATED)
clkbuf_leaf_59_clk/X                      4      6     -2 (VIOLATED)
clkbuf_leaf_65_clk/X                      4      6     -2 (VIOLATED)
clkbuf_leaf_6_clk/X                       4      6     -2 (VIOLATED)
clkbuf_leaf_76_clk/X                      4      6     -2 (VIOLATED)
clkbuf_leaf_80_clk/X                      4      6     -2 (VIOLATED)
clkbuf_leaf_81_clk/X                      4      6     -2 (VIOLATED)
clkbuf_leaf_82_clk/X                      4      6     -2 (VIOLATED)
_08386_/X                                 4      5        (VIOLATED)
_08391_/X                                 4      5        (VIOLATED)
_08403_/X                                 4      5        (VIOLATED)
_08422_/X                                 4      5        (VIOLATED)
_08459_/X                                 4      5        (VIOLATED)
_08461_/X                                 4      5        (VIOLATED)
_08474_/X                                 4      5        (VIOLATED)
_08507_/X                                 4      5        (VIOLATED)
_08525_/X                                 4      5        (VIOLATED)
_08547_/X                                 4      5        (VIOLATED)
_09418_/X                                 4      5        (VIOLATED)
_09847_/X                                 4      5        (VIOLATED)
_10051_/Y                                 4      5        (VIOLATED)
_10092_/X                                 4      5        (VIOLATED)
_10421_/X                                 4      5        (VIOLATED)
_10430_/X                                 4      5        (VIOLATED)
_10461_/X                                 4      5        (VIOLATED)
_10585_/X                                 4      5        (VIOLATED)
_10632_/X                                 4      5        (VIOLATED)
_10642_/X                                 4      5        (VIOLATED)
_10709_/X                                 4      5        (VIOLATED)
_10711_/X                                 4      5        (VIOLATED)
_10812_/X                                 4      5        (VIOLATED)
_10829_/X                                 4      5        (VIOLATED)
_10866_/X                                 4      5        (VIOLATED)
_11107_/X                                 4      5        (VIOLATED)
_11970_/X                                 4      5        (VIOLATED)
_12015_/X                                 4      5        (VIOLATED)
_12704_/Y                                 4      5        (VIOLATED)
_13520_/X                                 4      5        (VIOLATED)
_13642_/Y                                 4      5        (VIOLATED)
_14587_/X                                 4      5        (VIOLATED)
_14718_/X                                 4      5        (VIOLATED)
_14721_/Y                                 4      5        (VIOLATED)
_15212_/X                                 4      5        (VIOLATED)
_15733_/Y                                 4      5        (VIOLATED)
_15821_/Y                                 4      5        (VIOLATED)
_15897_/Y                                 4      5        (VIOLATED)
_16313_/Y                                 4      5        (VIOLATED)
clkbuf_5_0__f_clk/X                       4      5        (VIOLATED)
clkbuf_5_31__f_clk/X                      4      5        (VIOLATED)
clkbuf_5_6__f_clk/X                       4      5        (VIOLATED)
clkbuf_leaf_101_clk/X                     4      5        (VIOLATED)
clkbuf_leaf_119_clk/X                     4      5        (VIOLATED)
clkbuf_leaf_125_clk/X                     4      5        (VIOLATED)
clkbuf_leaf_127_clk/X                     4      5        (VIOLATED)
clkbuf_leaf_147_clk/X                     4      5        (VIOLATED)
clkbuf_leaf_150_clk/X                     4      5        (VIOLATED)
clkbuf_leaf_153_clk/X                     4      5        (VIOLATED)
clkbuf_leaf_15_clk/X                      4      5        (VIOLATED)
clkbuf_leaf_17_clk/X                      4      5        (VIOLATED)
clkbuf_leaf_195_clk/X                     4      5        (VIOLATED)
clkbuf_leaf_196_clk/X                     4      5        (VIOLATED)
clkbuf_leaf_206_clk/X                     4      5        (VIOLATED)
clkbuf_leaf_207_clk/X                     4      5        (VIOLATED)
clkbuf_leaf_212_clk/X                     4      5        (VIOLATED)
clkbuf_leaf_214_clk/X                     4      5        (VIOLATED)
clkbuf_leaf_219_clk/X                     4      5        (VIOLATED)
clkbuf_leaf_24_clk/X                      4      5        (VIOLATED)
clkbuf_leaf_31_clk/X                      4      5        (VIOLATED)
clkbuf_leaf_40_clk/X                      4      5        (VIOLATED)
clkbuf_leaf_41_clk/X                      4      5        (VIOLATED)
clkbuf_leaf_46_clk/X                      4      5        (VIOLATED)
clkbuf_leaf_55_clk/X                      4      5        (VIOLATED)
clkbuf_leaf_61_clk/X                      4      5        (VIOLATED)
clkbuf_leaf_71_clk/X                      4      5        (VIOLATED)
clkbuf_leaf_79_clk/X                      4      5        (VIOLATED)
clkbuf_leaf_84_clk/X                      4      5        (VIOLATED)
clkbuf_leaf_93_clk/X                      4      5        (VIOLATED)
clkbuf_leaf_96_clk/X                      4      5        (VIOLATED)
clkbuf_leaf_98_clk/X                      4      5        (VIOLATED)



===========================================================================
report_parasitic_annotation -report_unannotated
============================================================================
Found 0 unannotated drivers.
Found 0 partially unannotated drivers.

===========================================================================
max slew violation count 0
max fanout violation count 314
max cap violation count 0
============================================================================

===========================================================================
check_setup -verbose -unconstrained_endpoints -multiple_clock -no_clock -no_input_delay -loops -generated_clocks
===========================================================================
