Partial/Required:  3.35, Required:    400.0, Partial:  1338.95, Net: _02841_, Pin: _09045_/A, Layer: met3
Partial/Required:  2.69, Required:    400.0, Partial:  1074.18, Net: _06747_, Pin: _12886_/A, Layer: met3
Partial/Required:  2.56, Required:    400.0, Partial:  1025.87, Net: _05269_, Pin: _11049_/A1, Layer: met3
Partial/Required:  2.26, Required:    400.0, Partial:   904.88, Net: _02861_, Pin: _09342_/A, Layer: met3
Partial/Required:  2.26, Required:    400.0, Partial:   904.88, Net: _02861_, Pin: _08774_/A, Layer: met3
Partial/Required:  2.23, Required:    400.0, Partial:   891.86, Net: net53, Pin: output53/A, Layer: met1
Partial/Required:  2.23, Required:    400.0, Partial:   891.23, Net: _02744_, Pin: _08320_/A, Layer: met1
Partial/Required:  2.23, Required:    400.0, Partial:   891.11, Net: _04982_, Pin: _11011_/B1_N, Layer: met1
Partial/Required:  2.06, Required:    400.0, Partial:   823.11, Net: _02817_, Pin: _09040_/A, Layer: met3
Partial/Required:  2.03, Required:    400.0, Partial:   813.22, Net: _02871_, Pin: _09308_/A, Layer: met2
Partial/Required:  1.83, Required:    400.0, Partial:    730.3, Net: net39, Pin: output39/A, Layer: met1
Partial/Required:  1.63, Required:    400.0, Partial:   652.56, Net: _06702_, Pin: _12818_/A, Layer: met1
Partial/Required:  1.59, Required:    400.0, Partial:   637.33, Net: _06666_, Pin: _12786_/A, Layer: met3
Partial/Required:  1.59, Required:    400.0, Partial:   637.33, Net: _06666_, Pin: _12773_/A, Layer: met3
Partial/Required:  1.52, Required:    400.0, Partial:   606.91, Net: net100, Pin: output65/A, Layer: met2
Partial/Required:  1.52, Required:    400.0, Partial:   606.91, Net: net100, Pin: _11537_/A, Layer: met2
Partial/Required:  1.43, Required:    400.0, Partial:   572.33, Net: net18, Pin: _12223_/A, Layer: met1
Partial/Required:  1.43, Required:    400.0, Partial:   571.44, Net: _05722_, Pin: _11518_/A, Layer: met1
Partial/Required:  1.39, Required:    400.0, Partial:    554.0, Net: _04279_, Pin: _09980_/A, Layer: met1
Partial/Required:  1.36, Required:    400.0, Partial:   545.11, Net: _04380_, Pin: _12641_/A1, Layer: met1
Partial/Required:  1.28, Required:    400.0, Partial:   510.28, Net: _02780_, Pin: _09298_/A, Layer: met2
Partial/Required:  1.24, Required:    400.0, Partial:   495.22, Net: _06692_, Pin: _13295_/A1, Layer: met1
Partial/Required:  1.19, Required:    400.0, Partial:   476.59, Net: net95, Pin: output79/A, Layer: met1
Partial/Required:  1.19, Required:    400.0, Partial:   475.06, Net: _02805_, Pin: _08740_/A, Layer: met2
Partial/Required:  1.17, Required:    400.0, Partial:   467.95, Net: net25, Pin: _12197_/A, Layer: met1
Partial/Required:  1.16, Required:    400.0, Partial:   463.74, Net: _07909_, Pin: _14480_/A, Layer: met2
Partial/Required:  1.13, Required:    400.0, Partial:   452.67, Net: _08007_, Pin: _14681_/A1, Layer: met1
Partial/Required:  1.03, Required:    400.0, Partial:    411.0, Net: _04358_, Pin: _12058_/A1, Layer: met1
