[ERROR]: Yosys checks have failed: Encountered check error:
Warning: multiple conflicting drivers for pipelined_processor.$logic_or$/openlane/designs/my_processor/new_src/topModule.v:350$423_Y:
    port Y[0] of cell $logic_or$/openlane/designs/my_processor/new_src/topModule.v:350$423 ($logic_or)
    port Y[0] of cell $logic_or$/openlane/designs/my_processor/new_src/topModule.v:336$420 ($logic_or)

Encountered check error:
Warning: Wire pipelined_processor.\regfile.registerFile is used but has no driver.

child process exited abnormally
[ERROR]: See the full report here: designs/my_processor/runs/RUN_2026.05.08_07.30.52/reports/synthesis/1-synthesis_pre_synth.chk.rpt
[ERROR]: Step 1 (synthesis) failed with error:
-code 1 -level 0 -errorcode NONE -errorinfo {
    while executing
"throw_error"
    (procedure "check_synth_misc" line 17)
    invoked from within
"check_synth_misc $report"
    (procedure "run_synthesis_checkers" line 5)
    invoked from within
"run_synthesis_checkers $log $pre_synth_report"
    (procedure "run_synthesis" line 19)
    invoked from within
"run_synthesis"} -errorline 1
[ERROR]: Flow failed.
