[INFO]: Run Directory: /openlane/designs/my_processor/runs/RUN_2026.05.08_07.30.52
[INFO]: Saving runtime environment...
[INFO]: Preparing LEF files for the nom corner...
[INFO]: Preparing LEF files for the min corner...
[INFO]: Preparing LEF files for the max corner...
[INFO]: Running linter (Verilator) (log: designs/my_processor/runs/RUN_2026.05.08_07.30.52/logs/synthesis/linter.log)...
[INFO]: 0 errors found by linter
[WARNING]: 13 warnings found by linter
[INFO]: Running Synthesis (log: designs/my_processor/runs/RUN_2026.05.08_07.30.52/logs/synthesis/1-synthesis.log)...
[ERROR]: Yosys checks have failed: Encountered check error:
Warning: multiple conflicting drivers for pipelined_processor.$logic_or$/openlane/designs/my_processor/new_src/topModule.v:350$423_Y:
    port Y[0] of cell $logic_or$/openlane/designs/my_processor/new_src/topModule.v:350$423 ($logic_or)
    port Y[0] of cell $logic_or$/openlane/designs/my_processor/new_src/topModule.v:336$420 ($logic_or)

Encountered check error:
Warning: Wire pipelined_processor.\regfile.registerFile is used but has no driver.

child process exited abnormally
[ERROR]: See the full report here: designs/my_processor/runs/RUN_2026.05.08_07.30.52/reports/synthesis/1-synthesis_pre_synth.chk.rpt
[ERROR]: Step 1 (synthesis) failed with error:
-code 1 -level 0 -errorcode NONE -errorinfo {
    while executing
"throw_error"
    (procedure "check_synth_misc" line 17)
    invoked from within
"check_synth_misc $report"
    (procedure "run_synthesis_checkers" line 5)
    invoked from within
"run_synthesis_checkers $log $pre_synth_report"
    (procedure "run_synthesis" line 19)
    invoked from within
"run_synthesis"} -errorline 1
[INFO]: Saving current set of views in 'designs/my_processor/runs/RUN_2026.05.08_07.30.52/results/final'...
[INFO]: Generating final set of reports...
[INFO]: Created manufacturability report at 'designs/my_processor/runs/RUN_2026.05.08_07.30.52/reports/manufacturability.rpt'.
[INFO]: Created metrics report at 'designs/my_processor/runs/RUN_2026.05.08_07.30.52/reports/metrics.csv'.
[INFO]: Saving runtime environment...
[ERROR]: Flow failed.
[INFO]: The failure may have been because of the following warnings:
