
Magic 8.3 revision 413 - Compiled on Wed Jul 12 10:04:40 UTC 2023.
Starting magic under Tcl interpreter
Using the terminal as the console.
Using NULL graphics device.
Processing system .magicrc file
Sourcing design .magicrc for technology sky130A ...
2 Magic internal units = 1 Lambda
Input style sky130(): scaleFactor=2, multiplier=2
The following types are not handled by extraction and will be treated as non-electrical types:
    ubm 
Scaled tech values by 2 / 1 to match internal grid scaling
Loading sky130A Device Generator Menu ...
Using technology "sky130A", version 1.0.493-0-g0fe599b
Reading LEF data from file /home/kushagra/.ciel/sky130A/libs.ref/sky130_fd_sc_hd/techlef/sky130_fd_sc_hd__nom.tlef.
This action cannot be undone.
LEF read, Line 82 (Message): Unknown keyword "ANTENNAMODEL" in LEF file; ignoring.
LEF read, Line 83 (Message): Unknown keyword "ANTENNADIFFSIDEAREARATIO" in LEF file; ignoring.
LEF read, Line 116 (Message): Unknown keyword "MINENCLOSEDAREA" in LEF file; ignoring.
LEF read, Line 118 (Message): Unknown keyword "ANTENNAMODEL" in LEF file; ignoring.
LEF read, Line 119 (Message): Unknown keyword "ANTENNADIFFSIDEAREARATIO" in LEF file; ignoring.
LEF read, Line 125 (Message): Unknown keyword "MAXIMUMDENSITY" in LEF file; ignoring.
LEF read, Line 126 (Message): Unknown keyword "DENSITYCHECKWINDOW" in LEF file; ignoring.
LEF read, Line 127 (Message): Unknown keyword "DENSITYCHECKSTEP" in LEF file; ignoring.
LEF read, Line 160 (Message): Unknown keyword "MINENCLOSEDAREA" in LEF file; ignoring.
LEF read, Line 168 (Message): Unknown keyword "ANTENNAMODEL" in LEF file; ignoring.
LEF read, Line 169 (Message): Unknown keyword "ANTENNADIFFSIDEAREARATIO" in LEF file; ignoring.
LEF read, Line 171 (Message): Unknown keyword "MAXIMUMDENSITY" in LEF file; ignoring.
LEF read, Line 172 (Message): Unknown keyword "DENSITYCHECKWINDOW" in LEF file; ignoring.
LEF read, Line 173 (Message): Unknown keyword "DENSITYCHECKSTEP" in LEF file; ignoring.
LEF read, Line 210 (Message): Unknown keyword "ANTENNAMODEL" in LEF file; ignoring.
LEF read, Line 211 (Message): Unknown keyword "ANTENNADIFFSIDEAREARATIO" in LEF file; ignoring.
LEF read, Line 213 (Message): Unknown keyword "MAXIMUMDENSITY" in LEF file; ignoring.
LEF read, Line 214 (Message): Unknown keyword "DENSITYCHECKWINDOW" in LEF file; ignoring.
LEF read, Line 215 (Message): Unknown keyword "DENSITYCHECKSTEP" in LEF file; ignoring.
LEF read, Line 252 (Message): Unknown keyword "ANTENNAMODEL" in LEF file; ignoring.
LEF read, Line 253 (Message): Unknown keyword "ANTENNADIFFSIDEAREARATIO" in LEF file; ignoring.
LEF read, Line 255 (Message): Unknown keyword "MAXIMUMDENSITY" in LEF file; ignoring.
LEF read, Line 256 (Message): Unknown keyword "DENSITYCHECKWINDOW" in LEF file; ignoring.
LEF read, Line 257 (Message): Unknown keyword "DENSITYCHECKSTEP" in LEF file; ignoring.
LEF read, Line 294 (Message): Unknown keyword "ANTENNAMODEL" in LEF file; ignoring.
LEF read, Line 295 (Message): Unknown keyword "ANTENNADIFFSIDEAREARATIO" in LEF file; ignoring.
LEF read: Processed 801 lines.
Reading DEF data from file /openlane/designs/my_processor/runs/RUN_2026.05.08_07.54.42/results/routing/pipelined_processor.def.
This action cannot be undone.
  Processed 4 vias total.
Cell sky130_fd_sc_hd__diode_2 read from path /home/kushagra/.ciel/sky130A/libs.ref/sky130_fd_sc_hd/mag
Cell sky130_fd_sc_hd__decap_3 read from path /home/kushagra/.ciel/sky130A/libs.ref/sky130_fd_sc_hd/mag
Cell sky130_fd_sc_hd__decap_4 read from path /home/kushagra/.ciel/sky130A/libs.ref/sky130_fd_sc_hd/mag
Cell sky130_fd_sc_hd__fill_1 read from path /home/kushagra/.ciel/sky130A/libs.ref/sky130_fd_sc_hd/mag
Cell sky130_fd_sc_hd__fill_2 read from path /home/kushagra/.ciel/sky130A/libs.ref/sky130_fd_sc_hd/mag
Cell sky130_ef_sc_hd__decap_12 read from path /home/kushagra/.ciel/sky130A/libs.ref/sky130_fd_sc_hd/mag
Cell sky130_fd_sc_hd__decap_8 read from path /home/kushagra/.ciel/sky130A/libs.ref/sky130_fd_sc_hd/mag
Cell sky130_fd_sc_hd__decap_6 read from path /home/kushagra/.ciel/sky130A/libs.ref/sky130_fd_sc_hd/mag
Cell sky130_fd_sc_hd__tapvpwrvgnd_1 read from path /home/kushagra/.ciel/sky130A/libs.ref/sky130_fd_sc_hd/mag
Cell sky130_fd_sc_hd__buf_4 read from path /home/kushagra/.ciel/sky130A/libs.ref/sky130_fd_sc_hd/mag
Cell sky130_fd_sc_hd__mux2_1 read from path /home/kushagra/.ciel/sky130A/libs.ref/sky130_fd_sc_hd/mag
Cell sky130_fd_sc_hd__nor2b_2 read from path /home/kushagra/.ciel/sky130A/libs.ref/sky130_fd_sc_hd/mag
Cell sky130_fd_sc_hd__a22o_1 read from path /home/kushagra/.ciel/sky130A/libs.ref/sky130_fd_sc_hd/mag
Cell sky130_fd_sc_hd__mux4_1 read from path /home/kushagra/.ciel/sky130A/libs.ref/sky130_fd_sc_hd/mag
Cell sky130_fd_sc_hd__clkbuf_8 read from path /home/kushagra/.ciel/sky130A/libs.ref/sky130_fd_sc_hd/mag
Cell sky130_fd_sc_hd__mux2_8 read from path /home/kushagra/.ciel/sky130A/libs.ref/sky130_fd_sc_hd/mag
Cell sky130_fd_sc_hd__clkbuf_1 read from path /home/kushagra/.ciel/sky130A/libs.ref/sky130_fd_sc_hd/mag
Cell sky130_fd_sc_hd__clkbuf_4 read from path /home/kushagra/.ciel/sky130A/libs.ref/sky130_fd_sc_hd/mag
Cell sky130_fd_sc_hd__mux2_4 read from path /home/kushagra/.ciel/sky130A/libs.ref/sky130_fd_sc_hd/mag
Cell sky130_fd_sc_hd__dlymetal6s2s_1 read from path /home/kushagra/.ciel/sky130A/libs.ref/sky130_fd_sc_hd/mag
Cell sky130_fd_sc_hd__buf_1 read from path /home/kushagra/.ciel/sky130A/libs.ref/sky130_fd_sc_hd/mag
Cell sky130_fd_sc_hd__mux2_2 read from path /home/kushagra/.ciel/sky130A/libs.ref/sky130_fd_sc_hd/mag
Cell sky130_fd_sc_hd__clkbuf_2 read from path /home/kushagra/.ciel/sky130A/libs.ref/sky130_fd_sc_hd/mag
Cell sky130_fd_sc_hd__inv_4 read from path /home/kushagra/.ciel/sky130A/libs.ref/sky130_fd_sc_hd/mag
Cell sky130_fd_sc_hd__inv_2 read from path /home/kushagra/.ciel/sky130A/libs.ref/sky130_fd_sc_hd/mag
Cell sky130_fd_sc_hd__buf_8 read from path /home/kushagra/.ciel/sky130A/libs.ref/sky130_fd_sc_hd/mag
Cell sky130_fd_sc_hd__or2_1 read from path /home/kushagra/.ciel/sky130A/libs.ref/sky130_fd_sc_hd/mag
Cell sky130_fd_sc_hd__buf_6 read from path /home/kushagra/.ciel/sky130A/libs.ref/sky130_fd_sc_hd/mag
Cell sky130_fd_sc_hd__a21o_1 read from path /home/kushagra/.ciel/sky130A/libs.ref/sky130_fd_sc_hd/mag
Cell sky130_fd_sc_hd__and2_1 read from path /home/kushagra/.ciel/sky130A/libs.ref/sky130_fd_sc_hd/mag
Cell sky130_fd_sc_hd__o221a_1 read from path /home/kushagra/.ciel/sky130A/libs.ref/sky130_fd_sc_hd/mag
Cell sky130_fd_sc_hd__a31o_1 read from path /home/kushagra/.ciel/sky130A/libs.ref/sky130_fd_sc_hd/mag
Cell sky130_fd_sc_hd__o211a_1 read from path /home/kushagra/.ciel/sky130A/libs.ref/sky130_fd_sc_hd/mag
Cell sky130_fd_sc_hd__nor2_1 read from path /home/kushagra/.ciel/sky130A/libs.ref/sky130_fd_sc_hd/mag
Cell sky130_fd_sc_hd__o21ai_1 read from path /home/kushagra/.ciel/sky130A/libs.ref/sky130_fd_sc_hd/mag
Cell sky130_fd_sc_hd__o32a_1 read from path /home/kushagra/.ciel/sky130A/libs.ref/sky130_fd_sc_hd/mag
Cell sky130_fd_sc_hd__a21o_2 read from path /home/kushagra/.ciel/sky130A/libs.ref/sky130_fd_sc_hd/mag
Cell sky130_fd_sc_hd__nor2_2 read from path /home/kushagra/.ciel/sky130A/libs.ref/sky130_fd_sc_hd/mag
Cell sky130_fd_sc_hd__a21o_4 read from path /home/kushagra/.ciel/sky130A/libs.ref/sky130_fd_sc_hd/mag
Cell sky130_fd_sc_hd__mux4_2 read from path /home/kushagra/.ciel/sky130A/libs.ref/sky130_fd_sc_hd/mag
Cell sky130_fd_sc_hd__and3b_2 read from path /home/kushagra/.ciel/sky130A/libs.ref/sky130_fd_sc_hd/mag
Cell sky130_fd_sc_hd__nor2b_4 read from path /home/kushagra/.ciel/sky130A/libs.ref/sky130_fd_sc_hd/mag
Cell sky130_fd_sc_hd__nand2_4 read from path /home/kushagra/.ciel/sky130A/libs.ref/sky130_fd_sc_hd/mag
Cell sky130_fd_sc_hd__buf_2 read from path /home/kushagra/.ciel/sky130A/libs.ref/sky130_fd_sc_hd/mag
Cell sky130_fd_sc_hd__clkinv_4 read from path /home/kushagra/.ciel/sky130A/libs.ref/sky130_fd_sc_hd/mag
Cell sky130_fd_sc_hd__or3_1 read from path /home/kushagra/.ciel/sky130A/libs.ref/sky130_fd_sc_hd/mag
Cell sky130_fd_sc_hd__and3_2 read from path /home/kushagra/.ciel/sky130A/libs.ref/sky130_fd_sc_hd/mag
Cell sky130_fd_sc_hd__or3b_1 read from path /home/kushagra/.ciel/sky130A/libs.ref/sky130_fd_sc_hd/mag
Cell sky130_fd_sc_hd__and4_1 read from path /home/kushagra/.ciel/sky130A/libs.ref/sky130_fd_sc_hd/mag
Cell sky130_fd_sc_hd__a21bo_1 read from path /home/kushagra/.ciel/sky130A/libs.ref/sky130_fd_sc_hd/mag
Cell sky130_fd_sc_hd__a21oi_1 read from path /home/kushagra/.ciel/sky130A/libs.ref/sky130_fd_sc_hd/mag
Cell sky130_fd_sc_hd__nand2_1 read from path /home/kushagra/.ciel/sky130A/libs.ref/sky130_fd_sc_hd/mag
Cell sky130_fd_sc_hd__or4_1 read from path /home/kushagra/.ciel/sky130A/libs.ref/sky130_fd_sc_hd/mag
Cell sky130_fd_sc_hd__or2_4 read from path /home/kushagra/.ciel/sky130A/libs.ref/sky130_fd_sc_hd/mag
Cell sky130_fd_sc_hd__or2b_1 read from path /home/kushagra/.ciel/sky130A/libs.ref/sky130_fd_sc_hd/mag
Cell sky130_fd_sc_hd__and2b_4 read from path /home/kushagra/.ciel/sky130A/libs.ref/sky130_fd_sc_hd/mag
Cell sky130_fd_sc_hd__nand2_8 read from path /home/kushagra/.ciel/sky130A/libs.ref/sky130_fd_sc_hd/mag
Cell sky130_fd_sc_hd__nor2_4 read from path /home/kushagra/.ciel/sky130A/libs.ref/sky130_fd_sc_hd/mag
Cell sky130_fd_sc_hd__or3_2 read from path /home/kushagra/.ciel/sky130A/libs.ref/sky130_fd_sc_hd/mag
Cell sky130_fd_sc_hd__o21ai_4 read from path /home/kushagra/.ciel/sky130A/libs.ref/sky130_fd_sc_hd/mag
Cell sky130_fd_sc_hd__xor2_1 read from path /home/kushagra/.ciel/sky130A/libs.ref/sky130_fd_sc_hd/mag
Cell sky130_fd_sc_hd__xnor2_1 read from path /home/kushagra/.ciel/sky130A/libs.ref/sky130_fd_sc_hd/mag
Cell sky130_fd_sc_hd__a32o_2 read from path /home/kushagra/.ciel/sky130A/libs.ref/sky130_fd_sc_hd/mag
Cell sky130_fd_sc_hd__a211o_1 read from path /home/kushagra/.ciel/sky130A/libs.ref/sky130_fd_sc_hd/mag
Cell sky130_fd_sc_hd__o31a_1 read from path /home/kushagra/.ciel/sky130A/libs.ref/sky130_fd_sc_hd/mag
Cell sky130_fd_sc_hd__or4_4 read from path /home/kushagra/.ciel/sky130A/libs.ref/sky130_fd_sc_hd/mag
Cell sky130_fd_sc_hd__and4bb_2 read from path /home/kushagra/.ciel/sky130A/libs.ref/sky130_fd_sc_hd/mag
Cell sky130_fd_sc_hd__nand2_2 read from path /home/kushagra/.ciel/sky130A/libs.ref/sky130_fd_sc_hd/mag
Cell sky130_fd_sc_hd__inv_6 read from path /home/kushagra/.ciel/sky130A/libs.ref/sky130_fd_sc_hd/mag
Cell sky130_fd_sc_hd__o21a_1 read from path /home/kushagra/.ciel/sky130A/libs.ref/sky130_fd_sc_hd/mag
Cell sky130_fd_sc_hd__and2b_2 read from path /home/kushagra/.ciel/sky130A/libs.ref/sky130_fd_sc_hd/mag
Cell sky130_fd_sc_hd__and3_4 read from path /home/kushagra/.ciel/sky130A/libs.ref/sky130_fd_sc_hd/mag
Cell sky130_fd_sc_hd__nand2b_2 read from path /home/kushagra/.ciel/sky130A/libs.ref/sky130_fd_sc_hd/mag
Cell sky130_fd_sc_hd__o22a_1 read from path /home/kushagra/.ciel/sky130A/libs.ref/sky130_fd_sc_hd/mag
Cell sky130_fd_sc_hd__clkbuf_16 read from path /home/kushagra/.ciel/sky130A/libs.ref/sky130_fd_sc_hd/mag
Cell sky130_fd_sc_hd__a2bb2o_1 read from path /home/kushagra/.ciel/sky130A/libs.ref/sky130_fd_sc_hd/mag
Cell sky130_fd_sc_hd__a221o_1 read from path /home/kushagra/.ciel/sky130A/libs.ref/sky130_fd_sc_hd/mag
Cell sky130_fd_sc_hd__o31ai_2 read from path /home/kushagra/.ciel/sky130A/libs.ref/sky130_fd_sc_hd/mag
Cell sky130_fd_sc_hd__nor3b_2 read from path /home/kushagra/.ciel/sky130A/libs.ref/sky130_fd_sc_hd/mag
Cell sky130_fd_sc_hd__or4b_2 read from path /home/kushagra/.ciel/sky130A/libs.ref/sky130_fd_sc_hd/mag
Cell sky130_fd_sc_hd__or2_2 read from path /home/kushagra/.ciel/sky130A/libs.ref/sky130_fd_sc_hd/mag
Cell sky130_fd_sc_hd__buf_12 read from path /home/kushagra/.ciel/sky130A/libs.ref/sky130_fd_sc_hd/mag
Cell sky130_fd_sc_hd__or2b_4 read from path /home/kushagra/.ciel/sky130A/libs.ref/sky130_fd_sc_hd/mag
Cell sky130_fd_sc_hd__o32a_2 read from path /home/kushagra/.ciel/sky130A/libs.ref/sky130_fd_sc_hd/mag
Cell sky130_fd_sc_hd__nand3_4 read from path /home/kushagra/.ciel/sky130A/libs.ref/sky130_fd_sc_hd/mag
Cell sky130_fd_sc_hd__a21oi_2 read from path /home/kushagra/.ciel/sky130A/libs.ref/sky130_fd_sc_hd/mag
Cell sky130_fd_sc_hd__nor4_1 read from path /home/kushagra/.ciel/sky130A/libs.ref/sky130_fd_sc_hd/mag
Cell sky130_fd_sc_hd__or3_4 read from path /home/kushagra/.ciel/sky130A/libs.ref/sky130_fd_sc_hd/mag
Cell sky130_fd_sc_hd__and2_4 read from path /home/kushagra/.ciel/sky130A/libs.ref/sky130_fd_sc_hd/mag
Cell sky130_fd_sc_hd__and3_1 read from path /home/kushagra/.ciel/sky130A/libs.ref/sky130_fd_sc_hd/mag
Cell sky130_fd_sc_hd__o21ba_1 read from path /home/kushagra/.ciel/sky130A/libs.ref/sky130_fd_sc_hd/mag
Cell sky130_fd_sc_hd__o311ai_4 read from path /home/kushagra/.ciel/sky130A/libs.ref/sky130_fd_sc_hd/mag
Cell sky130_fd_sc_hd__a21oi_4 read from path /home/kushagra/.ciel/sky130A/libs.ref/sky130_fd_sc_hd/mag
Cell sky130_fd_sc_hd__a211oi_1 read from path /home/kushagra/.ciel/sky130A/libs.ref/sky130_fd_sc_hd/mag
Cell sky130_fd_sc_hd__o22ai_1 read from path /home/kushagra/.ciel/sky130A/libs.ref/sky130_fd_sc_hd/mag
Cell sky130_fd_sc_hd__a2111o_1 read from path /home/kushagra/.ciel/sky130A/libs.ref/sky130_fd_sc_hd/mag
Cell sky130_fd_sc_hd__o211ai_2 read from path /home/kushagra/.ciel/sky130A/libs.ref/sky130_fd_sc_hd/mag
Cell sky130_fd_sc_hd__o21ai_2 read from path /home/kushagra/.ciel/sky130A/libs.ref/sky130_fd_sc_hd/mag
Cell sky130_fd_sc_hd__a32oi_4 read from path /home/kushagra/.ciel/sky130A/libs.ref/sky130_fd_sc_hd/mag
Cell sky130_fd_sc_hd__a21bo_2 read from path /home/kushagra/.ciel/sky130A/libs.ref/sky130_fd_sc_hd/mag
Cell sky130_fd_sc_hd__a31o_2 read from path /home/kushagra/.ciel/sky130A/libs.ref/sky130_fd_sc_hd/mag
Cell sky130_fd_sc_hd__and2b_1 read from path /home/kushagra/.ciel/sky130A/libs.ref/sky130_fd_sc_hd/mag
Cell sky130_fd_sc_hd__a31oi_4 read from path /home/kushagra/.ciel/sky130A/libs.ref/sky130_fd_sc_hd/mag
Cell sky130_fd_sc_hd__a22oi_1 read from path /home/kushagra/.ciel/sky130A/libs.ref/sky130_fd_sc_hd/mag
Cell sky130_fd_sc_hd__o2bb2a_1 read from path /home/kushagra/.ciel/sky130A/libs.ref/sky130_fd_sc_hd/mag
Cell sky130_fd_sc_hd__or4b_4 read from path /home/kushagra/.ciel/sky130A/libs.ref/sky130_fd_sc_hd/mag
Cell sky130_fd_sc_hd__nor4_4 read from path /home/kushagra/.ciel/sky130A/libs.ref/sky130_fd_sc_hd/mag
Cell sky130_fd_sc_hd__or4bb_4 read from path /home/kushagra/.ciel/sky130A/libs.ref/sky130_fd_sc_hd/mag
Cell sky130_fd_sc_hd__a311o_1 read from path /home/kushagra/.ciel/sky130A/libs.ref/sky130_fd_sc_hd/mag
Cell sky130_fd_sc_hd__and3b_1 read from path /home/kushagra/.ciel/sky130A/libs.ref/sky130_fd_sc_hd/mag
Cell sky130_fd_sc_hd__and2_2 read from path /home/kushagra/.ciel/sky130A/libs.ref/sky130_fd_sc_hd/mag
Cell sky130_fd_sc_hd__a32o_1 read from path /home/kushagra/.ciel/sky130A/libs.ref/sky130_fd_sc_hd/mag
Cell sky130_fd_sc_hd__nand3_1 read from path /home/kushagra/.ciel/sky130A/libs.ref/sky130_fd_sc_hd/mag
Cell sky130_fd_sc_hd__nand3_2 read from path /home/kushagra/.ciel/sky130A/libs.ref/sky130_fd_sc_hd/mag
Cell sky130_fd_sc_hd__nand4b_1 read from path /home/kushagra/.ciel/sky130A/libs.ref/sky130_fd_sc_hd/mag
Cell sky130_fd_sc_hd__a2111oi_2 read from path /home/kushagra/.ciel/sky130A/libs.ref/sky130_fd_sc_hd/mag
Cell sky130_fd_sc_hd__o41a_1 read from path /home/kushagra/.ciel/sky130A/libs.ref/sky130_fd_sc_hd/mag
Cell sky130_fd_sc_hd__xor2_2 read from path /home/kushagra/.ciel/sky130A/libs.ref/sky130_fd_sc_hd/mag
Cell sky130_fd_sc_hd__nor3_1 read from path /home/kushagra/.ciel/sky130A/libs.ref/sky130_fd_sc_hd/mag
Cell sky130_fd_sc_hd__nor2_8 read from path /home/kushagra/.ciel/sky130A/libs.ref/sky130_fd_sc_hd/mag
Cell sky130_fd_sc_hd__or3b_2 read from path /home/kushagra/.ciel/sky130A/libs.ref/sky130_fd_sc_hd/mag
Cell sky130_fd_sc_hd__nor3_2 read from path /home/kushagra/.ciel/sky130A/libs.ref/sky130_fd_sc_hd/mag
Cell sky130_fd_sc_hd__o31a_2 read from path /home/kushagra/.ciel/sky130A/libs.ref/sky130_fd_sc_hd/mag
Cell sky130_fd_sc_hd__a31oi_2 read from path /home/kushagra/.ciel/sky130A/libs.ref/sky130_fd_sc_hd/mag
Cell sky130_fd_sc_hd__o22ai_2 read from path /home/kushagra/.ciel/sky130A/libs.ref/sky130_fd_sc_hd/mag
Cell sky130_fd_sc_hd__o22a_4 read from path /home/kushagra/.ciel/sky130A/libs.ref/sky130_fd_sc_hd/mag
Cell sky130_fd_sc_hd__xnor2_2 read from path /home/kushagra/.ciel/sky130A/libs.ref/sky130_fd_sc_hd/mag
Cell sky130_fd_sc_hd__a2bb2o_4 read from path /home/kushagra/.ciel/sky130A/libs.ref/sky130_fd_sc_hd/mag
Cell sky130_fd_sc_hd__a22oi_2 read from path /home/kushagra/.ciel/sky130A/libs.ref/sky130_fd_sc_hd/mag
Cell sky130_fd_sc_hd__nand4b_4 read from path /home/kushagra/.ciel/sky130A/libs.ref/sky130_fd_sc_hd/mag
Cell sky130_fd_sc_hd__o22ai_4 read from path /home/kushagra/.ciel/sky130A/libs.ref/sky130_fd_sc_hd/mag
Cell sky130_fd_sc_hd__and4b_1 read from path /home/kushagra/.ciel/sky130A/libs.ref/sky130_fd_sc_hd/mag
Cell sky130_fd_sc_hd__or4b_1 read from path /home/kushagra/.ciel/sky130A/libs.ref/sky130_fd_sc_hd/mag
Cell sky130_fd_sc_hd__and4bb_1 read from path /home/kushagra/.ciel/sky130A/libs.ref/sky130_fd_sc_hd/mag
Cell sky130_fd_sc_hd__o21a_2 read from path /home/kushagra/.ciel/sky130A/libs.ref/sky130_fd_sc_hd/mag
Cell sky130_fd_sc_hd__o311a_1 read from path /home/kushagra/.ciel/sky130A/libs.ref/sky130_fd_sc_hd/mag
Cell sky130_fd_sc_hd__a211oi_2 read from path /home/kushagra/.ciel/sky130A/libs.ref/sky130_fd_sc_hd/mag
Cell sky130_fd_sc_hd__dfxtp_1 read from path /home/kushagra/.ciel/sky130A/libs.ref/sky130_fd_sc_hd/mag
Cell sky130_fd_sc_hd__dfxtp_4 read from path /home/kushagra/.ciel/sky130A/libs.ref/sky130_fd_sc_hd/mag
Cell sky130_fd_sc_hd__dfxtp_2 read from path /home/kushagra/.ciel/sky130A/libs.ref/sky130_fd_sc_hd/mag
Cell sky130_fd_sc_hd__dlygate4sd3_1 read from path /home/kushagra/.ciel/sky130A/libs.ref/sky130_fd_sc_hd/mag
Cell sky130_fd_sc_hd__clkdlybuf4s25_1 read from path /home/kushagra/.ciel/sky130A/libs.ref/sky130_fd_sc_hd/mag
Cell sky130_fd_sc_hd__dlygate4sd1_1 read from path /home/kushagra/.ciel/sky130A/libs.ref/sky130_fd_sc_hd/mag
Cell sky130_fd_sc_hd__dlymetal6s4s_1 read from path /home/kushagra/.ciel/sky130A/libs.ref/sky130_fd_sc_hd/mag
  Processed 28002 subcell instances total.
  Processed 84 pins total.
  Processed 2 special nets total.
  Processed 10177 nets total.
DEF read: Processed 203330 lines.
Moving label "_00008_" from metal1 to via1 in cell pipelined_processor.
Moving label "_00009_" from metal1 to via1 in cell pipelined_processor.
Moving label "_00013_" from metal1 to via1 in cell pipelined_processor.
Moving label "_00033_" from metal1 to via1 in cell pipelined_processor.
Moving label "_00038_" from metal1 to via1 in cell pipelined_processor.
Moving label "_00050_" from metal1 to via1 in cell pipelined_processor.
Moving label "_00055_" from metal1 to via1 in cell pipelined_processor.
Moving label "_00071_" from metal2 to via1 in cell pipelined_processor.
Moving label "_00088_" from metal1 to via1 in cell pipelined_processor.
Moving label "_00094_" from metal1 to via1 in cell pipelined_processor.
Moving label "_00108_" from metal1 to via1 in cell pipelined_processor.
Moving label "_00117_" from metal1 to via1 in cell pipelined_processor.
Moving label "_00125_" from metal1 to via1 in cell pipelined_processor.
Moving label "_00126_" from metal1 to via1 in cell pipelined_processor.
Moving label "_00135_" from metal1 to via1 in cell pipelined_processor.
Moving label "_00157_" from metal1 to via1 in cell pipelined_processor.
Moving label "_00167_" from metal1 to via1 in cell pipelined_processor.
Moving label "_00173_" from metal1 to via1 in cell pipelined_processor.
Moving label "_00176_" from metal1 to via1 in cell pipelined_processor.
Moving label "_00237_" from metal1 to viali in cell pipelined_processor.
Moving label "_00239_" from metal1 to via1 in cell pipelined_processor.
Moving label "_00247_" from metal1 to viali in cell pipelined_processor.
Moving label "_00253_" from metal1 to via1 in cell pipelined_processor.
Moving label "_00257_" from metal1 to via1 in cell pipelined_processor.
Moving label "_00260_" from metal1 to via1 in cell pipelined_processor.
Moving label "_00277_" from metal1 to via1 in cell pipelined_processor.
Moving label "_00283_" from metal1 to via1 in cell pipelined_processor.
Moving label "_00284_" from metal1 to via1 in cell pipelined_processor.
Moving label "_00304_" from metal1 to via1 in cell pipelined_processor.
Moving label "_00310_" from metal1 to via1 in cell pipelined_processor.
Moving label "_00311_" from metal1 to via1 in cell pipelined_processor.
Moving label "_00317_" from metal1 to via1 in cell pipelined_processor.
Moving label "_00322_" from metal1 to via1 in cell pipelined_processor.
Moving label "_00333_" from metal1 to via1 in cell pipelined_processor.
Moving label "_00336_" from metal1 to via1 in cell pipelined_processor.
Moving label "_00356_" from metal1 to via1 in cell pipelined_processor.
Moving label "_00358_" from metal1 to via1 in cell pipelined_processor.
Moving label "_00364_" from metal1 to via1 in cell pipelined_processor.
Moving label "_00369_" from metal1 to via1 in cell pipelined_processor.
Moving label "_00373_" from metal1 to via1 in cell pipelined_processor.
Moving label "_00378_" from metal1 to via1 in cell pipelined_processor.
Moving label "_00383_" from metal1 to via1 in cell pipelined_processor.
Moving label "_00387_" from metal1 to via1 in cell pipelined_processor.
Moving label "_00400_" from metal1 to via1 in cell pipelined_processor.
Moving label "_00402_" from metal1 to via1 in cell pipelined_processor.
Moving label "_00407_" from metal1 to via1 in cell pipelined_processor.
Moving label "_00413_" from metal1 to via1 in cell pipelined_processor.
Moving label "_00416_" from metal1 to via1 in cell pipelined_processor.
Moving label "_00419_" from metal1 to via1 in cell pipelined_processor.
Moving label "_00443_" from metal1 to viali in cell pipelined_processor.
Moving label "_00447_" from metal1 to via1 in cell pipelined_processor.
Moving label "_00483_" from metal1 to via1 in cell pipelined_processor.
Moving label "_00497_" from metal1 to via1 in cell pipelined_processor.
Moving label "_00498_" from metal1 to via1 in cell pipelined_processor.
Moving label "_00505_" from metal1 to via1 in cell pipelined_processor.
Moving label "_00518_" from metal1 to via1 in cell pipelined_processor.
Moving label "_00519_" from metal1 to via1 in cell pipelined_processor.
Moving label "_00522_" from metal1 to via1 in cell pipelined_processor.
Moving label "_00534_" from metal1 to via1 in cell pipelined_processor.
Moving label "_00541_" from metal1 to via1 in cell pipelined_processor.
Moving label "_00545_" from metal1 to via1 in cell pipelined_processor.
Moving label "_00567_" from metal1 to via1 in cell pipelined_processor.
Moving label "_00576_" from metal1 to via1 in cell pipelined_processor.
Moving label "_00578_" from metal1 to via1 in cell pipelined_processor.
Moving label "_00582_" from metal1 to via1 in cell pipelined_processor.
Moving label "_00583_" from metal1 to via1 in cell pipelined_processor.
Moving label "_00586_" from metal1 to viali in cell pipelined_processor.
Moving label "_00603_" from metal1 to via1 in cell pipelined_processor.
Moving label "_00613_" from metal1 to via1 in cell pipelined_processor.
Moving label "_00644_" from metal1 to via1 in cell pipelined_processor.
Moving label "_00661_" from metal1 to via1 in cell pipelined_processor.
Moving label "_00665_" from metal1 to via1 in cell pipelined_processor.
Moving label "_00675_" from metal1 to via1 in cell pipelined_processor.
Moving label "_00679_" from metal1 to via1 in cell pipelined_processor.
Moving label "_00704_" from metal1 to via1 in cell pipelined_processor.
Moving label "_00705_" from metal1 to via1 in cell pipelined_processor.
Moving label "_00713_" from metal1 to via1 in cell pipelined_processor.
Moving label "_00715_" from metal1 to via1 in cell pipelined_processor.
Moving label "_00744_" from metal1 to via1 in cell pipelined_processor.
Moving label "_00751_" from metal1 to via1 in cell pipelined_processor.
Moving label "_00772_" from metal1 to via1 in cell pipelined_processor.
Moving label "_00781_" from metal1 to via1 in cell pipelined_processor.
Moving label "_00787_" from metal1 to via1 in cell pipelined_processor.
Moving label "_00791_" from metal1 to viali in cell pipelined_processor.
Moving label "_00798_" from metal1 to via1 in cell pipelined_processor.
Moving label "_00801_" from metal1 to via1 in cell pipelined_processor.
Moving label "_00815_" from metal1 to via1 in cell pipelined_processor.
Moving label "_00826_" from metal1 to via1 in cell pipelined_processor.
Moving label "_00837_" from metal1 to via1 in cell pipelined_processor.
Moving label "_00839_" from metal1 to via1 in cell pipelined_processor.
Moving label "_00871_" from metal1 to via1 in cell pipelined_processor.
Moving label "_00879_" from metal1 to via1 in cell pipelined_processor.
Moving label "_00895_" from metal1 to via1 in cell pipelined_processor.
Moving label "_00906_" from metal1 to via1 in cell pipelined_processor.
Moving label "_00910_" from metal1 to via1 in cell pipelined_processor.
Moving label "_00922_" from metal1 to via1 in cell pipelined_processor.
Moving label "_00943_" from metal1 to via1 in cell pipelined_processor.
Moving label "_00949_" from metal1 to via1 in cell pipelined_processor.
Moving label "_00951_" from metal1 to via1 in cell pipelined_processor.
Moving label "_01009_" from metal1 to via1 in cell pipelined_processor.
Moving label "_01013_" from metal1 to via1 in cell pipelined_processor.
Moving label "_01014_" from metal1 to via1 in cell pipelined_processor.
Moving label "_01018_" from metal1 to via1 in cell pipelined_processor.
Moving label "_01022_" from metal1 to via1 in cell pipelined_processor.
Moving label "_01043_" from metal1 to via1 in cell pipelined_processor.
Moving label "_01046_" from metal1 to via1 in cell pipelined_processor.
Moving label "_01052_" from metal1 to via1 in cell pipelined_processor.
Moving label "_01053_" from metal1 to via1 in cell pipelined_processor.
Moving label "_01063_" from metal1 to via1 in cell pipelined_processor.
Moving label "_01071_" from metal1 to via1 in cell pipelined_processor.
Moving label "_01079_" from metal1 to via1 in cell pipelined_processor.
Moving label "_01085_" from metal1 to via1 in cell pipelined_processor.
Moving label "_01094_" from metal1 to viali in cell pipelined_processor.
Moving label "_01109_" from metal1 to via1 in cell pipelined_processor.
Moving label "_01133_" from metal1 to via1 in cell pipelined_processor.
Moving label "_01134_" from metal1 to via1 in cell pipelined_processor.
Moving label "_01135_" from metal1 to via1 in cell pipelined_processor.
Moving label "_01148_" from metal1 to via1 in cell pipelined_processor.
Moving label "_01152_" from metal1 to via1 in cell pipelined_processor.
Moving label "_01153_" from metal1 to via1 in cell pipelined_processor.
Moving label "_01165_" from metal1 to via1 in cell pipelined_processor.
Moving label "_01179_" from metal1 to via1 in cell pipelined_processor.
Moving label "_01193_" from metal1 to via1 in cell pipelined_processor.
Moving label "_01199_" from metal1 to via1 in cell pipelined_processor.
Moving label "_01203_" from metal1 to via1 in cell pipelined_processor.
Moving label "_01211_" from metal1 to via1 in cell pipelined_processor.
Moving label "_01217_" from metal1 to via1 in cell pipelined_processor.
Moving label "_01236_" from metal1 to via1 in cell pipelined_processor.
Moving label "_01250_" from metal1 to viali in cell pipelined_processor.
Moving label "_01254_" from metal1 to via1 in cell pipelined_processor.
Moving label "_01263_" from metal1 to via1 in cell pipelined_processor.
Moving label "_01269_" from metal1 to via1 in cell pipelined_processor.
Moving label "_01274_" from metal1 to via1 in cell pipelined_processor.
Moving label "_01275_" from metal1 to via1 in cell pipelined_processor.
Moving label "_01279_" from metal1 to via1 in cell pipelined_processor.
Moving label "_01315_" from metal1 to via1 in cell pipelined_processor.
Moving label "_01323_" from metal1 to via1 in cell pipelined_processor.
Moving label "_01346_" from metal1 to via1 in cell pipelined_processor.
Moving label "_01347_" from metal1 to via1 in cell pipelined_processor.
Moving label "_01352_" from metal1 to via1 in cell pipelined_processor.
Moving label "_01355_" from metal1 to via1 in cell pipelined_processor.
Moving label "_01362_" from metal2 to via1 in cell pipelined_processor.
Moving label "_01363_" from metal1 to via1 in cell pipelined_processor.
Moving label "_01369_" from metal1 to via1 in cell pipelined_processor.
Moving label "_01383_" from metal1 to viali in cell pipelined_processor.
Moving label "_01389_" from metal1 to via1 in cell pipelined_processor.
Moving label "_01395_" from metal1 to via1 in cell pipelined_processor.
Moving label "_01398_" from metal1 to via1 in cell pipelined_processor.
Moving label "_01399_" from metal1 to via1 in cell pipelined_processor.
Moving label "_01408_" from metal1 to via1 in cell pipelined_processor.
Moving label "_01409_" from metal1 to via1 in cell pipelined_processor.
Moving label "_01415_" from metal1 to via1 in cell pipelined_processor.
Moving label "_01420_" from metal1 to via1 in cell pipelined_processor.
Moving label "_01429_" from metal1 to via1 in cell pipelined_processor.
Moving label "_01431_" from metal1 to via1 in cell pipelined_processor.
Moving label "_01458_" from metal1 to via1 in cell pipelined_processor.
Moving label "_01488_" from metal1 to via1 in cell pipelined_processor.
Moving label "_01492_" from metal1 to via1 in cell pipelined_processor.
Moving label "_01494_" from metal1 to via1 in cell pipelined_processor.
Moving label "_01496_" from metal1 to via1 in cell pipelined_processor.
Moving label "_01501_" from metal1 to via1 in cell pipelined_processor.
Moving label "_01502_" from metal1 to via1 in cell pipelined_processor.
Moving label "_01520_" from metal1 to via1 in cell pipelined_processor.
Moving label "_01537_" from metal1 to via1 in cell pipelined_processor.
Moving label "_01546_" from metal1 to via1 in cell pipelined_processor.
Moving label "_01549_" from metal1 to via1 in cell pipelined_processor.
Moving label "_01557_" from metal1 to via1 in cell pipelined_processor.
Moving label "_01588_" from metal1 to via1 in cell pipelined_processor.
Moving label "_01619_" from metal1 to via1 in cell pipelined_processor.
Moving label "_01620_" from metal1 to via1 in cell pipelined_processor.
Moving label "_01634_" from metal1 to via1 in cell pipelined_processor.
Moving label "_01648_" from metal1 to via1 in cell pipelined_processor.
Moving label "_01718_" from metal1 to viali in cell pipelined_processor.
Moving label "_01741_" from metal2 to via2 in cell pipelined_processor.
Moving label "_01779_" from metal2 to via2 in cell pipelined_processor.
Moving label "_01795_" from metal3 to via3 in cell pipelined_processor.
Moving label "_01837_" from metal3 to via3 in cell pipelined_processor.
Moving label "_01846_" from metal1 to viali in cell pipelined_processor.
Moving label "_01849_" from metal2 to via2 in cell pipelined_processor.
Moving label "_01863_" from metal2 to via2 in cell pipelined_processor.
Moving label "_01891_" from metal2 to via2 in cell pipelined_processor.
Moving label "_01902_" from metal2 to via2 in cell pipelined_processor.
Moving label "_01922_" from metal1 to viali in cell pipelined_processor.
Moving label "_02075_" from metal1 to viali in cell pipelined_processor.
Moving label "_02078_" from metal1 to viali in cell pipelined_processor.
Moving label "_02116_" from metal2 to via2 in cell pipelined_processor.
Moving label "_02204_" from metal3 to via3 in cell pipelined_processor.
Moving label "_02243_" from metal2 to via1 in cell pipelined_processor.
Moving label "_02257_" from metal2 to via2 in cell pipelined_processor.
Moving label "_02362_" from metal1 to viali in cell pipelined_processor.
Moving label "_02436_" from metal2 to via2 in cell pipelined_processor.
Moving label "_02452_" from metal2 to via2 in cell pipelined_processor.
Moving label "_02466_" from metal1 to viali in cell pipelined_processor.
Moving label "_02505_" from metal2 to via2 in cell pipelined_processor.
Moving label "_02646_" from metal1 to viali in cell pipelined_processor.
Moving label "_02674_" from metal1 to viali in cell pipelined_processor.
Moving label "_02678_" from metal3 to via3 in cell pipelined_processor.
Moving label "_02732_" from metal3 to via3 in cell pipelined_processor.
Moving label "_02818_" from metal2 to via1 in cell pipelined_processor.
Moving label "_02863_" from metal1 to viali in cell pipelined_processor.
Moving label "_02880_" from metal2 to via1 in cell pipelined_processor.
Moving label "_02945_" from metal1 to viali in cell pipelined_processor.
Moving label "_02960_" from metal1 to via1 in cell pipelined_processor.
Moving label "_03072_" from metal1 to via1 in cell pipelined_processor.
Moving label "_03106_" from metal2 to via1 in cell pipelined_processor.
Moving label "_03194_" from metal1 to viali in cell pipelined_processor.
Moving label "_03213_" from metal1 to viali in cell pipelined_processor.
Moving label "_03231_" from metal2 to via2 in cell pipelined_processor.
Moving label "_03304_" from metal2 to via2 in cell pipelined_processor.
Moving label "_03393_" from metal2 to via2 in cell pipelined_processor.
Moving label "_03406_" from metal2 to via2 in cell pipelined_processor.
Moving label "_03480_" from metal2 to via2 in cell pipelined_processor.
Moving label "_03517_" from metal2 to via2 in cell pipelined_processor.
Moving label "_03573_" from metal2 to via2 in cell pipelined_processor.
Moving label "_03675_" from metal1 to via1 in cell pipelined_processor.
Moving label "_03677_" from metal2 to via2 in cell pipelined_processor.
Moving label "_03720_" from metal2 to via2 in cell pipelined_processor.
Moving label "_03777_" from metal1 to via1 in cell pipelined_processor.
Moving label "_03816_" from metal2 to via2 in cell pipelined_processor.
Moving label "_03836_" from metal1 to viali in cell pipelined_processor.
Moving label "_03867_" from metal1 to viali in cell pipelined_processor.
Moving label "_03902_" from metal1 to via1 in cell pipelined_processor.
Moving label "_03920_" from metal2 to via2 in cell pipelined_processor.
Moving label "_04021_" from metal1 to via1 in cell pipelined_processor.
Moving label "_04025_" from metal2 to via1 in cell pipelined_processor.
Moving label "_04044_" from metal1 to viali in cell pipelined_processor.
Moving label "_04080_" from metal2 to via2 in cell pipelined_processor.
Moving label "_04099_" from metal2 to via2 in cell pipelined_processor.
Moving label "_04114_" from metal1 to via1 in cell pipelined_processor.
Moving label "_04137_" from metal1 to via1 in cell pipelined_processor.
Moving label "_04328_" from metal1 to viali in cell pipelined_processor.
Moving label "_04331_" from metal1 to via1 in cell pipelined_processor.
Moving label "_04380_" from metal1 to viali in cell pipelined_processor.
Moving label "_04514_" from metal1 to viali in cell pipelined_processor.
Moving label "_04734_" from metal1 to viali in cell pipelined_processor.
Moving label "_04848_" from metal2 to via2 in cell pipelined_processor.
Moving label "_04873_" from metal2 to via2 in cell pipelined_processor.
Moving label "_04922_" from metal3 to via3 in cell pipelined_processor.
Moving label "_04941_" from metal2 to via1 in cell pipelined_processor.
Moving label "_04944_" from metal2 to via2 in cell pipelined_processor.
Moving label "_04959_" from metal1 to via1 in cell pipelined_processor.
Moving label "_04968_" from metal1 to via1 in cell pipelined_processor.
Moving label "_04977_" from metal1 to via1 in cell pipelined_processor.
Moving label "_04991_" from metal1 to via1 in cell pipelined_processor.
Moving label "_05003_" from metal2 to via2 in cell pipelined_processor.
Moving label "_05014_" from metal1 to via1 in cell pipelined_processor.
Moving label "_05044_" from metal2 to via1 in cell pipelined_processor.
Moving label "_05174_" from metal1 to viali in cell pipelined_processor.
Moving label "_05175_" from metal1 to viali in cell pipelined_processor.
Moving label "_05181_" from metal2 to via2 in cell pipelined_processor.
Moving label "_05233_" from metal2 to via2 in cell pipelined_processor.
Moving label "_05351_" from metal1 to viali in cell pipelined_processor.
Moving label "_05385_" from metal1 to viali in cell pipelined_processor.
Moving label "_05421_" from metal2 to via2 in cell pipelined_processor.
Moving label "_05424_" from metal2 to via2 in cell pipelined_processor.
Moving label "_05432_" from metal2 to via1 in cell pipelined_processor.
Moving label "_05437_" from metal3 to via3 in cell pipelined_processor.
Moving label "_05443_" from metal1 to viali in cell pipelined_processor.
Moving label "_05494_" from metal2 to via2 in cell pipelined_processor.
Moving label "_05586_" from metal2 to via1 in cell pipelined_processor.
Moving label "_05672_" from metal1 to viali in cell pipelined_processor.
Moving label "_05686_" from metal1 to viali in cell pipelined_processor.
Moving label "_05688_" from metal1 to viali in cell pipelined_processor.
Moving label "_05691_" from metal1 to viali in cell pipelined_processor.
Moving label "_05714_" from metal1 to viali in cell pipelined_processor.
Moving label "_05716_" from metal1 to viali in cell pipelined_processor.
Moving label "_05735_" from metal3 to via3 in cell pipelined_processor.
Moving label "_05753_" from metal2 to via2 in cell pipelined_processor.
Moving label "_05899_" from metal1 to viali in cell pipelined_processor.
Moving label "_05924_" from metal1 to viali in cell pipelined_processor.
Moving label "_05944_" from metal1 to via1 in cell pipelined_processor.
Moving label "_05951_" from metal2 to via1 in cell pipelined_processor.
Moving label "_05953_" from metal1 to via1 in cell pipelined_processor.
Moving label "_05998_" from metal1 to viali in cell pipelined_processor.
Moving label "_06099_" from metal2 to via2 in cell pipelined_processor.
Moving label "_06109_" from metal2 to via2 in cell pipelined_processor.
Moving label "_06121_" from metal2 to via2 in cell pipelined_processor.
Moving label "_06130_" from metal1 to via1 in cell pipelined_processor.
Moving label "_06136_" from metal2 to via2 in cell pipelined_processor.
Moving label "_06142_" from metal3 to via3 in cell pipelined_processor.
Moving label "_06147_" from metal2 to via2 in cell pipelined_processor.
Moving label "_06148_" from metal1 to viali in cell pipelined_processor.
Moving label "_06184_" from metal2 to via2 in cell pipelined_processor.
Moving label "_06294_" from metal2 to via2 in cell pipelined_processor.
Moving label "_06319_" from metal2 to via2 in cell pipelined_processor.
Moving label "_06347_" from metal2 to via1 in cell pipelined_processor.
Moving label "_06407_" from metal2 to via1 in cell pipelined_processor.
Moving label "_06597_" from metal1 to viali in cell pipelined_processor.
Moving label "_06629_" from metal1 to viali in cell pipelined_processor.
Moving label "clknet_3_1_0_clk" from metal3 to via3 in cell pipelined_processor.
Moving label "clknet_3_4_0_clk" from metal2 to via2 in cell pipelined_processor.
Moving label "clknet_3_6_0_clk" from metal3 to via3 in cell pipelined_processor.
Moving label "clknet_leaf_113_clk" from metal2 to via1 in cell pipelined_processor.
Moving label "clknet_leaf_169_clk" from metal1 to viali in cell pipelined_processor.
Moving label "debug_mem_data[9]" from metal2 to via2 in cell pipelined_processor.
Moving label "dmem.ram\[12\]\[4\]" from metal2 to via2 in cell pipelined_processor.
Moving label "dmem.ram\[14\]\[15\]" from metal1 to via1 in cell pipelined_processor.
Moving label "dmem.ram\[14\]\[1\]" from metal1 to via1 in cell pipelined_processor.
Moving label "dmem.ram\[14\]\[7\]" from metal1 to via1 in cell pipelined_processor.
Moving label "dmem.ram\[14\]\[9\]" from metal1 to via1 in cell pipelined_processor.
Moving label "dmem.ram\[15\]\[7\]" from metal1 to via1 in cell pipelined_processor.
Moving label "dmem.ram\[18\]\[0\]" from metal1 to via1 in cell pipelined_processor.
Moving label "dmem.ram\[18\]\[11\]" from metal1 to via1 in cell pipelined_processor.
Moving label "dmem.ram\[18\]\[15\]" from metal1 to viali in cell pipelined_processor.
Moving label "dmem.ram\[18\]\[4\]" from metal1 to via1 in cell pipelined_processor.
Moving label "dmem.ram\[20\]\[8\]" from metal1 to via1 in cell pipelined_processor.
Moving label "dmem.ram\[22\]\[14\]" from metal2 to via1 in cell pipelined_processor.
Moving label "dmem.ram\[22\]\[7\]" from metal1 to via1 in cell pipelined_processor.
Moving label "dmem.ram\[25\]\[4\]" from metal1 to via1 in cell pipelined_processor.
Moving label "dmem.ram\[26\]\[4\]" from metal1 to via1 in cell pipelined_processor.
Moving label "dmem.ram\[26\]\[6\]" from metal1 to via1 in cell pipelined_processor.
Moving label "dmem.ram\[26\]\[7\]" from metal1 to via1 in cell pipelined_processor.
Moving label "dmem.ram\[28\]\[7\]" from metal1 to via1 in cell pipelined_processor.
Moving label "dmem.ram\[28\]\[8\]" from metal1 to via1 in cell pipelined_processor.
Moving label "dmem.ram\[28\]\[9\]" from metal1 to via1 in cell pipelined_processor.
Moving label "dmem.ram\[29\]\[5\]" from metal1 to via1 in cell pipelined_processor.
Moving label "dmem.ram\[29\]\[6\]" from metal1 to via1 in cell pipelined_processor.
Moving label "dmem.ram\[30\]\[0\]" from metal1 to viali in cell pipelined_processor.
Moving label "dmem.ram\[30\]\[13\]" from metal1 to via1 in cell pipelined_processor.
Moving label "dmem.ram\[30\]\[2\]" from metal1 to via1 in cell pipelined_processor.
Moving label "dmem.ram\[31\]\[4\]" from metal2 to via1 in cell pipelined_processor.
Moving label "dmem.ram\[32\]\[13\]" from metal2 to via1 in cell pipelined_processor.
Moving label "dmem.ram\[35\]\[11\]" from metal1 to via1 in cell pipelined_processor.
Moving label "dmem.ram\[36\]\[15\]" from metal2 to via1 in cell pipelined_processor.
Moving label "dmem.ram\[36\]\[6\]" from metal1 to via1 in cell pipelined_processor.
Moving label "dmem.ram\[37\]\[5\]" from metal1 to via1 in cell pipelined_processor.
Moving label "dmem.ram\[37\]\[6\]" from metal1 to via1 in cell pipelined_processor.
Moving label "dmem.ram\[38\]\[10\]" from metal1 to viali in cell pipelined_processor.
Moving label "dmem.ram\[38\]\[13\]" from metal1 to via1 in cell pipelined_processor.
Moving label "dmem.ram\[38\]\[2\]" from metal1 to via1 in cell pipelined_processor.
Moving label "dmem.ram\[39\]\[15\]" from metal2 to via1 in cell pipelined_processor.
Moving label "dmem.ram\[40\]\[13\]" from metal2 to via2 in cell pipelined_processor.
Moving label "dmem.ram\[44\]\[6\]" from metal1 to via1 in cell pipelined_processor.
Moving label "dmem.ram\[56\]\[6\]" from metal2 to via2 in cell pipelined_processor.
Moving label "dmem.ram\[60\]\[10\]" from metal1 to via1 in cell pipelined_processor.
Moving label "dmem.ram\[60\]\[11\]" from metal1 to via1 in cell pipelined_processor.
Moving label "dmem.ram\[60\]\[3\]" from metal2 to via2 in cell pipelined_processor.
Moving label "dmem.ram\[60\]\[4\]" from metal1 to via1 in cell pipelined_processor.
Moving label "dmem.ram\[60\]\[7\]" from metal1 to via1 in cell pipelined_processor.
Moving label "dmem.ram\[61\]\[9\]" from metal1 to via1 in cell pipelined_processor.
Moving label "dmem.ram\[62\]\[14\]" from metal1 to via1 in cell pipelined_processor.
Moving label "dmem.ram\[6\]\[0\]" from metal1 to via1 in cell pipelined_processor.
Moving label "dmem.ram\[6\]\[1\]" from metal1 to via1 in cell pipelined_processor.
Moving label "id_rr_reg.pc_next_out\[15\]" from metal2 to via2 in cell pipelined_processor.
Moving label "if_id_reg.Instr_Out\[0\]" from metal2 to via2 in cell pipelined_processor.
Moving label "if_id_reg.Instr_Out\[13\]" from metal2 to via2 in cell pipelined_processor.
Moving label "imem.rom\[0\]\[8\]" from metal2 to via1 in cell pipelined_processor.
Moving label "imem.rom\[13\]\[2\]" from metal2 to via2 in cell pipelined_processor.
Moving label "imem.rom\[14\]\[10\]" from metal1 to via1 in cell pipelined_processor.
Moving label "imem.rom\[14\]\[5\]" from metal1 to via1 in cell pipelined_processor.
Moving label "imem.rom\[2\]\[1\]" from metal1 to via1 in cell pipelined_processor.
Moving label "imem.rom\[6\]\[10\]" from metal1 to via1 in cell pipelined_processor.
Moving label "imem.rom\[6\]\[14\]" from metal1 to via1 in cell pipelined_processor.
Moving label "net1017" from metal2 to via1 in cell pipelined_processor.
Moving label "net15" from metal2 to via2 in cell pipelined_processor.
Moving label "net41" from metal2 to via2 in cell pipelined_processor.
Moving label "net44" from metal2 to via2 in cell pipelined_processor.
Moving label "net47" from metal2 to via2 in cell pipelined_processor.
Moving label "net480" from metal1 to viali in cell pipelined_processor.
Moving label "net481" from metal2 to via1 in cell pipelined_processor.
Moving label "net67" from metal2 to via2 in cell pipelined_processor.
Moving label "net79" from metal2 to via2 in cell pipelined_processor.
Moving label "net978" from metal1 to viali in cell pipelined_processor.
Moving label "pc_out_port[10]" from metal2 to via2 in cell pipelined_processor.
Moving label "pc_out_port[2]" from metal2 to via2 in cell pipelined_processor.
Moving label "regfile.registerFile\[2\]\[2\]" from metal1 to via1 in cell pipelined_processor.
Moving label "regfile.registerFile\[3\]\[4\]" from metal2 to via1 in cell pipelined_processor.
Moving label "regfile.registerFile\[3\]\[5\]" from metal1 to viali in cell pipelined_processor.
Moving label "regfile.registerFile\[6\]\[0\]" from metal1 to via1 in cell pipelined_processor.
Moving label "regfile.registerFile\[6\]\[8\]" from metal1 to via1 in cell pipelined_processor.
Moving label "regfile.registerFile\[7\]\[1\]" from metal1 to via1 in cell pipelined_processor.
Moving label "rr_ex_reg.RF_A2_Out\[1\]" from metal1 to via1 in cell pipelined_processor.
Moving label "rr_ex_reg.RF_D1_Out\[0\]" from metal1 to via1 in cell pipelined_processor.
[INFO]: Writing abstract LEF
Generating LEF output /openlane/designs/my_processor/runs/RUN_2026.05.08_07.54.42/results/signoff/pipelined_processor.lef for cell pipelined_processor:
Diagnostic:  Write LEF header for cell pipelined_processor
Diagnostic:  Writing LEF output for cell pipelined_processor
Diagnostic:  Scale value is 0.005000
[INFO]: LEF Write Complete
