
77. Printing statistics.

=== pipelined_processor ===

   Number of wires:              10630
   Number of wire bits:          10715
   Number of public wires:        2117
   Number of public wire bits:    2202
   Number of memories:               0
   Number of memory bits:            0
   Number of processes:              0
   Number of cells:              10683
     sky130_fd_sc_hd__a2111o_2       4
     sky130_fd_sc_hd__a2111oi_2      3
     sky130_fd_sc_hd__a211o_2      106
     sky130_fd_sc_hd__a211oi_2       7
     sky130_fd_sc_hd__a21bo_2       15
     sky130_fd_sc_hd__a21boi_2       1
     sky130_fd_sc_hd__a21o_2       293
     sky130_fd_sc_hd__a21oi_2       73
     sky130_fd_sc_hd__a221o_2      107
     sky130_fd_sc_hd__a221oi_2      10
     sky130_fd_sc_hd__a22o_2       664
     sky130_fd_sc_hd__a22oi_2        2
     sky130_fd_sc_hd__a2bb2o_2      33
     sky130_fd_sc_hd__a311o_2        2
     sky130_fd_sc_hd__a311oi_2       2
     sky130_fd_sc_hd__a31o_2        46
     sky130_fd_sc_hd__a31oi_2        1
     sky130_fd_sc_hd__a32o_2        52
     sky130_fd_sc_hd__a41o_2         1
     sky130_fd_sc_hd__and2_2       232
     sky130_fd_sc_hd__and2b_2       25
     sky130_fd_sc_hd__and3_2        51
     sky130_fd_sc_hd__and3b_2       10
     sky130_fd_sc_hd__and4_2        13
     sky130_fd_sc_hd__and4b_2        6
     sky130_fd_sc_hd__and4bb_2       2
     sky130_fd_sc_hd__buf_1       2447
     sky130_fd_sc_hd__dfxtp_2     2157
     sky130_fd_sc_hd__inv_2        191
     sky130_fd_sc_hd__mux2_2      1686
     sky130_fd_sc_hd__mux4_2       399
     sky130_fd_sc_hd__nand2_2      140
     sky130_fd_sc_hd__nand3_2        7
     sky130_fd_sc_hd__nand3b_2       4
     sky130_fd_sc_hd__nand4_2        2
     sky130_fd_sc_hd__nor2_2       299
     sky130_fd_sc_hd__nor2b_2        1
     sky130_fd_sc_hd__nor3_2         3
     sky130_fd_sc_hd__nor3b_2        2
     sky130_fd_sc_hd__nor4_2         3
     sky130_fd_sc_hd__o2111a_2       2
     sky130_fd_sc_hd__o2111ai_2      1
     sky130_fd_sc_hd__o211a_2      182
     sky130_fd_sc_hd__o211ai_2       2
     sky130_fd_sc_hd__o21a_2        56
     sky130_fd_sc_hd__o21ai_2       58
     sky130_fd_sc_hd__o21ba_2       12
     sky130_fd_sc_hd__o21bai_2       1
     sky130_fd_sc_hd__o221a_2      286
     sky130_fd_sc_hd__o221ai_2       1
     sky130_fd_sc_hd__o22a_2       397
     sky130_fd_sc_hd__o22ai_2        1
     sky130_fd_sc_hd__o2bb2a_2      15
     sky130_fd_sc_hd__o2bb2ai_2      1
     sky130_fd_sc_hd__o311a_2       10
     sky130_fd_sc_hd__o31a_2        24
     sky130_fd_sc_hd__o31ai_2        5
     sky130_fd_sc_hd__o32a_2        45
     sky130_fd_sc_hd__o41a_2         2
     sky130_fd_sc_hd__or2_2        269
     sky130_fd_sc_hd__or2b_2        13
     sky130_fd_sc_hd__or3_2         27
     sky130_fd_sc_hd__or3b_2        21
     sky130_fd_sc_hd__or4_2         42
     sky130_fd_sc_hd__or4b_2        12
     sky130_fd_sc_hd__or4bb_2        2
     sky130_fd_sc_hd__xnor2_2       64
     sky130_fd_sc_hd__xor2_2        30

   Chip area for module '\pipelined_processor': 119076.704000

