OpenROAD 41a51eaf4ca2171c92ff38afb91eb37bbd3f36da 
This program is licensed under the BSD-3 license. See the LICENSE file for details.
Components of this program may be licensed under more restrictive licenses which must be honored.
[INFO]: Reading ODB at '/openlane/designs/my_processor/runs/RUN_CLEAN/results/floorplan/pipelined_processor.odb'…
define_corners Typical
read_liberty -corner Typical /home/kushagra/.ciel/sky130A/libs.ref/sky130_fd_sc_hd/lib/sky130_fd_sc_hd__tt_025C_1v80.lib
Using 1e-12 for capacitance...
Using 1e+03 for resistance...
Using 1e-09 for time...
Using 1e+00 for voltage...
Using 1e-03 for current...
Using 1e-09 for power...
Using 1e-06 for distance...
Reading design constraints file at '/openlane/designs/my_processor/runs/RUN_CLEAN/tmp/floorplan/3-initial_fp.sdc'…
[INFO]: Setting RC values...
[INFO]: Setting signal min routing layer to: met1 and clock min routing layer to met3. 
[INFO]: Setting signal max routing layer to: met5 and clock max routing layer to met5. 
[INFO GPL-0002] DBU: 1000
[INFO GPL-0003] SiteSize: 460 2720
[INFO GPL-0004] CoreAreaLxLy: 5520 10880
[INFO GPL-0005] CoreAreaUxUy: 519800 524960
[INFO GPL-0006] NumInstances: 14785
[INFO GPL-0007] NumPlaceInstances: 10683
[INFO GPL-0008] NumFixedInstances: 4102
[INFO GPL-0009] NumDummyInstances: 0
[INFO GPL-0010] NumNets: 10715
[INFO GPL-0011] NumPins: 38146
[INFO GPL-0012] DieAreaLxLy: 0 0
[INFO GPL-0013] DieAreaUxUy: 525445 536165
[INFO GPL-0014] CoreAreaLxLy: 5520 10880
[INFO GPL-0015] CoreAreaUxUy: 519800 524960
[INFO GPL-0016] CoreArea: 264381062400
[INFO GPL-0017] NonPlaceInstsArea: 6078329600
[INFO GPL-0018] PlaceInstsArea: 119076704000
[INFO GPL-0019] Util(%): 46.10
[INFO GPL-0020] StdInstsArea: 119076704000
[INFO GPL-0021] MacroInstsArea: 0
[InitialPlace]  Iter: 1 CG residual: 0.00014794 HPWL: 142882685
[InitialPlace]  Iter: 2 CG residual: 0.00012708 HPWL: 138500047
[InitialPlace]  Iter: 3 CG residual: 0.00004959 HPWL: 139237967
[InitialPlace]  Iter: 4 CG residual: 0.00014399 HPWL: 139913847
[InitialPlace]  Iter: 5 CG residual: 0.00005295 HPWL: 139709746
[InitialPlace]  Iter: 6 CG residual: 0.00007852 HPWL: 140014675
[InitialPlace]  Iter: 7 CG residual: 0.00006201 HPWL: 139806749
[InitialPlace]  Iter: 8 CG residual: 0.00006841 HPWL: 140079894
[InitialPlace]  Iter: 9 CG residual: 0.00004331 HPWL: 139843530
[InitialPlace]  Iter: 10 CG residual: 0.00005759 HPWL: 140106108
[InitialPlace]  Iter: 11 CG residual: 0.00005759 HPWL: 139819557
[InitialPlace]  Iter: 12 CG residual: 0.00006039 HPWL: 140113660
[InitialPlace]  Iter: 13 CG residual: 0.00003699 HPWL: 139866196
[InitialPlace]  Iter: 14 CG residual: 0.00003738 HPWL: 140099113
[InitialPlace]  Iter: 15 CG residual: 0.00003787 HPWL: 139856285
[InitialPlace]  Iter: 16 CG residual: 0.00004784 HPWL: 140141757
[InitialPlace]  Iter: 17 CG residual: 0.00003829 HPWL: 139858367
[InitialPlace]  Iter: 18 CG residual: 0.00004083 HPWL: 140109567
[InitialPlace]  Iter: 19 CG residual: 0.00003647 HPWL: 139839021
[InitialPlace]  Iter: 20 CG residual: 0.00006437 HPWL: 140134658
[INFO GPL-0031] FillerInit: NumGCells: 11603
[INFO GPL-0032] FillerInit: NumGNets: 10715
[INFO GPL-0033] FillerInit: NumGPins: 38146
[INFO GPL-0023] TargetDensity: 0.50
[INFO GPL-0024] AveragePlaceInstArea: 11146373
[INFO GPL-0025] IdealBinArea: 22292746
[INFO GPL-0026] IdealBinCnt: 11859
[INFO GPL-0027] TotalBinArea: 264381062400
[INFO GPL-0028] BinCnt: 64 64
[INFO GPL-0029] BinSize: 8036 8033
[INFO GPL-0030] NumBins: 4096
[NesterovSolve] Iter: 1 overflow: 0.987913 HPWL: 66440131
[NesterovSolve] Iter: 10 overflow: 0.970315 HPWL: 92174527
[NesterovSolve] Iter: 20 overflow: 0.968993 HPWL: 93599240
[NesterovSolve] Iter: 30 overflow: 0.967464 HPWL: 94505917
[NesterovSolve] Iter: 40 overflow: 0.96637 HPWL: 94762093
[NesterovSolve] Iter: 50 overflow: 0.965583 HPWL: 94873625
[NesterovSolve] Iter: 60 overflow: 0.965083 HPWL: 95018019
[NesterovSolve] Iter: 70 overflow: 0.964894 HPWL: 95197506
[NesterovSolve] Iter: 80 overflow: 0.9647 HPWL: 95399819
[NesterovSolve] Iter: 90 overflow: 0.964479 HPWL: 95611713
[NesterovSolve] Iter: 100 overflow: 0.964233 HPWL: 95842210
[NesterovSolve] Iter: 110 overflow: 0.963841 HPWL: 96169508
[NesterovSolve] Iter: 120 overflow: 0.963265 HPWL: 96672275
[NesterovSolve] Iter: 130 overflow: 0.962565 HPWL: 97470639
[NesterovSolve] Iter: 140 overflow: 0.960909 HPWL: 98794877
[NesterovSolve] Iter: 150 overflow: 0.95969 HPWL: 100988191
[NesterovSolve] Iter: 160 overflow: 0.956747 HPWL: 105231815
[NesterovSolve] Iter: 170 overflow: 0.952416 HPWL: 111836049
[NesterovSolve] Iter: 180 overflow: 0.94616 HPWL: 120563528
[NesterovSolve] Iter: 190 overflow: 0.937364 HPWL: 130612209
[NesterovSolve] Iter: 200 overflow: 0.92565 HPWL: 141613367
[NesterovSolve] Iter: 210 overflow: 0.910522 HPWL: 155423140
[NesterovSolve] Iter: 220 overflow: 0.887144 HPWL: 171355457
[NesterovSolve] Iter: 230 overflow: 0.865217 HPWL: 187921851
[NesterovSolve] Iter: 240 overflow: 0.836206 HPWL: 206277256
[NesterovSolve] Iter: 250 overflow: 0.804827 HPWL: 225188381
[INFO GPL-0100] worst slack 2.21e-08
[INFO GPL-0103] Weighted 1071 nets.
[NesterovSolve] Iter: 260 overflow: 0.76983 HPWL: 246549231
[NesterovSolve] Iter: 270 overflow: 0.732463 HPWL: 263941053
[NesterovSolve] Iter: 280 overflow: 0.692898 HPWL: 282921351
[NesterovSolve] Iter: 290 overflow: 0.65034 HPWL: 301339499
[INFO GPL-0100] worst slack 2.21e-08
[INFO GPL-0103] Weighted 1071 nets.
[NesterovSolve] Iter: 300 overflow: 0.605385 HPWL: 316329420
[NesterovSolve] Snapshot saved at iter = 300
[NesterovSolve] Iter: 310 overflow: 0.558371 HPWL: 328180999
[NesterovSolve] Iter: 320 overflow: 0.509914 HPWL: 336145392
[INFO GPL-0100] worst slack 2.21e-08
[INFO GPL-0103] Weighted 1071 nets.
[NesterovSolve] Iter: 330 overflow: 0.461673 HPWL: 342855878
[NesterovSolve] Iter: 340 overflow: 0.41404 HPWL: 349187274
[NesterovSolve] Iter: 350 overflow: 0.361283 HPWL: 353840113
[NesterovSolve] Iter: 360 overflow: 0.319721 HPWL: 356611745
[NesterovSolve] Iter: 370 overflow: 0.284237 HPWL: 357496494
[INFO GPL-0100] worst slack 2.21e-08
[INFO GPL-0103] Weighted 1070 nets.
[NesterovSolve] Iter: 380 overflow: 0.249365 HPWL: 358621544
[NesterovSolve] Iter: 390 overflow: 0.221302 HPWL: 359472194
[INFO GPL-0100] worst slack 2.2e-08
[INFO GPL-0103] Weighted 1070 nets.
[INFO GPL-0075] Routability numCall: 1 inflationIterCnt: 1 bloatIterCnt: 0
[INFO GPL-0036] TileLxLy: 0 0
[INFO GPL-0037] TileSize: 6900 6900
[INFO GPL-0038] TileCnt: 76 77
[INFO GPL-0039] numRoutingLayers: 6
[INFO GPL-0040] NumTiles: 5852
[INFO GPL-0063] TotalRouteOverflowH2: 3.3000004291534424
[INFO GPL-0064] TotalRouteOverflowV2: 12.700000405311584
[INFO GPL-0065] OverflowTileCnt2: 85
[INFO GPL-0066] 0.5%RC: 1.2087719252235012
[INFO GPL-0067] 1.0%RC: 1.1123893841178016
[INFO GPL-0068] 2.0%RC: 1.0564444462458293
[INFO GPL-0069] 5.0%RC: 1.0225577271852782
[INFO GPL-0070] 0.5rcK: 1.0
[INFO GPL-0071] 1.0rcK: 1.0
[INFO GPL-0072] 2.0rcK: 0.0
[INFO GPL-0073] 5.0rcK: 0.0
[INFO GPL-0074] FinalRC: 1.1605806
[NesterovSolve] Iter: 400 overflow: 0.190281 HPWL: 360483534
[NesterovSolve] Iter: 410 overflow: 0.163095 HPWL: 360740862
[INFO GPL-0100] worst slack 2.2e-08
[INFO GPL-0103] Weighted 1071 nets.
[NesterovSolve] Iter: 420 overflow: 0.135011 HPWL: 361457339
[NesterovSolve] Iter: 430 overflow: 0.117798 HPWL: 362393988
[NesterovSolve] Finished with Overflow: 0.099648
Setting global connections for newly added cells…
Writing OpenROAD database to '/openlane/designs/my_processor/runs/RUN_CLEAN/tmp/placement/7-global.odb'…
Writing netlist to '/openlane/designs/my_processor/runs/RUN_CLEAN/tmp/placement/7-global.nl.v'…
Writing powered netlist to '/openlane/designs/my_processor/runs/RUN_CLEAN/tmp/placement/7-global.pnl.v'…
Writing layout to '/openlane/designs/my_processor/runs/RUN_CLEAN/tmp/placement/7-global.def'…
