
===========================================================================
 report_power
============================================================================
======================= Fastest Corner ===================================

Group                  Internal  Switching    Leakage      Total
                          Power      Power      Power      Power (Watts)
----------------------------------------------------------------
Sequential             4.12e-03   2.85e-04   2.39e-08   4.41e-03  37.9%
Combinational          3.96e-03   3.26e-03   1.17e-07   7.22e-03  62.1%
Macro                  0.00e+00   0.00e+00   0.00e+00   0.00e+00   0.0%
Pad                    0.00e+00   0.00e+00   0.00e+00   0.00e+00   0.0%
----------------------------------------------------------------
Total                  8.08e-03   3.55e-03   1.41e-07   1.16e-02 100.0%
                          69.5%      30.5%       0.0%

======================= Slowest Corner ===================================

Group                  Internal  Switching    Leakage      Total
                          Power      Power      Power      Power (Watts)
----------------------------------------------------------------
Sequential             2.77e-03   1.86e-04   2.41e-05   2.98e-03  37.3%
Combinational          2.81e-03   2.13e-03   6.26e-05   5.00e-03  62.7%
Macro                  0.00e+00   0.00e+00   0.00e+00   0.00e+00   0.0%
Pad                    0.00e+00   0.00e+00   0.00e+00   0.00e+00   0.0%
----------------------------------------------------------------
Total                  5.58e-03   2.31e-03   8.67e-05   7.98e-03 100.0%
                          69.9%      29.0%       1.1%

======================= Typical Corner ===================================

Group                  Internal  Switching    Leakage      Total
                          Power      Power      Power      Power (Watts)
----------------------------------------------------------------
Sequential             3.55e-03   2.39e-04   1.38e-08   3.79e-03  37.9%
Combinational          3.48e-03   2.74e-03   7.13e-08   6.22e-03  62.1%
Macro                  0.00e+00   0.00e+00   0.00e+00   0.00e+00   0.0%
Pad                    0.00e+00   0.00e+00   0.00e+00   0.00e+00   0.0%
----------------------------------------------------------------
Total                  7.03e-03   2.98e-03   8.51e-08   1.00e-02 100.0%
                          70.2%      29.8%       0.0%

