
===========================================================================
report_checks -unconstrained
===========================================================================
======================= Fastest Corner ===================================

Startpoint: debug_mem_addr[0] (input port clocked by clk)
Endpoint: debug_mem_data[1] (output port clocked by clk)
Path Group: clk
Path Type: max
Corner: Fastest

Fanout     Cap    Slew   Delay    Time   Description
-----------------------------------------------------------------------------
                          0.00    0.00   clock clk (rise edge)
                          0.00    0.00   clock network delay (propagated)
                          1.00    1.00 ^ input external delay
                  0.01    0.01    1.01 ^ debug_mem_addr[0] (in)
     1    0.00                           debug_mem_addr[0] (net)
                  0.01    0.00    1.01 ^ input1/A (sky130_fd_sc_hd__buf_2)
                  0.20    0.18    1.19 ^ input1/X (sky130_fd_sc_hd__buf_2)
     2    0.05                           net1 (net)
                  0.20    0.01    1.20 ^ _07414_/A (sky130_fd_sc_hd__buf_2)
                  0.14    0.18    1.38 ^ _07414_/X (sky130_fd_sc_hd__buf_2)
     6    0.04                           _02116_ (net)
                  0.14    0.00    1.38 ^ _07434_/A (sky130_fd_sc_hd__clkbuf_2)
                  0.09    0.14    1.52 ^ _07434_/X (sky130_fd_sc_hd__clkbuf_2)
     6    0.02                           _02136_ (net)
                  0.09    0.00    1.52 ^ _07479_/A (sky130_fd_sc_hd__buf_2)
                  0.18    0.20    1.72 ^ _07479_/X (sky130_fd_sc_hd__buf_2)
     6    0.05                           _02181_ (net)
                  0.18    0.00    1.72 ^ _07480_/A (sky130_fd_sc_hd__buf_4)
                  0.15    0.19    1.91 ^ _07480_/X (sky130_fd_sc_hd__buf_4)
     6    0.07                           _02182_ (net)
                  0.15    0.00    1.92 ^ _07584_/S0 (sky130_fd_sc_hd__mux4_2)
                  0.09    0.37    2.28 v _07584_/X (sky130_fd_sc_hd__mux4_2)
     1    0.02                           _02285_ (net)
                  0.09    0.00    2.28 v _07590_/A2 (sky130_fd_sc_hd__o211a_1)
                  0.04    0.17    2.46 v _07590_/X (sky130_fd_sc_hd__o211a_1)
     1    0.01                           _02291_ (net)
                  0.04    0.00    2.46 v _07591_/B1 (sky130_fd_sc_hd__a31o_1)
                  0.03    0.08    2.54 v _07591_/X (sky130_fd_sc_hd__a31o_1)
     1    0.01                           _02292_ (net)
                  0.03    0.00    2.54 v _07592_/A1 (sky130_fd_sc_hd__mux2_1)
                  0.10    0.23    2.77 v _07592_/X (sky130_fd_sc_hd__mux2_1)
     1    0.02                           _02293_ (net)
                  0.10    0.00    2.77 v _07613_/A2 (sky130_fd_sc_hd__a21o_2)
                  0.11    0.25    3.02 v _07613_/X (sky130_fd_sc_hd__a21o_2)
     2    0.06                           net40 (net)
                  0.11    0.00    3.03 v output40/A (sky130_fd_sc_hd__buf_2)
                  0.06    0.16    3.18 v output40/X (sky130_fd_sc_hd__buf_2)
     1    0.03                           debug_mem_data[1] (net)
                  0.06    0.00    3.18 v debug_mem_data[1] (out)
                                  3.18   data arrival time

                          5.00    5.00   clock clk (rise edge)
                          0.00    5.00   clock network delay (propagated)
                         -0.25    4.75   clock uncertainty
                          0.00    4.75   clock reconvergence pessimism
                         -1.00    3.75   output external delay
                                  3.75   data required time
-----------------------------------------------------------------------------
                                  3.75   data required time
                                 -3.18   data arrival time
-----------------------------------------------------------------------------
                                  0.57   slack (MET)



======================= Slowest Corner ===================================

Startpoint: _15714_ (rising edge-triggered flip-flop clocked by clk)
Endpoint: _14812_ (rising edge-triggered flip-flop clocked by clk)
Path Group: clk
Path Type: max
Corner: Slowest

Fanout     Cap    Slew   Delay    Time   Description
-----------------------------------------------------------------------------
                          0.00    0.00   clock clk (rise edge)
                          0.00    0.00   clock source latency
                  0.50    0.37    0.37 ^ clk (in)
     2    0.07                           clk (net)
                  0.51    0.00    0.37 ^ clkbuf_0_clk/A (sky130_fd_sc_hd__clkbuf_16)
                  0.39    0.69    1.06 ^ clkbuf_0_clk/X (sky130_fd_sc_hd__clkbuf_16)
    16    0.25                           clknet_0_clk (net)
                  0.39    0.01    1.07 ^ clkbuf_4_14_0_clk/A (sky130_fd_sc_hd__clkbuf_8)
                  0.32    0.59    1.66 ^ clkbuf_4_14_0_clk/X (sky130_fd_sc_hd__clkbuf_8)
     9    0.12                           clknet_4_14_0_clk (net)
                  0.32    0.00    1.66 ^ clkbuf_leaf_86_clk/A (sky130_fd_sc_hd__clkbuf_16)
                  0.10    0.38    2.04 ^ clkbuf_leaf_86_clk/X (sky130_fd_sc_hd__clkbuf_16)
    15    0.04                           clknet_leaf_86_clk (net)
                  0.10    0.00    2.04 ^ _15714_/CLK (sky130_fd_sc_hd__dfxtp_4)
                  0.21    0.87    2.91 ^ _15714_/Q (sky130_fd_sc_hd__dfxtp_4)
     6    0.04                           ex_mm_reg.ALU_Result_Out[0] (net)
                  0.21    0.00    2.91 ^ _09157_/A (sky130_fd_sc_hd__clkbuf_2)
                  0.24    0.40    3.31 ^ _09157_/X (sky130_fd_sc_hd__clkbuf_2)
     6    0.03                           _03667_ (net)
                  0.24    0.00    3.31 ^ _09172_/A (sky130_fd_sc_hd__buf_4)
                  0.44    0.58    3.89 ^ _09172_/X (sky130_fd_sc_hd__buf_4)
     8    0.10                           _03682_ (net)
                  0.44    0.00    3.90 ^ _09626_/A (sky130_fd_sc_hd__buf_4)
                  0.46    0.69    4.58 ^ _09626_/X (sky130_fd_sc_hd__buf_4)
     6    0.11                           _04136_ (net)
                  0.46    0.00    4.58 ^ _10088_/S0 (sky130_fd_sc_hd__mux4_1)
                  0.24    1.54    6.13 v _10088_/X (sky130_fd_sc_hd__mux4_1)
     1    0.01                           _04598_ (net)
                  0.24    0.00    6.13 v _10091_/A2 (sky130_fd_sc_hd__o21ai_1)
                  0.37    0.43    6.56 ^ _10091_/Y (sky130_fd_sc_hd__o21ai_1)
     1    0.01                           _04601_ (net)
                  0.37    0.00    6.56 ^ _10097_/B1 (sky130_fd_sc_hd__a32oi_4)
                  0.37    0.32    6.88 v _10097_/Y (sky130_fd_sc_hd__a32oi_4)
     2    0.04                           _04607_ (net)
                  0.37    0.00    6.88 v _10098_/A2 (sky130_fd_sc_hd__a21bo_4)
                  0.11    0.60    7.48 v _10098_/X (sky130_fd_sc_hd__a21bo_4)
     4    0.03                           _04608_ (net)
                  0.11    0.00    7.48 v _10198_/A3 (sky130_fd_sc_hd__a31o_1)
                  0.19    0.56    8.04 v _10198_/X (sky130_fd_sc_hd__a31o_1)
     2    0.02                           _04707_ (net)
                  0.19    0.00    8.04 v _10199_/B (sky130_fd_sc_hd__xnor2_1)
                  0.14    0.31    8.35 v _10199_/Y (sky130_fd_sc_hd__xnor2_1)
     2    0.01                           _04708_ (net)
                  0.14    0.00    8.35 v _10201_/B (sky130_fd_sc_hd__or2_4)
                  0.11    0.54    8.89 v _10201_/X (sky130_fd_sc_hd__or2_4)
     4    0.02                           _04710_ (net)
                  0.11    0.00    8.89 v _10253_/A2 (sky130_fd_sc_hd__a31o_4)
                  0.09    0.48    9.37 v _10253_/X (sky130_fd_sc_hd__a31o_4)
     3    0.02                           _04760_ (net)
                  0.09    0.00    9.37 v _10380_/A1 (sky130_fd_sc_hd__a2111oi_2)
                  0.41    0.52    9.89 ^ _10380_/Y (sky130_fd_sc_hd__a2111oi_2)
     1    0.00                           _04882_ (net)
                  0.41    0.00    9.89 ^ wire84/A (sky130_fd_sc_hd__clkbuf_1)
                  0.14    0.33   10.22 ^ wire84/X (sky130_fd_sc_hd__clkbuf_1)
     2    0.01                           net84 (net)
                  0.14    0.00   10.22 ^ max_cap83/A (sky130_fd_sc_hd__clkbuf_1)
                  0.09    0.20   10.42 ^ max_cap83/X (sky130_fd_sc_hd__clkbuf_1)
     1    0.00                           net83 (net)
                  0.09    0.00   10.42 ^ _10385_/A4 (sky130_fd_sc_hd__o41a_1)
                  0.22    0.35   10.77 ^ _10385_/X (sky130_fd_sc_hd__o41a_1)
     3    0.01                           _04887_ (net)
                  0.22    0.00   10.77 ^ _10484_/A1 (sky130_fd_sc_hd__a21o_1)
                  0.13    0.34   11.11 ^ _10484_/X (sky130_fd_sc_hd__a21o_1)
     2    0.01                           _04982_ (net)
                  0.13    0.00   11.11 ^ _10493_/A1 (sky130_fd_sc_hd__a21o_1)
                  0.14    0.30   11.41 ^ _10493_/X (sky130_fd_sc_hd__a21o_1)
     3    0.01                           _04990_ (net)
                  0.14    0.00   11.41 ^ _10514_/B (sky130_fd_sc_hd__nand2_1)
                  0.15    0.20   11.61 v _10514_/Y (sky130_fd_sc_hd__nand2_1)
     2    0.01                           _05010_ (net)
                  0.15    0.00   11.61 v _10517_/A2 (sky130_fd_sc_hd__a21oi_2)
                  0.19    0.30   11.91 ^ _10517_/Y (sky130_fd_sc_hd__a21oi_2)
     2    0.01                           _05013_ (net)
                  0.19    0.00   11.91 ^ _10524_/A3 (sky130_fd_sc_hd__o31ai_1)
                  0.20    0.26   12.17 v _10524_/Y (sky130_fd_sc_hd__o31ai_1)
     1    0.01                           _05020_ (net)
                  0.20    0.00   12.17 v _10531_/A2 (sky130_fd_sc_hd__a22o_1)
                  0.07    0.49   12.66 v _10531_/X (sky130_fd_sc_hd__a22o_1)
     1    0.00                           _05027_ (net)
                  0.07    0.00   12.66 v _10532_/A1 (sky130_fd_sc_hd__mux2_1)
                  0.12    0.69   13.35 v _10532_/X (sky130_fd_sc_hd__mux2_1)
     1    0.00                           _05028_ (net)
                  0.12    0.00   13.35 v _10533_/B2 (sky130_fd_sc_hd__o221a_1)
                  0.09    0.43   13.77 v _10533_/X (sky130_fd_sc_hd__o221a_1)
     1    0.00                           _00194_ (net)
                  0.09    0.00   13.77 v _14812_/D (sky130_fd_sc_hd__dfxtp_4)
                                 13.77   data arrival time

                          5.00    5.00   clock clk (rise edge)
                          0.00    5.00   clock source latency
                  0.50    0.34    5.34 ^ clk (in)
     2    0.07                           clk (net)
                  0.51    0.00    5.34 ^ clkbuf_0_clk/A (sky130_fd_sc_hd__clkbuf_16)
                  0.39    0.62    5.96 ^ clkbuf_0_clk/X (sky130_fd_sc_hd__clkbuf_16)
    16    0.25                           clknet_0_clk (net)
                  0.39    0.01    5.97 ^ clkbuf_4_6_0_clk/A (sky130_fd_sc_hd__clkbuf_8)
                  0.31    0.53    6.50 ^ clkbuf_4_6_0_clk/X (sky130_fd_sc_hd__clkbuf_8)
     9    0.11                           clknet_4_6_0_clk (net)
                  0.31    0.00    6.50 ^ clkbuf_leaf_49_clk/A (sky130_fd_sc_hd__clkbuf_16)
                  0.08    0.33    6.83 ^ clkbuf_leaf_49_clk/X (sky130_fd_sc_hd__clkbuf_16)
    11    0.03                           clknet_leaf_49_clk (net)
                  0.08    0.00    6.83 ^ _14812_/CLK (sky130_fd_sc_hd__dfxtp_4)
                         -0.25    6.58   clock uncertainty
                          0.10    6.68   clock reconvergence pessimism
                         -0.28    6.40   library setup time
                                  6.40   data required time
-----------------------------------------------------------------------------
                                  6.40   data required time
                                -13.77   data arrival time
-----------------------------------------------------------------------------
                                 -7.37   slack (VIOLATED)



======================= Typical Corner ===================================

Startpoint: _15716_ (rising edge-triggered flip-flop clocked by clk)
Endpoint: _15681_ (rising edge-triggered flip-flop clocked by clk)
Path Group: clk
Path Type: max
Corner: Typical

Fanout     Cap    Slew   Delay    Time   Description
-----------------------------------------------------------------------------
                          0.00    0.00   clock clk (rise edge)
                          0.00    0.00   clock source latency
                  0.32    0.23    0.23 ^ clk (in)
     2    0.07                           clk (net)
                  0.32    0.00    0.23 ^ clkbuf_0_clk/A (sky130_fd_sc_hd__clkbuf_16)
                  0.26    0.39    0.62 ^ clkbuf_0_clk/X (sky130_fd_sc_hd__clkbuf_16)
    16    0.25                           clknet_0_clk (net)
                  0.26    0.01    0.63 ^ clkbuf_4_3_0_clk/A (sky130_fd_sc_hd__clkbuf_8)
                  0.20    0.33    0.96 ^ clkbuf_4_3_0_clk/X (sky130_fd_sc_hd__clkbuf_8)
     8    0.11                           clknet_4_3_0_clk (net)
                  0.20    0.01    0.97 ^ clkbuf_leaf_132_clk/A (sky130_fd_sc_hd__clkbuf_16)
                  0.06    0.20    1.17 ^ clkbuf_leaf_132_clk/X (sky130_fd_sc_hd__clkbuf_16)
    13    0.04                           clknet_leaf_132_clk (net)
                  0.06    0.00    1.17 ^ _15716_/CLK (sky130_fd_sc_hd__dfxtp_1)
                  0.13    0.39    1.57 ^ _15716_/Q (sky130_fd_sc_hd__dfxtp_1)
     5    0.01                           ex_mm_reg.ALU_Result_Out[2] (net)
                  0.13    0.00    1.57 ^ _09139_/A (sky130_fd_sc_hd__buf_4)
                  0.10    0.20    1.76 ^ _09139_/X (sky130_fd_sc_hd__buf_4)
     6    0.03                           _03649_ (net)
                  0.10    0.00    1.76 ^ _09473_/A (sky130_fd_sc_hd__clkbuf_4)
                  0.18    0.27    2.03 ^ _09473_/X (sky130_fd_sc_hd__clkbuf_4)
     6    0.06                           _03983_ (net)
                  0.18    0.00    2.03 ^ _09500_/A (sky130_fd_sc_hd__buf_4)
                  0.28    0.34    2.38 ^ _09500_/X (sky130_fd_sc_hd__buf_4)
     6    0.10                           _04010_ (net)
                  0.28    0.00    2.38 ^ _09501_/S1 (sky130_fd_sc_hd__mux4_2)
                  0.08    0.37    2.75 v _09501_/X (sky130_fd_sc_hd__mux4_2)
     1    0.00                           _04011_ (net)
                  0.08    0.00    2.75 v _09504_/A0 (sky130_fd_sc_hd__mux2_4)
                  0.07    0.33    3.07 v _09504_/X (sky130_fd_sc_hd__mux2_4)
     1    0.02                           _04014_ (net)
                  0.07    0.00    3.07 v _09508_/A2 (sky130_fd_sc_hd__o22a_1)
                  0.04    0.21    3.28 v _09508_/X (sky130_fd_sc_hd__o22a_1)
     1    0.00                           _04018_ (net)
                  0.04    0.00    3.28 v _09519_/B (sky130_fd_sc_hd__and2_4)
                  0.05    0.19    3.47 v _09519_/X (sky130_fd_sc_hd__and2_4)
     1    0.03                           _04029_ (net)
                  0.05    0.00    3.47 v _09520_/C (sky130_fd_sc_hd__and3_1)
                  0.09    0.25    3.72 v _09520_/X (sky130_fd_sc_hd__and3_1)
     2    0.02                           _04030_ (net)
                  0.09    0.00    3.72 v _09521_/A1 (sky130_fd_sc_hd__mux2_4)
                  0.06    0.30    4.02 v _09521_/X (sky130_fd_sc_hd__mux2_4)
     3    0.01                           _04031_ (net)
                  0.06    0.00    4.02 v _09525_/A0 (sky130_fd_sc_hd__mux2_4)
                  0.07    0.32    4.34 v _09525_/X (sky130_fd_sc_hd__mux2_4)
     3    0.02                           _04035_ (net)
                  0.07    0.00    4.34 v _13070_/A1 (sky130_fd_sc_hd__o22a_4)
                  0.06    0.29    4.63 v _13070_/X (sky130_fd_sc_hd__o22a_4)
     4    0.02                           _06698_ (net)
                  0.06    0.00    4.63 v _13071_/B (sky130_fd_sc_hd__xor2_1)
                  0.16    0.18    4.80 ^ _13071_/X (sky130_fd_sc_hd__xor2_1)
     2    0.01                           _06699_ (net)
                  0.16    0.00    4.80 ^ _13074_/B (sky130_fd_sc_hd__nand2_1)
                  0.07    0.10    4.90 v _13074_/Y (sky130_fd_sc_hd__nand2_1)
     2    0.01                           _06702_ (net)
                  0.07    0.00    4.90 v _13105_/B1 (sky130_fd_sc_hd__o221a_1)
                  0.08    0.28    5.19 v _13105_/X (sky130_fd_sc_hd__o221a_1)
     2    0.01                           _06733_ (net)
                  0.08    0.00    5.19 v _13114_/A2 (sky130_fd_sc_hd__a21o_1)
                  0.06    0.23    5.42 v _13114_/X (sky130_fd_sc_hd__a21o_1)
     3    0.01                           _06742_ (net)
                  0.06    0.00    5.42 v _13131_/A1 (sky130_fd_sc_hd__a211o_4)
                  0.07    0.37    5.79 v _13131_/X (sky130_fd_sc_hd__a211o_4)
     3    0.02                           _06759_ (net)
                  0.07    0.00    5.79 v _13140_/A1 (sky130_fd_sc_hd__a2111oi_4)
                  0.29    0.34    6.13 ^ _13140_/Y (sky130_fd_sc_hd__a2111oi_4)
     2    0.01                           _06768_ (net)
                  0.29    0.00    6.13 ^ _13145_/A2 (sky130_fd_sc_hd__o31ai_2)
                  0.09    0.14    6.27 v _13145_/Y (sky130_fd_sc_hd__o31ai_2)
     4    0.01                           _06773_ (net)
                  0.09    0.00    6.27 v _13198_/B (sky130_fd_sc_hd__and3_1)
                  0.05    0.21    6.47 v _13198_/X (sky130_fd_sc_hd__and3_1)
     2    0.01                           _06825_ (net)
                  0.05    0.00    6.47 v _13199_/A (sky130_fd_sc_hd__or2_4)
                  0.05    0.26    6.73 v _13199_/X (sky130_fd_sc_hd__or2_4)
     1    0.01                           _06826_ (net)
                  0.05    0.00    6.73 v _13200_/D_N (sky130_fd_sc_hd__nor4bb_2)
                  0.04    0.17    6.90 v _13200_/Y (sky130_fd_sc_hd__nor4bb_2)
     1    0.00                           _06827_ (net)
                  0.04    0.00    6.90 v _13221_/A1 (sky130_fd_sc_hd__o311a_1)
                  0.05    0.35    7.26 v _13221_/X (sky130_fd_sc_hd__o311a_1)
     1    0.00                           _01063_ (net)
                  0.05    0.00    7.26 v _15681_/D (sky130_fd_sc_hd__dfxtp_2)
                                  7.26   data arrival time

                          5.00    5.00   clock clk (rise edge)
                          0.00    5.00   clock source latency
                  0.32    0.21    5.21 ^ clk (in)
     2    0.07                           clk (net)
                  0.32    0.00    5.21 ^ clkbuf_0_clk/A (sky130_fd_sc_hd__clkbuf_16)
                  0.26    0.35    5.56 ^ clkbuf_0_clk/X (sky130_fd_sc_hd__clkbuf_16)
    16    0.25                           clknet_0_clk (net)
                  0.26    0.01    5.57 ^ clkbuf_4_6_0_clk/A (sky130_fd_sc_hd__clkbuf_8)
                  0.20    0.30    5.87 ^ clkbuf_4_6_0_clk/X (sky130_fd_sc_hd__clkbuf_8)
     9    0.11                           clknet_4_6_0_clk (net)
                  0.20    0.00    5.88 ^ clkbuf_leaf_51_clk/A (sky130_fd_sc_hd__clkbuf_16)
                  0.05    0.17    6.05 ^ clkbuf_leaf_51_clk/X (sky130_fd_sc_hd__clkbuf_16)
     6    0.02                           clknet_leaf_51_clk (net)
                  0.05    0.00    6.05 ^ _15681_/CLK (sky130_fd_sc_hd__dfxtp_2)
                         -0.25    5.80   clock uncertainty
                          0.06    5.85   clock reconvergence pessimism
                         -0.11    5.74   library setup time
                                  5.74   data required time
-----------------------------------------------------------------------------
                                  5.74   data required time
                                 -7.26   data arrival time
-----------------------------------------------------------------------------
                                 -1.52   slack (VIOLATED)




===========================================================================
report_checks --slack_max -0.01
============================================================================
======================= Fastest Corner ===================================

No paths found.

======================= Slowest Corner ===================================

Startpoint: _15714_ (rising edge-triggered flip-flop clocked by clk)
Endpoint: _14812_ (rising edge-triggered flip-flop clocked by clk)
Path Group: clk
Path Type: max
Corner: Slowest

Fanout     Cap    Slew   Delay    Time   Description
-----------------------------------------------------------------------------
                          0.00    0.00   clock clk (rise edge)
                          0.00    0.00   clock source latency
                  0.50    0.37    0.37 ^ clk (in)
     2    0.07                           clk (net)
                  0.51    0.00    0.37 ^ clkbuf_0_clk/A (sky130_fd_sc_hd__clkbuf_16)
                  0.39    0.69    1.06 ^ clkbuf_0_clk/X (sky130_fd_sc_hd__clkbuf_16)
    16    0.25                           clknet_0_clk (net)
                  0.39    0.01    1.07 ^ clkbuf_4_14_0_clk/A (sky130_fd_sc_hd__clkbuf_8)
                  0.32    0.59    1.66 ^ clkbuf_4_14_0_clk/X (sky130_fd_sc_hd__clkbuf_8)
     9    0.12                           clknet_4_14_0_clk (net)
                  0.32    0.00    1.66 ^ clkbuf_leaf_86_clk/A (sky130_fd_sc_hd__clkbuf_16)
                  0.10    0.38    2.04 ^ clkbuf_leaf_86_clk/X (sky130_fd_sc_hd__clkbuf_16)
    15    0.04                           clknet_leaf_86_clk (net)
                  0.10    0.00    2.04 ^ _15714_/CLK (sky130_fd_sc_hd__dfxtp_4)
                  0.21    0.87    2.91 ^ _15714_/Q (sky130_fd_sc_hd__dfxtp_4)
     6    0.04                           ex_mm_reg.ALU_Result_Out[0] (net)
                  0.21    0.00    2.91 ^ _09157_/A (sky130_fd_sc_hd__clkbuf_2)
                  0.24    0.40    3.31 ^ _09157_/X (sky130_fd_sc_hd__clkbuf_2)
     6    0.03                           _03667_ (net)
                  0.24    0.00    3.31 ^ _09172_/A (sky130_fd_sc_hd__buf_4)
                  0.44    0.58    3.89 ^ _09172_/X (sky130_fd_sc_hd__buf_4)
     8    0.10                           _03682_ (net)
                  0.44    0.00    3.90 ^ _09626_/A (sky130_fd_sc_hd__buf_4)
                  0.46    0.69    4.58 ^ _09626_/X (sky130_fd_sc_hd__buf_4)
     6    0.11                           _04136_ (net)
                  0.46    0.00    4.58 ^ _10088_/S0 (sky130_fd_sc_hd__mux4_1)
                  0.24    1.54    6.13 v _10088_/X (sky130_fd_sc_hd__mux4_1)
     1    0.01                           _04598_ (net)
                  0.24    0.00    6.13 v _10091_/A2 (sky130_fd_sc_hd__o21ai_1)
                  0.37    0.43    6.56 ^ _10091_/Y (sky130_fd_sc_hd__o21ai_1)
     1    0.01                           _04601_ (net)
                  0.37    0.00    6.56 ^ _10097_/B1 (sky130_fd_sc_hd__a32oi_4)
                  0.37    0.32    6.88 v _10097_/Y (sky130_fd_sc_hd__a32oi_4)
     2    0.04                           _04607_ (net)
                  0.37    0.00    6.88 v _10098_/A2 (sky130_fd_sc_hd__a21bo_4)
                  0.11    0.60    7.48 v _10098_/X (sky130_fd_sc_hd__a21bo_4)
     4    0.03                           _04608_ (net)
                  0.11    0.00    7.48 v _10198_/A3 (sky130_fd_sc_hd__a31o_1)
                  0.19    0.56    8.04 v _10198_/X (sky130_fd_sc_hd__a31o_1)
     2    0.02                           _04707_ (net)
                  0.19    0.00    8.04 v _10199_/B (sky130_fd_sc_hd__xnor2_1)
                  0.14    0.31    8.35 v _10199_/Y (sky130_fd_sc_hd__xnor2_1)
     2    0.01                           _04708_ (net)
                  0.14    0.00    8.35 v _10201_/B (sky130_fd_sc_hd__or2_4)
                  0.11    0.54    8.89 v _10201_/X (sky130_fd_sc_hd__or2_4)
     4    0.02                           _04710_ (net)
                  0.11    0.00    8.89 v _10253_/A2 (sky130_fd_sc_hd__a31o_4)
                  0.09    0.48    9.37 v _10253_/X (sky130_fd_sc_hd__a31o_4)
     3    0.02                           _04760_ (net)
                  0.09    0.00    9.37 v _10380_/A1 (sky130_fd_sc_hd__a2111oi_2)
                  0.41    0.52    9.89 ^ _10380_/Y (sky130_fd_sc_hd__a2111oi_2)
     1    0.00                           _04882_ (net)
                  0.41    0.00    9.89 ^ wire84/A (sky130_fd_sc_hd__clkbuf_1)
                  0.14    0.33   10.22 ^ wire84/X (sky130_fd_sc_hd__clkbuf_1)
     2    0.01                           net84 (net)
                  0.14    0.00   10.22 ^ max_cap83/A (sky130_fd_sc_hd__clkbuf_1)
                  0.09    0.20   10.42 ^ max_cap83/X (sky130_fd_sc_hd__clkbuf_1)
     1    0.00                           net83 (net)
                  0.09    0.00   10.42 ^ _10385_/A4 (sky130_fd_sc_hd__o41a_1)
                  0.22    0.35   10.77 ^ _10385_/X (sky130_fd_sc_hd__o41a_1)
     3    0.01                           _04887_ (net)
                  0.22    0.00   10.77 ^ _10484_/A1 (sky130_fd_sc_hd__a21o_1)
                  0.13    0.34   11.11 ^ _10484_/X (sky130_fd_sc_hd__a21o_1)
     2    0.01                           _04982_ (net)
                  0.13    0.00   11.11 ^ _10493_/A1 (sky130_fd_sc_hd__a21o_1)
                  0.14    0.30   11.41 ^ _10493_/X (sky130_fd_sc_hd__a21o_1)
     3    0.01                           _04990_ (net)
                  0.14    0.00   11.41 ^ _10514_/B (sky130_fd_sc_hd__nand2_1)
                  0.15    0.20   11.61 v _10514_/Y (sky130_fd_sc_hd__nand2_1)
     2    0.01                           _05010_ (net)
                  0.15    0.00   11.61 v _10517_/A2 (sky130_fd_sc_hd__a21oi_2)
                  0.19    0.30   11.91 ^ _10517_/Y (sky130_fd_sc_hd__a21oi_2)
     2    0.01                           _05013_ (net)
                  0.19    0.00   11.91 ^ _10524_/A3 (sky130_fd_sc_hd__o31ai_1)
                  0.20    0.26   12.17 v _10524_/Y (sky130_fd_sc_hd__o31ai_1)
     1    0.01                           _05020_ (net)
                  0.20    0.00   12.17 v _10531_/A2 (sky130_fd_sc_hd__a22o_1)
                  0.07    0.49   12.66 v _10531_/X (sky130_fd_sc_hd__a22o_1)
     1    0.00                           _05027_ (net)
                  0.07    0.00   12.66 v _10532_/A1 (sky130_fd_sc_hd__mux2_1)
                  0.12    0.69   13.35 v _10532_/X (sky130_fd_sc_hd__mux2_1)
     1    0.00                           _05028_ (net)
                  0.12    0.00   13.35 v _10533_/B2 (sky130_fd_sc_hd__o221a_1)
                  0.09    0.43   13.77 v _10533_/X (sky130_fd_sc_hd__o221a_1)
     1    0.00                           _00194_ (net)
                  0.09    0.00   13.77 v _14812_/D (sky130_fd_sc_hd__dfxtp_4)
                                 13.77   data arrival time

                          5.00    5.00   clock clk (rise edge)
                          0.00    5.00   clock source latency
                  0.50    0.34    5.34 ^ clk (in)
     2    0.07                           clk (net)
                  0.51    0.00    5.34 ^ clkbuf_0_clk/A (sky130_fd_sc_hd__clkbuf_16)
                  0.39    0.62    5.96 ^ clkbuf_0_clk/X (sky130_fd_sc_hd__clkbuf_16)
    16    0.25                           clknet_0_clk (net)
                  0.39    0.01    5.97 ^ clkbuf_4_6_0_clk/A (sky130_fd_sc_hd__clkbuf_8)
                  0.31    0.53    6.50 ^ clkbuf_4_6_0_clk/X (sky130_fd_sc_hd__clkbuf_8)
     9    0.11                           clknet_4_6_0_clk (net)
                  0.31    0.00    6.50 ^ clkbuf_leaf_49_clk/A (sky130_fd_sc_hd__clkbuf_16)
                  0.08    0.33    6.83 ^ clkbuf_leaf_49_clk/X (sky130_fd_sc_hd__clkbuf_16)
    11    0.03                           clknet_leaf_49_clk (net)
                  0.08    0.00    6.83 ^ _14812_/CLK (sky130_fd_sc_hd__dfxtp_4)
                         -0.25    6.58   clock uncertainty
                          0.10    6.68   clock reconvergence pessimism
                         -0.28    6.40   library setup time
                                  6.40   data required time
-----------------------------------------------------------------------------
                                  6.40   data required time
                                -13.77   data arrival time
-----------------------------------------------------------------------------
                                 -7.37   slack (VIOLATED)



======================= Typical Corner ===================================

Startpoint: _15716_ (rising edge-triggered flip-flop clocked by clk)
Endpoint: _15681_ (rising edge-triggered flip-flop clocked by clk)
Path Group: clk
Path Type: max
Corner: Typical

Fanout     Cap    Slew   Delay    Time   Description
-----------------------------------------------------------------------------
                          0.00    0.00   clock clk (rise edge)
                          0.00    0.00   clock source latency
                  0.32    0.23    0.23 ^ clk (in)
     2    0.07                           clk (net)
                  0.32    0.00    0.23 ^ clkbuf_0_clk/A (sky130_fd_sc_hd__clkbuf_16)
                  0.26    0.39    0.62 ^ clkbuf_0_clk/X (sky130_fd_sc_hd__clkbuf_16)
    16    0.25                           clknet_0_clk (net)
                  0.26    0.01    0.63 ^ clkbuf_4_3_0_clk/A (sky130_fd_sc_hd__clkbuf_8)
                  0.20    0.33    0.96 ^ clkbuf_4_3_0_clk/X (sky130_fd_sc_hd__clkbuf_8)
     8    0.11                           clknet_4_3_0_clk (net)
                  0.20    0.01    0.97 ^ clkbuf_leaf_132_clk/A (sky130_fd_sc_hd__clkbuf_16)
                  0.06    0.20    1.17 ^ clkbuf_leaf_132_clk/X (sky130_fd_sc_hd__clkbuf_16)
    13    0.04                           clknet_leaf_132_clk (net)
                  0.06    0.00    1.17 ^ _15716_/CLK (sky130_fd_sc_hd__dfxtp_1)
                  0.13    0.39    1.57 ^ _15716_/Q (sky130_fd_sc_hd__dfxtp_1)
     5    0.01                           ex_mm_reg.ALU_Result_Out[2] (net)
                  0.13    0.00    1.57 ^ _09139_/A (sky130_fd_sc_hd__buf_4)
                  0.10    0.20    1.76 ^ _09139_/X (sky130_fd_sc_hd__buf_4)
     6    0.03                           _03649_ (net)
                  0.10    0.00    1.76 ^ _09473_/A (sky130_fd_sc_hd__clkbuf_4)
                  0.18    0.27    2.03 ^ _09473_/X (sky130_fd_sc_hd__clkbuf_4)
     6    0.06                           _03983_ (net)
                  0.18    0.00    2.03 ^ _09500_/A (sky130_fd_sc_hd__buf_4)
                  0.28    0.34    2.38 ^ _09500_/X (sky130_fd_sc_hd__buf_4)
     6    0.10                           _04010_ (net)
                  0.28    0.00    2.38 ^ _09501_/S1 (sky130_fd_sc_hd__mux4_2)
                  0.08    0.37    2.75 v _09501_/X (sky130_fd_sc_hd__mux4_2)
     1    0.00                           _04011_ (net)
                  0.08    0.00    2.75 v _09504_/A0 (sky130_fd_sc_hd__mux2_4)
                  0.07    0.33    3.07 v _09504_/X (sky130_fd_sc_hd__mux2_4)
     1    0.02                           _04014_ (net)
                  0.07    0.00    3.07 v _09508_/A2 (sky130_fd_sc_hd__o22a_1)
                  0.04    0.21    3.28 v _09508_/X (sky130_fd_sc_hd__o22a_1)
     1    0.00                           _04018_ (net)
                  0.04    0.00    3.28 v _09519_/B (sky130_fd_sc_hd__and2_4)
                  0.05    0.19    3.47 v _09519_/X (sky130_fd_sc_hd__and2_4)
     1    0.03                           _04029_ (net)
                  0.05    0.00    3.47 v _09520_/C (sky130_fd_sc_hd__and3_1)
                  0.09    0.25    3.72 v _09520_/X (sky130_fd_sc_hd__and3_1)
     2    0.02                           _04030_ (net)
                  0.09    0.00    3.72 v _09521_/A1 (sky130_fd_sc_hd__mux2_4)
                  0.06    0.30    4.02 v _09521_/X (sky130_fd_sc_hd__mux2_4)
     3    0.01                           _04031_ (net)
                  0.06    0.00    4.02 v _09525_/A0 (sky130_fd_sc_hd__mux2_4)
                  0.07    0.32    4.34 v _09525_/X (sky130_fd_sc_hd__mux2_4)
     3    0.02                           _04035_ (net)
                  0.07    0.00    4.34 v _13070_/A1 (sky130_fd_sc_hd__o22a_4)
                  0.06    0.29    4.63 v _13070_/X (sky130_fd_sc_hd__o22a_4)
     4    0.02                           _06698_ (net)
                  0.06    0.00    4.63 v _13071_/B (sky130_fd_sc_hd__xor2_1)
                  0.16    0.18    4.80 ^ _13071_/X (sky130_fd_sc_hd__xor2_1)
     2    0.01                           _06699_ (net)
                  0.16    0.00    4.80 ^ _13074_/B (sky130_fd_sc_hd__nand2_1)
                  0.07    0.10    4.90 v _13074_/Y (sky130_fd_sc_hd__nand2_1)
     2    0.01                           _06702_ (net)
                  0.07    0.00    4.90 v _13105_/B1 (sky130_fd_sc_hd__o221a_1)
                  0.08    0.28    5.19 v _13105_/X (sky130_fd_sc_hd__o221a_1)
     2    0.01                           _06733_ (net)
                  0.08    0.00    5.19 v _13114_/A2 (sky130_fd_sc_hd__a21o_1)
                  0.06    0.23    5.42 v _13114_/X (sky130_fd_sc_hd__a21o_1)
     3    0.01                           _06742_ (net)
                  0.06    0.00    5.42 v _13131_/A1 (sky130_fd_sc_hd__a211o_4)
                  0.07    0.37    5.79 v _13131_/X (sky130_fd_sc_hd__a211o_4)
     3    0.02                           _06759_ (net)
                  0.07    0.00    5.79 v _13140_/A1 (sky130_fd_sc_hd__a2111oi_4)
                  0.29    0.34    6.13 ^ _13140_/Y (sky130_fd_sc_hd__a2111oi_4)
     2    0.01                           _06768_ (net)
                  0.29    0.00    6.13 ^ _13145_/A2 (sky130_fd_sc_hd__o31ai_2)
                  0.09    0.14    6.27 v _13145_/Y (sky130_fd_sc_hd__o31ai_2)
     4    0.01                           _06773_ (net)
                  0.09    0.00    6.27 v _13198_/B (sky130_fd_sc_hd__and3_1)
                  0.05    0.21    6.47 v _13198_/X (sky130_fd_sc_hd__and3_1)
     2    0.01                           _06825_ (net)
                  0.05    0.00    6.47 v _13199_/A (sky130_fd_sc_hd__or2_4)
                  0.05    0.26    6.73 v _13199_/X (sky130_fd_sc_hd__or2_4)
     1    0.01                           _06826_ (net)
                  0.05    0.00    6.73 v _13200_/D_N (sky130_fd_sc_hd__nor4bb_2)
                  0.04    0.17    6.90 v _13200_/Y (sky130_fd_sc_hd__nor4bb_2)
     1    0.00                           _06827_ (net)
                  0.04    0.00    6.90 v _13221_/A1 (sky130_fd_sc_hd__o311a_1)
                  0.05    0.35    7.26 v _13221_/X (sky130_fd_sc_hd__o311a_1)
     1    0.00                           _01063_ (net)
                  0.05    0.00    7.26 v _15681_/D (sky130_fd_sc_hd__dfxtp_2)
                                  7.26   data arrival time

                          5.00    5.00   clock clk (rise edge)
                          0.00    5.00   clock source latency
                  0.32    0.21    5.21 ^ clk (in)
     2    0.07                           clk (net)
                  0.32    0.00    5.21 ^ clkbuf_0_clk/A (sky130_fd_sc_hd__clkbuf_16)
                  0.26    0.35    5.56 ^ clkbuf_0_clk/X (sky130_fd_sc_hd__clkbuf_16)
    16    0.25                           clknet_0_clk (net)
                  0.26    0.01    5.57 ^ clkbuf_4_6_0_clk/A (sky130_fd_sc_hd__clkbuf_8)
                  0.20    0.30    5.87 ^ clkbuf_4_6_0_clk/X (sky130_fd_sc_hd__clkbuf_8)
     9    0.11                           clknet_4_6_0_clk (net)
                  0.20    0.00    5.88 ^ clkbuf_leaf_51_clk/A (sky130_fd_sc_hd__clkbuf_16)
                  0.05    0.17    6.05 ^ clkbuf_leaf_51_clk/X (sky130_fd_sc_hd__clkbuf_16)
     6    0.02                           clknet_leaf_51_clk (net)
                  0.05    0.00    6.05 ^ _15681_/CLK (sky130_fd_sc_hd__dfxtp_2)
                         -0.25    5.80   clock uncertainty
                          0.06    5.85   clock reconvergence pessimism
                         -0.11    5.74   library setup time
                                  5.74   data required time
-----------------------------------------------------------------------------
                                  5.74   data required time
                                 -7.26   data arrival time
-----------------------------------------------------------------------------
                                 -1.52   slack (VIOLATED)




===========================================================================
 report_check_types -max_slew -max_cap -max_fanout -violators
============================================================================
======================= Fastest Corner ===================================

max fanout

Pin                                   Limit Fanout  Slack
---------------------------------------------------------
clkbuf_leaf_119_clk/X                     6     22    -16 (VIOLATED)
clkbuf_leaf_55_clk/X                      6     22    -16 (VIOLATED)
clkbuf_leaf_148_clk/X                     6     21    -15 (VIOLATED)
clkbuf_leaf_22_clk/X                      6     21    -15 (VIOLATED)
clkbuf_leaf_10_clk/X                      6     19    -13 (VIOLATED)
clkbuf_leaf_8_clk/X                       6     19    -13 (VIOLATED)
clkbuf_leaf_3_clk/X                       6     18    -12 (VIOLATED)
clkbuf_leaf_101_clk/X                     6     17    -11 (VIOLATED)
clkbuf_leaf_34_clk/X                      6     17    -11 (VIOLATED)
clkbuf_leaf_35_clk/X                      6     17    -11 (VIOLATED)
clkbuf_leaf_58_clk/X                      6     17    -11 (VIOLATED)
clkbuf_leaf_87_clk/X                      6     17    -11 (VIOLATED)
clkbuf_leaf_95_clk/X                      6     17    -11 (VIOLATED)
clkbuf_0_clk/X                            6     16    -10 (VIOLATED)
clkbuf_leaf_2_clk/X                       6     16    -10 (VIOLATED)
clkbuf_leaf_32_clk/X                      6     16    -10 (VIOLATED)
clkbuf_leaf_88_clk/X                      6     16    -10 (VIOLATED)
clkbuf_leaf_111_clk/X                     6     15     -9 (VIOLATED)
clkbuf_leaf_127_clk/X                     6     15     -9 (VIOLATED)
clkbuf_leaf_16_clk/X                      6     15     -9 (VIOLATED)
clkbuf_leaf_21_clk/X                      6     15     -9 (VIOLATED)
clkbuf_leaf_29_clk/X                      6     15     -9 (VIOLATED)
clkbuf_leaf_36_clk/X                      6     15     -9 (VIOLATED)
clkbuf_leaf_42_clk/X                      6     15     -9 (VIOLATED)
clkbuf_leaf_4_clk/X                       6     15     -9 (VIOLATED)
clkbuf_leaf_57_clk/X                      6     15     -9 (VIOLATED)
clkbuf_leaf_72_clk/X                      6     15     -9 (VIOLATED)
clkbuf_leaf_86_clk/X                      6     15     -9 (VIOLATED)
clkbuf_leaf_94_clk/X                      6     15     -9 (VIOLATED)
clkbuf_leaf_120_clk/X                     6     14     -8 (VIOLATED)
clkbuf_leaf_137_clk/X                     6     14     -8 (VIOLATED)
clkbuf_leaf_141_clk/X                     6     14     -8 (VIOLATED)
clkbuf_leaf_149_clk/X                     6     14     -8 (VIOLATED)
clkbuf_leaf_18_clk/X                      6     14     -8 (VIOLATED)
clkbuf_leaf_24_clk/X                      6     14     -8 (VIOLATED)
clkbuf_leaf_25_clk/X                      6     14     -8 (VIOLATED)
clkbuf_leaf_30_clk/X                      6     14     -8 (VIOLATED)
clkbuf_leaf_6_clk/X                       6     14     -8 (VIOLATED)
clkbuf_leaf_96_clk/X                      6     14     -8 (VIOLATED)
clkbuf_leaf_9_clk/X                       6     14     -8 (VIOLATED)
clkbuf_leaf_104_clk/X                     6     13     -7 (VIOLATED)
clkbuf_leaf_117_clk/X                     6     13     -7 (VIOLATED)
clkbuf_leaf_131_clk/X                     6     13     -7 (VIOLATED)
clkbuf_leaf_132_clk/X                     6     13     -7 (VIOLATED)
clkbuf_leaf_144_clk/X                     6     13     -7 (VIOLATED)
clkbuf_leaf_17_clk/X                      6     13     -7 (VIOLATED)
clkbuf_leaf_1_clk/X                       6     13     -7 (VIOLATED)
clkbuf_leaf_33_clk/X                      6     13     -7 (VIOLATED)
clkbuf_leaf_43_clk/X                      6     13     -7 (VIOLATED)
clkbuf_leaf_50_clk/X                      6     13     -7 (VIOLATED)
clkbuf_leaf_62_clk/X                      6     13     -7 (VIOLATED)
clkbuf_leaf_78_clk/X                      6     13     -7 (VIOLATED)
clkbuf_leaf_107_clk/X                     6     12     -6 (VIOLATED)
clkbuf_leaf_109_clk/X                     6     12     -6 (VIOLATED)
clkbuf_leaf_113_clk/X                     6     12     -6 (VIOLATED)
clkbuf_leaf_28_clk/X                      6     12     -6 (VIOLATED)
clkbuf_leaf_31_clk/X                      6     12     -6 (VIOLATED)
clkbuf_leaf_44_clk/X                      6     12     -6 (VIOLATED)
clkbuf_leaf_54_clk/X                      6     12     -6 (VIOLATED)
clkbuf_leaf_92_clk/X                      6     12     -6 (VIOLATED)
clkbuf_leaf_97_clk/X                      6     12     -6 (VIOLATED)
input14/X                                 6     12     -6 (VIOLATED)
clkbuf_4_11_0_clk/X                       6     11     -5 (VIOLATED)
clkbuf_4_1_0_clk/X                        6     11     -5 (VIOLATED)
clkbuf_4_8_0_clk/X                        6     11     -5 (VIOLATED)
clkbuf_leaf_124_clk/X                     6     11     -5 (VIOLATED)
clkbuf_leaf_126_clk/X                     6     11     -5 (VIOLATED)
clkbuf_leaf_133_clk/X                     6     11     -5 (VIOLATED)
clkbuf_leaf_49_clk/X                      6     11     -5 (VIOLATED)
clkbuf_leaf_59_clk/X                      6     11     -5 (VIOLATED)
clkbuf_leaf_98_clk/X                      6     11     -5 (VIOLATED)
clkbuf_4_13_0_clk/X                       6     10     -4 (VIOLATED)
clkbuf_4_2_0_clk/X                        6     10     -4 (VIOLATED)
clkbuf_4_4_0_clk/X                        6     10     -4 (VIOLATED)
clkbuf_leaf_103_clk/X                     6     10     -4 (VIOLATED)
clkbuf_leaf_114_clk/X                     6     10     -4 (VIOLATED)
clkbuf_leaf_116_clk/X                     6     10     -4 (VIOLATED)
clkbuf_leaf_118_clk/X                     6     10     -4 (VIOLATED)
clkbuf_leaf_11_clk/X                      6     10     -4 (VIOLATED)
clkbuf_leaf_13_clk/X                      6     10     -4 (VIOLATED)
clkbuf_leaf_140_clk/X                     6     10     -4 (VIOLATED)
clkbuf_leaf_142_clk/X                     6     10     -4 (VIOLATED)
clkbuf_leaf_143_clk/X                     6     10     -4 (VIOLATED)
clkbuf_leaf_14_clk/X                      6     10     -4 (VIOLATED)
clkbuf_leaf_38_clk/X                      6     10     -4 (VIOLATED)
clkbuf_leaf_39_clk/X                      6     10     -4 (VIOLATED)
clkbuf_leaf_52_clk/X                      6     10     -4 (VIOLATED)
clkbuf_leaf_63_clk/X                      6     10     -4 (VIOLATED)
clkbuf_leaf_74_clk/X                      6     10     -4 (VIOLATED)
clkbuf_leaf_7_clk/X                       6     10     -4 (VIOLATED)
clkbuf_leaf_81_clk/X                      6     10     -4 (VIOLATED)
clkbuf_leaf_85_clk/X                      6     10     -4 (VIOLATED)
clkbuf_leaf_89_clk/X                      6     10     -4 (VIOLATED)
_08579_/X                                 6      9     -3 (VIOLATED)
_08915_/X                                 6      9     -3 (VIOLATED)
clkbuf_4_10_0_clk/X                       6      9     -3 (VIOLATED)
clkbuf_4_12_0_clk/X                       6      9     -3 (VIOLATED)
clkbuf_4_14_0_clk/X                       6      9     -3 (VIOLATED)
clkbuf_4_15_0_clk/X                       6      9     -3 (VIOLATED)
clkbuf_4_5_0_clk/X                        6      9     -3 (VIOLATED)
clkbuf_4_6_0_clk/X                        6      9     -3 (VIOLATED)
clkbuf_4_7_0_clk/X                        6      9     -3 (VIOLATED)
clkbuf_4_9_0_clk/X                        6      9     -3 (VIOLATED)
clkbuf_leaf_0_clk/X                       6      9     -3 (VIOLATED)
clkbuf_leaf_100_clk/X                     6      9     -3 (VIOLATED)
clkbuf_leaf_105_clk/X                     6      9     -3 (VIOLATED)
clkbuf_leaf_108_clk/X                     6      9     -3 (VIOLATED)
clkbuf_leaf_122_clk/X                     6      9     -3 (VIOLATED)
clkbuf_leaf_125_clk/X                     6      9     -3 (VIOLATED)
clkbuf_leaf_12_clk/X                      6      9     -3 (VIOLATED)
clkbuf_leaf_146_clk/X                     6      9     -3 (VIOLATED)
clkbuf_leaf_15_clk/X                      6      9     -3 (VIOLATED)
clkbuf_leaf_20_clk/X                      6      9     -3 (VIOLATED)
clkbuf_leaf_40_clk/X                      6      9     -3 (VIOLATED)
clkbuf_leaf_45_clk/X                      6      9     -3 (VIOLATED)
clkbuf_leaf_46_clk/X                      6      9     -3 (VIOLATED)
clkbuf_leaf_5_clk/X                       6      9     -3 (VIOLATED)
clkbuf_leaf_61_clk/X                      6      9     -3 (VIOLATED)
clkbuf_leaf_64_clk/X                      6      9     -3 (VIOLATED)
clkbuf_leaf_67_clk/X                      6      9     -3 (VIOLATED)
clkbuf_leaf_69_clk/X                      6      9     -3 (VIOLATED)
clkbuf_leaf_73_clk/X                      6      9     -3 (VIOLATED)
clkbuf_leaf_84_clk/X                      6      9     -3 (VIOLATED)
clkbuf_leaf_90_clk/X                      6      9     -3 (VIOLATED)
_09140_/X                                 6      8     -2 (VIOLATED)
_09146_/X                                 6      8     -2 (VIOLATED)
_09172_/X                                 6      8     -2 (VIOLATED)
_09225_/X                                 6      8     -2 (VIOLATED)
_09339_/X                                 6      8     -2 (VIOLATED)
_09345_/X                                 6      8     -2 (VIOLATED)
_09389_/X                                 6      8     -2 (VIOLATED)
_09567_/X                                 6      8     -2 (VIOLATED)
clkbuf_4_0_0_clk/X                        6      8     -2 (VIOLATED)
clkbuf_4_3_0_clk/X                        6      8     -2 (VIOLATED)
clkbuf_leaf_110_clk/X                     6      8     -2 (VIOLATED)
clkbuf_leaf_115_clk/X                     6      8     -2 (VIOLATED)
clkbuf_leaf_121_clk/X                     6      8     -2 (VIOLATED)
clkbuf_leaf_128_clk/X                     6      8     -2 (VIOLATED)
clkbuf_leaf_129_clk/X                     6      8     -2 (VIOLATED)
clkbuf_leaf_134_clk/X                     6      8     -2 (VIOLATED)
clkbuf_leaf_136_clk/X                     6      8     -2 (VIOLATED)
clkbuf_leaf_138_clk/X                     6      8     -2 (VIOLATED)
clkbuf_leaf_139_clk/X                     6      8     -2 (VIOLATED)
clkbuf_leaf_150_clk/X                     6      8     -2 (VIOLATED)
clkbuf_leaf_19_clk/X                      6      8     -2 (VIOLATED)
clkbuf_leaf_26_clk/X                      6      8     -2 (VIOLATED)
clkbuf_leaf_37_clk/X                      6      8     -2 (VIOLATED)
clkbuf_leaf_41_clk/X                      6      8     -2 (VIOLATED)
clkbuf_leaf_65_clk/X                      6      8     -2 (VIOLATED)
clkbuf_leaf_66_clk/X                      6      8     -2 (VIOLATED)
clkbuf_leaf_77_clk/X                      6      8     -2 (VIOLATED)
clkbuf_leaf_80_clk/X                      6      8     -2 (VIOLATED)
clkbuf_leaf_93_clk/X                      6      8     -2 (VIOLATED)
clkbuf_leaf_99_clk/X                      6      8     -2 (VIOLATED)
_07397_/X                                 6      7        (VIOLATED)
_07403_/X                                 6      7        (VIOLATED)
_07449_/X                                 6      7        (VIOLATED)
_07526_/X                                 6      7        (VIOLATED)
_07535_/X                                 6      7        (VIOLATED)
_07633_/X                                 6      7        (VIOLATED)
_07637_/X                                 6      7        (VIOLATED)
_07773_/X                                 6      7        (VIOLATED)
_08135_/X                                 6      7        (VIOLATED)
_09158_/X                                 6      7        (VIOLATED)
_09198_/X                                 6      7        (VIOLATED)
_09202_/X                                 6      7        (VIOLATED)
_09248_/X                                 6      7        (VIOLATED)
_09414_/X                                 6      7        (VIOLATED)
_09415_/X                                 6      7        (VIOLATED)
_09426_/X                                 6      7        (VIOLATED)
_09979_/X                                 6      7        (VIOLATED)
_10033_/X                                 6      7        (VIOLATED)
_11252_/Y                                 6      7        (VIOLATED)
_12256_/Y                                 6      7        (VIOLATED)
_14799_/Q                                 6      7        (VIOLATED)
_14802_/Q                                 6      7        (VIOLATED)
clkbuf_leaf_112_clk/X                     6      7        (VIOLATED)
clkbuf_leaf_135_clk/X                     6      7        (VIOLATED)
clkbuf_leaf_145_clk/X                     6      7        (VIOLATED)
clkbuf_leaf_27_clk/X                      6      7        (VIOLATED)
clkbuf_leaf_68_clk/X                      6      7        (VIOLATED)
clkbuf_leaf_70_clk/X                      6      7        (VIOLATED)
clkbuf_leaf_75_clk/X                      6      7        (VIOLATED)
clkbuf_leaf_76_clk/X                      6      7        (VIOLATED)
clkbuf_leaf_79_clk/X                      6      7        (VIOLATED)
clkbuf_leaf_82_clk/X                      6      7        (VIOLATED)
clkbuf_leaf_83_clk/X                      6      7        (VIOLATED)
clkbuf_leaf_91_clk/X                      6      7        (VIOLATED)


======================= Slowest Corner ===================================

max slew

Pin                                    Limit    Slew   Slack
------------------------------------------------------------
_15715_/D                               0.75    0.83   -0.08 (VIOLATED)
_13303_/Y                               0.75    0.83   -0.08 (VIOLATED)
_13753_/A                               0.75    0.81   -0.06 (VIOLATED)
_13771_/S                               0.75    0.81   -0.06 (VIOLATED)
_13766_/S                               0.75    0.81   -0.06 (VIOLATED)
_13738_/Y                               0.75    0.81   -0.06 (VIOLATED)
_13739_/A                               0.75    0.81   -0.06 (VIOLATED)
_13769_/S                               0.75    0.81   -0.06 (VIOLATED)
_13773_/S                               0.75    0.81   -0.06 (VIOLATED)
_11747_/S                               0.75    0.80   -0.05 (VIOLATED)
_11745_/S                               0.75    0.80   -0.05 (VIOLATED)
_11749_/S                               0.75    0.80   -0.05 (VIOLATED)
_11730_/A                               0.75    0.80   -0.05 (VIOLATED)
_11716_/Y                               0.75    0.80   -0.05 (VIOLATED)
_11717_/A                               0.75    0.80   -0.05 (VIOLATED)
_11743_/S                               0.75    0.80   -0.05 (VIOLATED)

max fanout

Pin                                   Limit Fanout  Slack
---------------------------------------------------------
clkbuf_leaf_119_clk/X                     6     22    -16 (VIOLATED)
clkbuf_leaf_55_clk/X                      6     22    -16 (VIOLATED)
clkbuf_leaf_148_clk/X                     6     21    -15 (VIOLATED)
clkbuf_leaf_22_clk/X                      6     21    -15 (VIOLATED)
clkbuf_leaf_10_clk/X                      6     19    -13 (VIOLATED)
clkbuf_leaf_8_clk/X                       6     19    -13 (VIOLATED)
clkbuf_leaf_3_clk/X                       6     18    -12 (VIOLATED)
clkbuf_leaf_101_clk/X                     6     17    -11 (VIOLATED)
clkbuf_leaf_34_clk/X                      6     17    -11 (VIOLATED)
clkbuf_leaf_35_clk/X                      6     17    -11 (VIOLATED)
clkbuf_leaf_58_clk/X                      6     17    -11 (VIOLATED)
clkbuf_leaf_87_clk/X                      6     17    -11 (VIOLATED)
clkbuf_leaf_95_clk/X                      6     17    -11 (VIOLATED)
clkbuf_0_clk/X                            6     16    -10 (VIOLATED)
clkbuf_leaf_2_clk/X                       6     16    -10 (VIOLATED)
clkbuf_leaf_32_clk/X                      6     16    -10 (VIOLATED)
clkbuf_leaf_88_clk/X                      6     16    -10 (VIOLATED)
clkbuf_leaf_111_clk/X                     6     15     -9 (VIOLATED)
clkbuf_leaf_127_clk/X                     6     15     -9 (VIOLATED)
clkbuf_leaf_16_clk/X                      6     15     -9 (VIOLATED)
clkbuf_leaf_21_clk/X                      6     15     -9 (VIOLATED)
clkbuf_leaf_29_clk/X                      6     15     -9 (VIOLATED)
clkbuf_leaf_36_clk/X                      6     15     -9 (VIOLATED)
clkbuf_leaf_42_clk/X                      6     15     -9 (VIOLATED)
clkbuf_leaf_4_clk/X                       6     15     -9 (VIOLATED)
clkbuf_leaf_57_clk/X                      6     15     -9 (VIOLATED)
clkbuf_leaf_72_clk/X                      6     15     -9 (VIOLATED)
clkbuf_leaf_86_clk/X                      6     15     -9 (VIOLATED)
clkbuf_leaf_94_clk/X                      6     15     -9 (VIOLATED)
clkbuf_leaf_120_clk/X                     6     14     -8 (VIOLATED)
clkbuf_leaf_137_clk/X                     6     14     -8 (VIOLATED)
clkbuf_leaf_141_clk/X                     6     14     -8 (VIOLATED)
clkbuf_leaf_149_clk/X                     6     14     -8 (VIOLATED)
clkbuf_leaf_18_clk/X                      6     14     -8 (VIOLATED)
clkbuf_leaf_24_clk/X                      6     14     -8 (VIOLATED)
clkbuf_leaf_25_clk/X                      6     14     -8 (VIOLATED)
clkbuf_leaf_30_clk/X                      6     14     -8 (VIOLATED)
clkbuf_leaf_6_clk/X                       6     14     -8 (VIOLATED)
clkbuf_leaf_96_clk/X                      6     14     -8 (VIOLATED)
clkbuf_leaf_9_clk/X                       6     14     -8 (VIOLATED)
clkbuf_leaf_104_clk/X                     6     13     -7 (VIOLATED)
clkbuf_leaf_117_clk/X                     6     13     -7 (VIOLATED)
clkbuf_leaf_131_clk/X                     6     13     -7 (VIOLATED)
clkbuf_leaf_132_clk/X                     6     13     -7 (VIOLATED)
clkbuf_leaf_144_clk/X                     6     13     -7 (VIOLATED)
clkbuf_leaf_17_clk/X                      6     13     -7 (VIOLATED)
clkbuf_leaf_1_clk/X                       6     13     -7 (VIOLATED)
clkbuf_leaf_33_clk/X                      6     13     -7 (VIOLATED)
clkbuf_leaf_43_clk/X                      6     13     -7 (VIOLATED)
clkbuf_leaf_50_clk/X                      6     13     -7 (VIOLATED)
clkbuf_leaf_62_clk/X                      6     13     -7 (VIOLATED)
clkbuf_leaf_78_clk/X                      6     13     -7 (VIOLATED)
clkbuf_leaf_107_clk/X                     6     12     -6 (VIOLATED)
clkbuf_leaf_109_clk/X                     6     12     -6 (VIOLATED)
clkbuf_leaf_113_clk/X                     6     12     -6 (VIOLATED)
clkbuf_leaf_28_clk/X                      6     12     -6 (VIOLATED)
clkbuf_leaf_31_clk/X                      6     12     -6 (VIOLATED)
clkbuf_leaf_44_clk/X                      6     12     -6 (VIOLATED)
clkbuf_leaf_54_clk/X                      6     12     -6 (VIOLATED)
clkbuf_leaf_92_clk/X                      6     12     -6 (VIOLATED)
clkbuf_leaf_97_clk/X                      6     12     -6 (VIOLATED)
input14/X                                 6     12     -6 (VIOLATED)
clkbuf_4_11_0_clk/X                       6     11     -5 (VIOLATED)
clkbuf_4_1_0_clk/X                        6     11     -5 (VIOLATED)
clkbuf_4_8_0_clk/X                        6     11     -5 (VIOLATED)
clkbuf_leaf_124_clk/X                     6     11     -5 (VIOLATED)
clkbuf_leaf_126_clk/X                     6     11     -5 (VIOLATED)
clkbuf_leaf_133_clk/X                     6     11     -5 (VIOLATED)
clkbuf_leaf_49_clk/X                      6     11     -5 (VIOLATED)
clkbuf_leaf_59_clk/X                      6     11     -5 (VIOLATED)
clkbuf_leaf_98_clk/X                      6     11     -5 (VIOLATED)
clkbuf_4_13_0_clk/X                       6     10     -4 (VIOLATED)
clkbuf_4_2_0_clk/X                        6     10     -4 (VIOLATED)
clkbuf_4_4_0_clk/X                        6     10     -4 (VIOLATED)
clkbuf_leaf_103_clk/X                     6     10     -4 (VIOLATED)
clkbuf_leaf_114_clk/X                     6     10     -4 (VIOLATED)
clkbuf_leaf_116_clk/X                     6     10     -4 (VIOLATED)
clkbuf_leaf_118_clk/X                     6     10     -4 (VIOLATED)
clkbuf_leaf_11_clk/X                      6     10     -4 (VIOLATED)
clkbuf_leaf_13_clk/X                      6     10     -4 (VIOLATED)
clkbuf_leaf_140_clk/X                     6     10     -4 (VIOLATED)
clkbuf_leaf_142_clk/X                     6     10     -4 (VIOLATED)
clkbuf_leaf_143_clk/X                     6     10     -4 (VIOLATED)
clkbuf_leaf_14_clk/X                      6     10     -4 (VIOLATED)
clkbuf_leaf_38_clk/X                      6     10     -4 (VIOLATED)
clkbuf_leaf_39_clk/X                      6     10     -4 (VIOLATED)
clkbuf_leaf_52_clk/X                      6     10     -4 (VIOLATED)
clkbuf_leaf_63_clk/X                      6     10     -4 (VIOLATED)
clkbuf_leaf_74_clk/X                      6     10     -4 (VIOLATED)
clkbuf_leaf_7_clk/X                       6     10     -4 (VIOLATED)
clkbuf_leaf_81_clk/X                      6     10     -4 (VIOLATED)
clkbuf_leaf_85_clk/X                      6     10     -4 (VIOLATED)
clkbuf_leaf_89_clk/X                      6     10     -4 (VIOLATED)
_08579_/X                                 6      9     -3 (VIOLATED)
_08915_/X                                 6      9     -3 (VIOLATED)
clkbuf_4_10_0_clk/X                       6      9     -3 (VIOLATED)
clkbuf_4_12_0_clk/X                       6      9     -3 (VIOLATED)
clkbuf_4_14_0_clk/X                       6      9     -3 (VIOLATED)
clkbuf_4_15_0_clk/X                       6      9     -3 (VIOLATED)
clkbuf_4_5_0_clk/X                        6      9     -3 (VIOLATED)
clkbuf_4_6_0_clk/X                        6      9     -3 (VIOLATED)
clkbuf_4_7_0_clk/X                        6      9     -3 (VIOLATED)
clkbuf_4_9_0_clk/X                        6      9     -3 (VIOLATED)
clkbuf_leaf_0_clk/X                       6      9     -3 (VIOLATED)
clkbuf_leaf_100_clk/X                     6      9     -3 (VIOLATED)
clkbuf_leaf_105_clk/X                     6      9     -3 (VIOLATED)
clkbuf_leaf_108_clk/X                     6      9     -3 (VIOLATED)
clkbuf_leaf_122_clk/X                     6      9     -3 (VIOLATED)
clkbuf_leaf_125_clk/X                     6      9     -3 (VIOLATED)
clkbuf_leaf_12_clk/X                      6      9     -3 (VIOLATED)
clkbuf_leaf_146_clk/X                     6      9     -3 (VIOLATED)
clkbuf_leaf_15_clk/X                      6      9     -3 (VIOLATED)
clkbuf_leaf_20_clk/X                      6      9     -3 (VIOLATED)
clkbuf_leaf_40_clk/X                      6      9     -3 (VIOLATED)
clkbuf_leaf_45_clk/X                      6      9     -3 (VIOLATED)
clkbuf_leaf_46_clk/X                      6      9     -3 (VIOLATED)
clkbuf_leaf_5_clk/X                       6      9     -3 (VIOLATED)
clkbuf_leaf_61_clk/X                      6      9     -3 (VIOLATED)
clkbuf_leaf_64_clk/X                      6      9     -3 (VIOLATED)
clkbuf_leaf_67_clk/X                      6      9     -3 (VIOLATED)
clkbuf_leaf_69_clk/X                      6      9     -3 (VIOLATED)
clkbuf_leaf_73_clk/X                      6      9     -3 (VIOLATED)
clkbuf_leaf_84_clk/X                      6      9     -3 (VIOLATED)
clkbuf_leaf_90_clk/X                      6      9     -3 (VIOLATED)
_09140_/X                                 6      8     -2 (VIOLATED)
_09146_/X                                 6      8     -2 (VIOLATED)
_09172_/X                                 6      8     -2 (VIOLATED)
_09225_/X                                 6      8     -2 (VIOLATED)
_09339_/X                                 6      8     -2 (VIOLATED)
_09345_/X                                 6      8     -2 (VIOLATED)
_09389_/X                                 6      8     -2 (VIOLATED)
_09567_/X                                 6      8     -2 (VIOLATED)
clkbuf_4_0_0_clk/X                        6      8     -2 (VIOLATED)
clkbuf_4_3_0_clk/X                        6      8     -2 (VIOLATED)
clkbuf_leaf_110_clk/X                     6      8     -2 (VIOLATED)
clkbuf_leaf_115_clk/X                     6      8     -2 (VIOLATED)
clkbuf_leaf_121_clk/X                     6      8     -2 (VIOLATED)
clkbuf_leaf_128_clk/X                     6      8     -2 (VIOLATED)
clkbuf_leaf_129_clk/X                     6      8     -2 (VIOLATED)
clkbuf_leaf_134_clk/X                     6      8     -2 (VIOLATED)
clkbuf_leaf_136_clk/X                     6      8     -2 (VIOLATED)
clkbuf_leaf_138_clk/X                     6      8     -2 (VIOLATED)
clkbuf_leaf_139_clk/X                     6      8     -2 (VIOLATED)
clkbuf_leaf_150_clk/X                     6      8     -2 (VIOLATED)
clkbuf_leaf_19_clk/X                      6      8     -2 (VIOLATED)
clkbuf_leaf_26_clk/X                      6      8     -2 (VIOLATED)
clkbuf_leaf_37_clk/X                      6      8     -2 (VIOLATED)
clkbuf_leaf_41_clk/X                      6      8     -2 (VIOLATED)
clkbuf_leaf_65_clk/X                      6      8     -2 (VIOLATED)
clkbuf_leaf_66_clk/X                      6      8     -2 (VIOLATED)
clkbuf_leaf_77_clk/X                      6      8     -2 (VIOLATED)
clkbuf_leaf_80_clk/X                      6      8     -2 (VIOLATED)
clkbuf_leaf_93_clk/X                      6      8     -2 (VIOLATED)
clkbuf_leaf_99_clk/X                      6      8     -2 (VIOLATED)
_07397_/X                                 6      7        (VIOLATED)
_07403_/X                                 6      7        (VIOLATED)
_07449_/X                                 6      7        (VIOLATED)
_07526_/X                                 6      7        (VIOLATED)
_07535_/X                                 6      7        (VIOLATED)
_07633_/X                                 6      7        (VIOLATED)
_07637_/X                                 6      7        (VIOLATED)
_07773_/X                                 6      7        (VIOLATED)
_08135_/X                                 6      7        (VIOLATED)
_09158_/X                                 6      7        (VIOLATED)
_09198_/X                                 6      7        (VIOLATED)
_09202_/X                                 6      7        (VIOLATED)
_09248_/X                                 6      7        (VIOLATED)
_09414_/X                                 6      7        (VIOLATED)
_09415_/X                                 6      7        (VIOLATED)
_09426_/X                                 6      7        (VIOLATED)
_09979_/X                                 6      7        (VIOLATED)
_10033_/X                                 6      7        (VIOLATED)
_11252_/Y                                 6      7        (VIOLATED)
_12256_/Y                                 6      7        (VIOLATED)
_14799_/Q                                 6      7        (VIOLATED)
_14802_/Q                                 6      7        (VIOLATED)
clkbuf_leaf_112_clk/X                     6      7        (VIOLATED)
clkbuf_leaf_135_clk/X                     6      7        (VIOLATED)
clkbuf_leaf_145_clk/X                     6      7        (VIOLATED)
clkbuf_leaf_27_clk/X                      6      7        (VIOLATED)
clkbuf_leaf_68_clk/X                      6      7        (VIOLATED)
clkbuf_leaf_70_clk/X                      6      7        (VIOLATED)
clkbuf_leaf_75_clk/X                      6      7        (VIOLATED)
clkbuf_leaf_76_clk/X                      6      7        (VIOLATED)
clkbuf_leaf_79_clk/X                      6      7        (VIOLATED)
clkbuf_leaf_82_clk/X                      6      7        (VIOLATED)
clkbuf_leaf_83_clk/X                      6      7        (VIOLATED)
clkbuf_leaf_91_clk/X                      6      7        (VIOLATED)


======================= Typical Corner ===================================

max fanout

Pin                                   Limit Fanout  Slack
---------------------------------------------------------
clkbuf_leaf_119_clk/X                     6     22    -16 (VIOLATED)
clkbuf_leaf_55_clk/X                      6     22    -16 (VIOLATED)
clkbuf_leaf_148_clk/X                     6     21    -15 (VIOLATED)
clkbuf_leaf_22_clk/X                      6     21    -15 (VIOLATED)
clkbuf_leaf_10_clk/X                      6     19    -13 (VIOLATED)
clkbuf_leaf_8_clk/X                       6     19    -13 (VIOLATED)
clkbuf_leaf_3_clk/X                       6     18    -12 (VIOLATED)
clkbuf_leaf_101_clk/X                     6     17    -11 (VIOLATED)
clkbuf_leaf_34_clk/X                      6     17    -11 (VIOLATED)
clkbuf_leaf_35_clk/X                      6     17    -11 (VIOLATED)
clkbuf_leaf_58_clk/X                      6     17    -11 (VIOLATED)
clkbuf_leaf_87_clk/X                      6     17    -11 (VIOLATED)
clkbuf_leaf_95_clk/X                      6     17    -11 (VIOLATED)
clkbuf_0_clk/X                            6     16    -10 (VIOLATED)
clkbuf_leaf_2_clk/X                       6     16    -10 (VIOLATED)
clkbuf_leaf_32_clk/X                      6     16    -10 (VIOLATED)
clkbuf_leaf_88_clk/X                      6     16    -10 (VIOLATED)
clkbuf_leaf_111_clk/X                     6     15     -9 (VIOLATED)
clkbuf_leaf_127_clk/X                     6     15     -9 (VIOLATED)
clkbuf_leaf_16_clk/X                      6     15     -9 (VIOLATED)
clkbuf_leaf_21_clk/X                      6     15     -9 (VIOLATED)
clkbuf_leaf_29_clk/X                      6     15     -9 (VIOLATED)
clkbuf_leaf_36_clk/X                      6     15     -9 (VIOLATED)
clkbuf_leaf_42_clk/X                      6     15     -9 (VIOLATED)
clkbuf_leaf_4_clk/X                       6     15     -9 (VIOLATED)
clkbuf_leaf_57_clk/X                      6     15     -9 (VIOLATED)
clkbuf_leaf_72_clk/X                      6     15     -9 (VIOLATED)
clkbuf_leaf_86_clk/X                      6     15     -9 (VIOLATED)
clkbuf_leaf_94_clk/X                      6     15     -9 (VIOLATED)
clkbuf_leaf_120_clk/X                     6     14     -8 (VIOLATED)
clkbuf_leaf_137_clk/X                     6     14     -8 (VIOLATED)
clkbuf_leaf_141_clk/X                     6     14     -8 (VIOLATED)
clkbuf_leaf_149_clk/X                     6     14     -8 (VIOLATED)
clkbuf_leaf_18_clk/X                      6     14     -8 (VIOLATED)
clkbuf_leaf_24_clk/X                      6     14     -8 (VIOLATED)
clkbuf_leaf_25_clk/X                      6     14     -8 (VIOLATED)
clkbuf_leaf_30_clk/X                      6     14     -8 (VIOLATED)
clkbuf_leaf_6_clk/X                       6     14     -8 (VIOLATED)
clkbuf_leaf_96_clk/X                      6     14     -8 (VIOLATED)
clkbuf_leaf_9_clk/X                       6     14     -8 (VIOLATED)
clkbuf_leaf_104_clk/X                     6     13     -7 (VIOLATED)
clkbuf_leaf_117_clk/X                     6     13     -7 (VIOLATED)
clkbuf_leaf_131_clk/X                     6     13     -7 (VIOLATED)
clkbuf_leaf_132_clk/X                     6     13     -7 (VIOLATED)
clkbuf_leaf_144_clk/X                     6     13     -7 (VIOLATED)
clkbuf_leaf_17_clk/X                      6     13     -7 (VIOLATED)
clkbuf_leaf_1_clk/X                       6     13     -7 (VIOLATED)
clkbuf_leaf_33_clk/X                      6     13     -7 (VIOLATED)
clkbuf_leaf_43_clk/X                      6     13     -7 (VIOLATED)
clkbuf_leaf_50_clk/X                      6     13     -7 (VIOLATED)
clkbuf_leaf_62_clk/X                      6     13     -7 (VIOLATED)
clkbuf_leaf_78_clk/X                      6     13     -7 (VIOLATED)
clkbuf_leaf_107_clk/X                     6     12     -6 (VIOLATED)
clkbuf_leaf_109_clk/X                     6     12     -6 (VIOLATED)
clkbuf_leaf_113_clk/X                     6     12     -6 (VIOLATED)
clkbuf_leaf_28_clk/X                      6     12     -6 (VIOLATED)
clkbuf_leaf_31_clk/X                      6     12     -6 (VIOLATED)
clkbuf_leaf_44_clk/X                      6     12     -6 (VIOLATED)
clkbuf_leaf_54_clk/X                      6     12     -6 (VIOLATED)
clkbuf_leaf_92_clk/X                      6     12     -6 (VIOLATED)
clkbuf_leaf_97_clk/X                      6     12     -6 (VIOLATED)
input14/X                                 6     12     -6 (VIOLATED)
clkbuf_4_11_0_clk/X                       6     11     -5 (VIOLATED)
clkbuf_4_1_0_clk/X                        6     11     -5 (VIOLATED)
clkbuf_4_8_0_clk/X                        6     11     -5 (VIOLATED)
clkbuf_leaf_124_clk/X                     6     11     -5 (VIOLATED)
clkbuf_leaf_126_clk/X                     6     11     -5 (VIOLATED)
clkbuf_leaf_133_clk/X                     6     11     -5 (VIOLATED)
clkbuf_leaf_49_clk/X                      6     11     -5 (VIOLATED)
clkbuf_leaf_59_clk/X                      6     11     -5 (VIOLATED)
clkbuf_leaf_98_clk/X                      6     11     -5 (VIOLATED)
clkbuf_4_13_0_clk/X                       6     10     -4 (VIOLATED)
clkbuf_4_2_0_clk/X                        6     10     -4 (VIOLATED)
clkbuf_4_4_0_clk/X                        6     10     -4 (VIOLATED)
clkbuf_leaf_103_clk/X                     6     10     -4 (VIOLATED)
clkbuf_leaf_114_clk/X                     6     10     -4 (VIOLATED)
clkbuf_leaf_116_clk/X                     6     10     -4 (VIOLATED)
clkbuf_leaf_118_clk/X                     6     10     -4 (VIOLATED)
clkbuf_leaf_11_clk/X                      6     10     -4 (VIOLATED)
clkbuf_leaf_13_clk/X                      6     10     -4 (VIOLATED)
clkbuf_leaf_140_clk/X                     6     10     -4 (VIOLATED)
clkbuf_leaf_142_clk/X                     6     10     -4 (VIOLATED)
clkbuf_leaf_143_clk/X                     6     10     -4 (VIOLATED)
clkbuf_leaf_14_clk/X                      6     10     -4 (VIOLATED)
clkbuf_leaf_38_clk/X                      6     10     -4 (VIOLATED)
clkbuf_leaf_39_clk/X                      6     10     -4 (VIOLATED)
clkbuf_leaf_52_clk/X                      6     10     -4 (VIOLATED)
clkbuf_leaf_63_clk/X                      6     10     -4 (VIOLATED)
clkbuf_leaf_74_clk/X                      6     10     -4 (VIOLATED)
clkbuf_leaf_7_clk/X                       6     10     -4 (VIOLATED)
clkbuf_leaf_81_clk/X                      6     10     -4 (VIOLATED)
clkbuf_leaf_85_clk/X                      6     10     -4 (VIOLATED)
clkbuf_leaf_89_clk/X                      6     10     -4 (VIOLATED)
_08579_/X                                 6      9     -3 (VIOLATED)
_08915_/X                                 6      9     -3 (VIOLATED)
clkbuf_4_10_0_clk/X                       6      9     -3 (VIOLATED)
clkbuf_4_12_0_clk/X                       6      9     -3 (VIOLATED)
clkbuf_4_14_0_clk/X                       6      9     -3 (VIOLATED)
clkbuf_4_15_0_clk/X                       6      9     -3 (VIOLATED)
clkbuf_4_5_0_clk/X                        6      9     -3 (VIOLATED)
clkbuf_4_6_0_clk/X                        6      9     -3 (VIOLATED)
clkbuf_4_7_0_clk/X                        6      9     -3 (VIOLATED)
clkbuf_4_9_0_clk/X                        6      9     -3 (VIOLATED)
clkbuf_leaf_0_clk/X                       6      9     -3 (VIOLATED)
clkbuf_leaf_100_clk/X                     6      9     -3 (VIOLATED)
clkbuf_leaf_105_clk/X                     6      9     -3 (VIOLATED)
clkbuf_leaf_108_clk/X                     6      9     -3 (VIOLATED)
clkbuf_leaf_122_clk/X                     6      9     -3 (VIOLATED)
clkbuf_leaf_125_clk/X                     6      9     -3 (VIOLATED)
clkbuf_leaf_12_clk/X                      6      9     -3 (VIOLATED)
clkbuf_leaf_146_clk/X                     6      9     -3 (VIOLATED)
clkbuf_leaf_15_clk/X                      6      9     -3 (VIOLATED)
clkbuf_leaf_20_clk/X                      6      9     -3 (VIOLATED)
clkbuf_leaf_40_clk/X                      6      9     -3 (VIOLATED)
clkbuf_leaf_45_clk/X                      6      9     -3 (VIOLATED)
clkbuf_leaf_46_clk/X                      6      9     -3 (VIOLATED)
clkbuf_leaf_5_clk/X                       6      9     -3 (VIOLATED)
clkbuf_leaf_61_clk/X                      6      9     -3 (VIOLATED)
clkbuf_leaf_64_clk/X                      6      9     -3 (VIOLATED)
clkbuf_leaf_67_clk/X                      6      9     -3 (VIOLATED)
clkbuf_leaf_69_clk/X                      6      9     -3 (VIOLATED)
clkbuf_leaf_73_clk/X                      6      9     -3 (VIOLATED)
clkbuf_leaf_84_clk/X                      6      9     -3 (VIOLATED)
clkbuf_leaf_90_clk/X                      6      9     -3 (VIOLATED)
_09140_/X                                 6      8     -2 (VIOLATED)
_09146_/X                                 6      8     -2 (VIOLATED)
_09172_/X                                 6      8     -2 (VIOLATED)
_09225_/X                                 6      8     -2 (VIOLATED)
_09339_/X                                 6      8     -2 (VIOLATED)
_09345_/X                                 6      8     -2 (VIOLATED)
_09389_/X                                 6      8     -2 (VIOLATED)
_09567_/X                                 6      8     -2 (VIOLATED)
clkbuf_4_0_0_clk/X                        6      8     -2 (VIOLATED)
clkbuf_4_3_0_clk/X                        6      8     -2 (VIOLATED)
clkbuf_leaf_110_clk/X                     6      8     -2 (VIOLATED)
clkbuf_leaf_115_clk/X                     6      8     -2 (VIOLATED)
clkbuf_leaf_121_clk/X                     6      8     -2 (VIOLATED)
clkbuf_leaf_128_clk/X                     6      8     -2 (VIOLATED)
clkbuf_leaf_129_clk/X                     6      8     -2 (VIOLATED)
clkbuf_leaf_134_clk/X                     6      8     -2 (VIOLATED)
clkbuf_leaf_136_clk/X                     6      8     -2 (VIOLATED)
clkbuf_leaf_138_clk/X                     6      8     -2 (VIOLATED)
clkbuf_leaf_139_clk/X                     6      8     -2 (VIOLATED)
clkbuf_leaf_150_clk/X                     6      8     -2 (VIOLATED)
clkbuf_leaf_19_clk/X                      6      8     -2 (VIOLATED)
clkbuf_leaf_26_clk/X                      6      8     -2 (VIOLATED)
clkbuf_leaf_37_clk/X                      6      8     -2 (VIOLATED)
clkbuf_leaf_41_clk/X                      6      8     -2 (VIOLATED)
clkbuf_leaf_65_clk/X                      6      8     -2 (VIOLATED)
clkbuf_leaf_66_clk/X                      6      8     -2 (VIOLATED)
clkbuf_leaf_77_clk/X                      6      8     -2 (VIOLATED)
clkbuf_leaf_80_clk/X                      6      8     -2 (VIOLATED)
clkbuf_leaf_93_clk/X                      6      8     -2 (VIOLATED)
clkbuf_leaf_99_clk/X                      6      8     -2 (VIOLATED)
_07397_/X                                 6      7        (VIOLATED)
_07403_/X                                 6      7        (VIOLATED)
_07449_/X                                 6      7        (VIOLATED)
_07526_/X                                 6      7        (VIOLATED)
_07535_/X                                 6      7        (VIOLATED)
_07633_/X                                 6      7        (VIOLATED)
_07637_/X                                 6      7        (VIOLATED)
_07773_/X                                 6      7        (VIOLATED)
_08135_/X                                 6      7        (VIOLATED)
_09158_/X                                 6      7        (VIOLATED)
_09198_/X                                 6      7        (VIOLATED)
_09202_/X                                 6      7        (VIOLATED)
_09248_/X                                 6      7        (VIOLATED)
_09414_/X                                 6      7        (VIOLATED)
_09415_/X                                 6      7        (VIOLATED)
_09426_/X                                 6      7        (VIOLATED)
_09979_/X                                 6      7        (VIOLATED)
_10033_/X                                 6      7        (VIOLATED)
_11252_/Y                                 6      7        (VIOLATED)
_12256_/Y                                 6      7        (VIOLATED)
_14799_/Q                                 6      7        (VIOLATED)
_14802_/Q                                 6      7        (VIOLATED)
clkbuf_leaf_112_clk/X                     6      7        (VIOLATED)
clkbuf_leaf_135_clk/X                     6      7        (VIOLATED)
clkbuf_leaf_145_clk/X                     6      7        (VIOLATED)
clkbuf_leaf_27_clk/X                      6      7        (VIOLATED)
clkbuf_leaf_68_clk/X                      6      7        (VIOLATED)
clkbuf_leaf_70_clk/X                      6      7        (VIOLATED)
clkbuf_leaf_75_clk/X                      6      7        (VIOLATED)
clkbuf_leaf_76_clk/X                      6      7        (VIOLATED)
clkbuf_leaf_79_clk/X                      6      7        (VIOLATED)
clkbuf_leaf_82_clk/X                      6      7        (VIOLATED)
clkbuf_leaf_83_clk/X                      6      7        (VIOLATED)
clkbuf_leaf_91_clk/X                      6      7        (VIOLATED)



===========================================================================
report_parasitic_annotation -report_unannotated
============================================================================
Found 0 unannotated drivers.
Found 0 partially unannotated drivers.

===========================================================================
max slew violation count 16
max fanout violation count 188
max cap violation count 0
============================================================================

===========================================================================
check_setup -verbose -unconstrained_endpoints -multiple_clock -no_clock -no_input_delay -loops -generated_clocks
===========================================================================
