
===========================================================================
 report_power
============================================================================
======================= Fastest Corner ===================================

Group                  Internal  Switching    Leakage      Total
                          Power      Power      Power      Power (Watts)
----------------------------------------------------------------
Sequential             1.65e-02   1.02e-03   2.40e-08   1.75e-02  44.2%
Combinational          1.14e-02   1.06e-02   9.34e-08   2.20e-02  55.8%
Macro                  0.00e+00   0.00e+00   0.00e+00   0.00e+00   0.0%
Pad                    0.00e+00   0.00e+00   0.00e+00   0.00e+00   0.0%
----------------------------------------------------------------
Total                  2.79e-02   1.16e-02   1.17e-07   3.95e-02 100.0%
                          70.5%      29.5%       0.0%

======================= Slowest Corner ===================================

Group                  Internal  Switching    Leakage      Total
                          Power      Power      Power      Power (Watts)
----------------------------------------------------------------
Sequential             1.10e-02   6.64e-04   2.41e-05   1.17e-02  43.8%
Combinational          8.11e-03   6.89e-03   5.47e-05   1.51e-02  56.2%
Macro                  0.00e+00   0.00e+00   0.00e+00   0.00e+00   0.0%
Pad                    0.00e+00   0.00e+00   0.00e+00   0.00e+00   0.0%
----------------------------------------------------------------
Total                  1.91e-02   7.55e-03   7.88e-05   2.68e-02 100.0%
                          71.5%      28.2%       0.3%

======================= Typical Corner ===================================

Group                  Internal  Switching    Leakage      Total
                          Power      Power      Power      Power (Watts)
----------------------------------------------------------------
Sequential             1.42e-02   8.55e-04   1.38e-08   1.50e-02  44.3%
Combinational          1.00e-02   8.93e-03   4.82e-08   1.89e-02  55.7%
Macro                  0.00e+00   0.00e+00   0.00e+00   0.00e+00   0.0%
Pad                    0.00e+00   0.00e+00   0.00e+00   0.00e+00   0.0%
----------------------------------------------------------------
Total                  2.42e-02   9.78e-03   6.20e-08   3.40e-02 100.0%
                          71.2%      28.8%       0.0%

