Fri May 08 07:54:42 UTC 2026 - Executing "openroad -exit -no_init -python /openlane/scripts/odbpy/lefutil.py get_metal_layers -o /openlane/designs/my_processor/runs/RUN_2026.05.08_07.54.42/tmp/layers.list /home/kushagra/.ciel/sky130A/libs.ref/sky130_fd_sc_hd/techlef/sky130_fd_sc_hd__nom.tlef"

Fri May 08 07:54:42 UTC 2026 - Executing "/openlane/scripts/mergeLef.py -o /openlane/designs/my_processor/runs/RUN_2026.05.08_07.54.42/tmp/merged.nom.lef -i /home/kushagra/.ciel/sky130A/libs.ref/sky130_fd_sc_hd/techlef/sky130_fd_sc_hd__nom.tlef {/home/kushagra/.ciel/sky130A/libs.ref/sky130_fd_sc_hd/lef/sky130_fd_sc_hd.lef /home/kushagra/.ciel/sky130A/libs.ref/sky130_fd_sc_hd/lef/sky130_ef_sc_hd.lef} |& tee /dev/null"

Fri May 08 07:54:42 UTC 2026 - Executing "/openlane/scripts/mergeLef.py -o /openlane/designs/my_processor/runs/RUN_2026.05.08_07.54.42/tmp/merged.min.lef -i /home/kushagra/.ciel/sky130A/libs.ref/sky130_fd_sc_hd/techlef/sky130_fd_sc_hd__min.tlef {/home/kushagra/.ciel/sky130A/libs.ref/sky130_fd_sc_hd/lef/sky130_fd_sc_hd.lef /home/kushagra/.ciel/sky130A/libs.ref/sky130_fd_sc_hd/lef/sky130_ef_sc_hd.lef} |& tee /dev/null"

Fri May 08 07:54:42 UTC 2026 - Executing "/openlane/scripts/mergeLef.py -o /openlane/designs/my_processor/runs/RUN_2026.05.08_07.54.42/tmp/merged.max.lef -i /home/kushagra/.ciel/sky130A/libs.ref/sky130_fd_sc_hd/techlef/sky130_fd_sc_hd__max.tlef {/home/kushagra/.ciel/sky130A/libs.ref/sky130_fd_sc_hd/lef/sky130_fd_sc_hd.lef /home/kushagra/.ciel/sky130A/libs.ref/sky130_fd_sc_hd/lef/sky130_ef_sc_hd.lef} |& tee /dev/null"

Fri May 08 07:54:42 UTC 2026 - Executing "python3 /openlane/scripts/mergeLib.py --output /openlane/designs/my_processor/runs/RUN_2026.05.08_07.54.42/tmp/synthesis/merged.lib --name sky130A_merged /home/kushagra/.ciel/sky130A/libs.ref/sky130_fd_sc_hd/lib/sky130_fd_sc_hd__tt_025C_1v80.lib"

Fri May 08 07:54:43 UTC 2026 - Executing "python3 /openlane/scripts/libtrim.py --cell-file /openlane/designs/my_processor/runs/RUN_2026.05.08_07.54.42/tmp/synthesis/trimmed.lib.exclude.list --output /openlane/designs/my_processor/runs/RUN_2026.05.08_07.54.42/tmp/synthesis/trimmed.lib /openlane/designs/my_processor/runs/RUN_2026.05.08_07.54.42/tmp/synthesis/merged.lib"

Fri May 08 07:54:43 UTC 2026 - Executing "python3 /openlane/scripts/libtrim.py --cell-file /openlane/designs/my_processor/runs/RUN_2026.05.08_07.54.42/tmp/cts/cts.lib.exclude.list --output /openlane/designs/my_processor/runs/RUN_2026.05.08_07.54.42/tmp/cts/cts.lib /home/kushagra/.ciel/sky130A/libs.ref/sky130_fd_sc_hd/lib/sky130_fd_sc_hd__tt_025C_1v80.lib"

Fri May 08 07:54:43 UTC 2026 - Executing "python3 /openlane/scripts/libtrim.py --cell-file /openlane/designs/my_processor/runs/RUN_2026.05.08_07.54.42/tmp/cts/cts-fastest.lib.exclude.list --output /openlane/designs/my_processor/runs/RUN_2026.05.08_07.54.42/tmp/cts/cts-fastest.lib /home/kushagra/.ciel/sky130A/libs.ref/sky130_fd_sc_hd/lib/sky130_fd_sc_hd__ff_n40C_1v95.lib"

Fri May 08 07:54:43 UTC 2026 - Executing "python3 /openlane/scripts/libtrim.py --cell-file /openlane/designs/my_processor/runs/RUN_2026.05.08_07.54.42/tmp/cts/cts-slowest.lib.exclude.list --output /openlane/designs/my_processor/runs/RUN_2026.05.08_07.54.42/tmp/cts/cts-slowest.lib /home/kushagra/.ciel/sky130A/libs.ref/sky130_fd_sc_hd/lib/sky130_fd_sc_hd__ss_100C_1v60.lib"

Fri May 08 07:54:44 UTC 2026 - Executing "python3 /openlane/scripts/new_tracks.py -i /home/kushagra/.ciel/sky130A/libs.tech/openlane/sky130_fd_sc_hd/tracks.info -o /openlane/designs/my_processor/runs/RUN_2026.05.08_07.54.42/tmp/routing/config.tracks"

Fri May 08 07:54:44 UTC 2026 - Executing "echo {OpenLane ff5509f65b17bfa4068d5336495ab1718987ff69} > /openlane/designs/my_processor/runs/RUN_2026.05.08_07.54.42/OPENLANE_COMMIT"

Fri May 08 07:54:44 UTC 2026 - Executing "bash -c {verilator  --lint-only  -Wall  --Wno-DECLFILENAME  --top-module pipelined_processor  /openlane/designs/my_processor/new_src/ALU.v /openlane/designs/my_processor/new_src/aluCtrl.v /openlane/designs/my_processor/new_src/ctrlUnit.v /openlane/designs/my_processor/new_src/registerBank.v /openlane/designs/my_processor/new_src/branchJumpCtrl.v /openlane/designs/my_processor/new_src/dataMem.v /openlane/designs/my_processor/new_src/InstrMem.v /openlane/designs/my_processor/new_src/mux.v /openlane/designs/my_processor/new_src/Stage12_IF2ID.v /openlane/designs/my_processor/new_src/Stage23_ID2RR.v /openlane/designs/my_processor/new_src/Stage34_RR2EX.v /openlane/designs/my_processor/new_src/Stage45_EX2MM.v /openlane/designs/my_processor/new_src/Stage56_MM2WB.v /openlane/designs/my_processor/new_src/topModule.v -Wno-fatal --relative-includes |& tee /openlane/designs/my_processor/runs/RUN_2026.05.08_07.54.42/logs/synthesis/linter.log /dev/null}"

Fri May 08 07:54:44 UTC 2026 - Executing "sed -E {s/^([[:space:]]+)pg_pin(.*)/\1pin\2\n\1    direction : "inout";/g} /home/kushagra/.ciel/sky130A/libs.ref/sky130_fd_sc_hd/lib/sky130_fd_sc_hd__tt_025C_1v80.lib > /openlane/designs/my_processor/runs/RUN_2026.05.08_07.54.42/tmp/synthesis/1-sky130_fd_sc_hd__tt_025C_1v80.no_pg.lib"

Fri May 08 07:54:44 UTC 2026 - Executing "sed -E {s/^([[:space:]]+)pg_pin(.*)/\1pin\2\n\1    direction : "inout";/g} /openlane/designs/my_processor/runs/RUN_2026.05.08_07.54.42/tmp/synthesis/trimmed.lib > /openlane/designs/my_processor/runs/RUN_2026.05.08_07.54.42/tmp/synthesis/1-trimmed.no_pg.lib"

Fri May 08 07:54:44 UTC 2026 - Executing "yosys -c /openlane/scripts/yosys/synth.tcl |& tee /dev/null /openlane/designs/my_processor/runs/RUN_2026.05.08_07.54.42/logs/synthesis/1-synthesis.log"

Fri May 08 07:55:03 UTC 2026 - Executing "sed -i.bak -e {s/\(set ::env(CURRENT_NETLIST)\).*/\1 \/openlane\/designs\/my_processor\/runs\/RUN_2026.05.08_07.54.42\/results\/synthesis\/pipelined_processor.v/} /openlane/designs/my_processor/runs/RUN_2026.05.08_07.54.42/config.tcl"

Fri May 08 07:55:03 UTC 2026 - Executing "sed -i.bak /defparam/d /openlane/designs/my_processor/runs/RUN_2026.05.08_07.54.42/results/synthesis/pipelined_processor.v"

Fri May 08 07:55:04 UTC 2026 - Executing "sta -exit -no_init /openlane/scripts/openroad/sta/multi_corner.tcl |& tee /dev/null /openlane/designs/my_processor/runs/RUN_2026.05.08_07.54.42/logs/synthesis/2-sta.log"

Fri May 08 07:55:05 UTC 2026 - Executing "openroad -exit /openlane/scripts/openroad/floorplan.tcl |& tee /dev/null /openlane/designs/my_processor/runs/RUN_2026.05.08_07.54.42/logs/floorplan/3-initial_fp.log"

Fri May 08 07:55:06 UTC 2026 - Executing "openroad -exit -no_init -python /openlane/scripts/odbpy/defutil.py extract_core_dims --output-data /openlane/designs/my_processor/runs/RUN_2026.05.08_07.54.42/tmp/dimensions.txt --input-lef /openlane/designs/my_processor/runs/RUN_2026.05.08_07.54.42/tmp/merged.nom.lef /openlane/designs/my_processor/runs/RUN_2026.05.08_07.54.42/tmp/floorplan/3-initial_fp.def"

Fri May 08 07:55:06 UTC 2026 - Executing "openroad -exit /openlane/scripts/openroad/ioplacer.tcl |& tee /dev/null /openlane/designs/my_processor/runs/RUN_2026.05.08_07.54.42/logs/floorplan/4-io.log"

Fri May 08 07:55:07 UTC 2026 - Executing "openroad -exit /openlane/scripts/openroad/tapcell.tcl |& tee /dev/null /openlane/designs/my_processor/runs/RUN_2026.05.08_07.54.42/logs/floorplan/5-tap.log"

Fri May 08 07:55:08 UTC 2026 - Executing "openroad -exit /openlane/scripts/openroad/pdn.tcl |& tee /dev/null /openlane/designs/my_processor/runs/RUN_2026.05.08_07.54.42/logs/floorplan/6-pdn.log"

Fri May 08 07:55:09 UTC 2026 - Executing "openroad -exit /openlane/scripts/openroad/gpl.tcl |& tee /dev/null /openlane/designs/my_processor/runs/RUN_2026.05.08_07.54.42/logs/placement/7-global.log"

Fri May 08 07:55:25 UTC 2026 - Executing "sed -i.bak -e {s/\(set ::env(CURRENT_NETLIST)\).*/\1 \/openlane\/designs\/my_processor\/runs\/RUN_2026.05.08_07.54.42\/tmp\/placement\/7-global.nl.v/} /openlane/designs/my_processor/runs/RUN_2026.05.08_07.54.42/config.tcl"

Fri May 08 07:55:25 UTC 2026 - Executing "openroad -exit /openlane/scripts/openroad/sta/multi_corner.tcl |& tee /dev/null /openlane/designs/my_processor/runs/RUN_2026.05.08_07.54.42/logs/placement/8-gpl_sta.log"

Fri May 08 07:55:27 UTC 2026 - Executing "openroad -exit /openlane/scripts/openroad/resizer.tcl |& tee /dev/null /openlane/designs/my_processor/runs/RUN_2026.05.08_07.54.42/logs/placement/9-resizer.log"

Fri May 08 07:55:32 UTC 2026 - Executing "sed -i.bak -e {s/\(set ::env(CURRENT_NETLIST)\).*/\1 \/openlane\/designs\/my_processor\/runs\/RUN_2026.05.08_07.54.42\/tmp\/placement\/9-resizer.nl.v/} /openlane/designs/my_processor/runs/RUN_2026.05.08_07.54.42/config.tcl"

Fri May 08 07:55:32 UTC 2026 - Executing "openroad -exit /openlane/scripts/openroad/dpl.tcl |& tee /dev/null /openlane/designs/my_processor/runs/RUN_2026.05.08_07.54.42/logs/placement/10-detailed.log"

Fri May 08 07:55:33 UTC 2026 - Executing "sed -i.bak -e {s/\(set ::env(CURRENT_NETLIST)\).*/\1 \/openlane\/designs\/my_processor\/runs\/RUN_2026.05.08_07.54.42\/results\/placement\/pipelined_processor.nl.v/} /openlane/designs/my_processor/runs/RUN_2026.05.08_07.54.42/config.tcl"

Fri May 08 07:55:33 UTC 2026 - Executing "openroad -exit /openlane/scripts/openroad/sta/multi_corner.tcl |& tee /dev/null /openlane/designs/my_processor/runs/RUN_2026.05.08_07.54.42/logs/placement/11-dpl_sta.log"

Fri May 08 07:55:36 UTC 2026 - Executing "openroad -exit /openlane/scripts/openroad/cts.tcl |& tee /dev/null /openlane/designs/my_processor/runs/RUN_2026.05.08_07.54.42/logs/cts/12-cts.log"

Fri May 08 07:56:07 UTC 2026 - Executing "openroad -exit /openlane/scripts/openroad/sta/multi_corner.tcl |& tee /dev/null /openlane/designs/my_processor/runs/RUN_2026.05.08_07.54.42/logs/cts/13-cts_sta.log"

Fri May 08 07:56:11 UTC 2026 - Executing "openroad -exit /openlane/scripts/openroad/resizer_timing.tcl |& tee /dev/null /openlane/designs/my_processor/runs/RUN_2026.05.08_07.54.42/logs/cts/14-resizer.log"

Fri May 08 07:56:37 UTC 2026 - Executing "sed -i.bak -e {s/\(set ::env(CURRENT_NETLIST)\).*/\1 \/openlane\/designs\/my_processor\/runs\/RUN_2026.05.08_07.54.42\/tmp\/cts\/14-pipelined_processor.resized.nl.v/} /openlane/designs/my_processor/runs/RUN_2026.05.08_07.54.42/config.tcl"

Fri May 08 07:56:37 UTC 2026 - Executing "openroad -exit /openlane/scripts/openroad/resizer_routing_design.tcl |& tee /dev/null /openlane/designs/my_processor/runs/RUN_2026.05.08_07.54.42/logs/routing/15-resizer_design.log"

Fri May 08 07:56:45 UTC 2026 - Executing "sed -i.bak -e {s/\(set ::env(CURRENT_NETLIST)\).*/\1 \/openlane\/designs\/my_processor\/runs\/RUN_2026.05.08_07.54.42\/tmp\/15-pipelined_processor.nl.v/} /openlane/designs/my_processor/runs/RUN_2026.05.08_07.54.42/config.tcl"

Fri May 08 07:56:45 UTC 2026 - Executing "openroad -exit /openlane/scripts/openroad/sta/multi_corner.tcl |& tee /dev/null /openlane/designs/my_processor/runs/RUN_2026.05.08_07.54.42/logs/routing/16-rsz_design_sta.log"

Fri May 08 07:56:48 UTC 2026 - Executing "openroad -exit /openlane/scripts/openroad/resizer_routing_timing.tcl |& tee /dev/null /openlane/designs/my_processor/runs/RUN_2026.05.08_07.54.42/logs/routing/17-resizer_timing.log"

Fri May 08 07:57:03 UTC 2026 - Executing "sed -i.bak -e {s/\(set ::env(CURRENT_NETLIST)\).*/\1 \/openlane\/designs\/my_processor\/runs\/RUN_2026.05.08_07.54.42\/tmp\/17-pipelined_processor.nl.v/} /openlane/designs/my_processor/runs/RUN_2026.05.08_07.54.42/config.tcl"

Fri May 08 07:57:03 UTC 2026 - Executing "openroad -exit /openlane/scripts/openroad/sta/multi_corner.tcl |& tee /dev/null /openlane/designs/my_processor/runs/RUN_2026.05.08_07.54.42/logs/routing/18-rsz_timing_sta.log"

Fri May 08 07:57:07 UTC 2026 - Executing "openroad -exit /openlane/scripts/openroad/groute.tcl |& tee /dev/null /openlane/designs/my_processor/runs/RUN_2026.05.08_07.54.42/logs/routing/19-global.log"

Fri May 08 07:57:13 UTC 2026 - Executing "openroad -exit /openlane/scripts/openroad/write_views.tcl |& tee /dev/null /openlane/designs/my_processor/runs/RUN_2026.05.08_07.54.42/logs/routing/19-global_write_netlist.log"

Fri May 08 07:57:14 UTC 2026 - Executing "sed -i.bak -e {s/\(set ::env(CURRENT_NETLIST)\).*/\1 \/openlane\/designs\/my_processor\/runs\/RUN_2026.05.08_07.54.42\/tmp\/routing\/global.nl.v/} /openlane/designs/my_processor/runs/RUN_2026.05.08_07.54.42/config.tcl"

Fri May 08 07:57:14 UTC 2026 - Executing "openroad -exit /openlane/scripts/openroad/sta/multi_corner.tcl |& tee /dev/null /openlane/designs/my_processor/runs/RUN_2026.05.08_07.54.42/logs/routing/21-grt_sta.log"

Fri May 08 07:57:16 UTC 2026 - Executing "openroad -exit /openlane/scripts/openroad/fill.tcl |& tee /dev/null /openlane/designs/my_processor/runs/RUN_2026.05.08_07.54.42/logs/routing/22-fill.log"

Fri May 08 07:57:17 UTC 2026 - Executing "sed -i.bak -e {s/\(set ::env(CURRENT_NETLIST)\).*/\1 \/openlane\/designs\/my_processor\/runs\/RUN_2026.05.08_07.54.42\/tmp\/routing\/22-fill.nl.v/} /openlane/designs/my_processor/runs/RUN_2026.05.08_07.54.42/config.tcl"

Fri May 08 07:57:17 UTC 2026 - Executing "openroad -exit /openlane/scripts/openroad/droute.tcl |& tee /dev/null /openlane/designs/my_processor/runs/RUN_2026.05.08_07.54.42/logs/routing/23-detailed.log"

Fri May 08 08:07:43 UTC 2026 - Executing "sed -i.bak -e {s/\(set ::env(CURRENT_NETLIST)\).*/\1 \/openlane\/designs\/my_processor\/runs\/RUN_2026.05.08_07.54.42\/results\/routing\/pipelined_processor.nl.v/} /openlane/designs/my_processor/runs/RUN_2026.05.08_07.54.42/config.tcl"

Fri May 08 08:07:43 UTC 2026 - Executing "python3 /openlane/scripts/drc_rosetta.py tr to_klayout -o /openlane/designs/my_processor/runs/RUN_2026.05.08_07.54.42/reports/routing/drt.klayout.xml --design-name pipelined_processor /openlane/designs/my_processor/runs/RUN_2026.05.08_07.54.42/reports/routing/drt.drc"

Fri May 08 08:07:43 UTC 2026 - Executing "openroad -exit -no_init -python /openlane/scripts/odbpy/wire_lengths.py --report-out /openlane/designs/my_processor/runs/RUN_2026.05.08_07.54.42/reports/routing/24-wire_lengths.csv --input-lef /openlane/designs/my_processor/runs/RUN_2026.05.08_07.54.42/tmp/merged.nom.lef --output-def /dev/null --output /openlane/designs/my_processor/runs/RUN_2026.05.08_07.54.42/results/routing/pipelined_processor.odb /openlane/designs/my_processor/runs/RUN_2026.05.08_07.54.42/results/routing/pipelined_processor.odb |& tee /dev/null /openlane/designs/my_processor/runs/RUN_2026.05.08_07.54.42/logs/routing/24-wire_lengths.log"

Fri May 08 08:07:44 UTC 2026 - Executing "openroad -exit /openlane/scripts/openroad/rcx.tcl |& tee /dev/null /openlane/designs/my_processor/runs/RUN_2026.05.08_07.54.42/logs/signoff/25-parasitics_extraction.min.log"

Fri May 08 08:07:49 UTC 2026 - Executing "sta -exit -no_init /openlane/scripts/openroad/sta/multi_corner.tcl |& tee /dev/null /openlane/designs/my_processor/runs/RUN_2026.05.08_07.54.42/logs/signoff/26-rcx_mcsta.min.log"

Fri May 08 08:08:08 UTC 2026 - Executing "openroad -exit /openlane/scripts/openroad/rcx.tcl |& tee /dev/null /openlane/designs/my_processor/runs/RUN_2026.05.08_07.54.42/logs/signoff/27-parasitics_extraction.max.log"

Fri May 08 08:08:12 UTC 2026 - Executing "sta -exit -no_init /openlane/scripts/openroad/sta/multi_corner.tcl |& tee /dev/null /openlane/designs/my_processor/runs/RUN_2026.05.08_07.54.42/logs/signoff/28-rcx_mcsta.max.log"

Fri May 08 08:08:33 UTC 2026 - Executing "openroad -exit /openlane/scripts/openroad/rcx.tcl |& tee /dev/null /openlane/designs/my_processor/runs/RUN_2026.05.08_07.54.42/logs/signoff/29-parasitics_extraction.nom.log"

Fri May 08 08:08:38 UTC 2026 - Executing "sta -exit -no_init /openlane/scripts/openroad/sta/multi_corner.tcl |& tee /dev/null /openlane/designs/my_processor/runs/RUN_2026.05.08_07.54.42/logs/signoff/30-rcx_mcsta.nom.log"

Fri May 08 08:08:58 UTC 2026 - Executing "sta -exit -no_init /openlane/scripts/openroad/sta/multi_corner.tcl |& tee /dev/null /openlane/designs/my_processor/runs/RUN_2026.05.08_07.54.42/logs/signoff/31-rcx_sta.log"

Fri May 08 08:09:04 UTC 2026 - Executing "openroad -exit /openlane/scripts/openroad/irdrop.tcl |& tee /dev/null /openlane/designs/my_processor/runs/RUN_2026.05.08_07.54.42/logs/signoff/32-irdrop.log"

Fri May 08 08:09:08 UTC 2026 - Executing "magic -noconsole -dnull -rcfile /home/kushagra/.ciel/sky130A/libs.tech/magic/sky130A.magicrc < /openlane/scripts/magic/wrapper.tcl |& tee /dev/null /openlane/designs/my_processor/runs/RUN_2026.05.08_07.54.42/logs/signoff/33-gdsii.log"

Fri May 08 08:09:18 UTC 2026 - Executing "magic -noconsole -dnull -rcfile /home/kushagra/.ciel/sky130A/libs.tech/magic/sky130A.magicrc < /openlane/scripts/magic/wrapper.tcl |& tee /dev/null /openlane/designs/my_processor/runs/RUN_2026.05.08_07.54.42/logs/signoff/33-gds_ptrs.log"

Fri May 08 08:09:24 UTC 2026 - Executing "sed -i.bak -n {/^<< properties >>/,/^<< end >>/p} /openlane/designs/my_processor/runs/RUN_2026.05.08_07.54.42/tmp/signoff/gds_ptrs.mag"

Fri May 08 08:09:25 UTC 2026 - Executing "magic -noconsole -dnull -rcfile /home/kushagra/.ciel/sky130A/libs.tech/magic/sky130A.magicrc < /openlane/scripts/magic/wrapper.tcl |& tee /dev/null /openlane/designs/my_processor/runs/RUN_2026.05.08_07.54.42/logs/signoff/33-lef.log"

Fri May 08 08:09:36 UTC 2026 - Executing "magic -noconsole -dnull -rcfile /home/kushagra/.ciel/sky130A/libs.tech/magic/sky130A.magicrc < /openlane/scripts/magic/wrapper.tcl |& tee /dev/null /openlane/designs/my_processor/runs/RUN_2026.05.08_07.54.42/logs/signoff/33-maglef.log"

Fri May 08 08:09:36 UTC 2026 - Executing "python3 /openlane/scripts/klayout/stream_out.py --output /openlane/designs/my_processor/runs/RUN_2026.05.08_07.54.42/results/signoff/pipelined_processor.klayout.gds --lyt /home/kushagra/.ciel/sky130A/libs.tech/klayout/tech/sky130A.lyt --lym /home/kushagra/.ciel/sky130A/libs.tech/klayout/tech/sky130A.map --lyp /home/kushagra/.ciel/sky130A/libs.tech/klayout/tech/sky130A.lyp --top pipelined_processor --with-gds-file /home/kushagra/.ciel/sky130A/libs.ref/sky130_fd_sc_hd/gds/sky130_fd_sc_hd.gds --input-lef /openlane/designs/my_processor/runs/RUN_2026.05.08_07.54.42/tmp/merged.nom.lef /openlane/designs/my_processor/runs/RUN_2026.05.08_07.54.42/results/routing/pipelined_processor.def |& tee /dev/null /openlane/designs/my_processor/runs/RUN_2026.05.08_07.54.42/logs/signoff/34-gdsii-klayout.log"

Fri May 08 08:09:39 UTC 2026 - Executing "klayout -b -r /openlane/scripts/klayout/xor.drc -rd a=/openlane/designs/my_processor/runs/RUN_2026.05.08_07.54.42/results/signoff/pipelined_processor.gds -rd b=/openlane/designs/my_processor/runs/RUN_2026.05.08_07.54.42/results/signoff/pipelined_processor.klayout.gds -rd jobs=1 -rd rdb_out=/openlane/designs/my_processor/runs/RUN_2026.05.08_07.54.42/reports/signoff/35-xor.xml -rd ignore=81/14 -rd rpt_out=/openlane/designs/my_processor/runs/RUN_2026.05.08_07.54.42/reports/signoff/35-xor.rpt |& tee /dev/null /openlane/designs/my_processor/runs/RUN_2026.05.08_07.54.42/logs/signoff/35-xor.log"

Fri May 08 08:09:58 UTC 2026 - Executing "magic -noconsole -dnull -rcfile /home/kushagra/.ciel/sky130A/libs.tech/magic/sky130A.magicrc < /openlane/scripts/magic/wrapper.tcl |& tee /dev/null /openlane/designs/my_processor/runs/RUN_2026.05.08_07.54.42/logs/signoff/36-spice.log"

Fri May 08 08:10:21 UTC 2026 - Executing "openroad -exit -no_init -python /openlane/scripts/odbpy/power_utils.py write_powered_def --output /openlane/designs/my_processor/runs/RUN_2026.05.08_07.54.42/tmp/signoff/36-pipelined_processor.p.def --input-lef /openlane/designs/my_processor/runs/RUN_2026.05.08_07.54.42/tmp/merged.nom.lef --power-port VPWR --ground-port VGND --powered-netlist {} /openlane/designs/my_processor/runs/RUN_2026.05.08_07.54.42/results/routing/pipelined_processor.def |& tee /dev/null /openlane/designs/my_processor/runs/RUN_2026.05.08_07.54.42/logs/signoff/37-write_powered_def.log"

Fri May 08 08:10:22 UTC 2026 - Executing "openroad -exit /openlane/scripts/openroad/write_views.tcl |& tee /dev/null /openlane/designs/my_processor/runs/RUN_2026.05.08_07.54.42/logs/signoff/37-write_powered_verilog.log"

Fri May 08 08:10:24 UTC 2026 - Executing "sed -i.bak -e {s/\(set ::env(CURRENT_NETLIST)\).*/\1 \/openlane\/designs\/my_processor\/runs\/RUN_2026.05.08_07.54.42\/tmp\/signoff\/36-pipelined_processor.nl.v/} /openlane/designs/my_processor/runs/RUN_2026.05.08_07.54.42/config.tcl"

Fri May 08 08:10:25 UTC 2026 - Executing "netgen -batch source /openlane/designs/my_processor/runs/RUN_2026.05.08_07.54.42/tmp/signoff/39-setup_file.lef.lvs |& tee /dev/null /openlane/designs/my_processor/runs/RUN_2026.05.08_07.54.42/logs/signoff/39-lvs.lef.log"

Fri May 08 08:10:28 UTC 2026 - Executing "magic -noconsole -dnull -rcfile /home/kushagra/.ciel/sky130A/libs.tech/magic/sky130A.magicrc < /openlane/scripts/magic/wrapper.tcl |& tee /dev/null /openlane/designs/my_processor/runs/RUN_2026.05.08_07.54.42/logs/signoff/40-drc.log"

Fri May 08 08:10:36 UTC 2026 - Executing "python3 /openlane/scripts/drc_rosetta.py magic to_tcl -o /openlane/designs/my_processor/runs/RUN_2026.05.08_07.54.42/reports/signoff/drc.tcl /openlane/designs/my_processor/runs/RUN_2026.05.08_07.54.42/reports/signoff/drc.rpt"

Fri May 08 08:10:36 UTC 2026 - Executing "python3 /openlane/scripts/drc_rosetta.py magic to_tr -o /openlane/designs/my_processor/runs/RUN_2026.05.08_07.54.42/reports/signoff/drc.tr /openlane/designs/my_processor/runs/RUN_2026.05.08_07.54.42/reports/signoff/drc.rpt"

Fri May 08 08:10:36 UTC 2026 - Executing "python3 /openlane/scripts/drc_rosetta.py tr to_klayout -o /openlane/designs/my_processor/runs/RUN_2026.05.08_07.54.42/reports/signoff/drc.klayout.xml --design-name pipelined_processor /openlane/designs/my_processor/runs/RUN_2026.05.08_07.54.42/reports/signoff/drc.tr"

Fri May 08 08:10:36 UTC 2026 - Executing "python3 /openlane/scripts/drc_rosetta.py magic to_rdb -o /openlane/designs/my_processor/runs/RUN_2026.05.08_07.54.42/reports/signoff/drc.rdb /openlane/designs/my_processor/runs/RUN_2026.05.08_07.54.42/reports/signoff/drc.rpt"

Fri May 08 08:10:36 UTC 2026 - Executing "openroad -exit /openlane/scripts/openroad/antenna_check.tcl |& tee /dev/null /openlane/designs/my_processor/runs/RUN_2026.05.08_07.54.42/logs/signoff/41-arc.log"

Fri May 08 08:10:39 UTC 2026 - Executing "python3 /openlane/scripts/extract_antenna_violators.py --output /openlane/designs/my_processor/runs/RUN_2026.05.08_07.54.42/reports/signoff/41-antenna_violators.rpt --plain-out /openlane/designs/my_processor/runs/RUN_2026.05.08_07.54.42/reports/signoff/41-antenna_violators_pins.txt /openlane/designs/my_processor/runs/RUN_2026.05.08_07.54.42/logs/signoff/41-arc.log"

Fri May 08 08:10:40 UTC 2026 - Executing "awk -v vdd=VPWR -v gnd=VGND -f /home/kushagra/.ciel/sky130A/libs.tech/openlane/cvc/power.awk /openlane/designs/my_processor/runs/RUN_2026.05.08_07.54.42/tmp/signoff/36-pipelined_processor.nl.v > /openlane/designs/my_processor/runs/RUN_2026.05.08_07.54.42/tmp/signoff/pipelined_processor.power"

Fri May 08 08:10:40 UTC 2026 - Executing "awk -f /home/kushagra/.ciel/sky130A/libs.tech/openlane/cvc/cdl.awk /home/kushagra/.ciel/sky130A/libs.ref/sky130_fd_sc_hd/cdl/sky130_fd_sc_hd.cdl /openlane/designs/my_processor/runs/RUN_2026.05.08_07.54.42/results/signoff/pipelined_processor.lef.spice > /openlane/designs/my_processor/runs/RUN_2026.05.08_07.54.42/tmp/signoff/pipelined_processor.cdl"

Fri May 08 08:10:40 UTC 2026 - Executing "cvc_rv /home/kushagra/.ciel/sky130A/libs.tech/openlane/cvc/cvcrc |& tee /dev/null /openlane/designs/my_processor/runs/RUN_2026.05.08_07.54.42/logs/signoff/42-erc_screen.log"

