
===========================================================================
report_checks -unconstrained
===========================================================================
======================= Fastest Corner ===================================

Startpoint: debug_mem_addr[2] (input port clocked by clk)
Endpoint: debug_mem_data[7] (output port clocked by clk)
Path Group: clk
Path Type: max
Corner: Fastest

Fanout     Cap    Slew   Delay    Time   Description
-----------------------------------------------------------------------------
                          0.00    0.00   clock clk (rise edge)
                          0.00    0.00   clock network delay (propagated)
                          8.00    8.00 ^ input external delay
                  0.01    0.01    8.01 ^ debug_mem_addr[2] (in)
     1    0.00                           debug_mem_addr[2] (net)
                  0.01    0.00    8.01 ^ input3/A (sky130_fd_sc_hd__buf_2)
                  0.18    0.17    8.18 ^ input3/X (sky130_fd_sc_hd__buf_2)
     3    0.05                           net3 (net)
                  0.18    0.01    8.19 ^ _07434_/A (sky130_fd_sc_hd__buf_4)
                  0.23    0.24    8.43 ^ _07434_/X (sky130_fd_sc_hd__buf_4)
     8    0.11                           _02563_ (net)
                  0.23    0.01    8.44 ^ _07435_/A (sky130_fd_sc_hd__buf_2)
                  0.16    0.20    8.64 ^ _07435_/X (sky130_fd_sc_hd__buf_2)
     8    0.04                           _02564_ (net)
                  0.16    0.00    8.64 ^ _07436_/A (sky130_fd_sc_hd__buf_4)
                  0.25    0.25    8.89 ^ _07436_/X (sky130_fd_sc_hd__buf_4)
     8    0.12                           _02565_ (net)
                  0.25    0.02    8.91 ^ _07537_/A (sky130_fd_sc_hd__buf_2)
                  0.13    0.18    9.09 ^ _07537_/X (sky130_fd_sc_hd__buf_2)
     8    0.03                           _02666_ (net)
                  0.13    0.00    9.09 ^ _07935_/A (sky130_fd_sc_hd__nor2_1)
                  0.04    0.04    9.14 v _07935_/Y (sky130_fd_sc_hd__nor2_1)
     1    0.00                           _03057_ (net)
                  0.04    0.00    9.14 v _07938_/B1 (sky130_fd_sc_hd__o32a_1)
                  0.11    0.18    9.32 v _07938_/X (sky130_fd_sc_hd__o32a_1)
     1    0.03                           _03060_ (net)
                  0.11    0.00    9.32 v _07939_/A1 (sky130_fd_sc_hd__mux2_1)
                  0.04    0.19    9.51 v _07939_/X (sky130_fd_sc_hd__mux2_1)
     1    0.00                           _03061_ (net)
                  0.04    0.00    9.52 v _07940_/B (sky130_fd_sc_hd__nor2_1)
                  0.37    0.30    9.82 ^ _07940_/Y (sky130_fd_sc_hd__nor2_1)
     1    0.03                           _03062_ (net)
                  0.37    0.00    9.82 ^ _07941_/B1 (sky130_fd_sc_hd__a21o_2)
                  0.25    0.23   10.05 ^ _07941_/X (sky130_fd_sc_hd__a21o_2)
     1    0.07                           net46 (net)
                  0.25    0.01   10.06 ^ output46/A (sky130_fd_sc_hd__clkbuf_4)
                  0.09    0.18   10.24 ^ output46/X (sky130_fd_sc_hd__clkbuf_4)
     1    0.03                           debug_mem_data[7] (net)
                  0.09    0.00   10.24 ^ debug_mem_data[7] (out)
                                 10.24   data arrival time

                         40.00   40.00   clock clk (rise edge)
                          0.00   40.00   clock network delay (propagated)
                         -0.25   39.75   clock uncertainty
                          0.00   39.75   clock reconvergence pessimism
                         -8.00   31.75   output external delay
                                 31.75   data required time
-----------------------------------------------------------------------------
                                 31.75   data required time
                                -10.24   data arrival time
-----------------------------------------------------------------------------
                                 21.51   slack (MET)



======================= Slowest Corner ===================================

Startpoint: debug_mem_addr[2] (input port clocked by clk)
Endpoint: debug_mem_data[7] (output port clocked by clk)
Path Group: clk
Path Type: max
Corner: Slowest

Fanout     Cap    Slew   Delay    Time   Description
-----------------------------------------------------------------------------
                          0.00    0.00   clock clk (rise edge)
                          0.00    0.00   clock network delay (propagated)
                          8.00    8.00 ^ input external delay
                  0.03    0.01    8.01 ^ debug_mem_addr[2] (in)
     1    0.00                           debug_mem_addr[2] (net)
                  0.03    0.00    8.01 ^ input3/A (sky130_fd_sc_hd__buf_2)
                  0.38    0.42    8.43 ^ input3/X (sky130_fd_sc_hd__buf_2)
     3    0.05                           net3 (net)
                  0.38    0.01    8.44 ^ _07434_/A (sky130_fd_sc_hd__buf_4)
                  0.49    0.67    9.11 ^ _07434_/X (sky130_fd_sc_hd__buf_4)
     8    0.11                           _02563_ (net)
                  0.49    0.01    9.12 ^ _07435_/A (sky130_fd_sc_hd__buf_2)
                  0.34    0.59    9.71 ^ _07435_/X (sky130_fd_sc_hd__buf_2)
     8    0.04                           _02564_ (net)
                  0.34    0.00    9.71 ^ _07436_/A (sky130_fd_sc_hd__buf_4)
                  0.53    0.68   10.39 ^ _07436_/X (sky130_fd_sc_hd__buf_4)
     8    0.12                           _02565_ (net)
                  0.53    0.02   10.41 ^ _07537_/A (sky130_fd_sc_hd__buf_2)
                  0.27    0.56   10.96 ^ _07537_/X (sky130_fd_sc_hd__buf_2)
     8    0.03                           _02666_ (net)
                  0.27    0.00   10.97 ^ _07935_/A (sky130_fd_sc_hd__nor2_1)
                  0.08    0.18   11.14 v _07935_/Y (sky130_fd_sc_hd__nor2_1)
     1    0.00                           _03057_ (net)
                  0.08    0.00   11.15 v _07938_/B1 (sky130_fd_sc_hd__o32a_1)
                  0.34    0.60   11.75 v _07938_/X (sky130_fd_sc_hd__o32a_1)
     1    0.03                           _03060_ (net)
                  0.34    0.00   11.75 v _07939_/A1 (sky130_fd_sc_hd__mux2_1)
                  0.13    0.83   12.58 v _07939_/X (sky130_fd_sc_hd__mux2_1)
     1    0.00                           _03061_ (net)
                  0.13    0.00   12.58 v _07940_/B (sky130_fd_sc_hd__nor2_1)
                  0.87    0.74   13.32 ^ _07940_/Y (sky130_fd_sc_hd__nor2_1)
     1    0.03                           _03062_ (net)
                  0.87    0.00   13.33 ^ _07941_/B1 (sky130_fd_sc_hd__a21o_2)
                  0.52    0.78   14.11 ^ _07941_/X (sky130_fd_sc_hd__a21o_2)
     1    0.07                           net46 (net)
                  0.52    0.01   14.12 ^ output46/A (sky130_fd_sc_hd__clkbuf_4)
                  0.18    0.55   14.67 ^ output46/X (sky130_fd_sc_hd__clkbuf_4)
     1    0.03                           debug_mem_data[7] (net)
                  0.18    0.00   14.67 ^ debug_mem_data[7] (out)
                                 14.67   data arrival time

                         40.00   40.00   clock clk (rise edge)
                          0.00   40.00   clock network delay (propagated)
                         -0.25   39.75   clock uncertainty
                          0.00   39.75   clock reconvergence pessimism
                         -8.00   31.75   output external delay
                                 31.75   data required time
-----------------------------------------------------------------------------
                                 31.75   data required time
                                -14.67   data arrival time
-----------------------------------------------------------------------------
                                 17.08   slack (MET)



======================= Typical Corner ===================================

Startpoint: debug_mem_addr[2] (input port clocked by clk)
Endpoint: debug_mem_data[7] (output port clocked by clk)
Path Group: clk
Path Type: max
Corner: Typical

Fanout     Cap    Slew   Delay    Time   Description
-----------------------------------------------------------------------------
                          0.00    0.00   clock clk (rise edge)
                          0.00    0.00   clock network delay (propagated)
                          8.00    8.00 ^ input external delay
                  0.02    0.01    8.01 ^ debug_mem_addr[2] (in)
     1    0.00                           debug_mem_addr[2] (net)
                  0.02    0.00    8.01 ^ input3/A (sky130_fd_sc_hd__buf_2)
                  0.24    0.24    8.25 ^ input3/X (sky130_fd_sc_hd__buf_2)
     3    0.05                           net3 (net)
                  0.24    0.01    8.26 ^ _07434_/A (sky130_fd_sc_hd__buf_4)
                  0.31    0.37    8.63 ^ _07434_/X (sky130_fd_sc_hd__buf_4)
     8    0.11                           _02563_ (net)
                  0.31    0.01    8.64 ^ _07435_/A (sky130_fd_sc_hd__buf_2)
                  0.21    0.32    8.95 ^ _07435_/X (sky130_fd_sc_hd__buf_2)
     8    0.04                           _02564_ (net)
                  0.21    0.00    8.95 ^ _07436_/A (sky130_fd_sc_hd__buf_4)
                  0.33    0.37    9.33 ^ _07436_/X (sky130_fd_sc_hd__buf_4)
     8    0.12                           _02565_ (net)
                  0.33    0.02    9.35 ^ _07537_/A (sky130_fd_sc_hd__buf_2)
                  0.17    0.29    9.64 ^ _07537_/X (sky130_fd_sc_hd__buf_2)
     8    0.03                           _02666_ (net)
                  0.17    0.00    9.64 ^ _07935_/A (sky130_fd_sc_hd__nor2_1)
                  0.05    0.08    9.72 v _07935_/Y (sky130_fd_sc_hd__nor2_1)
     1    0.00                           _03057_ (net)
                  0.05    0.00    9.72 v _07938_/B1 (sky130_fd_sc_hd__o32a_1)
                  0.17    0.31   10.03 v _07938_/X (sky130_fd_sc_hd__o32a_1)
     1    0.03                           _03060_ (net)
                  0.17    0.00   10.03 v _07939_/A1 (sky130_fd_sc_hd__mux2_1)
                  0.06    0.36   10.40 v _07939_/X (sky130_fd_sc_hd__mux2_1)
     1    0.00                           _03061_ (net)
                  0.06    0.00   10.40 v _07940_/B (sky130_fd_sc_hd__nor2_1)
                  0.52    0.43   10.83 ^ _07940_/Y (sky130_fd_sc_hd__nor2_1)
     1    0.03                           _03062_ (net)
                  0.52    0.00   10.83 ^ _07941_/B1 (sky130_fd_sc_hd__a21o_2)
                  0.33    0.39   11.23 ^ _07941_/X (sky130_fd_sc_hd__a21o_2)
     1    0.07                           net46 (net)
                  0.33    0.01   11.23 ^ output46/A (sky130_fd_sc_hd__clkbuf_4)
                  0.11    0.29   11.52 ^ output46/X (sky130_fd_sc_hd__clkbuf_4)
     1    0.03                           debug_mem_data[7] (net)
                  0.11    0.00   11.53 ^ debug_mem_data[7] (out)
                                 11.53   data arrival time

                         40.00   40.00   clock clk (rise edge)
                          0.00   40.00   clock network delay (propagated)
                         -0.25   39.75   clock uncertainty
                          0.00   39.75   clock reconvergence pessimism
                         -8.00   31.75   output external delay
                                 31.75   data required time
-----------------------------------------------------------------------------
                                 31.75   data required time
                                -11.53   data arrival time
-----------------------------------------------------------------------------
                                 20.22   slack (MET)




===========================================================================
report_checks --slack_max -0.01
============================================================================
======================= Fastest Corner ===================================

No paths found.

======================= Slowest Corner ===================================

No paths found.

======================= Typical Corner ===================================

No paths found.


===========================================================================
 report_check_types -max_slew -max_cap -max_fanout -violators
============================================================================
======================= Fastest Corner ===================================

max fanout

Pin                                   Limit Fanout  Slack
---------------------------------------------------------
clkbuf_4_0_0_clk/X                        8     19    -11 (VIOLATED)
clkbuf_leaf_147_clk/X                     8     18    -10 (VIOLATED)
clkbuf_leaf_140_clk/X                     8     17     -9 (VIOLATED)
clkbuf_leaf_152_clk/X                     8     17     -9 (VIOLATED)
clkbuf_leaf_199_clk/X                     8     17     -9 (VIOLATED)
_07507_/X                                 8     16     -8 (VIOLATED)
clkbuf_0_clk/X                            8     16     -8 (VIOLATED)
clkbuf_leaf_16_clk/X                      8     16     -8 (VIOLATED)
_08451_/X                                 8     15     -7 (VIOLATED)
clkbuf_4_11_0_clk/X                       8     15     -7 (VIOLATED)
clkbuf_4_7_0_clk/X                        8     15     -7 (VIOLATED)
clkbuf_leaf_148_clk/X                     8     15     -7 (VIOLATED)
clkbuf_leaf_151_clk/X                     8     15     -7 (VIOLATED)
clkbuf_leaf_49_clk/X                      8     15     -7 (VIOLATED)
_08590_/X                                 8     14     -6 (VIOLATED)
clkbuf_4_13_0_clk/X                       8     14     -6 (VIOLATED)
clkbuf_4_2_0_clk/X                        8     14     -6 (VIOLATED)
clkbuf_leaf_133_clk/X                     8     14     -6 (VIOLATED)
clkbuf_leaf_187_clk/X                     8     14     -6 (VIOLATED)
clkbuf_leaf_193_clk/X                     8     14     -6 (VIOLATED)
clkbuf_leaf_19_clk/X                      8     14     -6 (VIOLATED)
clkbuf_leaf_22_clk/X                      8     14     -6 (VIOLATED)
clkbuf_leaf_23_clk/X                      8     14     -6 (VIOLATED)
clkbuf_leaf_2_clk/X                       8     14     -6 (VIOLATED)
clkbuf_leaf_33_clk/X                      8     14     -6 (VIOLATED)
clkbuf_leaf_81_clk/X                      8     14     -6 (VIOLATED)
clkbuf_4_10_0_clk/X                       8     13     -5 (VIOLATED)
clkbuf_4_5_0_clk/X                        8     13     -5 (VIOLATED)
clkbuf_4_8_0_clk/X                        8     13     -5 (VIOLATED)
clkbuf_leaf_0_clk/X                       8     13     -5 (VIOLATED)
clkbuf_leaf_105_clk/X                     8     13     -5 (VIOLATED)
clkbuf_leaf_158_clk/X                     8     13     -5 (VIOLATED)
clkbuf_leaf_162_clk/X                     8     13     -5 (VIOLATED)
clkbuf_leaf_191_clk/X                     8     13     -5 (VIOLATED)
clkbuf_leaf_95_clk/X                      8     13     -5 (VIOLATED)
clkbuf_4_12_0_clk/X                       8     12     -4 (VIOLATED)
clkbuf_4_1_0_clk/X                        8     12     -4 (VIOLATED)
clkbuf_4_3_0_clk/X                        8     12     -4 (VIOLATED)
clkbuf_leaf_108_clk/X                     8     12     -4 (VIOLATED)
clkbuf_leaf_124_clk/X                     8     12     -4 (VIOLATED)
clkbuf_leaf_139_clk/X                     8     12     -4 (VIOLATED)
clkbuf_leaf_143_clk/X                     8     12     -4 (VIOLATED)
clkbuf_leaf_149_clk/X                     8     12     -4 (VIOLATED)
clkbuf_leaf_157_clk/X                     8     12     -4 (VIOLATED)
clkbuf_leaf_163_clk/X                     8     12     -4 (VIOLATED)
clkbuf_leaf_173_clk/X                     8     12     -4 (VIOLATED)
clkbuf_leaf_17_clk/X                      8     12     -4 (VIOLATED)
clkbuf_leaf_20_clk/X                      8     12     -4 (VIOLATED)
clkbuf_leaf_26_clk/X                      8     12     -4 (VIOLATED)
clkbuf_leaf_42_clk/X                      8     12     -4 (VIOLATED)
clkbuf_leaf_44_clk/X                      8     12     -4 (VIOLATED)
clkbuf_leaf_53_clk/X                      8     12     -4 (VIOLATED)
clkbuf_leaf_54_clk/X                      8     12     -4 (VIOLATED)
clkbuf_leaf_56_clk/X                      8     12     -4 (VIOLATED)
clkbuf_leaf_5_clk/X                       8     12     -4 (VIOLATED)
clkbuf_leaf_66_clk/X                      8     12     -4 (VIOLATED)
_07410_/Y                                 8     11     -3 (VIOLATED)
_07457_/X                                 8     11     -3 (VIOLATED)
_09836_/X                                 8     11     -3 (VIOLATED)
_16406_/Q                                 8     11     -3 (VIOLATED)
clkbuf_4_14_0_clk/X                       8     11     -3 (VIOLATED)
clkbuf_4_15_0_clk/X                       8     11     -3 (VIOLATED)
clkbuf_4_6_0_clk/X                        8     11     -3 (VIOLATED)
clkbuf_leaf_106_clk/X                     8     11     -3 (VIOLATED)
clkbuf_leaf_10_clk/X                      8     11     -3 (VIOLATED)
clkbuf_leaf_113_clk/X                     8     11     -3 (VIOLATED)
clkbuf_leaf_119_clk/X                     8     11     -3 (VIOLATED)
clkbuf_leaf_12_clk/X                      8     11     -3 (VIOLATED)
clkbuf_leaf_135_clk/X                     8     11     -3 (VIOLATED)
clkbuf_leaf_136_clk/X                     8     11     -3 (VIOLATED)
clkbuf_leaf_144_clk/X                     8     11     -3 (VIOLATED)
clkbuf_leaf_164_clk/X                     8     11     -3 (VIOLATED)
clkbuf_leaf_179_clk/X                     8     11     -3 (VIOLATED)
clkbuf_leaf_201_clk/X                     8     11     -3 (VIOLATED)
clkbuf_leaf_24_clk/X                      8     11     -3 (VIOLATED)
clkbuf_leaf_27_clk/X                      8     11     -3 (VIOLATED)
clkbuf_leaf_34_clk/X                      8     11     -3 (VIOLATED)
clkbuf_leaf_50_clk/X                      8     11     -3 (VIOLATED)
clkbuf_leaf_59_clk/X                      8     11     -3 (VIOLATED)
clkbuf_leaf_74_clk/X                      8     11     -3 (VIOLATED)
clkbuf_leaf_84_clk/X                      8     11     -3 (VIOLATED)
clkbuf_leaf_8_clk/X                       8     11     -3 (VIOLATED)
_07439_/X                                 8     10     -2 (VIOLATED)
_08807_/X                                 8     10     -2 (VIOLATED)
_09152_/X                                 8     10     -2 (VIOLATED)
_09963_/X                                 8     10     -2 (VIOLATED)
_10014_/X                                 8     10     -2 (VIOLATED)
_10017_/X                                 8     10     -2 (VIOLATED)
_13341_/X                                 8     10     -2 (VIOLATED)
_13677_/X                                 8     10     -2 (VIOLATED)
clkbuf_4_4_0_clk/X                        8     10     -2 (VIOLATED)
clkbuf_leaf_100_clk/X                     8     10     -2 (VIOLATED)
clkbuf_leaf_117_clk/X                     8     10     -2 (VIOLATED)
clkbuf_leaf_123_clk/X                     8     10     -2 (VIOLATED)
clkbuf_leaf_126_clk/X                     8     10     -2 (VIOLATED)
clkbuf_leaf_137_clk/X                     8     10     -2 (VIOLATED)
clkbuf_leaf_154_clk/X                     8     10     -2 (VIOLATED)
clkbuf_leaf_165_clk/X                     8     10     -2 (VIOLATED)
clkbuf_leaf_174_clk/X                     8     10     -2 (VIOLATED)
clkbuf_leaf_194_clk/X                     8     10     -2 (VIOLATED)
clkbuf_leaf_197_clk/X                     8     10     -2 (VIOLATED)
clkbuf_leaf_1_clk/X                       8     10     -2 (VIOLATED)
clkbuf_leaf_202_clk/X                     8     10     -2 (VIOLATED)
clkbuf_leaf_203_clk/X                     8     10     -2 (VIOLATED)
clkbuf_leaf_25_clk/X                      8     10     -2 (VIOLATED)
clkbuf_leaf_41_clk/X                      8     10     -2 (VIOLATED)
clkbuf_leaf_43_clk/X                      8     10     -2 (VIOLATED)
clkbuf_leaf_48_clk/X                      8     10     -2 (VIOLATED)
clkbuf_leaf_62_clk/X                      8     10     -2 (VIOLATED)
clkbuf_leaf_63_clk/X                      8     10     -2 (VIOLATED)
clkbuf_leaf_79_clk/X                      8     10     -2 (VIOLATED)
clkbuf_leaf_7_clk/X                       8     10     -2 (VIOLATED)
clkbuf_leaf_80_clk/X                      8     10     -2 (VIOLATED)
clkbuf_leaf_83_clk/X                      8     10     -2 (VIOLATED)
clkbuf_leaf_85_clk/X                      8     10     -2 (VIOLATED)
clkbuf_leaf_90_clk/X                      8     10     -2 (VIOLATED)
clkbuf_leaf_99_clk/X                      8     10     -2 (VIOLATED)
_08700_/X                                 8      9        (VIOLATED)
_08717_/X                                 8      9        (VIOLATED)
_09841_/X                                 8      9        (VIOLATED)
_09995_/X                                 8      9        (VIOLATED)
_10154_/X                                 8      9        (VIOLATED)
_10203_/X                                 8      9        (VIOLATED)
_10341_/X                                 8      9        (VIOLATED)
_14544_/X                                 8      9        (VIOLATED)
_14547_/X                                 8      9        (VIOLATED)
_16398_/Q                                 8      9        (VIOLATED)
_16401_/Q                                 8      9        (VIOLATED)
clkbuf_4_9_0_clk/X                        8      9        (VIOLATED)
clkbuf_leaf_101_clk/X                     8      9        (VIOLATED)
clkbuf_leaf_103_clk/X                     8      9        (VIOLATED)
clkbuf_leaf_104_clk/X                     8      9        (VIOLATED)
clkbuf_leaf_107_clk/X                     8      9        (VIOLATED)
clkbuf_leaf_111_clk/X                     8      9        (VIOLATED)
clkbuf_leaf_115_clk/X                     8      9        (VIOLATED)
clkbuf_leaf_131_clk/X                     8      9        (VIOLATED)
clkbuf_leaf_142_clk/X                     8      9        (VIOLATED)
clkbuf_leaf_145_clk/X                     8      9        (VIOLATED)
clkbuf_leaf_156_clk/X                     8      9        (VIOLATED)
clkbuf_leaf_167_clk/X                     8      9        (VIOLATED)
clkbuf_leaf_176_clk/X                     8      9        (VIOLATED)
clkbuf_leaf_180_clk/X                     8      9        (VIOLATED)
clkbuf_leaf_185_clk/X                     8      9        (VIOLATED)
clkbuf_leaf_200_clk/X                     8      9        (VIOLATED)
clkbuf_leaf_31_clk/X                      8      9        (VIOLATED)
clkbuf_leaf_36_clk/X                      8      9        (VIOLATED)
clkbuf_leaf_40_clk/X                      8      9        (VIOLATED)
clkbuf_leaf_70_clk/X                      8      9        (VIOLATED)
clkbuf_leaf_76_clk/X                      8      9        (VIOLATED)
clkbuf_leaf_77_clk/X                      8      9        (VIOLATED)
clkbuf_leaf_89_clk/X                      8      9        (VIOLATED)
clkbuf_leaf_93_clk/X                      8      9        (VIOLATED)
clkbuf_leaf_96_clk/X                      8      9        (VIOLATED)
clkbuf_leaf_98_clk/X                      8      9        (VIOLATED)


======================= Slowest Corner ===================================

max slew

Pin                                    Limit    Slew   Slack
------------------------------------------------------------
_10780_/A1                              0.75    1.29   -0.54 (VIOLATED)
_10738_/Y                               0.75    1.29   -0.54 (VIOLATED)
_10780_/B2                              0.75    1.20   -0.45 (VIOLATED)
_10779_/Y                               0.75    1.20   -0.45 (VIOLATED)
_13674_/A                               0.75    1.19   -0.44 (VIOLATED)
_13699_/A                               0.75    1.19   -0.44 (VIOLATED)
_13673_/Y                               0.75    1.19   -0.44 (VIOLATED)
_13724_/A                               0.75    1.19   -0.44 (VIOLATED)
_13741_/A                               0.75    1.19   -0.44 (VIOLATED)
_13723_/Y                               0.75    1.19   -0.44 (VIOLATED)
_08771_/A                               0.75    1.15   -0.40 (VIOLATED)
_08788_/A                               0.75    1.15   -0.40 (VIOLATED)
_08770_/Y                               0.75    1.15   -0.40 (VIOLATED)
_10909_/B1_N                            0.75    1.11   -0.36 (VIOLATED)
ANTENNA_60/DIODE                        0.75    1.11   -0.36 (VIOLATED)
_10908_/Y                               0.75    1.11   -0.36 (VIOLATED)
_13829_/A                               0.75    1.10   -0.35 (VIOLATED)
_13828_/Y                               0.75    1.10   -0.35 (VIOLATED)
_13846_/A                               0.75    1.10   -0.35 (VIOLATED)
_10331_/B2                              0.75    1.08   -0.33 (VIOLATED)
_10330_/Y                               0.75    1.08   -0.33 (VIOLATED)
_14499_/A                               0.75    1.02   -0.27 (VIOLATED)
_14516_/A                               0.75    1.02   -0.27 (VIOLATED)
_14498_/Y                               0.75    1.02   -0.27 (VIOLATED)
_14535_/A                               0.75    1.00   -0.25 (VIOLATED)
_14534_/Y                               0.75    1.00   -0.25 (VIOLATED)
_14560_/A                               0.75    1.00   -0.25 (VIOLATED)
_10819_/S1                              0.75    1.00   -0.25 (VIOLATED)
_08592_/A                               0.75    1.00   -0.25 (VIOLATED)
_10818_/S1                              0.75    1.00   -0.25 (VIOLATED)
_09958_/A                               0.75    1.00   -0.25 (VIOLATED)
_09231_/A                               0.75    1.00   -0.25 (VIOLATED)
_09966_/A                               0.75    1.00   -0.25 (VIOLATED)
_08591_/X                               0.75    1.00   -0.25 (VIOLATED)
_10118_/A1                              0.75    0.99   -0.24 (VIOLATED)
_10059_/Y                               0.75    0.99   -0.24 (VIOLATED)
_08948_/A                               0.75    0.98   -0.23 (VIOLATED)
_08965_/A                               0.75    0.98   -0.23 (VIOLATED)
_08947_/Y                               0.75    0.98   -0.23 (VIOLATED)
_08590_/A                               0.75    0.96   -0.21 (VIOLATED)
_08762_/A                               0.75    0.96   -0.21 (VIOLATED)
_09961_/A                               0.75    0.96   -0.21 (VIOLATED)
_10290_/A                               0.75    0.96   -0.21 (VIOLATED)
_10826_/C1                              0.75    0.96   -0.21 (VIOLATED)
_09841_/A                               0.75    0.96   -0.21 (VIOLATED)
_10798_/A                               0.75    0.96   -0.21 (VIOLATED)
_08589_/Y                               0.75    0.96   -0.21 (VIOLATED)
_14642_/A                               0.75    0.95   -0.20 (VIOLATED)
_14641_/Y                               0.75    0.95   -0.20 (VIOLATED)
_14659_/A                               0.75    0.95   -0.20 (VIOLATED)
_10825_/B1                              0.75    0.94   -0.19 (VIOLATED)
_10324_/A                               0.75    0.94   -0.19 (VIOLATED)
_08764_/A                               0.75    0.94   -0.19 (VIOLATED)
_10242_/A                               0.75    0.94   -0.19 (VIOLATED)
_09952_/A                               0.75    0.94   -0.19 (VIOLATED)
_08889_/A                               0.75    0.94   -0.19 (VIOLATED)
_10564_/A                               0.75    0.94   -0.19 (VIOLATED)
_10558_/A                               0.75    0.94   -0.19 (VIOLATED)
_08763_/Y                               0.75    0.94   -0.19 (VIOLATED)
_09108_/A                               0.75    0.91   -0.16 (VIOLATED)
_09125_/A                               0.75    0.91   -0.16 (VIOLATED)
_09107_/Y                               0.75    0.91   -0.16 (VIOLATED)
_07669_/B1                              0.75    0.91   -0.16 (VIOLATED)
_07668_/Y                               0.75    0.91   -0.16 (VIOLATED)
ANTENNA_56/DIODE                        0.75    0.91   -0.16 (VIOLATED)
_10024_/A0                              0.75    0.91   -0.16 (VIOLATED)
_09971_/Y                               0.75    0.91   -0.16 (VIOLATED)
_14677_/A                               0.75    0.91   -0.16 (VIOLATED)
_14676_/Y                               0.75    0.91   -0.16 (VIOLATED)
_14694_/A                               0.75    0.91   -0.16 (VIOLATED)
_08599_/A                               0.75    0.91   -0.16 (VIOLATED)
_08598_/Y                               0.75    0.91   -0.16 (VIOLATED)
_08682_/A                               0.75    0.91   -0.16 (VIOLATED)
_09696_/A                               0.75    0.90   -0.15 (VIOLATED)
_09679_/A                               0.75    0.90   -0.15 (VIOLATED)
_09678_/Y                               0.75    0.90   -0.15 (VIOLATED)
_08520_/A                               0.75    0.90   -0.15 (VIOLATED)
_08674_/A                               0.75    0.90   -0.15 (VIOLATED)
_08519_/Y                               0.75    0.90   -0.15 (VIOLATED)
_13926_/B2                              0.75    0.89   -0.14 (VIOLATED)
_13897_/A                               0.75    0.89   -0.14 (VIOLATED)
_13928_/B2                              0.75    0.89   -0.14 (VIOLATED)
_13911_/A                               0.75    0.89   -0.14 (VIOLATED)
_13929_/B2                              0.75    0.89   -0.14 (VIOLATED)
_13899_/A                               0.75    0.89   -0.14 (VIOLATED)
_14297_/B1                              0.75    0.89   -0.14 (VIOLATED)
_14022_/A                               0.75    0.89   -0.14 (VIOLATED)
_13896_/Y                               0.75    0.89   -0.14 (VIOLATED)
_07941_/B1                              0.75    0.87   -0.12 (VIOLATED)
_07940_/Y                               0.75    0.87   -0.12 (VIOLATED)
_07552_/B1                              0.75    0.85   -0.10 (VIOLATED)
_07551_/Y                               0.75    0.85   -0.10 (VIOLATED)
_14782_/A                               0.75    0.85   -0.10 (VIOLATED)
_14799_/A                               0.75    0.85   -0.10 (VIOLATED)
_14781_/Y                               0.75    0.85   -0.10 (VIOLATED)
_13533_/A                               0.75    0.84   -0.09 (VIOLATED)
_13550_/A                               0.75    0.84   -0.09 (VIOLATED)
_13532_/Y                               0.75    0.84   -0.09 (VIOLATED)
_09451_/A                               0.75    0.84   -0.09 (VIOLATED)
_09468_/A                               0.75    0.84   -0.09 (VIOLATED)
_09450_/Y                               0.75    0.84   -0.09 (VIOLATED)
_13603_/A                               0.75    0.84   -0.09 (VIOLATED)
_13620_/A                               0.75    0.84   -0.09 (VIOLATED)
_13602_/Y                               0.75    0.84   -0.09 (VIOLATED)
_07777_/B1                              0.75    0.84   -0.09 (VIOLATED)
_07776_/Y                               0.75    0.84   -0.09 (VIOLATED)
_10545_/B2                              0.75    0.83   -0.08 (VIOLATED)
_10484_/B2                              0.75    0.83   -0.08 (VIOLATED)
_09979_/B2                              0.75    0.83   -0.08 (VIOLATED)
_10510_/B2                              0.75    0.83   -0.08 (VIOLATED)
_09956_/B2                              0.75    0.83   -0.08 (VIOLATED)
_10572_/B2                              0.75    0.83   -0.08 (VIOLATED)
_10515_/B2                              0.75    0.83   -0.08 (VIOLATED)
_10577_/B2                              0.75    0.83   -0.08 (VIOLATED)
_09953_/Y                               0.75    0.83   -0.08 (VIOLATED)
_09274_/A                               0.75    0.82   -0.07 (VIOLATED)
_09291_/A                               0.75    0.82   -0.07 (VIOLATED)
_09273_/Y                               0.75    0.82   -0.07 (VIOLATED)
_09196_/A                               0.75    0.82   -0.07 (VIOLATED)
_09213_/A                               0.75    0.82   -0.07 (VIOLATED)
_09195_/Y                               0.75    0.82   -0.07 (VIOLATED)
_09489_/A                               0.75    0.82   -0.07 (VIOLATED)
_09488_/Y                               0.75    0.82   -0.07 (VIOLATED)
_09514_/A                               0.75    0.82   -0.07 (VIOLATED)
_13463_/A                               0.75    0.81   -0.06 (VIOLATED)
_13480_/A                               0.75    0.81   -0.06 (VIOLATED)
_13462_/Y                               0.75    0.81   -0.06 (VIOLATED)
_13585_/A                               0.75    0.81   -0.06 (VIOLATED)
_13568_/A                               0.75    0.81   -0.06 (VIOLATED)
_13567_/Y                               0.75    0.81   -0.06 (VIOLATED)
_08366_/B1                              0.75    0.80   -0.05 (VIOLATED)
_08365_/Y                               0.75    0.80   -0.05 (VIOLATED)
_10484_/A1                              0.75    0.80   -0.05 (VIOLATED)
_10545_/A1                              0.75    0.80   -0.05 (VIOLATED)
_09979_/A1                              0.75    0.80   -0.05 (VIOLATED)
_10572_/A1                              0.75    0.80   -0.05 (VIOLATED)
_10510_/A1                              0.75    0.80   -0.05 (VIOLATED)
_09956_/A1                              0.75    0.80   -0.05 (VIOLATED)
_10515_/A1                              0.75    0.80   -0.05 (VIOLATED)
_10577_/A1                              0.75    0.80   -0.05 (VIOLATED)
_09947_/Y                               0.75    0.80   -0.05 (VIOLATED)
_09893_/A                               0.75    0.79   -0.04 (VIOLATED)
_10665_/B1                              0.75    0.79   -0.04 (VIOLATED)
_10601_/C1                              0.75    0.79   -0.04 (VIOLATED)
_10537_/B1                              0.75    0.79   -0.04 (VIOLATED)
_09892_/Y                               0.75    0.79   -0.04 (VIOLATED)
_09414_/A                               0.75    0.79   -0.04 (VIOLATED)
_09413_/Y                               0.75    0.79   -0.04 (VIOLATED)
_09431_/A                               0.75    0.79   -0.04 (VIOLATED)
_14340_/A                               0.75    0.78   -0.03 (VIOLATED)
_14357_/A                               0.75    0.78   -0.03 (VIOLATED)
_14339_/Y                               0.75    0.78   -0.03 (VIOLATED)
_13638_/A                               0.75    0.77   -0.02 (VIOLATED)
_13655_/A                               0.75    0.77   -0.02 (VIOLATED)
_13637_/Y                               0.75    0.77   -0.02 (VIOLATED)
_09644_/A                               0.75    0.76   -0.01 (VIOLATED)
_09661_/A                               0.75    0.76   -0.01 (VIOLATED)
_09643_/Y                               0.75    0.76   -0.01 (VIOLATED)
_10842_/A1                              0.75    0.76   -0.01 (VIOLATED)
_10804_/Y                               0.75    0.76   -0.01 (VIOLATED)
_07830_/B1                              0.75    0.76   -0.01 (VIOLATED)
_07829_/Y                               0.75    0.76   -0.01 (VIOLATED)
_13926_/A2                              0.75    0.75   -0.00 (VIOLATED)
_13924_/A2                              0.75    0.75   -0.00 (VIOLATED)
_13907_/A                               0.75    0.75   -0.00 (VIOLATED)
_13928_/A2                              0.75    0.75   -0.00 (VIOLATED)
_13929_/A2                              0.75    0.75   -0.00 (VIOLATED)
_13895_/A                               0.75    0.75   -0.00 (VIOLATED)
_13894_/Y                               0.75    0.75   -0.00 (VIOLATED)

max fanout

Pin                                   Limit Fanout  Slack
---------------------------------------------------------
clkbuf_4_0_0_clk/X                        8     19    -11 (VIOLATED)
clkbuf_leaf_147_clk/X                     8     18    -10 (VIOLATED)
clkbuf_leaf_140_clk/X                     8     17     -9 (VIOLATED)
clkbuf_leaf_152_clk/X                     8     17     -9 (VIOLATED)
clkbuf_leaf_199_clk/X                     8     17     -9 (VIOLATED)
_07507_/X                                 8     16     -8 (VIOLATED)
clkbuf_0_clk/X                            8     16     -8 (VIOLATED)
clkbuf_leaf_16_clk/X                      8     16     -8 (VIOLATED)
_08451_/X                                 8     15     -7 (VIOLATED)
clkbuf_4_11_0_clk/X                       8     15     -7 (VIOLATED)
clkbuf_4_7_0_clk/X                        8     15     -7 (VIOLATED)
clkbuf_leaf_148_clk/X                     8     15     -7 (VIOLATED)
clkbuf_leaf_151_clk/X                     8     15     -7 (VIOLATED)
clkbuf_leaf_49_clk/X                      8     15     -7 (VIOLATED)
_08590_/X                                 8     14     -6 (VIOLATED)
clkbuf_4_13_0_clk/X                       8     14     -6 (VIOLATED)
clkbuf_4_2_0_clk/X                        8     14     -6 (VIOLATED)
clkbuf_leaf_133_clk/X                     8     14     -6 (VIOLATED)
clkbuf_leaf_187_clk/X                     8     14     -6 (VIOLATED)
clkbuf_leaf_193_clk/X                     8     14     -6 (VIOLATED)
clkbuf_leaf_19_clk/X                      8     14     -6 (VIOLATED)
clkbuf_leaf_22_clk/X                      8     14     -6 (VIOLATED)
clkbuf_leaf_23_clk/X                      8     14     -6 (VIOLATED)
clkbuf_leaf_2_clk/X                       8     14     -6 (VIOLATED)
clkbuf_leaf_33_clk/X                      8     14     -6 (VIOLATED)
clkbuf_leaf_81_clk/X                      8     14     -6 (VIOLATED)
clkbuf_4_10_0_clk/X                       8     13     -5 (VIOLATED)
clkbuf_4_5_0_clk/X                        8     13     -5 (VIOLATED)
clkbuf_4_8_0_clk/X                        8     13     -5 (VIOLATED)
clkbuf_leaf_0_clk/X                       8     13     -5 (VIOLATED)
clkbuf_leaf_105_clk/X                     8     13     -5 (VIOLATED)
clkbuf_leaf_158_clk/X                     8     13     -5 (VIOLATED)
clkbuf_leaf_162_clk/X                     8     13     -5 (VIOLATED)
clkbuf_leaf_191_clk/X                     8     13     -5 (VIOLATED)
clkbuf_leaf_95_clk/X                      8     13     -5 (VIOLATED)
clkbuf_4_12_0_clk/X                       8     12     -4 (VIOLATED)
clkbuf_4_1_0_clk/X                        8     12     -4 (VIOLATED)
clkbuf_4_3_0_clk/X                        8     12     -4 (VIOLATED)
clkbuf_leaf_108_clk/X                     8     12     -4 (VIOLATED)
clkbuf_leaf_124_clk/X                     8     12     -4 (VIOLATED)
clkbuf_leaf_139_clk/X                     8     12     -4 (VIOLATED)
clkbuf_leaf_143_clk/X                     8     12     -4 (VIOLATED)
clkbuf_leaf_149_clk/X                     8     12     -4 (VIOLATED)
clkbuf_leaf_157_clk/X                     8     12     -4 (VIOLATED)
clkbuf_leaf_163_clk/X                     8     12     -4 (VIOLATED)
clkbuf_leaf_173_clk/X                     8     12     -4 (VIOLATED)
clkbuf_leaf_17_clk/X                      8     12     -4 (VIOLATED)
clkbuf_leaf_20_clk/X                      8     12     -4 (VIOLATED)
clkbuf_leaf_26_clk/X                      8     12     -4 (VIOLATED)
clkbuf_leaf_42_clk/X                      8     12     -4 (VIOLATED)
clkbuf_leaf_44_clk/X                      8     12     -4 (VIOLATED)
clkbuf_leaf_53_clk/X                      8     12     -4 (VIOLATED)
clkbuf_leaf_54_clk/X                      8     12     -4 (VIOLATED)
clkbuf_leaf_56_clk/X                      8     12     -4 (VIOLATED)
clkbuf_leaf_5_clk/X                       8     12     -4 (VIOLATED)
clkbuf_leaf_66_clk/X                      8     12     -4 (VIOLATED)
_07410_/Y                                 8     11     -3 (VIOLATED)
_07457_/X                                 8     11     -3 (VIOLATED)
_09836_/X                                 8     11     -3 (VIOLATED)
_16406_/Q                                 8     11     -3 (VIOLATED)
clkbuf_4_14_0_clk/X                       8     11     -3 (VIOLATED)
clkbuf_4_15_0_clk/X                       8     11     -3 (VIOLATED)
clkbuf_4_6_0_clk/X                        8     11     -3 (VIOLATED)
clkbuf_leaf_106_clk/X                     8     11     -3 (VIOLATED)
clkbuf_leaf_10_clk/X                      8     11     -3 (VIOLATED)
clkbuf_leaf_113_clk/X                     8     11     -3 (VIOLATED)
clkbuf_leaf_119_clk/X                     8     11     -3 (VIOLATED)
clkbuf_leaf_12_clk/X                      8     11     -3 (VIOLATED)
clkbuf_leaf_135_clk/X                     8     11     -3 (VIOLATED)
clkbuf_leaf_136_clk/X                     8     11     -3 (VIOLATED)
clkbuf_leaf_144_clk/X                     8     11     -3 (VIOLATED)
clkbuf_leaf_164_clk/X                     8     11     -3 (VIOLATED)
clkbuf_leaf_179_clk/X                     8     11     -3 (VIOLATED)
clkbuf_leaf_201_clk/X                     8     11     -3 (VIOLATED)
clkbuf_leaf_24_clk/X                      8     11     -3 (VIOLATED)
clkbuf_leaf_27_clk/X                      8     11     -3 (VIOLATED)
clkbuf_leaf_34_clk/X                      8     11     -3 (VIOLATED)
clkbuf_leaf_50_clk/X                      8     11     -3 (VIOLATED)
clkbuf_leaf_59_clk/X                      8     11     -3 (VIOLATED)
clkbuf_leaf_74_clk/X                      8     11     -3 (VIOLATED)
clkbuf_leaf_84_clk/X                      8     11     -3 (VIOLATED)
clkbuf_leaf_8_clk/X                       8     11     -3 (VIOLATED)
_07439_/X                                 8     10     -2 (VIOLATED)
_08807_/X                                 8     10     -2 (VIOLATED)
_09152_/X                                 8     10     -2 (VIOLATED)
_09963_/X                                 8     10     -2 (VIOLATED)
_10014_/X                                 8     10     -2 (VIOLATED)
_10017_/X                                 8     10     -2 (VIOLATED)
_13341_/X                                 8     10     -2 (VIOLATED)
_13677_/X                                 8     10     -2 (VIOLATED)
clkbuf_4_4_0_clk/X                        8     10     -2 (VIOLATED)
clkbuf_leaf_100_clk/X                     8     10     -2 (VIOLATED)
clkbuf_leaf_117_clk/X                     8     10     -2 (VIOLATED)
clkbuf_leaf_123_clk/X                     8     10     -2 (VIOLATED)
clkbuf_leaf_126_clk/X                     8     10     -2 (VIOLATED)
clkbuf_leaf_137_clk/X                     8     10     -2 (VIOLATED)
clkbuf_leaf_154_clk/X                     8     10     -2 (VIOLATED)
clkbuf_leaf_165_clk/X                     8     10     -2 (VIOLATED)
clkbuf_leaf_174_clk/X                     8     10     -2 (VIOLATED)
clkbuf_leaf_194_clk/X                     8     10     -2 (VIOLATED)
clkbuf_leaf_197_clk/X                     8     10     -2 (VIOLATED)
clkbuf_leaf_1_clk/X                       8     10     -2 (VIOLATED)
clkbuf_leaf_202_clk/X                     8     10     -2 (VIOLATED)
clkbuf_leaf_203_clk/X                     8     10     -2 (VIOLATED)
clkbuf_leaf_25_clk/X                      8     10     -2 (VIOLATED)
clkbuf_leaf_41_clk/X                      8     10     -2 (VIOLATED)
clkbuf_leaf_43_clk/X                      8     10     -2 (VIOLATED)
clkbuf_leaf_48_clk/X                      8     10     -2 (VIOLATED)
clkbuf_leaf_62_clk/X                      8     10     -2 (VIOLATED)
clkbuf_leaf_63_clk/X                      8     10     -2 (VIOLATED)
clkbuf_leaf_79_clk/X                      8     10     -2 (VIOLATED)
clkbuf_leaf_7_clk/X                       8     10     -2 (VIOLATED)
clkbuf_leaf_80_clk/X                      8     10     -2 (VIOLATED)
clkbuf_leaf_83_clk/X                      8     10     -2 (VIOLATED)
clkbuf_leaf_85_clk/X                      8     10     -2 (VIOLATED)
clkbuf_leaf_90_clk/X                      8     10     -2 (VIOLATED)
clkbuf_leaf_99_clk/X                      8     10     -2 (VIOLATED)
_08700_/X                                 8      9        (VIOLATED)
_08717_/X                                 8      9        (VIOLATED)
_09841_/X                                 8      9        (VIOLATED)
_09995_/X                                 8      9        (VIOLATED)
_10154_/X                                 8      9        (VIOLATED)
_10203_/X                                 8      9        (VIOLATED)
_10341_/X                                 8      9        (VIOLATED)
_14544_/X                                 8      9        (VIOLATED)
_14547_/X                                 8      9        (VIOLATED)
_16398_/Q                                 8      9        (VIOLATED)
_16401_/Q                                 8      9        (VIOLATED)
clkbuf_4_9_0_clk/X                        8      9        (VIOLATED)
clkbuf_leaf_101_clk/X                     8      9        (VIOLATED)
clkbuf_leaf_103_clk/X                     8      9        (VIOLATED)
clkbuf_leaf_104_clk/X                     8      9        (VIOLATED)
clkbuf_leaf_107_clk/X                     8      9        (VIOLATED)
clkbuf_leaf_111_clk/X                     8      9        (VIOLATED)
clkbuf_leaf_115_clk/X                     8      9        (VIOLATED)
clkbuf_leaf_131_clk/X                     8      9        (VIOLATED)
clkbuf_leaf_142_clk/X                     8      9        (VIOLATED)
clkbuf_leaf_145_clk/X                     8      9        (VIOLATED)
clkbuf_leaf_156_clk/X                     8      9        (VIOLATED)
clkbuf_leaf_167_clk/X                     8      9        (VIOLATED)
clkbuf_leaf_176_clk/X                     8      9        (VIOLATED)
clkbuf_leaf_180_clk/X                     8      9        (VIOLATED)
clkbuf_leaf_185_clk/X                     8      9        (VIOLATED)
clkbuf_leaf_200_clk/X                     8      9        (VIOLATED)
clkbuf_leaf_31_clk/X                      8      9        (VIOLATED)
clkbuf_leaf_36_clk/X                      8      9        (VIOLATED)
clkbuf_leaf_40_clk/X                      8      9        (VIOLATED)
clkbuf_leaf_70_clk/X                      8      9        (VIOLATED)
clkbuf_leaf_76_clk/X                      8      9        (VIOLATED)
clkbuf_leaf_77_clk/X                      8      9        (VIOLATED)
clkbuf_leaf_89_clk/X                      8      9        (VIOLATED)
clkbuf_leaf_93_clk/X                      8      9        (VIOLATED)
clkbuf_leaf_96_clk/X                      8      9        (VIOLATED)
clkbuf_leaf_98_clk/X                      8      9        (VIOLATED)


======================= Typical Corner ===================================

max slew

Pin                                    Limit    Slew   Slack
------------------------------------------------------------
_10780_/A1                              0.75    0.76   -0.01 (VIOLATED)
_10738_/Y                               0.75    0.76   -0.01 (VIOLATED)

max fanout

Pin                                   Limit Fanout  Slack
---------------------------------------------------------
clkbuf_4_0_0_clk/X                        8     19    -11 (VIOLATED)
clkbuf_leaf_147_clk/X                     8     18    -10 (VIOLATED)
clkbuf_leaf_140_clk/X                     8     17     -9 (VIOLATED)
clkbuf_leaf_152_clk/X                     8     17     -9 (VIOLATED)
clkbuf_leaf_199_clk/X                     8     17     -9 (VIOLATED)
_07507_/X                                 8     16     -8 (VIOLATED)
clkbuf_0_clk/X                            8     16     -8 (VIOLATED)
clkbuf_leaf_16_clk/X                      8     16     -8 (VIOLATED)
_08451_/X                                 8     15     -7 (VIOLATED)
clkbuf_4_11_0_clk/X                       8     15     -7 (VIOLATED)
clkbuf_4_7_0_clk/X                        8     15     -7 (VIOLATED)
clkbuf_leaf_148_clk/X                     8     15     -7 (VIOLATED)
clkbuf_leaf_151_clk/X                     8     15     -7 (VIOLATED)
clkbuf_leaf_49_clk/X                      8     15     -7 (VIOLATED)
_08590_/X                                 8     14     -6 (VIOLATED)
clkbuf_4_13_0_clk/X                       8     14     -6 (VIOLATED)
clkbuf_4_2_0_clk/X                        8     14     -6 (VIOLATED)
clkbuf_leaf_133_clk/X                     8     14     -6 (VIOLATED)
clkbuf_leaf_187_clk/X                     8     14     -6 (VIOLATED)
clkbuf_leaf_193_clk/X                     8     14     -6 (VIOLATED)
clkbuf_leaf_19_clk/X                      8     14     -6 (VIOLATED)
clkbuf_leaf_22_clk/X                      8     14     -6 (VIOLATED)
clkbuf_leaf_23_clk/X                      8     14     -6 (VIOLATED)
clkbuf_leaf_2_clk/X                       8     14     -6 (VIOLATED)
clkbuf_leaf_33_clk/X                      8     14     -6 (VIOLATED)
clkbuf_leaf_81_clk/X                      8     14     -6 (VIOLATED)
clkbuf_4_10_0_clk/X                       8     13     -5 (VIOLATED)
clkbuf_4_5_0_clk/X                        8     13     -5 (VIOLATED)
clkbuf_4_8_0_clk/X                        8     13     -5 (VIOLATED)
clkbuf_leaf_0_clk/X                       8     13     -5 (VIOLATED)
clkbuf_leaf_105_clk/X                     8     13     -5 (VIOLATED)
clkbuf_leaf_158_clk/X                     8     13     -5 (VIOLATED)
clkbuf_leaf_162_clk/X                     8     13     -5 (VIOLATED)
clkbuf_leaf_191_clk/X                     8     13     -5 (VIOLATED)
clkbuf_leaf_95_clk/X                      8     13     -5 (VIOLATED)
clkbuf_4_12_0_clk/X                       8     12     -4 (VIOLATED)
clkbuf_4_1_0_clk/X                        8     12     -4 (VIOLATED)
clkbuf_4_3_0_clk/X                        8     12     -4 (VIOLATED)
clkbuf_leaf_108_clk/X                     8     12     -4 (VIOLATED)
clkbuf_leaf_124_clk/X                     8     12     -4 (VIOLATED)
clkbuf_leaf_139_clk/X                     8     12     -4 (VIOLATED)
clkbuf_leaf_143_clk/X                     8     12     -4 (VIOLATED)
clkbuf_leaf_149_clk/X                     8     12     -4 (VIOLATED)
clkbuf_leaf_157_clk/X                     8     12     -4 (VIOLATED)
clkbuf_leaf_163_clk/X                     8     12     -4 (VIOLATED)
clkbuf_leaf_173_clk/X                     8     12     -4 (VIOLATED)
clkbuf_leaf_17_clk/X                      8     12     -4 (VIOLATED)
clkbuf_leaf_20_clk/X                      8     12     -4 (VIOLATED)
clkbuf_leaf_26_clk/X                      8     12     -4 (VIOLATED)
clkbuf_leaf_42_clk/X                      8     12     -4 (VIOLATED)
clkbuf_leaf_44_clk/X                      8     12     -4 (VIOLATED)
clkbuf_leaf_53_clk/X                      8     12     -4 (VIOLATED)
clkbuf_leaf_54_clk/X                      8     12     -4 (VIOLATED)
clkbuf_leaf_56_clk/X                      8     12     -4 (VIOLATED)
clkbuf_leaf_5_clk/X                       8     12     -4 (VIOLATED)
clkbuf_leaf_66_clk/X                      8     12     -4 (VIOLATED)
_07410_/Y                                 8     11     -3 (VIOLATED)
_07457_/X                                 8     11     -3 (VIOLATED)
_09836_/X                                 8     11     -3 (VIOLATED)
_16406_/Q                                 8     11     -3 (VIOLATED)
clkbuf_4_14_0_clk/X                       8     11     -3 (VIOLATED)
clkbuf_4_15_0_clk/X                       8     11     -3 (VIOLATED)
clkbuf_4_6_0_clk/X                        8     11     -3 (VIOLATED)
clkbuf_leaf_106_clk/X                     8     11     -3 (VIOLATED)
clkbuf_leaf_10_clk/X                      8     11     -3 (VIOLATED)
clkbuf_leaf_113_clk/X                     8     11     -3 (VIOLATED)
clkbuf_leaf_119_clk/X                     8     11     -3 (VIOLATED)
clkbuf_leaf_12_clk/X                      8     11     -3 (VIOLATED)
clkbuf_leaf_135_clk/X                     8     11     -3 (VIOLATED)
clkbuf_leaf_136_clk/X                     8     11     -3 (VIOLATED)
clkbuf_leaf_144_clk/X                     8     11     -3 (VIOLATED)
clkbuf_leaf_164_clk/X                     8     11     -3 (VIOLATED)
clkbuf_leaf_179_clk/X                     8     11     -3 (VIOLATED)
clkbuf_leaf_201_clk/X                     8     11     -3 (VIOLATED)
clkbuf_leaf_24_clk/X                      8     11     -3 (VIOLATED)
clkbuf_leaf_27_clk/X                      8     11     -3 (VIOLATED)
clkbuf_leaf_34_clk/X                      8     11     -3 (VIOLATED)
clkbuf_leaf_50_clk/X                      8     11     -3 (VIOLATED)
clkbuf_leaf_59_clk/X                      8     11     -3 (VIOLATED)
clkbuf_leaf_74_clk/X                      8     11     -3 (VIOLATED)
clkbuf_leaf_84_clk/X                      8     11     -3 (VIOLATED)
clkbuf_leaf_8_clk/X                       8     11     -3 (VIOLATED)
_07439_/X                                 8     10     -2 (VIOLATED)
_08807_/X                                 8     10     -2 (VIOLATED)
_09152_/X                                 8     10     -2 (VIOLATED)
_09963_/X                                 8     10     -2 (VIOLATED)
_10014_/X                                 8     10     -2 (VIOLATED)
_10017_/X                                 8     10     -2 (VIOLATED)
_13341_/X                                 8     10     -2 (VIOLATED)
_13677_/X                                 8     10     -2 (VIOLATED)
clkbuf_4_4_0_clk/X                        8     10     -2 (VIOLATED)
clkbuf_leaf_100_clk/X                     8     10     -2 (VIOLATED)
clkbuf_leaf_117_clk/X                     8     10     -2 (VIOLATED)
clkbuf_leaf_123_clk/X                     8     10     -2 (VIOLATED)
clkbuf_leaf_126_clk/X                     8     10     -2 (VIOLATED)
clkbuf_leaf_137_clk/X                     8     10     -2 (VIOLATED)
clkbuf_leaf_154_clk/X                     8     10     -2 (VIOLATED)
clkbuf_leaf_165_clk/X                     8     10     -2 (VIOLATED)
clkbuf_leaf_174_clk/X                     8     10     -2 (VIOLATED)
clkbuf_leaf_194_clk/X                     8     10     -2 (VIOLATED)
clkbuf_leaf_197_clk/X                     8     10     -2 (VIOLATED)
clkbuf_leaf_1_clk/X                       8     10     -2 (VIOLATED)
clkbuf_leaf_202_clk/X                     8     10     -2 (VIOLATED)
clkbuf_leaf_203_clk/X                     8     10     -2 (VIOLATED)
clkbuf_leaf_25_clk/X                      8     10     -2 (VIOLATED)
clkbuf_leaf_41_clk/X                      8     10     -2 (VIOLATED)
clkbuf_leaf_43_clk/X                      8     10     -2 (VIOLATED)
clkbuf_leaf_48_clk/X                      8     10     -2 (VIOLATED)
clkbuf_leaf_62_clk/X                      8     10     -2 (VIOLATED)
clkbuf_leaf_63_clk/X                      8     10     -2 (VIOLATED)
clkbuf_leaf_79_clk/X                      8     10     -2 (VIOLATED)
clkbuf_leaf_7_clk/X                       8     10     -2 (VIOLATED)
clkbuf_leaf_80_clk/X                      8     10     -2 (VIOLATED)
clkbuf_leaf_83_clk/X                      8     10     -2 (VIOLATED)
clkbuf_leaf_85_clk/X                      8     10     -2 (VIOLATED)
clkbuf_leaf_90_clk/X                      8     10     -2 (VIOLATED)
clkbuf_leaf_99_clk/X                      8     10     -2 (VIOLATED)
_08700_/X                                 8      9        (VIOLATED)
_08717_/X                                 8      9        (VIOLATED)
_09841_/X                                 8      9        (VIOLATED)
_09995_/X                                 8      9        (VIOLATED)
_10154_/X                                 8      9        (VIOLATED)
_10203_/X                                 8      9        (VIOLATED)
_10341_/X                                 8      9        (VIOLATED)
_14544_/X                                 8      9        (VIOLATED)
_14547_/X                                 8      9        (VIOLATED)
_16398_/Q                                 8      9        (VIOLATED)
_16401_/Q                                 8      9        (VIOLATED)
clkbuf_4_9_0_clk/X                        8      9        (VIOLATED)
clkbuf_leaf_101_clk/X                     8      9        (VIOLATED)
clkbuf_leaf_103_clk/X                     8      9        (VIOLATED)
clkbuf_leaf_104_clk/X                     8      9        (VIOLATED)
clkbuf_leaf_107_clk/X                     8      9        (VIOLATED)
clkbuf_leaf_111_clk/X                     8      9        (VIOLATED)
clkbuf_leaf_115_clk/X                     8      9        (VIOLATED)
clkbuf_leaf_131_clk/X                     8      9        (VIOLATED)
clkbuf_leaf_142_clk/X                     8      9        (VIOLATED)
clkbuf_leaf_145_clk/X                     8      9        (VIOLATED)
clkbuf_leaf_156_clk/X                     8      9        (VIOLATED)
clkbuf_leaf_167_clk/X                     8      9        (VIOLATED)
clkbuf_leaf_176_clk/X                     8      9        (VIOLATED)
clkbuf_leaf_180_clk/X                     8      9        (VIOLATED)
clkbuf_leaf_185_clk/X                     8      9        (VIOLATED)
clkbuf_leaf_200_clk/X                     8      9        (VIOLATED)
clkbuf_leaf_31_clk/X                      8      9        (VIOLATED)
clkbuf_leaf_36_clk/X                      8      9        (VIOLATED)
clkbuf_leaf_40_clk/X                      8      9        (VIOLATED)
clkbuf_leaf_70_clk/X                      8      9        (VIOLATED)
clkbuf_leaf_76_clk/X                      8      9        (VIOLATED)
clkbuf_leaf_77_clk/X                      8      9        (VIOLATED)
clkbuf_leaf_89_clk/X                      8      9        (VIOLATED)
clkbuf_leaf_93_clk/X                      8      9        (VIOLATED)
clkbuf_leaf_96_clk/X                      8      9        (VIOLATED)
clkbuf_leaf_98_clk/X                      8      9        (VIOLATED)



===========================================================================
report_parasitic_annotation -report_unannotated
============================================================================
Found 0 unannotated drivers.
Found 0 partially unannotated drivers.

===========================================================================
max slew violation count 169
max fanout violation count 154
max cap violation count 0
============================================================================

===========================================================================
check_setup -verbose -unconstrained_endpoints -multiple_clock -no_clock -no_input_delay -loops -generated_clocks
===========================================================================
