
===========================================================================
 report_power
============================================================================
======================= Fastest Corner ===================================

Group                  Internal  Switching    Leakage      Total
                          Power      Power      Power      Power (Watts)
----------------------------------------------------------------
Sequential             2.37e-03   2.74e-04   2.68e-08   2.64e-03  31.5%
Combinational          2.60e-03   3.15e-03   1.15e-07   5.75e-03  68.5%
Macro                  0.00e+00   0.00e+00   0.00e+00   0.00e+00   0.0%
Pad                    0.00e+00   0.00e+00   0.00e+00   0.00e+00   0.0%
----------------------------------------------------------------
Total                  4.97e-03   3.43e-03   1.41e-07   8.40e-03 100.0%
                          59.2%      40.8%       0.0%

======================= Slowest Corner ===================================

Group                  Internal  Switching    Leakage      Total
                          Power      Power      Power      Power (Watts)
----------------------------------------------------------------
Sequential             1.60e-03   1.78e-04   2.67e-05   1.80e-03  31.1%
Combinational          1.85e-03   2.07e-03   5.78e-05   3.98e-03  68.9%
Macro                  0.00e+00   0.00e+00   0.00e+00   0.00e+00   0.0%
Pad                    0.00e+00   0.00e+00   0.00e+00   0.00e+00   0.0%
----------------------------------------------------------------
Total                  3.44e-03   2.25e-03   8.45e-05   5.78e-03 100.0%
                          59.6%      39.0%       1.5%

======================= Typical Corner ===================================

Group                  Internal  Switching    Leakage      Total
                          Power      Power      Power      Power (Watts)
----------------------------------------------------------------
Sequential             2.05e-03   2.29e-04   1.54e-08   2.27e-03  31.5%
Combinational          2.29e-03   2.66e-03   5.88e-08   4.95e-03  68.5%
Macro                  0.00e+00   0.00e+00   0.00e+00   0.00e+00   0.0%
Pad                    0.00e+00   0.00e+00   0.00e+00   0.00e+00   0.0%
----------------------------------------------------------------
Total                  4.33e-03   2.89e-03   7.42e-08   7.22e-03 100.0%
                          60.0%      40.0%       0.0%

