
===========================================================================
 report_power
============================================================================
======================= Fastest Corner ===================================

Group                  Internal  Switching    Leakage      Total
                          Power      Power      Power      Power (Watts)
----------------------------------------------------------------
Sequential             2.63e-03   1.41e-04   3.18e-08   2.77e-03  40.7%
Combinational          2.08e-03   1.96e-03   1.36e-07   4.04e-03  59.3%
Macro                  0.00e+00   0.00e+00   0.00e+00   0.00e+00   0.0%
Pad                    0.00e+00   0.00e+00   0.00e+00   0.00e+00   0.0%
----------------------------------------------------------------
Total                  4.72e-03   2.10e-03   1.68e-07   6.81e-03 100.0%
                          69.2%      30.8%       0.0%

======================= Slowest Corner ===================================

Group                  Internal  Switching    Leakage      Total
                          Power      Power      Power      Power (Watts)
----------------------------------------------------------------
Sequential             1.76e-03   9.25e-05   3.17e-05   1.89e-03  40.0%
Combinational          1.50e-03   1.28e-03   6.36e-05   2.84e-03  60.0%
Macro                  0.00e+00   0.00e+00   0.00e+00   0.00e+00   0.0%
Pad                    0.00e+00   0.00e+00   0.00e+00   0.00e+00   0.0%
----------------------------------------------------------------
Total                  3.26e-03   1.37e-03   9.53e-05   4.73e-03 100.0%
                          69.0%      28.9%       2.0%

======================= Typical Corner ===================================

Group                  Internal  Switching    Leakage      Total
                          Power      Power      Power      Power (Watts)
----------------------------------------------------------------
Sequential             2.27e-03   1.19e-04   1.82e-08   2.39e-03  40.6%
Combinational          1.85e-03   1.65e-03   6.54e-08   3.49e-03  59.4%
Macro                  0.00e+00   0.00e+00   0.00e+00   0.00e+00   0.0%
Pad                    0.00e+00   0.00e+00   0.00e+00   0.00e+00   0.0%
----------------------------------------------------------------
Total                  4.11e-03   1.77e-03   8.36e-08   5.88e-03 100.0%
                          70.0%      30.0%       0.0%

