
===========================================================================
 report_power
============================================================================
======================= Fastest Corner ===================================

Group                  Internal  Switching    Leakage      Total
                          Power      Power      Power      Power (Watts)
----------------------------------------------------------------
Sequential             2.37e-03   2.63e-04   2.68e-08   2.63e-03  31.0%
Combinational          2.63e-03   3.22e-03   1.16e-07   5.85e-03  69.0%
Macro                  0.00e+00   0.00e+00   0.00e+00   0.00e+00   0.0%
Pad                    0.00e+00   0.00e+00   0.00e+00   0.00e+00   0.0%
----------------------------------------------------------------
Total                  5.00e-03   3.48e-03   1.43e-07   8.48e-03 100.0%
                          59.0%      41.0%       0.0%

======================= Slowest Corner ===================================

Group                  Internal  Switching    Leakage      Total
                          Power      Power      Power      Power (Watts)
----------------------------------------------------------------
Sequential             1.59e-03   1.71e-04   2.67e-05   1.79e-03  30.7%
Combinational          1.87e-03   2.12e-03   5.80e-05   4.05e-03  69.3%
Macro                  0.00e+00   0.00e+00   0.00e+00   0.00e+00   0.0%
Pad                    0.00e+00   0.00e+00   0.00e+00   0.00e+00   0.0%
----------------------------------------------------------------
Total                  3.47e-03   2.29e-03   8.47e-05   5.84e-03 100.0%
                          59.4%      39.2%       1.5%

======================= Typical Corner ===================================

Group                  Internal  Switching    Leakage      Total
                          Power      Power      Power      Power (Watts)
----------------------------------------------------------------
Sequential             2.04e-03   2.20e-04   1.54e-08   2.26e-03  31.0%
Combinational          2.32e-03   2.71e-03   5.91e-08   5.03e-03  69.0%
Macro                  0.00e+00   0.00e+00   0.00e+00   0.00e+00   0.0%
Pad                    0.00e+00   0.00e+00   0.00e+00   0.00e+00   0.0%
----------------------------------------------------------------
Total                  4.36e-03   2.93e-03   7.45e-08   7.30e-03 100.0%
                          59.8%      40.2%       0.0%

