OpenROAD 41a51eaf4ca2171c92ff38afb91eb37bbd3f36da 
This program is licensed under the BSD-3 license. See the LICENSE file for details.
Components of this program may be licensed under more restrictive licenses which must be honored.
[INFO]: Reading ODB at '/openlane/designs/my_processor/runs/RUN_CLEAN/results/placement/pipelined_processor.odb'…
define_corners Slowest Typical Fastest
read_liberty -corner Slowest /openlane/designs/my_processor/runs/RUN_CLEAN/tmp/cts/cts-slowest.lib
read_liberty -corner Typical /openlane/designs/my_processor/runs/RUN_CLEAN/tmp/cts/cts.lib
read_liberty -corner Fastest /openlane/designs/my_processor/runs/RUN_CLEAN/tmp/cts/cts-fastest.lib
Using 1e-12 for capacitance...
Using 1e+03 for resistance...
Using 1e-09 for time...
Using 1e+00 for voltage...
Using 1e-03 for current...
Using 1e-09 for power...
Using 1e-06 for distance...
Reading design constraints file at '/openlane/designs/my_processor/runs/RUN_CLEAN/tmp/placement/9-resizer.sdc'…
[INFO]: Setting RC values...
[INFO]: Configuring cts characterization...
[INFO]: Performing clock tree synthesis...
[INFO]: Looking for the following net(s): clk
[INFO]: Running Clock Tree Synthesis...
[INFO CTS-0049] Characterization buffer is: sky130_fd_sc_hd__clkbuf_8.
[INFO CTS-0038] Number of created patterns = 50000.
[INFO CTS-0038] Number of created patterns = 100000.
[INFO CTS-0039] Number of created patterns = 141984.
[INFO CTS-0084] Compiling LUT.
Min. len    Max. len    Min. cap    Max. cap    Min. slew   Max. slew
2           8           1           35          1           12          
[WARNING CTS-0043] 4896 wires are pure wire and no slew degradation.
TritonCTS forced slew degradation on these wires.
[INFO CTS-0046]     Number of wire segments: 141984.
[INFO CTS-0047]     Number of keys in characterization LUT: 1624.
[INFO CTS-0048]     Actual min input cap: 1.
[INFO CTS-0007] Net "clk" found for clock "clk".
[INFO CTS-0010]  Clock net "clk" has 2157 sinks.
[INFO CTS-0008] TritonCTS found 1 clock nets.
[INFO CTS-0097] Characterization used 2 buffer(s) types.
[INFO CTS-0027] Generating H-Tree topology for net clk.
[INFO CTS-0028]  Total number of sinks: 2157.
[INFO CTS-0029]  Sinks will be clustered in groups of up to 25 and with maximum cluster diameter of 50.0 um.
[INFO CTS-0030]  Number of static layers: 0.
[INFO CTS-0020]  Wire segment unit: 13000  dbu (13 um).
[INFO CTS-0019]  Total number of sinks after clustering: 246.
[INFO CTS-0024]  Normalized sink region: [(1.06226, 1.35538), (39.6528, 39.5082)].
[INFO CTS-0025]     Width:  38.5906.
[INFO CTS-0026]     Height: 38.1528.
 Level 1
    Direction: Horizontal
    Sinks per sub-region: 123
    Sub-region size: 19.2953 X 38.1528
[INFO CTS-0034]     Segment length (rounded): 10.
    Key: 4140 inSlew: 1 inCap: 2 outSlew: 2 load: 1 length: 8 delay: 1
    Key: 36 inSlew: 1 inCap: 1 outSlew: 2 load: 1 length: 2 delay: 1
 Level 2
    Direction: Vertical
    Sinks per sub-region: 62
    Sub-region size: 19.2953 X 19.0764
[INFO CTS-0034]     Segment length (rounded): 10.
    Key: 4143 inSlew: 2 inCap: 2 outSlew: 3 load: 1 length: 8 delay: 1
    Key: 2 inSlew: 3 inCap: 1 outSlew: 1 load: 1 length: 2 delay: 9
      location: 1.0 buffer: sky130_fd_sc_hd__clkbuf_8
 Level 3
    Direction: Horizontal
    Sinks per sub-region: 31
    Sub-region size: 9.6476 X 19.0764
[INFO CTS-0034]     Segment length (rounded): 4.
    Key: 246 inSlew: 1 inCap: 1 outSlew: 2 load: 1 length: 4 delay: 1
 Level 4
    Direction: Vertical
    Sinks per sub-region: 16
    Sub-region size: 9.6476 X 9.5382
[INFO CTS-0034]     Segment length (rounded): 4.
    Key: 246 inSlew: 1 inCap: 1 outSlew: 2 load: 1 length: 4 delay: 1
 Out of 28 sinks, 1 sinks closer to other cluster.
 Level 5
    Direction: Horizontal
    Sinks per sub-region: 8
    Sub-region size: 4.8238 X 9.5382
[INFO CTS-0034]     Segment length (rounded): 2.
    Key: 39 inSlew: 2 inCap: 1 outSlew: 3 load: 1 length: 2 delay: 1
 Out of 16 sinks, 1 sinks closer to other cluster.
[INFO CTS-0032]  Stop criterion found. Max number of sinks is 15.
[INFO CTS-0035]  Number of sinks covered: 246.
[INFO CTS-0018]     Created 280 clock buffers.
[INFO CTS-0012]     Minimum number of buffers in the clock path: 3.
[INFO CTS-0013]     Maximum number of buffers in the clock path: 4.
[INFO CTS-0015]     Created 280 clock nets.
[INFO CTS-0016]     Fanout distribution for the current clock = 2:3, 3:6, 4:12, 5:19, 6:35, 7:26, 8:38, 9:39, 10:32, 11:14, 12:15, 13:8, 14:10, 15:10, 16:4, 17:1, 18:1, 19:1, 20:1..
[INFO CTS-0017]     Max level of the clock tree: 5.
[INFO CTS-0098] Clock net "clk"
[INFO CTS-0099]  Sinks 2157
[INFO CTS-0100]  Leaf buffers 243
[INFO CTS-0101]  Average sink wire length 920.72 um
[INFO CTS-0102]  Path depth 3 - 4
[INFO]: Repairing long wires on clock nets...
[INFO RSZ-0058] Using max wire length 4508um.
Setting global connections for newly added cells…
Writing OpenROAD database to '/openlane/designs/my_processor/runs/RUN_CLEAN/results/cts/pipelined_processor.odb'…
Writing layout to '/openlane/designs/my_processor/runs/RUN_CLEAN/results/cts/pipelined_processor.def'…
Writing timing constraints to '/openlane/designs/my_processor/runs/RUN_CLEAN/results/cts/pipelined_processor.sdc'…
[INFO]: Legalizing...
Placement Analysis
---------------------------------
total displacement       2612.8 u
average displacement        0.2 u
max displacement            8.7 u
original HPWL          403126.1 u
legalized HPWL         413985.7 u
delta HPWL                    3 %

[INFO DPL-0020] Mirrored 4025 instances
[INFO DPL-0021] HPWL before          413985.7 u
[INFO DPL-0022] HPWL after           404610.8 u
[INFO DPL-0023] HPWL delta               -2.3 %
Setting global connections for newly added cells…
Writing OpenROAD database to '/openlane/designs/my_processor/runs/RUN_CLEAN/results/cts/pipelined_processor.odb'…
Writing layout to '/openlane/designs/my_processor/runs/RUN_CLEAN/results/cts/pipelined_processor.def'…
Writing timing constraints to '/openlane/designs/my_processor/runs/RUN_CLEAN/results/cts/pipelined_processor.sdc'…
cts_report
[INFO CTS-0003] Total number of Clock Roots: 1.
[INFO CTS-0004] Total number of Buffers Inserted: 280.
[INFO CTS-0005] Total number of Clock Subnets: 280.
[INFO CTS-0006] Total number of Sinks: 2157.
cts_report_end
