
===========================================================================
 report_power
============================================================================
======================= Fastest Corner ===================================

Group                  Internal  Switching    Leakage      Total
                          Power      Power      Power      Power (Watts)
----------------------------------------------------------------
Sequential             8.23e-03   4.73e-04   2.41e-08   8.71e-03  42.4%
Combinational          6.46e-03   5.38e-03   1.01e-07   1.18e-02  57.6%
Macro                  0.00e+00   0.00e+00   0.00e+00   0.00e+00   0.0%
Pad                    0.00e+00   0.00e+00   0.00e+00   0.00e+00   0.0%
----------------------------------------------------------------
Total                  1.47e-02   5.85e-03   1.25e-07   2.05e-02 100.0%
                          71.5%      28.5%       0.0%

======================= Slowest Corner ===================================

Group                  Internal  Switching    Leakage      Total
                          Power      Power      Power      Power (Watts)
----------------------------------------------------------------
Sequential             5.53e-03   3.05e-04   2.41e-05   5.86e-03  41.9%
Combinational          4.59e-03   3.49e-03   5.36e-05   8.14e-03  58.1%
Macro                  0.00e+00   0.00e+00   0.00e+00   0.00e+00   0.0%
Pad                    0.00e+00   0.00e+00   0.00e+00   0.00e+00   0.0%
----------------------------------------------------------------
Total                  1.01e-02   3.80e-03   7.77e-05   1.40e-02 100.0%
                          72.3%      27.1%       0.6%

======================= Typical Corner ===================================

Group                  Internal  Switching    Leakage      Total
                          Power      Power      Power      Power (Watts)
----------------------------------------------------------------
Sequential             7.10e-03   3.94e-04   1.38e-08   7.49e-03  42.3%
Combinational          5.68e-03   4.52e-03   5.06e-08   1.02e-02  57.7%
Macro                  0.00e+00   0.00e+00   0.00e+00   0.00e+00   0.0%
Pad                    0.00e+00   0.00e+00   0.00e+00   0.00e+00   0.0%
----------------------------------------------------------------
Total                  1.28e-02   4.91e-03   6.44e-08   1.77e-02 100.0%
                          72.2%      27.8%       0.0%

