Thu Mar 12 10:57:33 UTC 2026 - Executing "openroad -exit -no_init -python /openlane/scripts/odbpy/lefutil.py get_metal_layers -o /openlane/designs/my_processor/runs/RUN_CLEAN/tmp/layers.list /home/kushagra/.ciel/sky130A/libs.ref/sky130_fd_sc_hd/techlef/sky130_fd_sc_hd__nom.tlef"

Thu Mar 12 10:57:34 UTC 2026 - Executing "/openlane/scripts/mergeLef.py -o /openlane/designs/my_processor/runs/RUN_CLEAN/tmp/merged.nom.lef -i /home/kushagra/.ciel/sky130A/libs.ref/sky130_fd_sc_hd/techlef/sky130_fd_sc_hd__nom.tlef {/home/kushagra/.ciel/sky130A/libs.ref/sky130_fd_sc_hd/lef/sky130_fd_sc_hd.lef /home/kushagra/.ciel/sky130A/libs.ref/sky130_fd_sc_hd/lef/sky130_ef_sc_hd.lef} |& tee /dev/null"

Thu Mar 12 10:57:34 UTC 2026 - Executing "/openlane/scripts/mergeLef.py -o /openlane/designs/my_processor/runs/RUN_CLEAN/tmp/merged.min.lef -i /home/kushagra/.ciel/sky130A/libs.ref/sky130_fd_sc_hd/techlef/sky130_fd_sc_hd__min.tlef {/home/kushagra/.ciel/sky130A/libs.ref/sky130_fd_sc_hd/lef/sky130_fd_sc_hd.lef /home/kushagra/.ciel/sky130A/libs.ref/sky130_fd_sc_hd/lef/sky130_ef_sc_hd.lef} |& tee /dev/null"

Thu Mar 12 10:57:34 UTC 2026 - Executing "/openlane/scripts/mergeLef.py -o /openlane/designs/my_processor/runs/RUN_CLEAN/tmp/merged.max.lef -i /home/kushagra/.ciel/sky130A/libs.ref/sky130_fd_sc_hd/techlef/sky130_fd_sc_hd__max.tlef {/home/kushagra/.ciel/sky130A/libs.ref/sky130_fd_sc_hd/lef/sky130_fd_sc_hd.lef /home/kushagra/.ciel/sky130A/libs.ref/sky130_fd_sc_hd/lef/sky130_ef_sc_hd.lef} |& tee /dev/null"

Thu Mar 12 10:57:34 UTC 2026 - Executing "python3 /openlane/scripts/mergeLib.py --output /openlane/designs/my_processor/runs/RUN_CLEAN/tmp/synthesis/merged.lib --name sky130A_merged /home/kushagra/.ciel/sky130A/libs.ref/sky130_fd_sc_hd/lib/sky130_fd_sc_hd__tt_025C_1v80.lib"

Thu Mar 12 10:57:34 UTC 2026 - Executing "python3 /openlane/scripts/libtrim.py --cell-file /openlane/designs/my_processor/runs/RUN_CLEAN/tmp/synthesis/trimmed.lib.exclude.list --output /openlane/designs/my_processor/runs/RUN_CLEAN/tmp/synthesis/trimmed.lib /openlane/designs/my_processor/runs/RUN_CLEAN/tmp/synthesis/merged.lib"

Thu Mar 12 10:57:34 UTC 2026 - Executing "python3 /openlane/scripts/libtrim.py --cell-file /openlane/designs/my_processor/runs/RUN_CLEAN/tmp/cts/cts.lib.exclude.list --output /openlane/designs/my_processor/runs/RUN_CLEAN/tmp/cts/cts.lib /home/kushagra/.ciel/sky130A/libs.ref/sky130_fd_sc_hd/lib/sky130_fd_sc_hd__tt_025C_1v80.lib"

Thu Mar 12 10:57:34 UTC 2026 - Executing "python3 /openlane/scripts/libtrim.py --cell-file /openlane/designs/my_processor/runs/RUN_CLEAN/tmp/cts/cts-fastest.lib.exclude.list --output /openlane/designs/my_processor/runs/RUN_CLEAN/tmp/cts/cts-fastest.lib /home/kushagra/.ciel/sky130A/libs.ref/sky130_fd_sc_hd/lib/sky130_fd_sc_hd__ff_n40C_1v95.lib"

Thu Mar 12 10:57:35 UTC 2026 - Executing "python3 /openlane/scripts/libtrim.py --cell-file /openlane/designs/my_processor/runs/RUN_CLEAN/tmp/cts/cts-slowest.lib.exclude.list --output /openlane/designs/my_processor/runs/RUN_CLEAN/tmp/cts/cts-slowest.lib /home/kushagra/.ciel/sky130A/libs.ref/sky130_fd_sc_hd/lib/sky130_fd_sc_hd__ss_100C_1v60.lib"

Thu Mar 12 10:57:35 UTC 2026 - Executing "python3 /openlane/scripts/new_tracks.py -i /home/kushagra/.ciel/sky130A/libs.tech/openlane/sky130_fd_sc_hd/tracks.info -o /openlane/designs/my_processor/runs/RUN_CLEAN/tmp/routing/config.tracks"

Thu Mar 12 10:57:35 UTC 2026 - Executing "echo {OpenLane ff5509f65b17bfa4068d5336495ab1718987ff69} > /openlane/designs/my_processor/runs/RUN_CLEAN/OPENLANE_COMMIT"

Thu Mar 12 10:57:35 UTC 2026 - Executing "bash -c {verilator  --lint-only  -Wall  --Wno-DECLFILENAME  --top-module pipelined_processor  /openlane/designs/my_processor/src/mux.v /openlane/designs/my_processor/src/ctrlUnit.v /openlane/designs/my_processor/src/Stage34_RR2EX.v /openlane/designs/my_processor/src/Stage23_ID2RR.v /openlane/designs/my_processor/src/InstrMem.v /openlane/designs/my_processor/src/dataMem.v /openlane/designs/my_processor/src/branchHist.v /openlane/designs/my_processor/src/loadStoreMultiple.v /openlane/designs/my_processor/src/topModule.v /openlane/designs/my_processor/src/registerBank.v /openlane/designs/my_processor/src/aluCtrl.v /openlane/designs/my_processor/src/Stage12_IF2ID.v /openlane/designs/my_processor/src/Stage56_MM2WB.v /openlane/designs/my_processor/src/frwdingCntrl.v /openlane/designs/my_processor/src/Stage45_EX2MM.v /openlane/designs/my_processor/src/branchJumpCtrl.v /openlane/designs/my_processor/src/ALU.v -Wno-fatal --relative-includes |& tee /openlane/designs/my_processor/runs/RUN_CLEAN/logs/synthesis/linter.log /dev/null}"

Thu Mar 12 10:57:35 UTC 2026 - Executing "sed -E {s/^([[:space:]]+)pg_pin(.*)/\1pin\2\n\1    direction : "inout";/g} /home/kushagra/.ciel/sky130A/libs.ref/sky130_fd_sc_hd/lib/sky130_fd_sc_hd__tt_025C_1v80.lib > /openlane/designs/my_processor/runs/RUN_CLEAN/tmp/synthesis/1-sky130_fd_sc_hd__tt_025C_1v80.no_pg.lib"

Thu Mar 12 10:57:35 UTC 2026 - Executing "sed -E {s/^([[:space:]]+)pg_pin(.*)/\1pin\2\n\1    direction : "inout";/g} /openlane/designs/my_processor/runs/RUN_CLEAN/tmp/synthesis/trimmed.lib > /openlane/designs/my_processor/runs/RUN_CLEAN/tmp/synthesis/1-trimmed.no_pg.lib"

Thu Mar 12 10:57:36 UTC 2026 - Executing "yosys -c /openlane/scripts/yosys/synth.tcl |& tee /dev/null /openlane/designs/my_processor/runs/RUN_CLEAN/logs/synthesis/1-synthesis.log"

Thu Mar 12 10:58:02 UTC 2026 - Executing "sed -i.bak -e {s/\(set ::env(CURRENT_NETLIST)\).*/\1 \/openlane\/designs\/my_processor\/runs\/RUN_CLEAN\/results\/synthesis\/pipelined_processor.v/} /openlane/designs/my_processor/runs/RUN_CLEAN/config.tcl"

Thu Mar 12 10:58:02 UTC 2026 - Executing "sed -i.bak /defparam/d /openlane/designs/my_processor/runs/RUN_CLEAN/results/synthesis/pipelined_processor.v"

Thu Mar 12 10:58:02 UTC 2026 - Executing "sta -exit -no_init /openlane/scripts/openroad/sta/multi_corner.tcl |& tee /dev/null /openlane/designs/my_processor/runs/RUN_CLEAN/logs/synthesis/2-sta.log"

Thu Mar 12 10:58:03 UTC 2026 - Executing "openroad -exit /openlane/scripts/openroad/floorplan.tcl |& tee /dev/null /openlane/designs/my_processor/runs/RUN_CLEAN/logs/floorplan/3-initial_fp.log"

Thu Mar 12 10:58:04 UTC 2026 - Executing "openroad -exit -no_init -python /openlane/scripts/odbpy/defutil.py extract_core_dims --output-data /openlane/designs/my_processor/runs/RUN_CLEAN/tmp/dimensions.txt --input-lef /openlane/designs/my_processor/runs/RUN_CLEAN/tmp/merged.nom.lef /openlane/designs/my_processor/runs/RUN_CLEAN/tmp/floorplan/3-initial_fp.def"

Thu Mar 12 10:58:04 UTC 2026 - Executing "openroad -exit /openlane/scripts/openroad/ioplacer.tcl |& tee /dev/null /openlane/designs/my_processor/runs/RUN_CLEAN/logs/floorplan/4-io.log"

Thu Mar 12 10:58:05 UTC 2026 - Executing "openroad -exit /openlane/scripts/openroad/tapcell.tcl |& tee /dev/null /openlane/designs/my_processor/runs/RUN_CLEAN/logs/floorplan/5-tap.log"

Thu Mar 12 10:58:06 UTC 2026 - Executing "openroad -exit /openlane/scripts/openroad/pdn.tcl |& tee /dev/null /openlane/designs/my_processor/runs/RUN_CLEAN/logs/floorplan/6-pdn.log"

Thu Mar 12 10:58:07 UTC 2026 - Executing "openroad -exit /openlane/scripts/openroad/gpl.tcl |& tee /dev/null /openlane/designs/my_processor/runs/RUN_CLEAN/logs/placement/7-global.log"

Thu Mar 12 10:58:26 UTC 2026 - Executing "sed -i.bak -e {s/\(set ::env(CURRENT_NETLIST)\).*/\1 \/openlane\/designs\/my_processor\/runs\/RUN_CLEAN\/tmp\/placement\/7-global.nl.v/} /openlane/designs/my_processor/runs/RUN_CLEAN/config.tcl"

Thu Mar 12 10:58:26 UTC 2026 - Executing "openroad -exit /openlane/scripts/openroad/sta/multi_corner.tcl |& tee /dev/null /openlane/designs/my_processor/runs/RUN_CLEAN/logs/placement/8-gpl_sta.log"

Thu Mar 12 10:58:28 UTC 2026 - Executing "openroad -exit /openlane/scripts/openroad/resizer.tcl |& tee /dev/null /openlane/designs/my_processor/runs/RUN_CLEAN/logs/placement/9-resizer.log"

Thu Mar 12 10:58:37 UTC 2026 - Executing "sed -i.bak -e {s/\(set ::env(CURRENT_NETLIST)\).*/\1 \/openlane\/designs\/my_processor\/runs\/RUN_CLEAN\/tmp\/placement\/9-resizer.nl.v/} /openlane/designs/my_processor/runs/RUN_CLEAN/config.tcl"

Thu Mar 12 10:58:37 UTC 2026 - Executing "openroad -exit /openlane/scripts/openroad/dpl.tcl |& tee /dev/null /openlane/designs/my_processor/runs/RUN_CLEAN/logs/placement/10-detailed.log"

Thu Mar 12 10:58:38 UTC 2026 - Executing "sed -i.bak -e {s/\(set ::env(CURRENT_NETLIST)\).*/\1 \/openlane\/designs\/my_processor\/runs\/RUN_CLEAN\/results\/placement\/pipelined_processor.nl.v/} /openlane/designs/my_processor/runs/RUN_CLEAN/config.tcl"

Thu Mar 12 10:58:38 UTC 2026 - Executing "openroad -exit /openlane/scripts/openroad/sta/multi_corner.tcl |& tee /dev/null /openlane/designs/my_processor/runs/RUN_CLEAN/logs/placement/11-dpl_sta.log"

Thu Mar 12 10:58:40 UTC 2026 - Executing "openroad -exit /openlane/scripts/openroad/cts.tcl |& tee /dev/null /openlane/designs/my_processor/runs/RUN_CLEAN/logs/cts/12-cts.log"

Thu Mar 12 10:59:13 UTC 2026 - Executing "openroad -exit /openlane/scripts/openroad/sta/multi_corner.tcl |& tee /dev/null /openlane/designs/my_processor/runs/RUN_CLEAN/logs/cts/13-cts_sta.log"

Thu Mar 12 10:59:16 UTC 2026 - Executing "openroad -exit /openlane/scripts/openroad/resizer_timing.tcl |& tee /dev/null /openlane/designs/my_processor/runs/RUN_CLEAN/logs/cts/14-resizer.log"

Thu Mar 12 10:59:27 UTC 2026 - Executing "sed -i.bak -e {s/\(set ::env(CURRENT_NETLIST)\).*/\1 \/openlane\/designs\/my_processor\/runs\/RUN_CLEAN\/tmp\/cts\/14-pipelined_processor.resized.nl.v/} /openlane/designs/my_processor/runs/RUN_CLEAN/config.tcl"

Thu Mar 12 10:59:27 UTC 2026 - Executing "openroad -exit /openlane/scripts/openroad/resizer_routing_design.tcl |& tee /dev/null /openlane/designs/my_processor/runs/RUN_CLEAN/logs/routing/15-resizer_design.log"

Thu Mar 12 10:59:35 UTC 2026 - Executing "sed -i.bak -e {s/\(set ::env(CURRENT_NETLIST)\).*/\1 \/openlane\/designs\/my_processor\/runs\/RUN_CLEAN\/tmp\/15-pipelined_processor.nl.v/} /openlane/designs/my_processor/runs/RUN_CLEAN/config.tcl"

Thu Mar 12 10:59:35 UTC 2026 - Executing "openroad -exit /openlane/scripts/openroad/sta/multi_corner.tcl |& tee /dev/null /openlane/designs/my_processor/runs/RUN_CLEAN/logs/routing/16-rsz_design_sta.log"

Thu Mar 12 10:59:39 UTC 2026 - Executing "openroad -exit /openlane/scripts/openroad/resizer_routing_timing.tcl |& tee /dev/null /openlane/designs/my_processor/runs/RUN_CLEAN/logs/routing/17-resizer_timing.log"

Thu Mar 12 10:59:47 UTC 2026 - Executing "sed -i.bak -e {s/\(set ::env(CURRENT_NETLIST)\).*/\1 \/openlane\/designs\/my_processor\/runs\/RUN_CLEAN\/tmp\/17-pipelined_processor.nl.v/} /openlane/designs/my_processor/runs/RUN_CLEAN/config.tcl"

Thu Mar 12 10:59:47 UTC 2026 - Executing "openroad -exit /openlane/scripts/openroad/sta/multi_corner.tcl |& tee /dev/null /openlane/designs/my_processor/runs/RUN_CLEAN/logs/routing/18-rsz_timing_sta.log"

Thu Mar 12 10:59:52 UTC 2026 - Executing "openroad -exit /openlane/scripts/openroad/groute.tcl |& tee /dev/null /openlane/designs/my_processor/runs/RUN_CLEAN/logs/routing/19-global.log"

Thu Mar 12 11:00:09 UTC 2026 - Executing "openroad -exit -no_init -python /openlane/scripts/odbpy/defutil.py replace_instance_prefixes --original-prefix ANTENNA --new-prefix INSDIODE1 --input-lef /openlane/designs/my_processor/runs/RUN_CLEAN/tmp/merged.nom.lef --output-def /openlane/designs/my_processor/runs/RUN_CLEAN/tmp/17-pipelined_processor.def --output /openlane/designs/my_processor/runs/RUN_CLEAN/tmp/17-pipelined_processor.odb /openlane/designs/my_processor/runs/RUN_CLEAN/tmp/17-pipelined_processor.odb |& tee /dev/null /openlane/designs/my_processor/runs/RUN_CLEAN/logs/routing/19-antenna_diodes_1.log"

Thu Mar 12 11:00:09 UTC 2026 - Executing "openroad -exit /openlane/scripts/openroad/groute.tcl |& tee /dev/null /openlane/designs/my_processor/runs/RUN_CLEAN/logs/routing/19-antenna_route_1.log"

Thu Mar 12 11:00:30 UTC 2026 - Executing "openroad -exit /openlane/scripts/openroad/write_views.tcl |& tee /dev/null /openlane/designs/my_processor/runs/RUN_CLEAN/logs/routing/19-global_write_netlist.log"

Thu Mar 12 11:00:31 UTC 2026 - Executing "sed -i.bak -e {s/\(set ::env(CURRENT_NETLIST)\).*/\1 \/openlane\/designs\/my_processor\/runs\/RUN_CLEAN\/tmp\/routing\/global.nl.v/} /openlane/designs/my_processor/runs/RUN_CLEAN/config.tcl"

Thu Mar 12 11:00:31 UTC 2026 - Executing "openroad -exit /openlane/scripts/openroad/sta/multi_corner.tcl |& tee /dev/null /openlane/designs/my_processor/runs/RUN_CLEAN/logs/routing/21-grt_sta.log"

Thu Mar 12 11:00:33 UTC 2026 - Executing "openroad -exit /openlane/scripts/openroad/fill.tcl |& tee /dev/null /openlane/designs/my_processor/runs/RUN_CLEAN/logs/routing/22-fill.log"

Thu Mar 12 11:00:34 UTC 2026 - Executing "sed -i.bak -e {s/\(set ::env(CURRENT_NETLIST)\).*/\1 \/openlane\/designs\/my_processor\/runs\/RUN_CLEAN\/tmp\/routing\/22-fill.nl.v/} /openlane/designs/my_processor/runs/RUN_CLEAN/config.tcl"

Thu Mar 12 11:00:34 UTC 2026 - Executing "openroad -exit /openlane/scripts/openroad/droute.tcl |& tee /dev/null /openlane/designs/my_processor/runs/RUN_CLEAN/logs/routing/23-detailed.log"

Thu Mar 12 11:08:30 UTC 2026 - Executing "sed -i.bak -e {s/\(set ::env(CURRENT_NETLIST)\).*/\1 \/openlane\/designs\/my_processor\/runs\/RUN_CLEAN\/results\/routing\/pipelined_processor.nl.v/} /openlane/designs/my_processor/runs/RUN_CLEAN/config.tcl"

Thu Mar 12 11:08:30 UTC 2026 - Executing "python3 /openlane/scripts/drc_rosetta.py tr to_klayout -o /openlane/designs/my_processor/runs/RUN_CLEAN/reports/routing/drt.klayout.xml --design-name pipelined_processor /openlane/designs/my_processor/runs/RUN_CLEAN/reports/routing/drt.drc"

Thu Mar 12 11:08:31 UTC 2026 - Executing "openroad -exit -no_init -python /openlane/scripts/odbpy/wire_lengths.py --report-out /openlane/designs/my_processor/runs/RUN_CLEAN/reports/routing/24-wire_lengths.csv --input-lef /openlane/designs/my_processor/runs/RUN_CLEAN/tmp/merged.nom.lef --output-def /dev/null --output /openlane/designs/my_processor/runs/RUN_CLEAN/results/routing/pipelined_processor.odb /openlane/designs/my_processor/runs/RUN_CLEAN/results/routing/pipelined_processor.odb |& tee /dev/null /openlane/designs/my_processor/runs/RUN_CLEAN/logs/routing/24-wire_lengths.log"

Thu Mar 12 11:08:31 UTC 2026 - Executing "openroad -exit /openlane/scripts/openroad/rcx.tcl |& tee /dev/null /openlane/designs/my_processor/runs/RUN_CLEAN/logs/signoff/25-parasitics_extraction.min.log"

Thu Mar 12 11:08:37 UTC 2026 - Executing "sta -exit -no_init /openlane/scripts/openroad/sta/multi_corner.tcl |& tee /dev/null /openlane/designs/my_processor/runs/RUN_CLEAN/logs/signoff/26-rcx_mcsta.min.log"

Thu Mar 12 11:08:55 UTC 2026 - Executing "openroad -exit /openlane/scripts/openroad/rcx.tcl |& tee /dev/null /openlane/designs/my_processor/runs/RUN_CLEAN/logs/signoff/27-parasitics_extraction.max.log"

Thu Mar 12 11:09:00 UTC 2026 - Executing "sta -exit -no_init /openlane/scripts/openroad/sta/multi_corner.tcl |& tee /dev/null /openlane/designs/my_processor/runs/RUN_CLEAN/logs/signoff/28-rcx_mcsta.max.log"

Thu Mar 12 11:09:22 UTC 2026 - Executing "openroad -exit /openlane/scripts/openroad/rcx.tcl |& tee /dev/null /openlane/designs/my_processor/runs/RUN_CLEAN/logs/signoff/29-parasitics_extraction.nom.log"

Thu Mar 12 11:09:26 UTC 2026 - Executing "sta -exit -no_init /openlane/scripts/openroad/sta/multi_corner.tcl |& tee /dev/null /openlane/designs/my_processor/runs/RUN_CLEAN/logs/signoff/30-rcx_mcsta.nom.log"

Thu Mar 12 11:09:46 UTC 2026 - Executing "sta -exit -no_init /openlane/scripts/openroad/sta/multi_corner.tcl |& tee /dev/null /openlane/designs/my_processor/runs/RUN_CLEAN/logs/signoff/31-rcx_sta.log"

Thu Mar 12 11:09:51 UTC 2026 - Executing "openroad -exit /openlane/scripts/openroad/irdrop.tcl |& tee /dev/null /openlane/designs/my_processor/runs/RUN_CLEAN/logs/signoff/32-irdrop.log"

Thu Mar 12 11:09:56 UTC 2026 - Executing "magic -noconsole -dnull -rcfile /home/kushagra/.ciel/sky130A/libs.tech/magic/sky130A.magicrc < /openlane/scripts/magic/wrapper.tcl |& tee /dev/null /openlane/designs/my_processor/runs/RUN_CLEAN/logs/signoff/33-gdsii.log"

Thu Mar 12 11:10:06 UTC 2026 - Executing "magic -noconsole -dnull -rcfile /home/kushagra/.ciel/sky130A/libs.tech/magic/sky130A.magicrc < /openlane/scripts/magic/wrapper.tcl |& tee /dev/null /openlane/designs/my_processor/runs/RUN_CLEAN/logs/signoff/33-gds_ptrs.log"

Thu Mar 12 11:10:12 UTC 2026 - Executing "sed -i.bak -n {/^<< properties >>/,/^<< end >>/p} /openlane/designs/my_processor/runs/RUN_CLEAN/tmp/signoff/gds_ptrs.mag"

Thu Mar 12 11:10:13 UTC 2026 - Executing "magic -noconsole -dnull -rcfile /home/kushagra/.ciel/sky130A/libs.tech/magic/sky130A.magicrc < /openlane/scripts/magic/wrapper.tcl |& tee /dev/null /openlane/designs/my_processor/runs/RUN_CLEAN/logs/signoff/33-lef.log"

Thu Mar 12 11:10:24 UTC 2026 - Executing "magic -noconsole -dnull -rcfile /home/kushagra/.ciel/sky130A/libs.tech/magic/sky130A.magicrc < /openlane/scripts/magic/wrapper.tcl |& tee /dev/null /openlane/designs/my_processor/runs/RUN_CLEAN/logs/signoff/33-maglef.log"

Thu Mar 12 11:10:25 UTC 2026 - Executing "python3 /openlane/scripts/klayout/stream_out.py --output /openlane/designs/my_processor/runs/RUN_CLEAN/results/signoff/pipelined_processor.klayout.gds --lyt /home/kushagra/.ciel/sky130A/libs.tech/klayout/tech/sky130A.lyt --lym /home/kushagra/.ciel/sky130A/libs.tech/klayout/tech/sky130A.map --lyp /home/kushagra/.ciel/sky130A/libs.tech/klayout/tech/sky130A.lyp --top pipelined_processor --with-gds-file /home/kushagra/.ciel/sky130A/libs.ref/sky130_fd_sc_hd/gds/sky130_fd_sc_hd.gds --input-lef /openlane/designs/my_processor/runs/RUN_CLEAN/tmp/merged.nom.lef /openlane/designs/my_processor/runs/RUN_CLEAN/results/routing/pipelined_processor.def |& tee /dev/null /openlane/designs/my_processor/runs/RUN_CLEAN/logs/signoff/34-gdsii-klayout.log"

Thu Mar 12 11:10:27 UTC 2026 - Executing "klayout -b -r /openlane/scripts/klayout/xor.drc -rd a=/openlane/designs/my_processor/runs/RUN_CLEAN/results/signoff/pipelined_processor.gds -rd b=/openlane/designs/my_processor/runs/RUN_CLEAN/results/signoff/pipelined_processor.klayout.gds -rd jobs=1 -rd rdb_out=/openlane/designs/my_processor/runs/RUN_CLEAN/reports/signoff/35-xor.xml -rd ignore=81/14 -rd rpt_out=/openlane/designs/my_processor/runs/RUN_CLEAN/reports/signoff/35-xor.rpt |& tee /dev/null /openlane/designs/my_processor/runs/RUN_CLEAN/logs/signoff/35-xor.log"

Thu Mar 12 11:10:48 UTC 2026 - Executing "magic -noconsole -dnull -rcfile /home/kushagra/.ciel/sky130A/libs.tech/magic/sky130A.magicrc < /openlane/scripts/magic/wrapper.tcl |& tee /dev/null /openlane/designs/my_processor/runs/RUN_CLEAN/logs/signoff/36-spice.log"

Thu Mar 12 11:11:10 UTC 2026 - Executing "openroad -exit -no_init -python /openlane/scripts/odbpy/power_utils.py write_powered_def --output /openlane/designs/my_processor/runs/RUN_CLEAN/tmp/signoff/36-pipelined_processor.p.def --input-lef /openlane/designs/my_processor/runs/RUN_CLEAN/tmp/merged.nom.lef --power-port VPWR --ground-port VGND --powered-netlist {} /openlane/designs/my_processor/runs/RUN_CLEAN/results/routing/pipelined_processor.def |& tee /dev/null /openlane/designs/my_processor/runs/RUN_CLEAN/logs/signoff/37-write_powered_def.log"

Thu Mar 12 11:11:11 UTC 2026 - Executing "openroad -exit /openlane/scripts/openroad/write_views.tcl |& tee /dev/null /openlane/designs/my_processor/runs/RUN_CLEAN/logs/signoff/37-write_powered_verilog.log"

Thu Mar 12 11:11:13 UTC 2026 - Executing "sed -i.bak -e {s/\(set ::env(CURRENT_NETLIST)\).*/\1 \/openlane\/designs\/my_processor\/runs\/RUN_CLEAN\/tmp\/signoff\/36-pipelined_processor.nl.v/} /openlane/designs/my_processor/runs/RUN_CLEAN/config.tcl"

Thu Mar 12 11:11:13 UTC 2026 - Executing "netgen -batch source /openlane/designs/my_processor/runs/RUN_CLEAN/tmp/signoff/39-setup_file.lef.lvs |& tee /dev/null /openlane/designs/my_processor/runs/RUN_CLEAN/logs/signoff/39-lvs.lef.log"

Thu Mar 12 11:11:18 UTC 2026 - Executing "magic -noconsole -dnull -rcfile /home/kushagra/.ciel/sky130A/libs.tech/magic/sky130A.magicrc < /openlane/scripts/magic/wrapper.tcl |& tee /dev/null /openlane/designs/my_processor/runs/RUN_CLEAN/logs/signoff/40-drc.log"

Thu Mar 12 11:11:26 UTC 2026 - Executing "python3 /openlane/scripts/drc_rosetta.py magic to_tcl -o /openlane/designs/my_processor/runs/RUN_CLEAN/reports/signoff/drc.tcl /openlane/designs/my_processor/runs/RUN_CLEAN/reports/signoff/drc.rpt"

Thu Mar 12 11:11:26 UTC 2026 - Executing "python3 /openlane/scripts/drc_rosetta.py magic to_tr -o /openlane/designs/my_processor/runs/RUN_CLEAN/reports/signoff/drc.tr /openlane/designs/my_processor/runs/RUN_CLEAN/reports/signoff/drc.rpt"

Thu Mar 12 11:11:26 UTC 2026 - Executing "python3 /openlane/scripts/drc_rosetta.py tr to_klayout -o /openlane/designs/my_processor/runs/RUN_CLEAN/reports/signoff/drc.klayout.xml --design-name pipelined_processor /openlane/designs/my_processor/runs/RUN_CLEAN/reports/signoff/drc.tr"

Thu Mar 12 11:11:26 UTC 2026 - Executing "python3 /openlane/scripts/drc_rosetta.py magic to_rdb -o /openlane/designs/my_processor/runs/RUN_CLEAN/reports/signoff/drc.rdb /openlane/designs/my_processor/runs/RUN_CLEAN/reports/signoff/drc.rpt"

Thu Mar 12 11:11:27 UTC 2026 - Executing "openroad -exit /openlane/scripts/openroad/antenna_check.tcl |& tee /dev/null /openlane/designs/my_processor/runs/RUN_CLEAN/logs/signoff/41-arc.log"

Thu Mar 12 11:11:30 UTC 2026 - Executing "python3 /openlane/scripts/extract_antenna_violators.py --output /openlane/designs/my_processor/runs/RUN_CLEAN/reports/signoff/41-antenna_violators.rpt --plain-out /openlane/designs/my_processor/runs/RUN_CLEAN/reports/signoff/41-antenna_violators_pins.txt /openlane/designs/my_processor/runs/RUN_CLEAN/logs/signoff/41-arc.log"

