[INFO]: Saving runtime environment...
[INFO]: Preparing LEF files for the nom corner...
[INFO]: Preparing LEF files for the min corner...
[INFO]: Preparing LEF files for the max corner...
[INFO]: Running linter (Verilator) (log: designs/my_processor/runs/RUN_CLEAN/logs/synthesis/linter.log)...
[INFO]: 0 errors found by linter
[WARNING]: 10 warnings found by linter
[INFO]: Running Synthesis (log: designs/my_processor/runs/RUN_CLEAN/logs/synthesis/1-synthesis.log)...
[INFO]: Running Single-Corner Static Timing Analysis (log: designs/my_processor/runs/RUN_CLEAN/logs/synthesis/2-sta.log)...
[INFO]: Running Initial Floorplanning (log: designs/my_processor/runs/RUN_CLEAN/logs/floorplan/3-initial_fp.log)...
[INFO]: Floorplanned with width 514.28 and height 514.08.
[INFO]: Running IO Placement...
[INFO]: Running Tap/Decap Insertion (log: designs/my_processor/runs/RUN_CLEAN/logs/floorplan/5-tap.log)...
[INFO]: Power planning with power {VPWR} and ground {VGND}...
[INFO]: Generating PDN (log: designs/my_processor/runs/RUN_CLEAN/logs/floorplan/6-pdn.log)...
[INFO]: Running Global Placement (log: designs/my_processor/runs/RUN_CLEAN/logs/placement/7-global.log)...
[INFO]: Running Single-Corner Static Timing Analysis (log: designs/my_processor/runs/RUN_CLEAN/logs/placement/8-gpl_sta.log)...
[INFO]: Running Placement Resizer Design Optimizations (log: designs/my_processor/runs/RUN_CLEAN/logs/placement/9-resizer.log)...
[INFO]: Running Detailed Placement (log: designs/my_processor/runs/RUN_CLEAN/logs/placement/10-detailed.log)...
[INFO]: Running Single-Corner Static Timing Analysis (log: designs/my_processor/runs/RUN_CLEAN/logs/placement/11-dpl_sta.log)...
[INFO]: Running Clock Tree Synthesis (log: designs/my_processor/runs/RUN_CLEAN/logs/cts/12-cts.log)...
[INFO]: Running Single-Corner Static Timing Analysis (log: designs/my_processor/runs/RUN_CLEAN/logs/cts/13-cts_sta.log)...
[INFO]: Running Placement Resizer Timing Optimizations (log: designs/my_processor/runs/RUN_CLEAN/logs/cts/14-resizer.log)...
[INFO]: Running Global Routing Resizer Design Optimizations (log: designs/my_processor/runs/RUN_CLEAN/logs/routing/15-resizer_design.log)...
[INFO]: Running Single-Corner Static Timing Analysis (log: designs/my_processor/runs/RUN_CLEAN/logs/routing/16-rsz_design_sta.log)...
[INFO]: Running Global Routing Resizer Timing Optimizations (log: designs/my_processor/runs/RUN_CLEAN/logs/routing/17-resizer_timing.log)...
[INFO]: Running Single-Corner Static Timing Analysis (log: designs/my_processor/runs/RUN_CLEAN/logs/routing/18-rsz_timing_sta.log)...
[INFO]: Running Global Routing (log: designs/my_processor/runs/RUN_CLEAN/logs/routing/19-global.log)...
[INFO]: Starting OpenROAD Antenna Repair Iterations...
[INFO]: Starting antenna repair iteration 1 with 1 violations...
[INFO]: [Iteration 1] Failed to reduce antenna violations (1 -> 1), stopping iterations...
[INFO]: Writing Verilog (log: designs/my_processor/runs/RUN_CLEAN/logs/routing/19-global_write_netlist.log)...
[INFO]: Running Single-Corner Static Timing Analysis (log: designs/my_processor/runs/RUN_CLEAN/logs/routing/21-grt_sta.log)...
[INFO]: Running Fill Insertion (log: designs/my_processor/runs/RUN_CLEAN/logs/routing/22-fill.log)...
[INFO]: Running Detailed Routing (log: designs/my_processor/runs/RUN_CLEAN/logs/routing/23-detailed.log)...
[INFO]: No DRC violations after detailed routing.
[INFO]: Checking Wire Lengths (log: designs/my_processor/runs/RUN_CLEAN/logs/routing/24-wire_lengths.log)...
[INFO]: Running SPEF Extraction at the min process corner (log: designs/my_processor/runs/RUN_CLEAN/logs/signoff/25-parasitics_extraction.min.log)...
[INFO]: Running Multi-Corner Static Timing Analysis at the min process corner (log: designs/my_processor/runs/RUN_CLEAN/logs/signoff/26-rcx_mcsta.min.log)...
[INFO]: Running SPEF Extraction at the max process corner (log: designs/my_processor/runs/RUN_CLEAN/logs/signoff/27-parasitics_extraction.max.log)...
[INFO]: Running Multi-Corner Static Timing Analysis at the max process corner (log: designs/my_processor/runs/RUN_CLEAN/logs/signoff/28-rcx_mcsta.max.log)...
[INFO]: Running SPEF Extraction at the nom process corner (log: designs/my_processor/runs/RUN_CLEAN/logs/signoff/29-parasitics_extraction.nom.log)...
[INFO]: Running Multi-Corner Static Timing Analysis at the nom process corner (log: designs/my_processor/runs/RUN_CLEAN/logs/signoff/30-rcx_mcsta.nom.log)...
[INFO]: Running Single-Corner Static Timing Analysis at the nom process corner (log: designs/my_processor/runs/RUN_CLEAN/logs/signoff/31-rcx_sta.log)...
[WARNING]: Module sky130_fd_sc_hd__tapvpwrvgnd_1 blackboxed during sta
[WARNING]: Module sky130_ef_sc_hd__decap_12 blackboxed during sta
[WARNING]: Module sky130_fd_sc_hd__fill_2 blackboxed during sta
[WARNING]: Module sky130_fd_sc_hd__fill_1 blackboxed during sta
[INFO]: Creating IR Drop Report (log: designs/my_processor/runs/RUN_CLEAN/logs/signoff/32-irdrop.log)...
[WARNING]: VSRC_LOC_FILES is not defined. The IR drop analysis will run, but the values may be inaccurate.
[INFO]: Running Magic to generate various views...
[INFO]: Streaming out GDSII with Magic (log: designs/my_processor/runs/RUN_CLEAN/logs/signoff/33-gdsii.log)...
[INFO]: Generating MAGLEF views...
[INFO]: Generating lef with Magic (/openlane/designs/my_processor/runs/RUN_CLEAN/logs/signoff/33-lef.log)...
[INFO]: Streaming out GDSII with KLayout (log: designs/my_processor/runs/RUN_CLEAN/logs/signoff/34-gdsii-klayout.log)...
[INFO]: Running XOR on the layouts using KLayout (log: designs/my_processor/runs/RUN_CLEAN/logs/signoff/35-xor.log)...
[INFO]: No XOR differences between KLayout and Magic gds.
[INFO]: Running Magic Spice Export from LEF (log: designs/my_processor/runs/RUN_CLEAN/logs/signoff/36-spice.log)...
[INFO]: Writing Powered Verilog (logs: designs/my_processor/runs/RUN_CLEAN/logs/signoff/37-write_powered_def.log, designs/my_processor/runs/RUN_CLEAN/logs/signoff/37-write_powered_verilog.log)...
[INFO]: Writing Verilog (log: designs/my_processor/runs/RUN_CLEAN/logs/signoff/37-write_powered_verilog.log)...
[INFO]: Running LVS (log: designs/my_processor/runs/RUN_CLEAN/logs/signoff/39-lvs.lef.log)...
[INFO]: Running Magic DRC (log: designs/my_processor/runs/RUN_CLEAN/logs/signoff/40-drc.log)...
[INFO]: Converting Magic DRC database to various tool-readable formats...
[INFO]: No DRC violations after GDS streaming out.
[INFO]: Running OpenROAD Antenna Rule Checker (log: designs/my_processor/runs/RUN_CLEAN/logs/signoff/41-arc.log)...
[INFO]: Saving current set of views in 'designs/my_processor/runs/RUN_CLEAN/results/final'...
[INFO]: Saving runtime environment...
[INFO]: Generating final set of reports...
[INFO]: Created manufacturability report at 'designs/my_processor/runs/RUN_CLEAN/reports/manufacturability.rpt'.
[INFO]: Created metrics report at 'designs/my_processor/runs/RUN_CLEAN/reports/metrics.csv'.
[WARNING]: There are max fanout violations in the design at the typical corner. Please refer to 'designs/my_processor/runs/RUN_CLEAN/reports/signoff/31-rcx_sta.checks.rpt'.
[INFO]: There are no hold violations in the design at the typical corner.
[INFO]: There are no setup violations in the design at the typical corner.
[SUCCESS]: Flow complete.
[INFO]: Note that the following warnings have been generated:
